

================================================================
== Vitis HLS Report for 'tiny_ecg_inference_Pipeline_VITIS_LOOP_156_15'
================================================================
* Date:           Sat Sep  5 11:48:15 2026

* Version:        2026.1 (Build 6493734 on Jun 16 2026)
* Project:        tiny_ecg_hls
* Solution:       solution1 (Vivado IP Flow Target)
* Product family: zynq
* Target device:  xc7z020-clg484-1


================================================================
== Performance Estimates
================================================================
+ Timing: 
    * Summary: 
    +--------+----------+-----------+------------+
    |  Clock |  Target  | Estimated | Uncertainty|
    +--------+----------+-----------+------------+
    |ap_clk  |  20.00 ns|  14.600 ns|     5.40 ns|
    +--------+----------+-----------+------------+

+ Latency: 
    * Summary: 
    +---------+---------+----------+----------+-----+-----+-------------------+
    |  Latency (cycles) |  Latency (absolute) |  Interval |      Pipeline     |
    |   min   |   max   |    min   |    max   | min | max |        Type       |
    +---------+---------+----------+----------+-----+-----+-------------------+
    |       11|       11|  0.220 us|  0.220 us|    0|    0|  loop pipeline stp|
    +---------+---------+----------+----------+-----+-----+-------------------+

    + Detail: 
        * Instance: 
        N/A

        * Loop: 
        +---------------------+---------+---------+----------+-----------+-----------+------+----------+
        |                     |  Latency (cycles) | Iteration|  Initiation Interval  | Trip |          |
        |      Loop Name      |   min   |   max   |  Latency |  achieved |   target  | Count| Pipelined|
        +---------------------+---------+---------+----------+-----------+-----------+------+----------+
        |- VITIS_LOOP_156_15  |        9|        9|         9|          1|          1|     2|       yes|
        +---------------------+---------+---------+----------+-----------+-----------+------+----------+



================================================================
== Utilization Estimates
================================================================
* Summary: 
+-----------------+---------+-----+--------+-------+-----+
|       Name      | BRAM_18K| DSP |   FF   |  LUT  | URAM|
+-----------------+---------+-----+--------+-------+-----+
|DSP              |        -|   86|       -|      -|    -|
|Expression       |        -|    -|       0|   3907|    -|
|FIFO             |        -|    -|       -|      -|    -|
|Instance         |        -|    2|       0|   4128|    -|
|Memory           |        -|    -|       -|      -|    -|
|Multiplexer      |        -|    -|       0|     45|    -|
|Register         |        -|    -|    1495|     32|    -|
+-----------------+---------+-----+--------+-------+-----+
|Total            |        0|   88|    1495|   8112|    0|
+-----------------+---------+-----+--------+-------+-----+
|Available        |      280|  220|  106400|  53200|    0|
+-----------------+---------+-----+--------+-------+-----+
|Utilization (%)  |        0|   40|       1|     15|    0|
+-----------------+---------+-----+--------+-------+-----+

+ Detail: 
    * Instance: 
    +-------------------------+--------------------+---------+----+---+----+-----+
    |         Instance        |       Module       | BRAM_18K| DSP| FF| LUT| URAM|
    +-------------------------+--------------------+---------+----+---+----+-----+
    |mul_31s_21s_51_1_1_U521  |mul_31s_21s_51_1_1  |        0|   2|  0|  23|    0|
    |mul_4s_7ns_10_1_1_U623   |mul_4s_7ns_10_1_1   |        0|   0|  0|  33|    0|
    |mul_5s_7ns_11_1_1_U572   |mul_5s_7ns_11_1_1   |        0|   0|  0|  33|    0|
    |mul_5s_7ns_11_1_1_U577   |mul_5s_7ns_11_1_1   |        0|   0|  0|  33|    0|
    |mul_5s_7ns_11_1_1_U609   |mul_5s_7ns_11_1_1   |        0|   0|  0|  33|    0|
    |mul_6s_7ns_12_1_1_U571   |mul_6s_7ns_12_1_1   |        0|   0|  0|  33|    0|
    |mul_6s_7ns_12_1_1_U582   |mul_6s_7ns_12_1_1   |        0|   0|  0|  33|    0|
    |mul_6s_7ns_12_1_1_U586   |mul_6s_7ns_12_1_1   |        0|   0|  0|  33|    0|
    |mul_6s_7ns_12_1_1_U594   |mul_6s_7ns_12_1_1   |        0|   0|  0|  33|    0|
    |mul_6s_7ns_12_1_1_U610   |mul_6s_7ns_12_1_1   |        0|   0|  0|  33|    0|
    |mul_6s_7ns_12_1_1_U622   |mul_6s_7ns_12_1_1   |        0|   0|  0|  33|    0|
    |mul_6s_7ns_13_1_1_U595   |mul_6s_7ns_13_1_1   |        0|   0|  0|  33|    0|
    |mul_6s_7ns_13_1_1_U624   |mul_6s_7ns_13_1_1   |        0|   0|  0|  33|    0|
    |mul_7ns_2s_13_1_1_U522   |mul_7ns_2s_13_1_1   |        0|   0|  0|  33|    0|
    |mul_7ns_2s_14_1_1_U631   |mul_7ns_2s_14_1_1   |        0|   0|  0|  33|    0|
    |mul_7ns_2s_15_1_1_U524   |mul_7ns_2s_15_1_1   |        0|   0|  0|  33|    0|
    |mul_7ns_2s_15_1_1_U605   |mul_7ns_2s_15_1_1   |        0|   0|  0|  33|    0|
    |mul_7ns_3s_12_1_1_U584   |mul_7ns_3s_12_1_1   |        0|   0|  0|  33|    0|
    |mul_7ns_4s_14_1_1_U612   |mul_7ns_4s_14_1_1   |        0|   0|  0|  33|    0|
    |mul_7ns_5ns_12_1_1_U585  |mul_7ns_5ns_12_1_1  |        0|   0|  0|  33|    0|
    |mul_7ns_5s_13_1_1_U546   |mul_7ns_5s_13_1_1   |        0|   0|  0|  33|    0|
    |mul_7ns_5s_14_1_1_U567   |mul_7ns_5s_14_1_1   |        0|   0|  0|  33|    0|
    |mul_7ns_5s_14_1_1_U600   |mul_7ns_5s_14_1_1   |        0|   0|  0|  33|    0|
    |mul_7ns_6ns_12_1_1_U559  |mul_7ns_6ns_12_1_1  |        0|   0|  0|  33|    0|
    |mul_7ns_6ns_12_1_1_U616  |mul_7ns_6ns_12_1_1  |        0|   0|  0|  33|    0|
    |mul_7ns_6ns_13_1_1_U547  |mul_7ns_6ns_13_1_1  |        0|   0|  0|  33|    0|
    |mul_7ns_6s_13_1_1_U523   |mul_7ns_6s_13_1_1   |        0|   0|  0|  33|    0|
    |mul_7ns_6s_14_1_1_U551   |mul_7ns_6s_14_1_1   |        0|   0|  0|  33|    0|
    |mul_7ns_6s_14_1_1_U580   |mul_7ns_6s_14_1_1   |        0|   0|  0|  33|    0|
    |mul_7ns_6s_14_1_1_U588   |mul_7ns_6s_14_1_1   |        0|   0|  0|  33|    0|
    |mul_7ns_7ns_13_1_1_U535  |mul_7ns_7ns_13_1_1  |        0|   0|  0|  33|    0|
    |mul_7ns_7ns_13_1_1_U565  |mul_7ns_7ns_13_1_1  |        0|   0|  0|  33|    0|
    |mul_7ns_7ns_13_1_1_U601  |mul_7ns_7ns_13_1_1  |        0|   0|  0|  33|    0|
    |mul_7ns_7ns_14_1_1_U562  |mul_7ns_7ns_14_1_1  |        0|   0|  0|  33|    0|
    |mul_7ns_7ns_14_1_1_U589  |mul_7ns_7ns_14_1_1  |        0|   0|  0|  33|    0|
    |mul_7ns_7ns_14_1_1_U602  |mul_7ns_7ns_14_1_1  |        0|   0|  0|  33|    0|
    |mul_7ns_7ns_14_1_1_U611  |mul_7ns_7ns_14_1_1  |        0|   0|  0|  33|    0|
    |mul_7ns_7s_14_1_1_U552   |mul_7ns_7s_14_1_1   |        0|   0|  0|  33|    0|
    |mul_7ns_7s_14_1_1_U561   |mul_7ns_7s_14_1_1   |        0|   0|  0|  33|    0|
    |mul_7ns_7s_14_1_1_U566   |mul_7ns_7s_14_1_1   |        0|   0|  0|  33|    0|
    |mul_7ns_7s_14_1_1_U579   |mul_7ns_7s_14_1_1   |        0|   0|  0|  33|    0|
    |mul_7ns_7s_14_1_1_U599   |mul_7ns_7s_14_1_1   |        0|   0|  0|  33|    0|
    |mul_7ns_7s_14_1_1_U603   |mul_7ns_7s_14_1_1   |        0|   0|  0|  33|    0|
    |mul_7ns_7s_14_1_1_U630   |mul_7ns_7s_14_1_1   |        0|   0|  0|  33|    0|
    |mul_7ns_8ns_14_1_1_U554  |mul_7ns_8ns_14_1_1  |        0|   0|  0|  41|    0|
    |mul_7ns_8ns_15_1_1_U542  |mul_7ns_8ns_15_1_1  |        0|   0|  0|  41|    0|
    |mul_7ns_8s_15_1_1_U525   |mul_7ns_8s_15_1_1   |        0|   0|  0|  41|    0|
    |mul_7ns_8s_15_1_1_U543   |mul_7ns_8s_15_1_1   |        0|   0|  0|  41|    0|
    |mul_7ns_8s_15_1_1_U604   |mul_7ns_8s_15_1_1   |        0|   0|  0|  41|    0|
    |mul_7ns_8s_15_1_1_U626   |mul_7ns_8s_15_1_1   |        0|   0|  0|  41|    0|
    |mul_7s_7ns_13_1_1_U550   |mul_7s_7ns_13_1_1   |        0|   0|  0|  33|    0|
    |mul_7s_7ns_13_1_1_U574   |mul_7s_7ns_13_1_1   |        0|   0|  0|  33|    0|
    |mul_7s_7ns_13_1_1_U576   |mul_7s_7ns_13_1_1   |        0|   0|  0|  33|    0|
    |mul_7s_7ns_13_1_1_U583   |mul_7s_7ns_13_1_1   |        0|   0|  0|  33|    0|
    |mul_7s_7ns_13_1_1_U590   |mul_7s_7ns_13_1_1   |        0|   0|  0|  33|    0|
    |mul_7s_7ns_13_1_1_U606   |mul_7s_7ns_13_1_1   |        0|   0|  0|  33|    0|
    |mul_7s_7ns_13_1_1_U607   |mul_7s_7ns_13_1_1   |        0|   0|  0|  33|    0|
    |mul_7s_7ns_13_1_1_U614   |mul_7s_7ns_13_1_1   |        0|   0|  0|  33|    0|
    |mul_7s_7ns_13_1_1_U618   |mul_7s_7ns_13_1_1   |        0|   0|  0|  33|    0|
    |mul_7s_7ns_13_1_1_U619   |mul_7s_7ns_13_1_1   |        0|   0|  0|  33|    0|
    |mul_7s_7ns_13_1_1_U628   |mul_7s_7ns_13_1_1   |        0|   0|  0|  33|    0|
    |mul_7s_7ns_13_1_1_U629   |mul_7s_7ns_13_1_1   |        0|   0|  0|  33|    0|
    |mul_7s_7ns_13_1_1_U633   |mul_7s_7ns_13_1_1   |        0|   0|  0|  33|    0|
    |mul_7s_7ns_13_1_1_U634   |mul_7s_7ns_13_1_1   |        0|   0|  0|  33|    0|
    |mul_7s_7ns_14_1_1_U530   |mul_7s_7ns_14_1_1   |        0|   0|  0|  33|    0|
    |mul_7s_7ns_14_1_1_U532   |mul_7s_7ns_14_1_1   |        0|   0|  0|  33|    0|
    |mul_7s_7ns_14_1_1_U539   |mul_7s_7ns_14_1_1   |        0|   0|  0|  33|    0|
    |mul_7s_7ns_14_1_1_U548   |mul_7s_7ns_14_1_1   |        0|   0|  0|  33|    0|
    |mul_7s_7ns_14_1_1_U556   |mul_7s_7ns_14_1_1   |        0|   0|  0|  33|    0|
    |mul_7s_7ns_14_1_1_U568   |mul_7s_7ns_14_1_1   |        0|   0|  0|  33|    0|
    |mul_7s_7ns_14_1_1_U578   |mul_7s_7ns_14_1_1   |        0|   0|  0|  33|    0|
    |mul_7s_7ns_14_1_1_U593   |mul_7s_7ns_14_1_1   |        0|   0|  0|  33|    0|
    |mul_7s_7ns_14_1_1_U632   |mul_7s_7ns_14_1_1   |        0|   0|  0|  33|    0|
    |mul_8s_7ns_14_1_1_U545   |mul_8s_7ns_14_1_1   |        0|   0|  0|  41|    0|
    |mul_8s_7ns_14_1_1_U553   |mul_8s_7ns_14_1_1   |        0|   0|  0|  41|    0|
    |mul_8s_7ns_14_1_1_U555   |mul_8s_7ns_14_1_1   |        0|   0|  0|  41|    0|
    |mul_8s_7ns_14_1_1_U587   |mul_8s_7ns_14_1_1   |        0|   0|  0|  41|    0|
    |mul_8s_7ns_14_1_1_U592   |mul_8s_7ns_14_1_1   |        0|   0|  0|  41|    0|
    |mul_8s_7ns_14_1_1_U597   |mul_8s_7ns_14_1_1   |        0|   0|  0|  41|    0|
    |mul_8s_7ns_14_1_1_U598   |mul_8s_7ns_14_1_1   |        0|   0|  0|  41|    0|
    |mul_8s_7ns_14_1_1_U615   |mul_8s_7ns_14_1_1   |        0|   0|  0|  41|    0|
    |mul_8s_7ns_14_1_1_U621   |mul_8s_7ns_14_1_1   |        0|   0|  0|  41|    0|
    |mul_8s_7ns_14_1_1_U625   |mul_8s_7ns_14_1_1   |        0|   0|  0|  41|    0|
    |mul_8s_7ns_15_1_1_U526   |mul_8s_7ns_15_1_1   |        0|   0|  0|  41|    0|
    |mul_8s_7ns_15_1_1_U527   |mul_8s_7ns_15_1_1   |        0|   0|  0|  41|    0|
    |mul_8s_7ns_15_1_1_U528   |mul_8s_7ns_15_1_1   |        0|   0|  0|  41|    0|
    |mul_8s_7ns_15_1_1_U529   |mul_8s_7ns_15_1_1   |        0|   0|  0|  41|    0|
    |mul_8s_7ns_15_1_1_U531   |mul_8s_7ns_15_1_1   |        0|   0|  0|  41|    0|
    |mul_8s_7ns_15_1_1_U533   |mul_8s_7ns_15_1_1   |        0|   0|  0|  41|    0|
    |mul_8s_7ns_15_1_1_U534   |mul_8s_7ns_15_1_1   |        0|   0|  0|  41|    0|
    |mul_8s_7ns_15_1_1_U536   |mul_8s_7ns_15_1_1   |        0|   0|  0|  41|    0|
    |mul_8s_7ns_15_1_1_U537   |mul_8s_7ns_15_1_1   |        0|   0|  0|  41|    0|
    |mul_8s_7ns_15_1_1_U538   |mul_8s_7ns_15_1_1   |        0|   0|  0|  41|    0|
    |mul_8s_7ns_15_1_1_U540   |mul_8s_7ns_15_1_1   |        0|   0|  0|  41|    0|
    |mul_8s_7ns_15_1_1_U541   |mul_8s_7ns_15_1_1   |        0|   0|  0|  41|    0|
    |mul_8s_7ns_15_1_1_U544   |mul_8s_7ns_15_1_1   |        0|   0|  0|  41|    0|
    |mul_8s_7ns_15_1_1_U549   |mul_8s_7ns_15_1_1   |        0|   0|  0|  41|    0|
    |mul_8s_7ns_15_1_1_U557   |mul_8s_7ns_15_1_1   |        0|   0|  0|  41|    0|
    |mul_8s_7ns_15_1_1_U558   |mul_8s_7ns_15_1_1   |        0|   0|  0|  41|    0|
    |mul_8s_7ns_15_1_1_U560   |mul_8s_7ns_15_1_1   |        0|   0|  0|  41|    0|
    |mul_8s_7ns_15_1_1_U563   |mul_8s_7ns_15_1_1   |        0|   0|  0|  41|    0|
    |mul_8s_7ns_15_1_1_U564   |mul_8s_7ns_15_1_1   |        0|   0|  0|  41|    0|
    |mul_8s_7ns_15_1_1_U569   |mul_8s_7ns_15_1_1   |        0|   0|  0|  41|    0|
    |mul_8s_7ns_15_1_1_U570   |mul_8s_7ns_15_1_1   |        0|   0|  0|  41|    0|
    |mul_8s_7ns_15_1_1_U573   |mul_8s_7ns_15_1_1   |        0|   0|  0|  41|    0|
    |mul_8s_7ns_15_1_1_U575   |mul_8s_7ns_15_1_1   |        0|   0|  0|  41|    0|
    |mul_8s_7ns_15_1_1_U581   |mul_8s_7ns_15_1_1   |        0|   0|  0|  41|    0|
    |mul_8s_7ns_15_1_1_U591   |mul_8s_7ns_15_1_1   |        0|   0|  0|  41|    0|
    |mul_8s_7ns_15_1_1_U596   |mul_8s_7ns_15_1_1   |        0|   0|  0|  41|    0|
    |mul_8s_7ns_15_1_1_U608   |mul_8s_7ns_15_1_1   |        0|   0|  0|  41|    0|
    |mul_8s_7ns_15_1_1_U613   |mul_8s_7ns_15_1_1   |        0|   0|  0|  41|    0|
    |mul_8s_7ns_15_1_1_U617   |mul_8s_7ns_15_1_1   |        0|   0|  0|  41|    0|
    |mul_8s_7ns_15_1_1_U620   |mul_8s_7ns_15_1_1   |        0|   0|  0|  41|    0|
    |mul_8s_7ns_15_1_1_U627   |mul_8s_7ns_15_1_1   |        0|   0|  0|  41|    0|
    +-------------------------+--------------------+---------+----+---+----+-----+
    |Total                    |                    |        0|   2|  0|4128|    0|
    +-------------------------+--------------------+---------+----+---+----+-----+

    * DSP: 
    +------------------------------------------+-------------------------------------+---------------------+
    |                 Instance                 |                Module               |      Expression     |
    +------------------------------------------+-------------------------------------+---------------------+
    |ama_addmuladd_7ns_7ns_7s_14s_15_4_1_U675  |ama_addmuladd_7ns_7ns_7s_14s_15_4_1  |  i0 + i1 * (i2 + i3)|
    |mac_muladd_7ns_3s_15s_15_4_1_U690         |mac_muladd_7ns_3s_15s_15_4_1         |         i0 + i1 * i2|
    |mac_muladd_7ns_4s_14ns_15_4_1_U654        |mac_muladd_7ns_4s_14ns_15_4_1        |         i0 + i1 * i2|
    |mac_muladd_7ns_4s_14s_14_4_1_U656         |mac_muladd_7ns_4s_14s_14_4_1         |         i0 * i1 + i2|
    |mac_muladd_7ns_5ns_15s_15_4_1_U715        |mac_muladd_7ns_5ns_15s_15_4_1        |         i0 + i1 * i2|
    |mac_muladd_7ns_5s_14s_14_4_1_U643         |mac_muladd_7ns_5s_14s_14_4_1         |         i0 * i1 + i2|
    |mac_muladd_7ns_5s_14s_14_4_1_U672         |mac_muladd_7ns_5s_14s_14_4_1         |         i0 + i1 * i2|
    |mac_muladd_7ns_5s_15s_15_4_1_U678         |mac_muladd_7ns_5s_15s_15_4_1         |         i0 + i1 * i2|
    |mac_muladd_7ns_5s_16s_16_4_1_U679         |mac_muladd_7ns_5s_16s_16_4_1         |         i0 + i1 * i2|
    |mac_muladd_7ns_5s_16s_16_4_1_U701         |mac_muladd_7ns_5s_16s_16_4_1         |         i0 + i1 * i2|
    |mac_muladd_7ns_6s_14ns_15_4_1_U659        |mac_muladd_7ns_6s_14ns_15_4_1        |         i0 * i1 + i2|
    |mac_muladd_7ns_6s_14ns_15_4_1_U661        |mac_muladd_7ns_6s_14ns_15_4_1        |         i0 * i1 + i2|
    |mac_muladd_7ns_6s_14s_14_4_1_U662         |mac_muladd_7ns_6s_14s_14_4_1         |         i0 * i1 + i2|
    |mac_muladd_7ns_6s_14s_15_4_1_U641         |mac_muladd_7ns_6s_14s_15_4_1         |         i0 * i1 + i2|
    |mac_muladd_7ns_6s_14s_15_4_1_U658         |mac_muladd_7ns_6s_14s_15_4_1         |         i0 + i1 * i2|
    |mac_muladd_7ns_6s_14s_15_4_1_U688         |mac_muladd_7ns_6s_14s_15_4_1         |         i0 + i1 * i2|
    |mac_muladd_7ns_6s_14s_15_4_1_U698         |mac_muladd_7ns_6s_14s_15_4_1         |         i0 + i1 * i2|
    |mac_muladd_7ns_6s_14s_15_4_1_U718         |mac_muladd_7ns_6s_14s_15_4_1         |         i0 + i1 * i2|
    |mac_muladd_7ns_6s_15s_15_4_1_U640         |mac_muladd_7ns_6s_15s_15_4_1         |         i0 + i1 * i2|
    |mac_muladd_7ns_6s_15s_15_4_1_U649         |mac_muladd_7ns_6s_15s_15_4_1         |         i0 * i1 + i2|
    |mac_muladd_7ns_6s_15s_15_4_1_U666         |mac_muladd_7ns_6s_15s_15_4_1         |         i0 * i1 + i2|
    |mac_muladd_7ns_6s_15s_15_4_1_U668         |mac_muladd_7ns_6s_15s_15_4_1         |         i0 * i1 + i2|
    |mac_muladd_7ns_6s_15s_15_4_1_U673         |mac_muladd_7ns_6s_15s_15_4_1         |         i0 + i1 * i2|
    |mac_muladd_7ns_6s_15s_15_4_1_U674         |mac_muladd_7ns_6s_15s_15_4_1         |         i0 * i1 + i2|
    |mac_muladd_7ns_6s_15s_15_4_1_U683         |mac_muladd_7ns_6s_15s_15_4_1         |         i0 + i1 * i2|
    |mac_muladd_7ns_6s_15s_15_4_1_U684         |mac_muladd_7ns_6s_15s_15_4_1         |         i0 + i1 * i2|
    |mac_muladd_7ns_6s_15s_15_4_1_U686         |mac_muladd_7ns_6s_15s_15_4_1         |         i0 + i1 * i2|
    |mac_muladd_7ns_6s_15s_15_4_1_U707         |mac_muladd_7ns_6s_15s_15_4_1         |         i0 + i1 * i2|
    |mac_muladd_7ns_6s_15s_16_4_1_U638         |mac_muladd_7ns_6s_15s_16_4_1         |         i0 * i1 + i2|
    |mac_muladd_7ns_6s_15s_16_4_1_U704         |mac_muladd_7ns_6s_15s_16_4_1         |         i0 + i1 * i2|
    |mac_muladd_7ns_6s_16s_16_4_1_U682         |mac_muladd_7ns_6s_16s_16_4_1         |         i0 + i1 * i2|
    |mac_muladd_7ns_6s_16s_16_4_1_U697         |mac_muladd_7ns_6s_16s_16_4_1         |         i0 + i1 * i2|
    |mac_muladd_7ns_6s_16s_17_4_1_U700         |mac_muladd_7ns_6s_16s_17_4_1         |         i0 + i1 * i2|
    |mac_muladd_7s_7ns_13ns_15_4_1_U646        |mac_muladd_7s_7ns_13ns_15_4_1        |         i0 * i1 + i2|
    |mac_muladd_7s_7ns_13s_15_4_1_U687         |mac_muladd_7s_7ns_13s_15_4_1         |         i0 * i1 + i2|
    |mac_muladd_7s_7ns_14ns_15_4_1_U702        |mac_muladd_7s_7ns_14ns_15_4_1        |         i0 + i1 * i2|
    |mac_muladd_7s_7ns_14s_14_4_1_U696         |mac_muladd_7s_7ns_14s_14_4_1         |         i0 + i1 * i2|
    |mac_muladd_7s_7ns_14s_15_4_1_U667         |mac_muladd_7s_7ns_14s_15_4_1         |         i0 * i1 + i2|
    |mac_muladd_7s_7ns_14s_15_4_1_U671         |mac_muladd_7s_7ns_14s_15_4_1         |         i0 + i1 * i2|
    |mac_muladd_7s_7ns_14s_15_4_1_U706         |mac_muladd_7s_7ns_14s_15_4_1         |         i0 + i1 * i2|
    |mac_muladd_7s_7ns_15s_15_4_1_U637         |mac_muladd_7s_7ns_15s_15_4_1         |         i0 + i1 * i2|
    |mac_muladd_7s_7ns_15s_15_4_1_U639         |mac_muladd_7s_7ns_15s_15_4_1         |         i0 + i1 * i2|
    |mac_muladd_7s_7ns_15s_15_4_1_U645         |mac_muladd_7s_7ns_15s_15_4_1         |         i0 * i1 + i2|
    |mac_muladd_7s_7ns_15s_15_4_1_U647         |mac_muladd_7s_7ns_15s_15_4_1         |         i0 + i1 * i2|
    |mac_muladd_7s_7ns_15s_15_4_1_U648         |mac_muladd_7s_7ns_15s_15_4_1         |         i0 * i1 + i2|
    |mac_muladd_7s_7ns_15s_15_4_1_U653         |mac_muladd_7s_7ns_15s_15_4_1         |         i0 * i1 + i2|
    |mac_muladd_7s_7ns_15s_15_4_1_U664         |mac_muladd_7s_7ns_15s_15_4_1         |         i0 + i1 * i2|
    |mac_muladd_7s_7ns_15s_15_4_1_U669         |mac_muladd_7s_7ns_15s_15_4_1         |         i0 + i1 * i2|
    |mac_muladd_7s_7ns_15s_15_4_1_U691         |mac_muladd_7s_7ns_15s_15_4_1         |         i0 + i1 * i2|
    |mac_muladd_7s_7ns_15s_15_4_1_U693         |mac_muladd_7s_7ns_15s_15_4_1         |         i0 + i1 * i2|
    |mac_muladd_7s_7ns_15s_15_4_1_U708         |mac_muladd_7s_7ns_15s_15_4_1         |         i0 + i1 * i2|
    |mac_muladd_7s_7ns_15s_15_4_1_U711         |mac_muladd_7s_7ns_15s_15_4_1         |         i0 + i1 * i2|
    |mac_muladd_7s_7ns_15s_15_4_1_U716         |mac_muladd_7s_7ns_15s_15_4_1         |         i0 + i1 * i2|
    |mac_muladd_7s_7ns_15s_16_4_1_U636         |mac_muladd_7s_7ns_15s_16_4_1         |         i0 + i1 * i2|
    |mac_muladd_7s_7ns_15s_16_4_1_U657         |mac_muladd_7s_7ns_15s_16_4_1         |         i0 * i1 + i2|
    |mac_muladd_7s_7ns_15s_16_4_1_U663         |mac_muladd_7s_7ns_15s_16_4_1         |         i0 + i1 * i2|
    |mac_muladd_7s_7ns_15s_16_4_1_U681         |mac_muladd_7s_7ns_15s_16_4_1         |         i0 * i1 + i2|
    |mac_muladd_7s_7ns_15s_16_4_1_U720         |mac_muladd_7s_7ns_15s_16_4_1         |         i0 + i1 * i2|
    |mac_muladd_7s_7ns_16s_16_4_1_U709         |mac_muladd_7s_7ns_16s_16_4_1         |         i0 + i1 * i2|
    |mac_muladd_7s_7ns_16s_16_4_1_U713         |mac_muladd_7s_7ns_16s_16_4_1         |         i0 + i1 * i2|
    |mac_muladd_8s_7ns_13ns_15_4_1_U670        |mac_muladd_8s_7ns_13ns_15_4_1        |         i0 + i1 * i2|
    |mac_muladd_8s_7ns_13ns_15_4_1_U677        |mac_muladd_8s_7ns_13ns_15_4_1        |         i0 + i1 * i2|
    |mac_muladd_8s_7ns_13s_15_4_1_U635         |mac_muladd_8s_7ns_13s_15_4_1         |         i0 * i1 + i2|
    |mac_muladd_8s_7ns_13s_15_4_1_U655         |mac_muladd_8s_7ns_13s_15_4_1         |         i0 + i1 * i2|
    |mac_muladd_8s_7ns_13s_15_4_1_U665         |mac_muladd_8s_7ns_13s_15_4_1         |         i0 * i1 + i2|
    |mac_muladd_8s_7ns_14ns_16_4_1_U660        |mac_muladd_8s_7ns_14ns_16_4_1        |         i0 * i1 + i2|
    |mac_muladd_8s_7ns_14s_15_4_1_U699         |mac_muladd_8s_7ns_14s_15_4_1         |         i0 + i1 * i2|
    |mac_muladd_8s_7ns_14s_16_4_1_U712         |mac_muladd_8s_7ns_14s_16_4_1         |         i0 + i1 * i2|
    |mac_muladd_8s_7ns_15s_15_4_1_U642         |mac_muladd_8s_7ns_15s_15_4_1         |         i0 + i1 * i2|
    |mac_muladd_8s_7ns_15s_15_4_1_U710         |mac_muladd_8s_7ns_15s_15_4_1         |         i0 + i1 * i2|
    |mac_muladd_8s_7ns_15s_15_4_1_U719         |mac_muladd_8s_7ns_15s_15_4_1         |         i0 + i1 * i2|
    |mac_muladd_8s_7ns_15s_16_4_1_U644         |mac_muladd_8s_7ns_15s_16_4_1         |         i0 + i1 * i2|
    |mac_muladd_8s_7ns_15s_16_4_1_U650         |mac_muladd_8s_7ns_15s_16_4_1         |         i0 + i1 * i2|
    |mac_muladd_8s_7ns_15s_16_4_1_U651         |mac_muladd_8s_7ns_15s_16_4_1         |         i0 + i1 * i2|
    |mac_muladd_8s_7ns_15s_16_4_1_U652         |mac_muladd_8s_7ns_15s_16_4_1         |         i0 + i1 * i2|
    |mac_muladd_8s_7ns_15s_16_4_1_U676         |mac_muladd_8s_7ns_15s_16_4_1         |         i0 + i1 * i2|
    |mac_muladd_8s_7ns_15s_16_4_1_U680         |mac_muladd_8s_7ns_15s_16_4_1         |         i0 + i1 * i2|
    |mac_muladd_8s_7ns_15s_16_4_1_U685         |mac_muladd_8s_7ns_15s_16_4_1         |         i0 + i1 * i2|
    |mac_muladd_8s_7ns_15s_16_4_1_U692         |mac_muladd_8s_7ns_15s_16_4_1         |         i0 + i1 * i2|
    |mac_muladd_8s_7ns_15s_16_4_1_U694         |mac_muladd_8s_7ns_15s_16_4_1         |         i0 + i1 * i2|
    |mac_muladd_8s_7ns_15s_16_4_1_U695         |mac_muladd_8s_7ns_15s_16_4_1         |         i0 + i1 * i2|
    |mac_muladd_8s_7ns_15s_16_4_1_U705         |mac_muladd_8s_7ns_15s_16_4_1         |         i0 + i1 * i2|
    |mac_muladd_8s_7ns_15s_16_4_1_U714         |mac_muladd_8s_7ns_15s_16_4_1         |         i0 + i1 * i2|
    |mac_muladd_8s_7ns_15s_16_4_1_U717         |mac_muladd_8s_7ns_15s_16_4_1         |         i0 + i1 * i2|
    |mac_muladd_8s_7ns_16s_17_4_1_U689         |mac_muladd_8s_7ns_16s_17_4_1         |         i0 + i1 * i2|
    |mac_muladd_8s_7ns_16s_17_4_1_U703         |mac_muladd_8s_7ns_16s_17_4_1         |         i0 + i1 * i2|
    +------------------------------------------+-------------------------------------+---------------------+

    * Memory: 
    N/A

    * FIFO: 
    N/A

    * Expression: 
    +----------------------------+----------+----+---+----+------------+------------+
    |        Variable Name       | Operation| DSP| FF| LUT| Bitwidth P0| Bitwidth P1|
    +----------------------------+----------+----+---+----+------------+------------+
    |acc64_3_fu_6597_p2          |         +|   0|  0|  58|          51|          39|
    |acc_fu_6579_p2              |         +|   0|  0|  28|          21|          21|
    |add_ln156_fu_3000_p2        |         +|   0|  0|  10|           2|           1|
    |add_ln162_101_fu_6170_p2    |         +|   0|  0|  17|          17|          17|
    |add_ln162_104_fu_6179_p2    |         +|   0|  0|  17|          17|          17|
    |add_ln162_105_fu_6189_p2    |         +|   0|  0|  18|          18|          18|
    |add_ln162_10_fu_5224_p2     |         +|   0|  0|  17|          17|          17|
    |add_ln162_110_fu_6201_p2    |         +|   0|  0|  17|          17|          17|
    |add_ln162_112_fu_6207_p2    |         +|   0|  0|  16|          16|          16|
    |add_ln162_115_fu_6212_p2    |         +|   0|  0|  16|          16|          16|
    |add_ln162_116_fu_6221_p2    |         +|   0|  0|  17|          17|          17|
    |add_ln162_117_fu_6231_p2    |         +|   0|  0|  18|          18|          18|
    |add_ln162_122_fu_6243_p2    |         +|   0|  0|  17|          17|          17|
    |add_ln162_123_fu_5347_p2    |         +|   0|  0|  14|          13|          13|
    |add_ln162_127_fu_6255_p2    |         +|   0|  0|  24|          17|          17|
    |add_ln162_128_fu_6261_p2    |         +|   0|  0|  17|          17|          17|
    |add_ln162_132_fu_6273_p2    |         +|   0|  0|  23|          16|          16|
    |add_ln162_133_fu_6283_p2    |         +|   0|  0|  17|          17|          17|
    |add_ln162_136_fu_6292_p2    |         +|   0|  0|  20|          15|          15|
    |add_ln162_137_fu_6302_p2    |         +|   0|  0|  16|          16|          16|
    |add_ln162_138_fu_6308_p2    |         +|   0|  0|  16|          16|          16|
    |add_ln162_139_fu_6318_p2    |         +|   0|  0|  17|          17|          17|
    |add_ln162_13_fu_5822_p2     |         +|   0|  0|  20|          15|          15|
    |add_ln162_140_fu_6546_p2    |         +|   0|  0|  25|          18|          18|
    |add_ln162_141_fu_6556_p2    |         +|   0|  0|  26|          19|          19|
    |add_ln162_143_fu_5366_p2    |         +|   0|  0|  20|          15|          15|
    |add_ln162_146_fu_6327_p2    |         +|   0|  0|  23|          16|          16|
    |add_ln162_147_fu_5374_p2    |         +|   0|  0|  20|          15|          15|
    |add_ln162_148_fu_5384_p2    |         +|   0|  0|  23|          16|          16|
    |add_ln162_14_fu_5832_p2     |         +|   0|  0|  23|          16|          16|
    |add_ln162_150_fu_5394_p2    |         +|   0|  0|  20|          15|          15|
    |add_ln162_151_fu_5403_p2    |         +|   0|  0|  24|          17|          17|
    |add_ln162_152_fu_6339_p2    |         +|   0|  0|  18|          18|          18|
    |add_ln162_157_fu_6351_p2    |         +|   0|  0|  23|          16|          16|
    |add_ln162_158_fu_5409_p2    |         +|   0|  0|  15|          15|          15|
    |add_ln162_159_fu_5415_p2    |         +|   0|  0|  15|          15|          15|
    |add_ln162_15_fu_5842_p2     |         +|   0|  0|  17|          17|          17|
    |add_ln162_161_fu_5425_p2    |         +|   0|  0|  20|          15|          15|
    |add_ln162_162_fu_5434_p2    |         +|   0|  0|  23|          16|          16|
    |add_ln162_163_fu_6364_p2    |         +|   0|  0|  24|          17|          17|
    |add_ln162_164_fu_6374_p2    |         +|   0|  0|  18|          18|          18|
    |add_ln162_166_fu_5440_p2    |         +|   0|  0|  20|          15|          15|
    |add_ln162_169_fu_6390_p2    |         +|   0|  0|  24|          17|          17|
    |add_ln162_174_fu_6406_p2    |         +|   0|  0|  24|          17|          17|
    |add_ln162_175_fu_6416_p2    |         +|   0|  0|  25|          18|          18|
    |add_ln162_179_fu_6432_p2    |         +|   0|  0|  16|          16|          16|
    |add_ln162_17_fu_5851_p2     |         +|   0|  0|  16|          16|          16|
    |add_ln162_180_fu_6438_p2    |         +|   0|  0|  16|          16|          16|
    |add_ln162_185_fu_6454_p2    |         +|   0|  0|  24|          17|          17|
    |add_ln162_186_fu_6464_p2    |         +|   0|  0|  25|          18|          18|
    |add_ln162_187_fu_6474_p2    |         +|   0|  0|  19|          19|          19|
    |add_ln162_188_fu_6480_p2    |         +|   0|  0|  19|          19|          19|
    |add_ln162_189_fu_6569_p2    |         +|   0|  0|  27|          20|          20|
    |add_ln162_1_fu_5173_p2      |         +|   0|  0|  20|          15|          15|
    |add_ln162_20_fu_5857_p2     |         +|   0|  0|  16|          16|          16|
    |add_ln162_21_fu_5866_p2     |         +|   0|  0|  17|          17|          17|
    |add_ln162_22_fu_6492_p2     |         +|   0|  0|  25|          18|          18|
    |add_ln162_23_fu_5872_p2     |         +|   0|  0|  14|          13|          13|
    |add_ln162_24_fu_5882_p2     |         +|   0|  0|  20|          15|          15|
    |add_ln162_27_fu_5892_p2     |         +|   0|  0|  23|          16|          16|
    |add_ln162_2_fu_4303_p2      |         +|   0|  0|  17|          14|          14|
    |add_ln162_31_fu_5904_p2     |         +|   0|  0|  23|          16|          16|
    |add_ln162_32_fu_5914_p2     |         +|   0|  0|  24|          17|          17|
    |add_ln162_33_fu_5923_p2     |         +|   0|  0|  25|          18|          18|
    |add_ln162_36_fu_5239_p2     |         +|   0|  0|  23|          16|          16|
    |add_ln162_38_fu_5932_p2     |         +|   0|  0|  24|          17|          17|
    |add_ln162_39_fu_5249_p2     |         +|   0|  0|  17|          14|          14|
    |add_ln162_41_fu_5944_p2     |         +|   0|  0|  20|          15|          15|
    |add_ln162_42_fu_5954_p2     |         +|   0|  0|  16|          16|          16|
    |add_ln162_43_fu_5960_p2     |         +|   0|  0|  16|          16|          16|
    |add_ln162_44_fu_5970_p2     |         +|   0|  0|  25|          18|          18|
    |add_ln162_45_fu_6508_p2     |         +|   0|  0|  26|          19|          19|
    |add_ln162_46_fu_6518_p2     |         +|   0|  0|  20|          20|          20|
    |add_ln162_48_fu_5976_p2     |         +|   0|  0|  20|          15|          15|
    |add_ln162_4_fu_5186_p2      |         +|   0|  0|  23|          16|          16|
    |add_ln162_51_fu_5985_p2     |         +|   0|  0|  23|          16|          16|
    |add_ln162_53_fu_5268_p2     |         +|   0|  0|  17|          17|          17|
    |add_ln162_54_fu_5274_p2     |         +|   0|  0|  17|          14|          14|
    |add_ln162_55_fu_5284_p2     |         +|   0|  0|  23|          16|          16|
    |add_ln162_56_fu_5294_p2     |         +|   0|  0|  17|          17|          17|
    |add_ln162_57_fu_5997_p2     |         +|   0|  0|  25|          18|          18|
    |add_ln162_62_fu_6010_p2     |         +|   0|  0|  23|          16|          16|
    |add_ln162_64_fu_6019_p2     |         +|   0|  0|  23|          16|          16|
    |add_ln162_67_fu_6031_p2     |         +|   0|  0|  24|          17|          17|
    |add_ln162_68_fu_6041_p2     |         +|   0|  0|  25|          18|          18|
    |add_ln162_69_fu_6051_p2     |         +|   0|  0|  19|          19|          19|
    |add_ln162_6_fu_5196_p2      |         +|   0|  0|  23|          16|          16|
    |add_ln162_70_fu_5309_p2     |         +|   0|  0|  17|          14|          14|
    |add_ln162_71_fu_5319_p2     |         +|   0|  0|  20|          15|          15|
    |add_ln162_74_fu_6063_p2     |         +|   0|  0|  17|          17|          17|
    |add_ln162_76_fu_5328_p2     |         +|   0|  0|  20|          15|          15|
    |add_ln162_79_fu_6075_p2     |         +|   0|  0|  23|          16|          16|
    |add_ln162_80_fu_6085_p2     |         +|   0|  0|  17|          17|          17|
    |add_ln162_85_fu_6098_p2     |         +|   0|  0|  17|          17|          17|
    |add_ln162_89_fu_5339_p2     |         +|   0|  0|  20|          15|          15|
    |add_ln162_8_fu_5208_p2      |         +|   0|  0|  20|          15|          15|
    |add_ln162_90_fu_6109_p2     |         +|   0|  0|  23|          16|          16|
    |add_ln162_91_fu_6119_p2     |         +|   0|  0|  17|          17|          17|
    |add_ln162_92_fu_6129_p2     |         +|   0|  0|  25|          18|          18|
    |add_ln162_93_fu_6139_p2     |         +|   0|  0|  19|          19|          19|
    |add_ln162_94_fu_6527_p2     |         +|   0|  0|  20|          20|          20|
    |add_ln162_96_fu_6145_p2     |         +|   0|  0|  20|          15|          15|
    |add_ln162_99_fu_6157_p2     |         +|   0|  0|  23|          16|          16|
    |add_ln162_9_fu_5218_p2      |         +|   0|  0|  17|          17|          17|
    |add_ln162_fu_5163_p2        |         +|   0|  0|  14|          13|          13|
    |grp_fu_7190_p2              |         +|   0|  0|  17|          14|          14|
    |grp_fu_7198_p2              |         +|   0|  0|  23|          16|          16|
    |res_fu_6616_p2              |         +|   0|  0|  17|          14|           8|
    |sub_ln162_1_fu_5563_p2      |         -|   0|  0|  17|          14|          14|
    |sub_ln162_2_fu_4589_p2      |         -|   0|  0|  13|           1|          13|
    |sub_ln162_3_fu_4606_p2      |         -|   0|  0|  13|          13|          13|
    |sub_ln162_4_fu_4654_p2      |         -|   0|  0|  12|          11|          11|
    |sub_ln162_5_fu_5624_p2      |         -|   0|  0|  14|           1|          14|
    |sub_ln162_6_fu_5641_p2      |         -|   0|  0|  14|          14|          14|
    |sub_ln162_7_fu_4923_p2      |         -|   0|  0|  17|          14|          14|
    |sub_ln162_8_fu_4988_p2      |         -|   0|  0|  12|          11|          11|
    |sub_ln162_9_fu_5810_p2      |         -|   0|  0|  12|          12|          12|
    |sub_ln162_fu_4179_p2        |         -|   0|  0|  15|           1|           8|
    |ap_block_pp0_stage0_11001   |       and|   0|  0|   2|           1|           1|
    |icmp_ln156_fu_2994_p2       |      icmp|   0|  0|  11|           2|           3|
    |icmp_ln158_fu_3006_p2       |      icmp|   0|  0|  10|           2|           1|
    |icmp_ln36_fu_6632_p2        |      icmp|   0|  0|  14|           7|           1|
    |icmp_ln37_fu_6638_p2        |      icmp|   0|  0|  17|          14|           9|
    |or_ln36_fu_6656_p2          |        or|   0|  0|   2|           1|           1|
    |acc64_fu_2218_p00           |    select|   0|  0|  30|           1|          30|
    |grp_fu_6676_p00             |    select|   0|  0|   8|           1|           8|
    |grp_fu_6684_p00             |    select|   0|  0|   7|           1|           7|
    |grp_fu_6692_p00             |    select|   0|  0|   6|           1|           6|
    |grp_fu_6701_p10             |    select|   0|  0|   6|           1|           5|
    |grp_fu_6709_p00             |    select|   0|  0|   7|           1|           4|
    |grp_fu_6717_p10             |    select|   0|  0|   6|           1|           6|
    |grp_fu_6725_p10             |    select|   0|  0|   6|           1|           6|
    |grp_fu_6733_p00             |    select|   0|  0|   7|           1|           7|
    |grp_fu_6742_p10             |    select|   0|  0|   5|           1|           4|
    |grp_fu_6751_p00             |    select|   0|  0|   8|           1|           8|
    |grp_fu_6760_p00             |    select|   0|  0|   7|           1|           3|
    |grp_fu_6768_p00             |    select|   0|  0|   7|           1|           6|
    |grp_fu_6776_p00             |    select|   0|  0|   7|           1|           7|
    |grp_fu_6785_p00             |    select|   0|  0|   7|           1|           7|
    |grp_fu_6794_p10             |    select|   0|  0|   6|           1|           6|
    |grp_fu_6802_p00             |    select|   0|  0|   8|           1|           7|
    |grp_fu_6811_p00             |    select|   0|  0|   8|           1|           8|
    |grp_fu_6819_p00             |    select|   0|  0|   7|           1|           7|
    |grp_fu_6828_p00             |    select|   0|  0|   7|           1|           7|
    |grp_fu_6837_p10             |    select|   0|  0|   4|           1|           3|
    |grp_fu_6846_p00             |    select|   0|  0|   7|           1|           7|
    |grp_fu_6854_p10             |    select|   0|  0|   4|           1|           4|
    |grp_fu_6863_p00             |    select|   0|  0|   7|           1|           7|
    |grp_fu_6872_p10             |    select|   0|  0|   6|           1|           6|
    |grp_fu_6881_p10             |    select|   0|  0|   6|           1|           6|
    |grp_fu_6889_p00             |    select|   0|  0|   8|           1|           7|
    |grp_fu_6897_p10             |    select|   0|  0|   6|           1|           6|
    |grp_fu_6905_p10             |    select|   0|  0|   5|           1|           5|
    |grp_fu_6914_p00             |    select|   0|  0|   7|           1|           7|
    |grp_fu_6922_p00             |    select|   0|  0|   6|           1|           3|
    |grp_fu_6931_p00             |    select|   0|  0|   8|           1|           8|
    |grp_fu_6940_p10             |    select|   0|  0|   6|           1|           6|
    |grp_fu_6949_p00             |    select|   0|  0|   7|           1|           7|
    |grp_fu_6957_p10             |    select|   0|  0|   6|           1|           6|
    |grp_fu_6965_p00             |    select|   0|  0|   7|           1|           4|
    |grp_fu_6974_p00             |    select|   0|  0|   8|           1|           8|
    |grp_fu_6983_p00             |    select|   0|  0|   7|           1|           7|
    |grp_fu_7001_p10             |    select|   0|  0|   6|           1|           5|
    |grp_fu_7010_p10             |    select|   0|  0|   5|           1|           5|
    |grp_fu_7019_p20             |    select|   0|  0|   6|           1|           6|
    |grp_fu_7030_p00             |    select|   0|  0|   7|           1|           6|
    |grp_fu_7038_p00             |    select|   0|  0|   7|           1|           5|
    |grp_fu_7046_p10             |    select|   0|  0|   5|           1|           4|
    |grp_fu_7054_p10             |    select|   0|  0|   5|           1|           5|
    |grp_fu_7062_p00             |    select|   0|  0|   7|           1|           7|
    |grp_fu_7070_p00             |    select|   0|  0|   7|           1|           7|
    |grp_fu_7078_p10             |    select|   0|  0|   6|           1|           5|
    |grp_fu_7086_p10             |    select|   0|  0|   5|           1|           5|
    |grp_fu_7094_p10             |    select|   0|  0|   6|           1|           6|
    |grp_fu_7102_p00             |    select|   0|  0|   8|           1|           8|
    |grp_fu_7110_p10             |    select|   0|  0|   6|           1|           6|
    |grp_fu_7118_p00             |    select|   0|  0|   7|           1|           7|
    |grp_fu_7126_p10             |    select|   0|  0|   6|           1|           6|
    |grp_fu_7134_p00             |    select|   0|  0|   7|           1|           7|
    |grp_fu_7142_p10             |    select|   0|  0|   3|           1|           3|
    |grp_fu_7150_p00             |    select|   0|  0|   7|           1|           5|
    |grp_fu_7158_p00             |    select|   0|  0|   7|           1|           7|
    |grp_fu_7166_p00             |    select|   0|  0|   7|           1|           7|
    |grp_fu_7174_p00             |    select|   0|  0|   8|           1|           8|
    |grp_fu_7182_p00             |    select|   0|  0|   8|           1|           8|
    |grp_fu_7190_p00             |    select|   0|  0|   7|           1|           7|
    |grp_fu_7198_p10             |    select|   0|  0|   6|           1|           6|
    |grp_fu_7206_p10             |    select|   0|  0|   6|           1|           6|
    |grp_fu_7214_p00             |    select|   0|  0|   8|           1|           8|
    |grp_fu_7222_p10             |    select|   0|  0|   5|           1|           5|
    |grp_fu_7230_p10             |    select|   0|  0|   4|           1|           4|
    |grp_fu_7238_p00             |    select|   0|  0|   6|           1|           5|
    |grp_fu_7246_p00             |    select|   0|  0|   8|           1|           7|
    |grp_fu_7254_p10             |    select|   0|  0|   6|           1|           6|
    |grp_fu_7262_p00             |    select|   0|  0|   7|           1|           7|
    |grp_fu_7270_p00             |    select|   0|  0|   7|           1|           6|
    |grp_fu_7278_p10             |    select|   0|  0|   6|           1|           6|
    |grp_fu_7286_p00             |    select|   0|  0|   7|           1|           7|
    |grp_fu_7294_p00             |    select|   0|  0|   7|           1|           7|
    |grp_fu_7302_p00             |    select|   0|  0|   7|           1|           7|
    |grp_fu_7302_p2              |    select|   0|  0|  15|           1|          15|
    |grp_fu_7310_p00             |    select|   0|  0|   7|           1|           6|
    |grp_fu_7318_p00             |    select|   0|  0|   8|           1|           8|
    |grp_fu_7326_p00             |    select|   0|  0|   7|           1|           7|
    |grp_fu_7334_p00             |    select|   0|  0|   8|           1|           8|
    |grp_fu_7350_p00             |    select|   0|  0|   7|           1|           5|
    |grp_fu_7358_p00             |    select|   0|  0|   8|           1|           8|
    |grp_fu_7366_p10             |    select|   0|  0|   6|           1|           4|
    |grp_fu_7374_p00             |    select|   0|  0|   8|           1|           5|
    |grp_fu_7382_p00             |    select|   0|  0|   7|           1|           5|
    |mul_ln162_102_fu_5690_p00   |    select|   0|  0|   3|           1|           2|
    |mul_ln162_103_fu_5699_p00   |    select|   0|  0|   6|           1|           6|
    |mul_ln162_104_fu_5704_p00   |    select|   0|  0|   7|           1|           7|
    |mul_ln162_106_fu_4056_p00   |    select|   0|  0|   7|           1|           7|
    |mul_ln162_111_fu_5728_p00   |    select|   0|  0|   8|           1|           7|
    |mul_ln162_112_fu_5733_p00   |    select|   0|  0|   6|           1|           6|
    |mul_ln162_113_fu_5742_p00   |    select|   0|  0|   6|           1|           4|
    |mul_ln162_117_fu_4086_p00   |    select|   0|  0|   7|           1|           7|
    |mul_ln162_11_fu_3904_p00    |    select|   0|  0|   8|           1|           4|
    |mul_ln162_120_fu_4091_p00   |    select|   0|  0|   8|           1|           7|
    |mul_ln162_123_fu_4100_p00   |    select|   0|  0|   6|           1|           5|
    |mul_ln162_128_fu_4126_p00   |    select|   0|  0|   7|           1|           7|
    |mul_ln162_137_fu_4151_p00   |    select|   0|  0|   7|           1|           5|
    |mul_ln162_13_fu_4555_p00    |    select|   0|  0|   8|           1|           6|
    |mul_ln162_140_fu_4160_p00   |    select|   0|  0|   7|           1|           7|
    |mul_ln162_144_fu_4165_p00   |    select|   0|  0|   8|           1|           8|
    |mul_ln162_147_fu_4174_p00   |    select|   0|  0|   8|           1|           8|
    |mul_ln162_151_fu_5046_p00   |    select|   0|  0|   6|           1|           6|
    |mul_ln162_152_fu_4208_p00   |    select|   0|  0|   8|           1|           7|
    |mul_ln162_154_fu_5055_p00   |    select|   0|  0|   6|           1|           6|
    |mul_ln162_155_fu_5064_p00   |    select|   0|  0|   7|           1|           7|
    |mul_ln162_156_fu_5069_p00   |    select|   0|  0|   4|           1|           4|
    |mul_ln162_157_fu_5078_p00   |    select|   0|  0|   5|           1|           3|
    |mul_ln162_15_fu_4564_p00    |    select|   0|  0|   6|           1|           6|
    |mul_ln162_161_fu_4234_p00   |    select|   0|  0|   7|           1|           7|
    |mul_ln162_165_fu_4239_p00   |    select|   0|  0|   8|           1|           7|
    |mul_ln162_167_fu_5108_p00   |    select|   0|  0|   7|           1|           6|
    |mul_ln162_168_fu_5113_p00   |    select|   0|  0|   6|           1|           5|
    |mul_ln162_169_fu_5122_p00   |    select|   0|  0|   7|           1|           7|
    |mul_ln162_16_fu_3909_p00    |    select|   0|  0|   8|           1|           6|
    |mul_ln162_176_fu_5772_p00   |    select|   0|  0|   7|           1|           6|
    |mul_ln162_177_fu_5781_p00   |    select|   0|  0|   6|           1|           6|
    |mul_ln162_178_fu_5790_p00   |    select|   0|  0|   6|           1|           5|
    |mul_ln162_180_fu_4288_p00   |    select|   0|  0|   7|           1|           7|
    |mul_ln162_183_fu_5158_p00   |    select|   0|  0|   7|           1|           7|
    |mul_ln162_186_fu_4293_p00   |    select|   0|  0|   8|           1|           8|
    |mul_ln162_188_fu_4298_p00   |    select|   0|  0|   8|           1|           7|
    |mul_ln162_1_fu_4537_p00     |    select|   0|  0|   5|           1|           5|
    |mul_ln162_20_fu_3918_p00    |    select|   0|  0|   7|           1|           7|
    |mul_ln162_23_fu_3923_p00    |    select|   0|  0|   8|           1|           7|
    |mul_ln162_26_fu_4569_p00    |    select|   0|  0|   8|           1|           7|
    |mul_ln162_28_fu_3928_p00    |    select|   0|  0|   7|           1|           5|
    |mul_ln162_2_fu_4546_p00     |    select|   0|  0|   4|           1|           3|
    |mul_ln162_33_fu_5590_p00    |    select|   0|  0|   6|           1|           6|
    |mul_ln162_35_fu_3937_p00    |    select|   0|  0|   8|           1|           6|
    |mul_ln162_36_fu_4634_p00    |    select|   0|  0|   6|           1|           4|
    |mul_ln162_37_fu_3942_p00    |    select|   0|  0|   7|           1|           3|
    |mul_ln162_41_fu_3947_p00    |    select|   0|  0|   8|           1|           8|
    |mul_ln162_43_fu_3956_p00    |    select|   0|  0|   8|           1|           6|
    |mul_ln162_50_fu_3988_p00    |    select|   0|  0|   8|           1|           7|
    |mul_ln162_52_fu_3993_p00    |    select|   0|  0|   8|           1|           8|
    |mul_ln162_55_fu_4685_p00    |    select|   0|  0|   4|           1|           4|
    |mul_ln162_56_fu_4694_p00    |    select|   0|  0|   7|           1|           5|
    |mul_ln162_58_fu_3998_p00    |    select|   0|  0|   8|           1|           8|
    |mul_ln162_62_fu_4720_p00    |    select|   0|  0|   8|           1|           7|
    |mul_ln162_63_fu_4729_p00    |    select|   0|  0|   5|           1|           4|
    |mul_ln162_64_fu_4003_p00    |    select|   0|  0|   7|           1|           7|
    |mul_ln162_66_fu_4734_p00    |    select|   0|  0|   6|           1|           2|
    |mul_ln162_69_fu_4764_p00    |    select|   0|  0|   5|           1|           5|
    |mul_ln162_70_fu_4773_p00    |    select|   0|  0|   7|           1|           5|
    |mul_ln162_73_fu_4012_p00    |    select|   0|  0|   8|           1|           7|
    |mul_ln162_74_fu_4799_p00    |    select|   0|  0|   6|           1|           6|
    |mul_ln162_75_fu_4808_p00    |    select|   0|  0|   8|           1|           7|
    |mul_ln162_76_fu_4817_p00    |    select|   0|  0|   7|           1|           7|
    |mul_ln162_79_fu_4826_p00    |    select|   0|  0|   7|           1|           5|
    |mul_ln162_81_fu_5658_p00    |    select|   0|  0|   6|           1|           6|
    |mul_ln162_82_fu_5667_p00    |    select|   0|  0|   8|           1|           2|
    |mul_ln162_83_fu_5672_p00    |    select|   0|  0|   7|           1|           7|
    |mul_ln162_84_fu_4835_p00    |    select|   0|  0|   5|           1|           5|
    |mul_ln162_85_fu_4844_p00    |    select|   0|  0|   6|           1|           6|
    |mul_ln162_87_fu_4853_p00    |    select|   0|  0|   7|           1|           7|
    |mul_ln162_88_fu_4862_p00    |    select|   0|  0|   7|           1|           6|
    |mul_ln162_91_fu_4021_p00    |    select|   0|  0|   7|           1|           7|
    |mul_ln162_94_fu_4871_p00    |    select|   0|  0|   7|           1|           4|
    |mul_ln162_95_fu_5681_p00    |    select|   0|  0|   5|           1|           5|
    |mul_ln162_99_fu_4051_p00    |    select|   0|  0|   8|           1|           7|
    |select_ln161_fu_4313_p3     |    select|   0|  0|  12|           1|          12|
    |select_ln162_10_fu_5647_p3  |    select|   0|  0|  14|           1|          14|
    |select_ln162_11_fu_4788_p3  |    select|   0|  0|  14|           1|          14|
    |select_ln162_12_fu_4040_p3  |    select|   0|  0|  15|           1|          15|
    |select_ln162_13_fu_5718_p3  |    select|   0|  0|  15|           1|          15|
    |select_ln162_14_fu_4890_p3  |    select|   0|  0|  14|           1|          14|
    |select_ln162_15_fu_4929_p3  |    select|   0|  0|  14|           1|          14|
    |select_ln162_16_fu_4955_p3  |    select|   0|  0|  13|           1|          13|
    |select_ln162_17_fu_4075_p3  |    select|   0|  0|  13|           1|          13|
    |select_ln162_18_fu_4997_p3  |    select|   0|  0|  12|           1|          12|
    |select_ln162_19_fu_4119_p3  |    select|   0|  0|  14|           1|          14|
    |select_ln162_20_fu_4140_p3  |    select|   0|  0|  14|           1|          14|
    |select_ln162_21_fu_5018_p3  |    select|   0|  0|  14|           1|          14|
    |select_ln162_23_fu_4197_p3  |    select|   0|  0|  13|           1|          13|
    |select_ln162_24_fu_5761_p3  |    select|   0|  0|  14|           1|          14|
    |select_ln162_25_fu_4223_p3  |    select|   0|  0|  14|           1|          14|
    |select_ln162_26_fu_4256_p3  |    select|   0|  0|  13|           1|          13|
    |select_ln162_27_fu_5097_p3  |    select|   0|  0|  14|           1|          14|
    |select_ln162_28_fu_5147_p3  |    select|   0|  0|  12|           1|          12|
    |select_ln162_29_fu_4277_p3  |    select|   0|  0|  14|           1|          14|
    |select_ln162_2_fu_3872_p3   |    select|   0|  0|  13|           1|          13|
    |select_ln162_3_fu_5579_p3   |    select|   0|  0|  14|           1|          14|
    |select_ln162_4_fu_4623_p3   |    select|   0|  0|  13|           1|          13|
    |select_ln162_5_fu_3977_p3   |    select|   0|  0|  13|           1|          13|
    |select_ln162_6_fu_4674_p3   |    select|   0|  0|  12|           1|          12|
    |select_ln162_7_fu_3893_p3   |    select|   0|  0|  15|           1|          15|
    |select_ln162_8_fu_4709_p3   |    select|   0|  0|  14|           1|          14|
    |select_ln162_9_fu_4753_p3   |    select|   0|  0|  12|           1|          12|
    |select_ln36_1_fu_6648_p3    |    select|   0|  0|   9|           1|           7|
    |select_ln36_fu_6662_p3      |    select|   0|  0|   8|           1|           8|
    |ap_enable_pp0               |       xor|   0|  0|   2|           1|           2|
    +----------------------------+----------+----+---+----+------------+------------+
    |Total                       |          |   0|  0|3907|        2110|        3322|
    +----------------------------+----------+----+---+----+------------+------------+

    * Multiplexer: 
    +------------------------------+----+-----------+-----+-----------+
    |             Name             | LUT| Input Size| Bits| Total Bits|
    +------------------------------+----+-----------+-----+-----------+
    |DATA_OUT_blk_n_W              |   9|          2|    1|          2|
    |ap_done_int                   |   9|          2|    1|          2|
    |ap_enable_reg_pp0_iter1       |   9|          2|    1|          2|
    |ap_sig_allocacmp_out_class_1  |   9|          2|    2|          4|
    |out_class_fu_988              |   9|          2|    2|          4|
    +------------------------------+----+-----------+-----+-----------+
    |Total                         |  45|         10|    7|         14|
    +------------------------------+----+-----------+-----+-----------+

    * Register: 
    +-------------------------------------+----+----+-----+-----------+
    |                 Name                | FF | LUT| Bits| Const Bits|
    +-------------------------------------+----+----+-----+-----------+
    |acc_reg_9549                         |  21|   0|   21|          0|
    |add_ln162_10_reg_9284                |  17|   0|   17|          0|
    |add_ln162_10_reg_9284_pp0_iter4_reg  |  17|   0|   17|          0|
    |add_ln162_117_reg_9529               |  18|   0|   18|          0|
    |add_ln162_128_reg_9534               |  17|   0|   17|          0|
    |add_ln162_139_reg_9539               |  17|   0|   17|          0|
    |add_ln162_143_reg_9444               |  15|   0|   15|          0|
    |add_ln162_151_reg_9454               |  17|   0|   17|          0|
    |add_ln162_162_reg_9469               |  16|   0|   16|          0|
    |add_ln162_166_reg_9474               |  15|   0|   15|          0|
    |add_ln162_188_reg_9544               |  19|   0|   19|          0|
    |add_ln162_21_reg_9509                |  17|   0|   17|          0|
    |add_ln162_33_reg_9514                |  18|   0|   18|          0|
    |add_ln162_44_reg_9519                |  18|   0|   18|          0|
    |add_ln162_56_reg_9329                |  17|   0|   17|          0|
    |add_ln162_71_reg_9349                |  15|   0|   15|          0|
    |add_ln162_76_reg_9359                |  15|   0|   15|          0|
    |add_ln162_89_reg_9384                |  15|   0|   15|          0|
    |add_ln162_93_reg_9524                |  19|   0|   19|          0|
    |ap_CS_fsm                            |   1|   0|    1|          0|
    |ap_done_reg                          |   1|   0|    1|          0|
    |ap_enable_reg_pp0_iter1              |   1|   0|    1|          0|
    |ap_enable_reg_pp0_iter2              |   1|   0|    1|          0|
    |ap_enable_reg_pp0_iter3              |   1|   0|    1|          0|
    |ap_enable_reg_pp0_iter4              |   1|   0|    1|          0|
    |ap_enable_reg_pp0_iter5              |   1|   0|    1|          0|
    |ap_enable_reg_pp0_iter6              |   1|   0|    1|          0|
    |ap_enable_reg_pp0_iter7              |   1|   0|    1|          0|
    |ap_enable_reg_pp0_iter8              |   1|   0|    1|          0|
    |ap_loop_exit_ready_pp0_iter1_reg     |   1|   0|    1|          0|
    |ap_loop_exit_ready_pp0_iter2_reg     |   1|   0|    1|          0|
    |ap_loop_exit_ready_pp0_iter3_reg     |   1|   0|    1|          0|
    |ap_loop_exit_ready_pp0_iter4_reg     |   1|   0|    1|          0|
    |ap_loop_exit_ready_pp0_iter5_reg     |   1|   0|    1|          0|
    |ap_loop_exit_ready_pp0_iter6_reg     |   1|   0|    1|          0|
    |ap_loop_exit_ready_pp0_iter7_reg     |   1|   0|    1|          0|
    |icmp_ln158_reg_8450                  |   1|   0|    1|          0|
    |mul_ln162_15_reg_9234                |  13|   0|   13|          0|
    |mul_ln162_63_reg_9254                |  12|   0|   12|          0|
    |out_class_fu_988                     |   2|   0|    2|          0|
    |select_ln36_reg_9559                 |   8|   0|    8|          0|
    |tmp_25_reg_9554                      |  12|   0|   12|          0|
    |zext_ln156_cast_reg_7800             |   7|   0|   14|          7|
    |zext_ln161_100_cast_reg_8299         |   7|   0|   14|          7|
    |zext_ln161_101_cast_reg_8304         |   7|   0|   14|          7|
    |zext_ln161_102_cast_reg_8309         |   7|   0|   15|          8|
    |zext_ln161_103_cast_reg_8314         |   7|   0|   15|          8|
    |zext_ln161_104_cast_reg_8319         |   7|   0|   13|          6|
    |zext_ln161_105_cast_reg_8324         |   7|   0|   15|          8|
    |zext_ln161_107_cast_reg_8334         |   7|   0|   13|          6|
    |zext_ln161_108_cast_reg_8339         |   7|   0|   15|          8|
    |zext_ln161_10_cast_reg_7857          |   7|   0|   14|          7|
    |zext_ln161_110_cast_reg_8349         |   7|   0|   13|          6|
    |zext_ln161_112_cast_reg_8359         |   7|   0|   15|          8|
    |zext_ln161_113_cast_reg_8364         |   7|   0|   13|          6|
    |zext_ln161_114_cast_reg_8369         |   7|   0|   14|          7|
    |zext_ln161_115_cast_reg_8374         |   7|   0|   15|          8|
    |zext_ln161_116_cast_reg_8379         |   7|   0|   15|          8|
    |zext_ln161_117_cast_reg_8384         |   7|   0|   15|          8|
    |zext_ln161_119_cast_reg_8394         |   7|   0|   12|          5|
    |zext_ln161_11_cast_reg_7862          |   7|   0|   13|          6|
    |zext_ln161_120_cast_reg_8399         |   7|   0|   15|          8|
    |zext_ln161_122_cast_reg_8410         |   7|   0|   12|          5|
    |zext_ln161_124_cast_reg_8420         |   7|   0|   13|          6|
    |zext_ln161_125_cast_reg_8426         |   7|   0|   15|          8|
    |zext_ln161_126_cast_reg_8431         |   7|   0|   11|          4|
    |zext_ln161_127_cast_reg_8436         |   7|   0|   12|          5|
    |zext_ln161_128_cast_reg_8441         |   7|   0|   15|          8|
    |zext_ln161_12_cast_reg_7867          |   7|   0|   13|          6|
    |zext_ln161_130_cast_reg_7490         |   7|   0|   15|          8|
    |zext_ln161_131_cast_reg_7495         |   7|   0|   14|          7|
    |zext_ln161_132_cast_reg_7500         |   7|   0|   15|          8|
    |zext_ln161_134_cast_reg_7510         |   7|   0|   12|          5|
    |zext_ln161_135_cast_reg_7515         |   7|   0|   15|          8|
    |zext_ln161_136_cast_reg_7520         |   7|   0|   15|          8|
    |zext_ln161_137_cast_reg_7525         |   7|   0|   13|          6|
    |zext_ln161_138_cast_reg_7530         |   7|   0|   14|          7|
    |zext_ln161_140_cast_reg_7540         |   7|   0|   13|          6|
    |zext_ln161_141_cast_reg_7545         |   7|   0|   13|          6|
    |zext_ln161_142_cast_reg_7550         |   7|   0|   14|          7|
    |zext_ln161_143_cast_reg_7555         |   7|   0|   12|          5|
    |zext_ln161_144_cast_reg_7560         |   7|   0|   14|          7|
    |zext_ln161_146_cast_reg_7571         |   7|   0|   15|          8|
    |zext_ln161_147_cast_reg_7576         |   7|   0|   13|          6|
    |zext_ln161_149_cast_reg_7586         |   7|   0|   14|          7|
    |zext_ln161_14_cast_reg_7878          |   7|   0|   13|          6|
    |zext_ln161_150_cast_reg_7591         |   7|   0|   13|          6|
    |zext_ln161_151_cast_reg_7596         |   7|   0|   15|          8|
    |zext_ln161_152_cast_reg_7601         |   7|   0|   14|          7|
    |zext_ln161_153_cast_reg_7607         |   7|   0|   15|          8|
    |zext_ln161_155_cast_reg_7617         |   7|   0|   14|          7|
    |zext_ln161_157_cast_reg_7627         |   7|   0|   15|          8|
    |zext_ln161_158_cast_reg_7632         |   7|   0|   12|          5|
    |zext_ln161_15_cast_reg_7883          |   7|   0|   13|          6|
    |zext_ln161_160_cast_reg_7642         |   7|   0|   14|          7|
    |zext_ln161_161_cast_reg_7648         |   7|   0|   12|          5|
    |zext_ln161_162_cast_reg_7653         |   7|   0|   11|          4|
    |zext_ln161_163_cast_reg_7658         |   7|   0|   15|          8|
    |zext_ln161_164_cast_reg_7663         |   7|   0|   13|          6|
    |zext_ln161_166_cast_reg_7673         |   7|   0|   15|          8|
    |zext_ln161_167_cast_reg_7678         |   7|   0|   13|          6|
    |zext_ln161_169_cast_reg_7688         |   7|   0|   12|          5|
    |zext_ln161_16_cast_reg_7888          |   7|   0|   15|          8|
    |zext_ln161_170_cast_reg_7693         |   7|   0|    8|          1|
    |zext_ln161_171_cast_reg_7698         |   7|   0|   15|          8|
    |zext_ln161_172_cast_reg_7703         |   7|   0|   15|          8|
    |zext_ln161_174_cast_reg_7713         |   7|   0|   14|          7|
    |zext_ln161_175_cast_reg_7718         |   7|   0|   15|          8|
    |zext_ln161_177_cast_reg_7728         |   7|   0|   15|          8|
    |zext_ln161_179_cast_reg_7738         |   7|   0|   14|          7|
    |zext_ln161_17_cast_reg_7893          |   7|   0|   15|          8|
    |zext_ln161_180_cast_reg_7743         |   7|   0|   14|          7|
    |zext_ln161_182_cast_reg_7753         |   7|   0|   14|          7|
    |zext_ln161_183_cast_reg_7758         |   7|   0|   14|          7|
    |zext_ln161_184_cast_reg_7764         |   7|   0|   15|          8|
    |zext_ln161_185_cast_reg_7770         |   7|   0|   15|          8|
    |zext_ln161_186_cast_reg_7775         |   7|   0|   14|          7|
    |zext_ln161_188_cast_reg_7785         |   7|   0|   14|          7|
    |zext_ln161_189_cast_reg_7790         |   7|   0|   14|          7|
    |zext_ln161_18_cast_reg_7899          |   7|   0|   14|          7|
    |zext_ln161_19_cast_reg_7905          |   7|   0|   14|          7|
    |zext_ln161_1_cast_reg_7811           |   7|   0|   11|          4|
    |zext_ln161_20_cast_reg_7910          |   7|   0|   15|          8|
    |zext_ln161_21_cast_reg_7915          |   7|   0|   14|          7|
    |zext_ln161_23_cast_reg_7925          |   7|   0|   14|          7|
    |zext_ln161_24_cast_reg_7930          |   7|   0|   13|          6|
    |zext_ln161_25_cast_reg_7935          |   7|   0|   10|          3|
    |zext_ln161_26_cast_reg_7940          |   7|   0|   13|          6|
    |zext_ln161_28_cast_reg_7950          |   7|   0|   15|          8|
    |zext_ln161_29_cast_reg_7955          |   7|   0|   15|          8|
    |zext_ln161_30_cast_reg_7960          |   7|   0|   15|          8|
    |zext_ln161_32_cast_reg_7971          |   7|   0|   12|          5|
    |zext_ln161_33_cast_reg_7976          |   7|   0|   14|          7|
    |zext_ln161_34_cast_reg_7981          |   7|   0|   14|          7|
    |zext_ln161_35_cast_reg_7986          |   7|   0|   12|          5|
    |zext_ln161_36_cast_reg_7991          |   7|   0|   15|          8|
    |zext_ln161_38_cast_reg_8001          |   7|   0|   13|          6|
    |zext_ln161_39_cast_reg_8006          |   7|   0|   14|          7|
    |zext_ln161_3_cast_reg_7821           |   7|   0|   14|          7|
    |zext_ln161_40_cast_reg_8011          |   7|   0|   15|          8|
    |zext_ln161_41_cast_reg_8016          |   7|   0|   15|          8|
    |zext_ln161_42_cast_reg_8021          |   7|   0|   13|          6|
    |zext_ln161_43_cast_reg_8026          |   7|   0|   12|          5|
    |zext_ln161_44_cast_reg_8031          |   7|   0|   14|          7|
    |zext_ln161_45_cast_reg_8036          |   7|   0|   15|          8|
    |zext_ln161_46_cast_reg_8041          |   7|   0|   13|          6|
    |zext_ln161_48_cast_reg_8046          |   7|   0|   14|          7|
    |zext_ln161_49_cast_reg_8051          |   7|   0|   13|          6|
    |zext_ln161_4_cast_reg_7827           |   7|   0|   13|          6|
    |zext_ln161_50_cast_reg_8056          |   7|   0|   13|          6|
    |zext_ln161_51_cast_reg_8061          |   7|   0|   14|          7|
    |zext_ln161_52_cast_reg_8066          |   7|   0|   15|          8|
    |zext_ln161_53_cast_reg_8071          |   7|   0|   13|          6|
    |zext_ln161_54_cast_reg_8076          |   7|   0|   15|          8|
    |zext_ln161_56_cast_reg_8086          |   7|   0|   14|          7|
    |zext_ln161_57_cast_reg_8092          |   7|   0|   14|          7|
    |zext_ln161_58_cast_reg_8097          |   7|   0|   12|          5|
    |zext_ln161_59_cast_reg_8102          |   7|   0|   14|          7|
    |zext_ln161_5_cast_reg_7832           |   7|   0|   13|          6|
    |zext_ln161_60_cast_reg_8107          |   7|   0|   12|          5|
    |zext_ln161_61_cast_reg_8113          |   7|   0|   13|          6|
    |zext_ln161_62_cast_reg_8118          |   7|   0|   15|          8|
    |zext_ln161_63_cast_reg_8123          |   7|   0|   14|          7|
    |zext_ln161_65_cast_reg_8128          |   7|   0|   12|          5|
    |zext_ln161_66_cast_reg_8133          |   7|   0|   15|          8|
    |zext_ln161_67_cast_reg_8138          |   7|   0|   15|          8|
    |zext_ln161_68_cast_reg_8143          |   7|   0|   14|          7|
    |zext_ln161_70_cast_reg_8153          |   7|   0|   15|          8|
    |zext_ln161_71_cast_reg_8158          |   7|   0|   14|          7|
    |zext_ln161_72_cast_reg_8164          |   7|   0|   14|          7|
    |zext_ln161_73_cast_reg_8169          |   7|   0|   11|          4|
    |zext_ln161_74_cast_reg_8174          |   7|   0|   15|          8|
    |zext_ln161_76_cast_reg_8184          |   7|   0|   15|          8|
    |zext_ln161_77_cast_reg_8189          |   7|   0|   11|          4|
    |zext_ln161_78_cast_reg_8194          |   7|   0|   15|          8|
    |zext_ln161_7_cast_reg_7842           |   7|   0|   15|          8|
    |zext_ln161_80_cast_reg_8204          |   7|   0|   14|          7|
    |zext_ln161_82_cast_reg_8214          |   7|   0|   13|          6|
    |zext_ln161_83_cast_reg_8219          |   7|   0|   10|          3|
    |zext_ln161_85_cast_reg_8229          |   7|   0|   15|          8|
    |zext_ln161_86_cast_reg_8234          |   7|   0|   15|          8|
    |zext_ln161_87_cast_reg_8239          |   7|   0|   15|          8|
    |zext_ln161_89_cast_reg_8249          |   7|   0|   13|          6|
    |zext_ln161_8_cast_reg_7847           |   7|   0|   14|          7|
    |zext_ln161_91_cast_reg_8259          |   7|   0|   14|          7|
    |zext_ln161_92_cast_reg_8264          |   7|   0|   13|          6|
    |zext_ln161_93_cast_reg_8269          |   7|   0|   15|          8|
    |zext_ln161_95_cast_reg_8279          |   7|   0|   13|          6|
    |zext_ln161_96_cast_reg_8284          |   7|   0|   14|          7|
    |zext_ln161_98_cast_reg_8289          |   7|   0|   13|          6|
    |zext_ln161_cast_reg_7805             |   7|   0|   14|          7|
    |icmp_ln158_reg_8450                  |  64|  32|    1|          0|
    +-------------------------------------+----+----+-----+-----------+
    |Total                                |1495|  32| 2437|       1005|
    +-------------------------------------+----+----+-----+-----------+



================================================================
== Interface
================================================================
* Summary: 
+---------------------------+-----+-----+------------+-----------------------------------------------+--------------+
|         RTL Ports         | Dir | Bits|  Protocol  |                 Source Object                 |    C Type    |
+---------------------------+-----+-----+------------+-----------------------------------------------+--------------+
|ap_clk                     |   in|    1|  ap_ctrl_hs|  tiny_ecg_inference_Pipeline_VITIS_LOOP_156_15|  return value|
|ap_rst                     |   in|    1|  ap_ctrl_hs|  tiny_ecg_inference_Pipeline_VITIS_LOOP_156_15|  return value|
|ap_start                   |   in|    1|  ap_ctrl_hs|  tiny_ecg_inference_Pipeline_VITIS_LOOP_156_15|  return value|
|ap_done                    |  out|    1|  ap_ctrl_hs|  tiny_ecg_inference_Pipeline_VITIS_LOOP_156_15|  return value|
|ap_idle                    |  out|    1|  ap_ctrl_hs|  tiny_ecg_inference_Pipeline_VITIS_LOOP_156_15|  return value|
|ap_ready                   |  out|    1|  ap_ctrl_hs|  tiny_ecg_inference_Pipeline_VITIS_LOOP_156_15|  return value|
|m_axi_DATA_OUT_0_AWVALID   |  out|    1|       m_axi|                                       DATA_OUT|       pointer|
|m_axi_DATA_OUT_0_AWREADY   |   in|    1|       m_axi|                                       DATA_OUT|       pointer|
|m_axi_DATA_OUT_0_AWADDR    |  out|   64|       m_axi|                                       DATA_OUT|       pointer|
|m_axi_DATA_OUT_0_AWID      |  out|    1|       m_axi|                                       DATA_OUT|       pointer|
|m_axi_DATA_OUT_0_AWLEN     |  out|   32|       m_axi|                                       DATA_OUT|       pointer|
|m_axi_DATA_OUT_0_AWSIZE    |  out|    3|       m_axi|                                       DATA_OUT|       pointer|
|m_axi_DATA_OUT_0_AWBURST   |  out|    2|       m_axi|                                       DATA_OUT|       pointer|
|m_axi_DATA_OUT_0_AWLOCK    |  out|    2|       m_axi|                                       DATA_OUT|       pointer|
|m_axi_DATA_OUT_0_AWCACHE   |  out|    4|       m_axi|                                       DATA_OUT|       pointer|
|m_axi_DATA_OUT_0_AWPROT    |  out|    3|       m_axi|                                       DATA_OUT|       pointer|
|m_axi_DATA_OUT_0_AWQOS     |  out|    4|       m_axi|                                       DATA_OUT|       pointer|
|m_axi_DATA_OUT_0_AWREGION  |  out|    4|       m_axi|                                       DATA_OUT|       pointer|
|m_axi_DATA_OUT_0_AWUSER    |  out|    1|       m_axi|                                       DATA_OUT|       pointer|
|m_axi_DATA_OUT_0_WVALID    |  out|    1|       m_axi|                                       DATA_OUT|       pointer|
|m_axi_DATA_OUT_0_WREADY    |   in|    1|       m_axi|                                       DATA_OUT|       pointer|
|m_axi_DATA_OUT_0_WDATA     |  out|    8|       m_axi|                                       DATA_OUT|       pointer|
|m_axi_DATA_OUT_0_WSTRB     |  out|    1|       m_axi|                                       DATA_OUT|       pointer|
|m_axi_DATA_OUT_0_WLAST     |  out|    1|       m_axi|                                       DATA_OUT|       pointer|
|m_axi_DATA_OUT_0_WID       |  out|    1|       m_axi|                                       DATA_OUT|       pointer|
|m_axi_DATA_OUT_0_WUSER     |  out|    1|       m_axi|                                       DATA_OUT|       pointer|
|m_axi_DATA_OUT_0_ARVALID   |  out|    1|       m_axi|                                       DATA_OUT|       pointer|
|m_axi_DATA_OUT_0_ARREADY   |   in|    1|       m_axi|                                       DATA_OUT|       pointer|
|m_axi_DATA_OUT_0_ARADDR    |  out|   64|       m_axi|                                       DATA_OUT|       pointer|
|m_axi_DATA_OUT_0_ARID      |  out|    1|       m_axi|                                       DATA_OUT|       pointer|
|m_axi_DATA_OUT_0_ARLEN     |  out|   32|       m_axi|                                       DATA_OUT|       pointer|
|m_axi_DATA_OUT_0_ARSIZE    |  out|    3|       m_axi|                                       DATA_OUT|       pointer|
|m_axi_DATA_OUT_0_ARBURST   |  out|    2|       m_axi|                                       DATA_OUT|       pointer|
|m_axi_DATA_OUT_0_ARLOCK    |  out|    2|       m_axi|                                       DATA_OUT|       pointer|
|m_axi_DATA_OUT_0_ARCACHE   |  out|    4|       m_axi|                                       DATA_OUT|       pointer|
|m_axi_DATA_OUT_0_ARPROT    |  out|    3|       m_axi|                                       DATA_OUT|       pointer|
|m_axi_DATA_OUT_0_ARQOS     |  out|    4|       m_axi|                                       DATA_OUT|       pointer|
|m_axi_DATA_OUT_0_ARREGION  |  out|    4|       m_axi|                                       DATA_OUT|       pointer|
|m_axi_DATA_OUT_0_ARUSER    |  out|    1|       m_axi|                                       DATA_OUT|       pointer|
|m_axi_DATA_OUT_0_RVALID    |   in|    1|       m_axi|                                       DATA_OUT|       pointer|
|m_axi_DATA_OUT_0_RREADY    |  out|    1|       m_axi|                                       DATA_OUT|       pointer|
|m_axi_DATA_OUT_0_RDATA     |   in|    8|       m_axi|                                       DATA_OUT|       pointer|
|m_axi_DATA_OUT_0_RLAST     |   in|    1|       m_axi|                                       DATA_OUT|       pointer|
|m_axi_DATA_OUT_0_RID       |   in|    1|       m_axi|                                       DATA_OUT|       pointer|
|m_axi_DATA_OUT_0_RFIFONUM  |   in|   11|       m_axi|                                       DATA_OUT|       pointer|
|m_axi_DATA_OUT_0_RUSER     |   in|    1|       m_axi|                                       DATA_OUT|       pointer|
|m_axi_DATA_OUT_0_RRESP     |   in|    2|       m_axi|                                       DATA_OUT|       pointer|
|m_axi_DATA_OUT_0_BVALID    |   in|    1|       m_axi|                                       DATA_OUT|       pointer|
|m_axi_DATA_OUT_0_BREADY    |  out|    1|       m_axi|                                       DATA_OUT|       pointer|
|m_axi_DATA_OUT_0_BRESP     |   in|    2|       m_axi|                                       DATA_OUT|       pointer|
|m_axi_DATA_OUT_0_BID       |   in|    1|       m_axi|                                       DATA_OUT|       pointer|
|m_axi_DATA_OUT_0_BUSER     |   in|    1|       m_axi|                                       DATA_OUT|       pointer|
|output_logits              |   in|   64|     ap_none|                                  output_logits|        scalar|
|zext_ln161_128             |   in|    7|     ap_none|                                 zext_ln161_128|        scalar|
|zext_ln161_127             |   in|    7|     ap_none|                                 zext_ln161_127|        scalar|
|zext_ln161_126             |   in|    7|     ap_none|                                 zext_ln161_126|        scalar|
|zext_ln161_125             |   in|    7|     ap_none|                                 zext_ln161_125|        scalar|
|zext_ln161_124             |   in|    7|     ap_none|                                 zext_ln161_124|        scalar|
|zext_ln161_123             |   in|    7|     ap_none|                                 zext_ln161_123|        scalar|
|zext_ln161_122             |   in|    7|     ap_none|                                 zext_ln161_122|        scalar|
|zext_ln161_121             |   in|    7|     ap_none|                                 zext_ln161_121|        scalar|
|zext_ln161_120             |   in|    7|     ap_none|                                 zext_ln161_120|        scalar|
|zext_ln161_119             |   in|    7|     ap_none|                                 zext_ln161_119|        scalar|
|zext_ln161_118             |   in|    7|     ap_none|                                 zext_ln161_118|        scalar|
|zext_ln161_117             |   in|    7|     ap_none|                                 zext_ln161_117|        scalar|
|zext_ln161_116             |   in|    7|     ap_none|                                 zext_ln161_116|        scalar|
|zext_ln161_115             |   in|    7|     ap_none|                                 zext_ln161_115|        scalar|
|zext_ln161_114             |   in|    7|     ap_none|                                 zext_ln161_114|        scalar|
|zext_ln161_113             |   in|    7|     ap_none|                                 zext_ln161_113|        scalar|
|zext_ln161_112             |   in|    7|     ap_none|                                 zext_ln161_112|        scalar|
|zext_ln161_111             |   in|    7|     ap_none|                                 zext_ln161_111|        scalar|
|zext_ln161_110             |   in|    7|     ap_none|                                 zext_ln161_110|        scalar|
|zext_ln161_109             |   in|    7|     ap_none|                                 zext_ln161_109|        scalar|
|zext_ln161_108             |   in|    7|     ap_none|                                 zext_ln161_108|        scalar|
|zext_ln161_107             |   in|    7|     ap_none|                                 zext_ln161_107|        scalar|
|zext_ln161_106             |   in|    7|     ap_none|                                 zext_ln161_106|        scalar|
|zext_ln161_105             |   in|    7|     ap_none|                                 zext_ln161_105|        scalar|
|zext_ln161_104             |   in|    7|     ap_none|                                 zext_ln161_104|        scalar|
|zext_ln161_103             |   in|    7|     ap_none|                                 zext_ln161_103|        scalar|
|zext_ln161_102             |   in|    7|     ap_none|                                 zext_ln161_102|        scalar|
|zext_ln161_101             |   in|    7|     ap_none|                                 zext_ln161_101|        scalar|
|x_234                      |   in|    7|     ap_none|                                          x_234|        scalar|
|zext_ln161_100             |   in|    7|     ap_none|                                 zext_ln161_100|        scalar|
|zext_ln161_99              |   in|    7|     ap_none|                                  zext_ln161_99|        scalar|
|zext_ln161_98              |   in|    7|     ap_none|                                  zext_ln161_98|        scalar|
|zext_ln161_97              |   in|    7|     ap_none|                                  zext_ln161_97|        scalar|
|x_230                      |   in|    7|     ap_none|                                          x_230|        scalar|
|zext_ln161_96              |   in|    7|     ap_none|                                  zext_ln161_96|        scalar|
|zext_ln161_95              |   in|    7|     ap_none|                                  zext_ln161_95|        scalar|
|zext_ln161_94              |   in|    7|     ap_none|                                  zext_ln161_94|        scalar|
|zext_ln161_93              |   in|    7|     ap_none|                                  zext_ln161_93|        scalar|
|zext_ln161_92              |   in|    7|     ap_none|                                  zext_ln161_92|        scalar|
|zext_ln161_91              |   in|    7|     ap_none|                                  zext_ln161_91|        scalar|
|zext_ln161_90              |   in|    7|     ap_none|                                  zext_ln161_90|        scalar|
|zext_ln161_89              |   in|    7|     ap_none|                                  zext_ln161_89|        scalar|
|zext_ln161_88              |   in|    7|     ap_none|                                  zext_ln161_88|        scalar|
|zext_ln161_87              |   in|    7|     ap_none|                                  zext_ln161_87|        scalar|
|zext_ln161_86              |   in|    7|     ap_none|                                  zext_ln161_86|        scalar|
|zext_ln161_85              |   in|    7|     ap_none|                                  zext_ln161_85|        scalar|
|zext_ln161_84              |   in|    7|     ap_none|                                  zext_ln161_84|        scalar|
|zext_ln161_83              |   in|    7|     ap_none|                                  zext_ln161_83|        scalar|
|zext_ln161_82              |   in|    7|     ap_none|                                  zext_ln161_82|        scalar|
|x_215                      |   in|    7|     ap_none|                                          x_215|        scalar|
|zext_ln161_81              |   in|    7|     ap_none|                                  zext_ln161_81|        scalar|
|zext_ln161_80              |   in|    7|     ap_none|                                  zext_ln161_80|        scalar|
|zext_ln161_79              |   in|    7|     ap_none|                                  zext_ln161_79|        scalar|
|zext_ln161_78              |   in|    7|     ap_none|                                  zext_ln161_78|        scalar|
|zext_ln161_77              |   in|    7|     ap_none|                                  zext_ln161_77|        scalar|
|x_210                      |   in|    7|     ap_none|                                          x_210|        scalar|
|zext_ln161_76              |   in|    7|     ap_none|                                  zext_ln161_76|        scalar|
|zext_ln161_75              |   in|    7|     ap_none|                                  zext_ln161_75|        scalar|
|zext_ln161_74              |   in|    7|     ap_none|                                  zext_ln161_74|        scalar|
|zext_ln161_73              |   in|    7|     ap_none|                                  zext_ln161_73|        scalar|
|zext_ln161_72              |   in|    7|     ap_none|                                  zext_ln161_72|        scalar|
|zext_ln161_71              |   in|    7|     ap_none|                                  zext_ln161_71|        scalar|
|zext_ln161_70              |   in|    7|     ap_none|                                  zext_ln161_70|        scalar|
|zext_ln161_69              |   in|    7|     ap_none|                                  zext_ln161_69|        scalar|
|zext_ln161_68              |   in|    7|     ap_none|                                  zext_ln161_68|        scalar|
|zext_ln161_67              |   in|    7|     ap_none|                                  zext_ln161_67|        scalar|
|zext_ln161_66              |   in|    7|     ap_none|                                  zext_ln161_66|        scalar|
|zext_ln161_65              |   in|    7|     ap_none|                                  zext_ln161_65|        scalar|
|zext_ln161_63              |   in|    7|     ap_none|                                  zext_ln161_63|        scalar|
|zext_ln161_62              |   in|    7|     ap_none|                                  zext_ln161_62|        scalar|
|zext_ln161_61              |   in|    7|     ap_none|                                  zext_ln161_61|        scalar|
|zext_ln161_60              |   in|    7|     ap_none|                                  zext_ln161_60|        scalar|
|zext_ln161_59              |   in|    7|     ap_none|                                  zext_ln161_59|        scalar|
|zext_ln161_58              |   in|    7|     ap_none|                                  zext_ln161_58|        scalar|
|zext_ln161_57              |   in|    7|     ap_none|                                  zext_ln161_57|        scalar|
|zext_ln161_56              |   in|    7|     ap_none|                                  zext_ln161_56|        scalar|
|zext_ln161_55              |   in|    7|     ap_none|                                  zext_ln161_55|        scalar|
|zext_ln161_54              |   in|    7|     ap_none|                                  zext_ln161_54|        scalar|
|zext_ln161_53              |   in|    7|     ap_none|                                  zext_ln161_53|        scalar|
|zext_ln161_52              |   in|    7|     ap_none|                                  zext_ln161_52|        scalar|
|zext_ln161_51              |   in|    7|     ap_none|                                  zext_ln161_51|        scalar|
|zext_ln161_50              |   in|    7|     ap_none|                                  zext_ln161_50|        scalar|
|zext_ln161_49              |   in|    7|     ap_none|                                  zext_ln161_49|        scalar|
|zext_ln161_48              |   in|    7|     ap_none|                                  zext_ln161_48|        scalar|
|x_180                      |   in|    7|     ap_none|                                          x_180|        scalar|
|zext_ln161_47              |   in|    7|     ap_none|                                  zext_ln161_47|        scalar|
|zext_ln161_46              |   in|    7|     ap_none|                                  zext_ln161_46|        scalar|
|zext_ln161_45              |   in|    7|     ap_none|                                  zext_ln161_45|        scalar|
|zext_ln161_44              |   in|    7|     ap_none|                                  zext_ln161_44|        scalar|
|zext_ln161_43              |   in|    7|     ap_none|                                  zext_ln161_43|        scalar|
|zext_ln161_42              |   in|    7|     ap_none|                                  zext_ln161_42|        scalar|
|zext_ln161_41              |   in|    7|     ap_none|                                  zext_ln161_41|        scalar|
|zext_ln161_40              |   in|    7|     ap_none|                                  zext_ln161_40|        scalar|
|zext_ln161_39              |   in|    7|     ap_none|                                  zext_ln161_39|        scalar|
|zext_ln161_38              |   in|    7|     ap_none|                                  zext_ln161_38|        scalar|
|zext_ln161_37              |   in|    7|     ap_none|                                  zext_ln161_37|        scalar|
|zext_ln161_36              |   in|    7|     ap_none|                                  zext_ln161_36|        scalar|
|zext_ln161_35              |   in|    7|     ap_none|                                  zext_ln161_35|        scalar|
|zext_ln161_34              |   in|    7|     ap_none|                                  zext_ln161_34|        scalar|
|zext_ln161_33              |   in|    7|     ap_none|                                  zext_ln161_33|        scalar|
|zext_ln161_32              |   in|    7|     ap_none|                                  zext_ln161_32|        scalar|
|zext_ln161_31              |   in|    7|     ap_none|                                  zext_ln161_31|        scalar|
|zext_ln161_30              |   in|    7|     ap_none|                                  zext_ln161_30|        scalar|
|zext_ln161_29              |   in|    7|     ap_none|                                  zext_ln161_29|        scalar|
|zext_ln161_28              |   in|    7|     ap_none|                                  zext_ln161_28|        scalar|
|zext_ln161_27              |   in|    7|     ap_none|                                  zext_ln161_27|        scalar|
|zext_ln161_26              |   in|    7|     ap_none|                                  zext_ln161_26|        scalar|
|zext_ln161_25              |   in|    7|     ap_none|                                  zext_ln161_25|        scalar|
|zext_ln161_24              |   in|    7|     ap_none|                                  zext_ln161_24|        scalar|
|zext_ln161_23              |   in|    7|     ap_none|                                  zext_ln161_23|        scalar|
|zext_ln161_22              |   in|    7|     ap_none|                                  zext_ln161_22|        scalar|
|zext_ln161_21              |   in|    7|     ap_none|                                  zext_ln161_21|        scalar|
|zext_ln161_20              |   in|    7|     ap_none|                                  zext_ln161_20|        scalar|
|zext_ln161_19              |   in|    7|     ap_none|                                  zext_ln161_19|        scalar|
|zext_ln161_18              |   in|    7|     ap_none|                                  zext_ln161_18|        scalar|
|zext_ln161_17              |   in|    7|     ap_none|                                  zext_ln161_17|        scalar|
|zext_ln161_16              |   in|    7|     ap_none|                                  zext_ln161_16|        scalar|
|zext_ln161_15              |   in|    7|     ap_none|                                  zext_ln161_15|        scalar|
|zext_ln161_14              |   in|    7|     ap_none|                                  zext_ln161_14|        scalar|
|zext_ln161_13              |   in|    7|     ap_none|                                  zext_ln161_13|        scalar|
|zext_ln161_12              |   in|    7|     ap_none|                                  zext_ln161_12|        scalar|
|zext_ln161_11              |   in|    7|     ap_none|                                  zext_ln161_11|        scalar|
|zext_ln161_10              |   in|    7|     ap_none|                                  zext_ln161_10|        scalar|
|zext_ln161_9               |   in|    7|     ap_none|                                   zext_ln161_9|        scalar|
|zext_ln161_8               |   in|    7|     ap_none|                                   zext_ln161_8|        scalar|
|zext_ln161_7               |   in|    7|     ap_none|                                   zext_ln161_7|        scalar|
|zext_ln161_6               |   in|    7|     ap_none|                                   zext_ln161_6|        scalar|
|zext_ln161_5               |   in|    7|     ap_none|                                   zext_ln161_5|        scalar|
|x_138                      |   in|    7|     ap_none|                                          x_138|        scalar|
|zext_ln161_4               |   in|    7|     ap_none|                                   zext_ln161_4|        scalar|
|zext_ln161_3               |   in|    7|     ap_none|                                   zext_ln161_3|        scalar|
|zext_ln161_2               |   in|    7|     ap_none|                                   zext_ln161_2|        scalar|
|x_134                      |   in|    7|     ap_none|                                          x_134|        scalar|
|zext_ln161_1               |   in|    7|     ap_none|                                   zext_ln161_1|        scalar|
|zext_ln161                 |   in|    7|     ap_none|                                     zext_ln161|        scalar|
|zext_ln156                 |   in|    7|     ap_none|                                     zext_ln156|        scalar|
|zext_ln161_190             |   in|    7|     ap_none|                                 zext_ln161_190|        scalar|
|zext_ln161_189             |   in|    7|     ap_none|                                 zext_ln161_189|        scalar|
|zext_ln161_188             |   in|    7|     ap_none|                                 zext_ln161_188|        scalar|
|zext_ln161_187             |   in|    7|     ap_none|                                 zext_ln161_187|        scalar|
|zext_ln161_186             |   in|    7|     ap_none|                                 zext_ln161_186|        scalar|
|zext_ln161_185             |   in|    7|     ap_none|                                 zext_ln161_185|        scalar|
|zext_ln161_184             |   in|    7|     ap_none|                                 zext_ln161_184|        scalar|
|zext_ln161_183             |   in|    7|     ap_none|                                 zext_ln161_183|        scalar|
|zext_ln161_182             |   in|    7|     ap_none|                                 zext_ln161_182|        scalar|
|zext_ln161_181             |   in|    7|     ap_none|                                 zext_ln161_181|        scalar|
|zext_ln161_180             |   in|    7|     ap_none|                                 zext_ln161_180|        scalar|
|zext_ln161_179             |   in|    7|     ap_none|                                 zext_ln161_179|        scalar|
|zext_ln161_178             |   in|    7|     ap_none|                                 zext_ln161_178|        scalar|
|zext_ln161_177             |   in|    7|     ap_none|                                 zext_ln161_177|        scalar|
|zext_ln161_176             |   in|    7|     ap_none|                                 zext_ln161_176|        scalar|
|zext_ln161_175             |   in|    7|     ap_none|                                 zext_ln161_175|        scalar|
|zext_ln161_174             |   in|    7|     ap_none|                                 zext_ln161_174|        scalar|
|zext_ln161_173             |   in|    7|     ap_none|                                 zext_ln161_173|        scalar|
|zext_ln161_172             |   in|    7|     ap_none|                                 zext_ln161_172|        scalar|
|zext_ln161_171             |   in|    7|     ap_none|                                 zext_ln161_171|        scalar|
|zext_ln161_170             |   in|    7|     ap_none|                                 zext_ln161_170|        scalar|
|zext_ln161_169             |   in|    7|     ap_none|                                 zext_ln161_169|        scalar|
|zext_ln161_168             |   in|    7|     ap_none|                                 zext_ln161_168|        scalar|
|zext_ln161_167             |   in|    7|     ap_none|                                 zext_ln161_167|        scalar|
|zext_ln161_166             |   in|    7|     ap_none|                                 zext_ln161_166|        scalar|
|zext_ln161_165             |   in|    7|     ap_none|                                 zext_ln161_165|        scalar|
|zext_ln161_164             |   in|    7|     ap_none|                                 zext_ln161_164|        scalar|
|zext_ln161_163             |   in|    7|     ap_none|                                 zext_ln161_163|        scalar|
|zext_ln161_162             |   in|    7|     ap_none|                                 zext_ln161_162|        scalar|
|zext_ln161_161             |   in|    7|     ap_none|                                 zext_ln161_161|        scalar|
|zext_ln161_160             |   in|    7|     ap_none|                                 zext_ln161_160|        scalar|
|zext_ln161_159             |   in|    7|     ap_none|                                 zext_ln161_159|        scalar|
|zext_ln161_158             |   in|    7|     ap_none|                                 zext_ln161_158|        scalar|
|zext_ln161_157             |   in|    7|     ap_none|                                 zext_ln161_157|        scalar|
|zext_ln161_156             |   in|    7|     ap_none|                                 zext_ln161_156|        scalar|
|zext_ln161_155             |   in|    7|     ap_none|                                 zext_ln161_155|        scalar|
|zext_ln161_154             |   in|    7|     ap_none|                                 zext_ln161_154|        scalar|
|zext_ln161_153             |   in|    7|     ap_none|                                 zext_ln161_153|        scalar|
|zext_ln161_152             |   in|    7|     ap_none|                                 zext_ln161_152|        scalar|
|zext_ln161_151             |   in|    7|     ap_none|                                 zext_ln161_151|        scalar|
|zext_ln161_150             |   in|    7|     ap_none|                                 zext_ln161_150|        scalar|
|zext_ln161_149             |   in|    7|     ap_none|                                 zext_ln161_149|        scalar|
|zext_ln161_148             |   in|    7|     ap_none|                                 zext_ln161_148|        scalar|
|x_280                      |   in|    7|     ap_none|                                          x_280|        scalar|
|zext_ln161_147             |   in|    7|     ap_none|                                 zext_ln161_147|        scalar|
|zext_ln161_146             |   in|    7|     ap_none|                                 zext_ln161_146|        scalar|
|zext_ln161_145             |   in|    7|     ap_none|                                 zext_ln161_145|        scalar|
|zext_ln161_144             |   in|    7|     ap_none|                                 zext_ln161_144|        scalar|
|x_276                      |   in|    7|     ap_none|                                          x_276|        scalar|
|zext_ln161_143             |   in|    7|     ap_none|                                 zext_ln161_143|        scalar|
|zext_ln161_142             |   in|    7|     ap_none|                                 zext_ln161_142|        scalar|
|zext_ln161_141             |   in|    7|     ap_none|                                 zext_ln161_141|        scalar|
|zext_ln161_140             |   in|    7|     ap_none|                                 zext_ln161_140|        scalar|
|zext_ln161_139             |   in|    7|     ap_none|                                 zext_ln161_139|        scalar|
|zext_ln161_138             |   in|    7|     ap_none|                                 zext_ln161_138|        scalar|
|zext_ln161_137             |   in|    7|     ap_none|                                 zext_ln161_137|        scalar|
|zext_ln161_136             |   in|    7|     ap_none|                                 zext_ln161_136|        scalar|
|zext_ln161_135             |   in|    7|     ap_none|                                 zext_ln161_135|        scalar|
|zext_ln161_134             |   in|    7|     ap_none|                                 zext_ln161_134|        scalar|
|zext_ln161_133             |   in|    7|     ap_none|                                 zext_ln161_133|        scalar|
|zext_ln161_132             |   in|    7|     ap_none|                                 zext_ln161_132|        scalar|
|zext_ln161_131             |   in|    7|     ap_none|                                 zext_ln161_131|        scalar|
|zext_ln161_130             |   in|    7|     ap_none|                                 zext_ln161_130|        scalar|
|zext_ln161_129             |   in|    7|     ap_none|                                 zext_ln161_129|        scalar|
|zext_ln161_191             |   in|    7|     ap_none|                                 zext_ln161_191|        scalar|
|zext_ln161_64              |   in|    7|     ap_none|                                  zext_ln161_64|        scalar|
+---------------------------+-----+-----+------------+-----------------------------------------------+--------------+

