

================================================================
== Vitis HLS Report for 'tiny_ecg_inference_Pipeline_VITIS_LOOP_49_1'
================================================================
* Date:           Sat Sep  5 11:47:57 2026

* Version:        2026.1 (Build 6493734 on Jun 16 2026)
* Project:        tiny_ecg_hls
* Solution:       solution1 (Vivado IP Flow Target)
* Product family: zynq
* Target device:  xc7z020-clg484-1


================================================================
== Performance Estimates
================================================================
+ Timing: 
    * Summary: 
    +--------+----------+-----------+------------+
    |  Clock |  Target  | Estimated | Uncertainty|
    +--------+----------+-----------+------------+
    |ap_clk  |  20.00 ns|  14.600 ns|     5.40 ns|
    +--------+----------+-----------+------------+

+ Latency: 
    * Summary: 
    +---------+---------+----------+----------+-----+-----+-------------------+
    |  Latency (cycles) |  Latency (absolute) |  Interval |      Pipeline     |
    |   min   |   max   |    min   |    max   | min | max |        Type       |
    +---------+---------+----------+----------+-----+-----+-------------------+
    |       93|       93|  1.860 us|  1.860 us|    0|    0|  loop pipeline stp|
    +---------+---------+----------+----------+-----+-----+-------------------+

    + Detail: 
        * Instance: 
        N/A

        * Loop: 
        +-------------------+---------+---------+----------+-----------+-----------+------+----------+
        |                   |  Latency (cycles) | Iteration|  Initiation Interval  | Trip |          |
        |     Loop Name     |   min   |   max   |  Latency |  achieved |   target  | Count| Pipelined|
        +-------------------+---------+---------+----------+-----------+-----------+------+----------+
        |- VITIS_LOOP_49_1  |       91|       91|         3|          1|          1|    90|       yes|
        +-------------------+---------+---------+----------+-----------+-----------+------+----------+



================================================================
== Utilization Estimates
================================================================
* Summary: 
+-----------------+---------+-----+--------+-------+-----+
|       Name      | BRAM_18K| DSP |   FF   |  LUT  | URAM|
+-----------------+---------+-----+--------+-------+-----+
|DSP              |        -|    -|       -|      -|    -|
|Expression       |        -|    -|       0|     87|    -|
|FIFO             |        -|    -|       -|      -|    -|
|Instance         |        -|    -|       -|      -|    -|
|Memory           |        -|    -|       -|      -|    -|
|Multiplexer      |        -|    -|       0|     72|    -|
|Register         |        -|    -|      49|      -|    -|
+-----------------+---------+-----+--------+-------+-----+
|Total            |        0|    0|      49|    159|    0|
+-----------------+---------+-----+--------+-------+-----+
|Available        |      280|  220|  106400|  53200|    0|
+-----------------+---------+-----+--------+-------+-----+
|Utilization (%)  |        0|    0|      ~0|     ~0|    0|
+-----------------+---------+-----+--------+-------+-----+

+ Detail: 
    * Instance: 
    N/A

    * DSP: 
    N/A

    * Memory: 
    N/A

    * FIFO: 
    N/A

    * Expression: 
    +---------------------------+----------+----+---+----+------------+------------+
    |       Variable Name       | Operation| DSP| FF| LUT| Bitwidth P0| Bitwidth P1|
    +---------------------------+----------+----+---+----+------------+------------+
    |add_ln49_1_fu_254_p2       |         +|   0|  0|  20|          15|           8|
    |add_ln49_2_fu_221_p2       |         +|   0|  0|  14|           7|           1|
    |add_ln49_fu_193_p2         |         +|   0|  0|  14|           7|           1|
    |ap_block_pp0_stage0_11001  |       and|   0|  0|   2|           1|           1|
    |icmp_ln49_1_fu_227_p2      |      icmp|   0|  0|  14|           7|           3|
    |icmp_ln49_fu_187_p2        |      icmp|   0|  0|  14|           7|           7|
    |select_ln49_fu_233_p3      |    select|   0|  0|   7|           1|           1|
    |ap_enable_pp0              |       xor|   0|  0|   2|           1|           2|
    +---------------------------+----------+----+---+----+------------+------------+
    |Total                      |          |   0|  0|  87|          46|          24|
    +---------------------------+----------+----+---+----+------------+------------+

    * Multiplexer: 
    +--------------------------------+----+-----------+-----+-----------+
    |              Name              | LUT| Input Size| Bits| Total Bits|
    +--------------------------------+----+-----------+-----+-----------+
    |DATA_IN_blk_n_R                 |   9|          2|    1|          2|
    |ap_done_int                     |   9|          2|    1|          2|
    |ap_enable_reg_pp0_iter1         |   9|          2|    1|          2|
    |ap_sig_allocacmp_i_1            |   9|          2|    7|         14|
    |ap_sig_allocacmp_phi_urem_load  |   9|          2|    7|         14|
    |i_fu_86                         |   9|          2|    7|         14|
    |phi_mul_fu_82                   |   9|          2|   15|         30|
    |phi_urem_fu_78                  |   9|          2|    7|         14|
    +--------------------------------+----+-----------+-----+-----------+
    |Total                           |  72|         16|   46|         92|
    +--------------------------------+----+-----------+-----+-----------+

    * Register: 
    +-------------------------------------------+----+----+-----+-----------+
    |                    Name                   | FF | LUT| Bits| Const Bits|
    +-------------------------------------------+----+----+-----+-----------+
    |DATA_IN_addr_read_reg_318                  |   8|   0|    8|          0|
    |ap_CS_fsm                                  |   1|   0|    1|          0|
    |ap_block_pp0_stage0_subdone_grp0_done_reg  |   1|   0|    1|          0|
    |ap_done_reg                                |   1|   0|    1|          0|
    |ap_enable_reg_pp0_iter1                    |   1|   0|    1|          0|
    |ap_enable_reg_pp0_iter2                    |   1|   0|    1|          0|
    |ap_loop_exit_ready_pp0_iter1_reg           |   1|   0|    1|          0|
    |i_fu_86                                    |   7|   0|    7|          0|
    |phi_mul_fu_82                              |  15|   0|   15|          0|
    |phi_urem_fu_78                             |   7|   0|    7|          0|
    |trunc_ln49_reg_314                         |   3|   0|    3|          0|
    |trunc_ln49_reg_314_pp0_iter1_reg           |   3|   0|    3|          0|
    +-------------------------------------------+----+----+-----+-----------+
    |Total                                      |  49|   0|   49|          0|
    +-------------------------------------------+----+----+-----+-----------+



================================================================
== Interface
================================================================
* Summary: 
+--------------------------+-----+-----+------------+---------------------------------------------+--------------+
|         RTL Ports        | Dir | Bits|  Protocol  |                Source Object                |    C Type    |
+--------------------------+-----+-----+------------+---------------------------------------------+--------------+
|ap_clk                    |   in|    1|  ap_ctrl_hs|  tiny_ecg_inference_Pipeline_VITIS_LOOP_49_1|  return value|
|ap_rst                    |   in|    1|  ap_ctrl_hs|  tiny_ecg_inference_Pipeline_VITIS_LOOP_49_1|  return value|
|ap_start                  |   in|    1|  ap_ctrl_hs|  tiny_ecg_inference_Pipeline_VITIS_LOOP_49_1|  return value|
|ap_done                   |  out|    1|  ap_ctrl_hs|  tiny_ecg_inference_Pipeline_VITIS_LOOP_49_1|  return value|
|ap_idle                   |  out|    1|  ap_ctrl_hs|  tiny_ecg_inference_Pipeline_VITIS_LOOP_49_1|  return value|
|ap_ready                  |  out|    1|  ap_ctrl_hs|  tiny_ecg_inference_Pipeline_VITIS_LOOP_49_1|  return value|
|m_axi_DATA_IN_0_AWVALID   |  out|    1|       m_axi|                                      DATA_IN|       pointer|
|m_axi_DATA_IN_0_AWREADY   |   in|    1|       m_axi|                                      DATA_IN|       pointer|
|m_axi_DATA_IN_0_AWADDR    |  out|   64|       m_axi|                                      DATA_IN|       pointer|
|m_axi_DATA_IN_0_AWID      |  out|    1|       m_axi|                                      DATA_IN|       pointer|
|m_axi_DATA_IN_0_AWLEN     |  out|   32|       m_axi|                                      DATA_IN|       pointer|
|m_axi_DATA_IN_0_AWSIZE    |  out|    3|       m_axi|                                      DATA_IN|       pointer|
|m_axi_DATA_IN_0_AWBURST   |  out|    2|       m_axi|                                      DATA_IN|       pointer|
|m_axi_DATA_IN_0_AWLOCK    |  out|    2|       m_axi|                                      DATA_IN|       pointer|
|m_axi_DATA_IN_0_AWCACHE   |  out|    4|       m_axi|                                      DATA_IN|       pointer|
|m_axi_DATA_IN_0_AWPROT    |  out|    3|       m_axi|                                      DATA_IN|       pointer|
|m_axi_DATA_IN_0_AWQOS     |  out|    4|       m_axi|                                      DATA_IN|       pointer|
|m_axi_DATA_IN_0_AWREGION  |  out|    4|       m_axi|                                      DATA_IN|       pointer|
|m_axi_DATA_IN_0_AWUSER    |  out|    1|       m_axi|                                      DATA_IN|       pointer|
|m_axi_DATA_IN_0_WVALID    |  out|    1|       m_axi|                                      DATA_IN|       pointer|
|m_axi_DATA_IN_0_WREADY    |   in|    1|       m_axi|                                      DATA_IN|       pointer|
|m_axi_DATA_IN_0_WDATA     |  out|    8|       m_axi|                                      DATA_IN|       pointer|
|m_axi_DATA_IN_0_WSTRB     |  out|    1|       m_axi|                                      DATA_IN|       pointer|
|m_axi_DATA_IN_0_WLAST     |  out|    1|       m_axi|                                      DATA_IN|       pointer|
|m_axi_DATA_IN_0_WID       |  out|    1|       m_axi|                                      DATA_IN|       pointer|
|m_axi_DATA_IN_0_WUSER     |  out|    1|       m_axi|                                      DATA_IN|       pointer|
|m_axi_DATA_IN_0_ARVALID   |  out|    1|       m_axi|                                      DATA_IN|       pointer|
|m_axi_DATA_IN_0_ARREADY   |   in|    1|       m_axi|                                      DATA_IN|       pointer|
|m_axi_DATA_IN_0_ARADDR    |  out|   64|       m_axi|                                      DATA_IN|       pointer|
|m_axi_DATA_IN_0_ARID      |  out|    1|       m_axi|                                      DATA_IN|       pointer|
|m_axi_DATA_IN_0_ARLEN     |  out|   32|       m_axi|                                      DATA_IN|       pointer|
|m_axi_DATA_IN_0_ARSIZE    |  out|    3|       m_axi|                                      DATA_IN|       pointer|
|m_axi_DATA_IN_0_ARBURST   |  out|    2|       m_axi|                                      DATA_IN|       pointer|
|m_axi_DATA_IN_0_ARLOCK    |  out|    2|       m_axi|                                      DATA_IN|       pointer|
|m_axi_DATA_IN_0_ARCACHE   |  out|    4|       m_axi|                                      DATA_IN|       pointer|
|m_axi_DATA_IN_0_ARPROT    |  out|    3|       m_axi|                                      DATA_IN|       pointer|
|m_axi_DATA_IN_0_ARQOS     |  out|    4|       m_axi|                                      DATA_IN|       pointer|
|m_axi_DATA_IN_0_ARREGION  |  out|    4|       m_axi|                                      DATA_IN|       pointer|
|m_axi_DATA_IN_0_ARUSER    |  out|    1|       m_axi|                                      DATA_IN|       pointer|
|m_axi_DATA_IN_0_RVALID    |   in|    1|       m_axi|                                      DATA_IN|       pointer|
|m_axi_DATA_IN_0_RREADY    |  out|    1|       m_axi|                                      DATA_IN|       pointer|
|m_axi_DATA_IN_0_RDATA     |   in|    8|       m_axi|                                      DATA_IN|       pointer|
|m_axi_DATA_IN_0_RLAST     |   in|    1|       m_axi|                                      DATA_IN|       pointer|
|m_axi_DATA_IN_0_RID       |   in|    1|       m_axi|                                      DATA_IN|       pointer|
|m_axi_DATA_IN_0_RFIFONUM  |   in|   11|       m_axi|                                      DATA_IN|       pointer|
|m_axi_DATA_IN_0_RUSER     |   in|    1|       m_axi|                                      DATA_IN|       pointer|
|m_axi_DATA_IN_0_RRESP     |   in|    2|       m_axi|                                      DATA_IN|       pointer|
|m_axi_DATA_IN_0_BVALID    |   in|    1|       m_axi|                                      DATA_IN|       pointer|
|m_axi_DATA_IN_0_BREADY    |  out|    1|       m_axi|                                      DATA_IN|       pointer|
|m_axi_DATA_IN_0_BRESP     |   in|    2|       m_axi|                                      DATA_IN|       pointer|
|m_axi_DATA_IN_0_BID       |   in|    1|       m_axi|                                      DATA_IN|       pointer|
|m_axi_DATA_IN_0_BUSER     |   in|    1|       m_axi|                                      DATA_IN|       pointer|
|input_ecg                 |   in|   64|     ap_none|                                    input_ecg|        scalar|
|local_ecg_4_address0      |  out|    5|   ap_memory|                                  local_ecg_4|         array|
|local_ecg_4_ce0           |  out|    1|   ap_memory|                                  local_ecg_4|         array|
|local_ecg_4_we0           |  out|    1|   ap_memory|                                  local_ecg_4|         array|
|local_ecg_4_d0            |  out|    8|   ap_memory|                                  local_ecg_4|         array|
|local_ecg_3_address0      |  out|    5|   ap_memory|                                  local_ecg_3|         array|
|local_ecg_3_ce0           |  out|    1|   ap_memory|                                  local_ecg_3|         array|
|local_ecg_3_we0           |  out|    1|   ap_memory|                                  local_ecg_3|         array|
|local_ecg_3_d0            |  out|    8|   ap_memory|                                  local_ecg_3|         array|
|local_ecg_2_address0      |  out|    5|   ap_memory|                                  local_ecg_2|         array|
|local_ecg_2_ce0           |  out|    1|   ap_memory|                                  local_ecg_2|         array|
|local_ecg_2_we0           |  out|    1|   ap_memory|                                  local_ecg_2|         array|
|local_ecg_2_d0            |  out|    8|   ap_memory|                                  local_ecg_2|         array|
|local_ecg_1_address0      |  out|    5|   ap_memory|                                  local_ecg_1|         array|
|local_ecg_1_ce0           |  out|    1|   ap_memory|                                  local_ecg_1|         array|
|local_ecg_1_we0           |  out|    1|   ap_memory|                                  local_ecg_1|         array|
|local_ecg_1_d0            |  out|    8|   ap_memory|                                  local_ecg_1|         array|
|local_ecg_address0        |  out|    5|   ap_memory|                                    local_ecg|         array|
|local_ecg_ce0             |  out|    1|   ap_memory|                                    local_ecg|         array|
|local_ecg_we0             |  out|    1|   ap_memory|                                    local_ecg|         array|
|local_ecg_d0              |  out|    8|   ap_memory|                                    local_ecg|         array|
+--------------------------+-----+-----+------------+---------------------------------------------+--------------+

