================================================================
== Design Size Report
================================================================

* Total Instructions per Compilation Phase
+---------------+----------------------------+--------------+----------------------------------------------------------------------------------------+
| Phase         | Step                       | Instructions | Description                                                                            |
+---------------+----------------------------+--------------+----------------------------------------------------------------------------------------+
| Compile/Link  |                            |   445        | After all functions are compiled and linked into a single design                       |
|               |                            |              |                                                                                        |
| Unroll/Inline |                            |              | After user unroll and inline pragmas are applied                                       |
|               | (1) unroll                 | 3,681        | user unroll pragmas are applied                                                        |
|               | (2) simplification         | 3,425        | simplification of applied user unroll pragmas                                          |
|               | (3) inline                 | 2,995        | user inline pragmas are applied                                                        |
|               | (4) simplification         | 2,995        | simplification of applied user inline pragmas                                          |
|               |                            |              |                                                                                        |
| Array/Struct  |                            |              | After user array partition and struct aggregate/disaggregate pragmas are applied       |
|               | (1) array partition        | 4,189        | user array partition pragmas are applied                                               |
|               | (2) simplification         | 3,189        | simplification of applied user array partition & struct aggregate/disaggregate pragmas |
|               | (3) aggregate/disaggregate | 3,189        | user struct aggregate/disaggregate pragmas are applied                                 |
|               | (4) array reshape          | 3,189        | apply array reshape pragmas                                                            |
|               | (5) access patterns        | 3,192        | array access pattern optmizations                                                      |
|               |                            |              |                                                                                        |
| Performance   |                            |              | After transformations are applied to meet performance pragma targets                   |
|               | (1) loop simplification    | 3,191        | loop and instruction simplification                                                    |
|               | (2) parallelization        | 3,191        | loops are unrolled or pipelined to meet performance targets                            |
|               | (3) array partition        | 8,327        | arrays are partitioned to meet performance targets                                     |
|               | (4) simplification         | 4,438        | simplification of design after performance transformations                             |
|               |                            |              |                                                                                        |
| HW Transforms |                            |              | After hardware transfomations                                                          |
|               | (1) lowering               | 4,321        | initial conversion to HW specific instructions                                         |
|               | (2) optimizations          | 4,310        | high level synthesis optimizations                                                     |
+---------------+----------------------------+--------------+----------------------------------------------------------------------------------------+

* Instructions per Function for each Compilation Phase
+------------------------+----------------+---------------+---------------+--------------+-------------+---------------+
| Function               | Location       | Compile/Link  | Unroll/Inline | Array/Struct | Performance | HW Transforms |
+------------------------+----------------+---------------+---------------+--------------+-------------+---------------+
| + tiny_ecg_inference   | cnn_hls.cpp:41 | 445           | 2,995         | 3,192        | 4,438       | 4,310         |
|    requantize_and_relu | cnn_hls.cpp:4  |  96 (3 calls) |               |              |             |               |
|    requantize_linear   | cnn_hls.cpp:25 |  26           |               |              |             |               |
+------------------------+----------------+---------------+---------------+--------------+-------------+---------------+

* Design Size Message Settings
+---------------------------------------------+--------+------------------------------------------------------------------+
| Message Setting                             | Value  | Description                                                      |
+---------------------------------------------+--------+------------------------------------------------------------------+
| config_compile -design_size_maximum_warning | 100000 | Show a warning when total design instructions exceeds this value |
+---------------------------------------------+--------+------------------------------------------------------------------+


