

================================================================
== Vitis HLS Report for 'tiny_ecg_inference_Pipeline_VITIS_LOOP_113_8_VITIS_LOOP_114_9'
================================================================
* Date:           Fri Sep  4 10:07:04 2026

* Version:        2026.1 (Build 6493734 on Jun 16 2026)
* Project:        tiny_ecg_inference
* Solution:       hls (Vivado IP Flow Target)
* Product family: zynq
* Target device:  xc7z020-clg400-1


================================================================
== Performance Estimates
================================================================
+ Timing: 
    * Summary: 
    +--------+----------+----------+------------+
    |  Clock |  Target  | Estimated| Uncertainty|
    +--------+----------+----------+------------+
    |ap_clk  |  10.00 ns|  7.142 ns|     2.70 ns|
    +--------+----------+----------+------------+

+ Latency: 
    * Summary: 
    +---------+---------+----------+----------+-----+-----+-------------------+
    |  Latency (cycles) |  Latency (absolute) |  Interval |      Pipeline     |
    |   min   |   max   |    min   |    max   | min | max |        Type       |
    +---------+---------+----------+----------+-----+-----+-------------------+
    |      212|      212|  2.120 us|  2.120 us|    0|    0|  loop pipeline stp|
    +---------+---------+----------+----------+-----+-----+-------------------+

    + Detail: 
        * Instance: 
        N/A

        * Loop: 
        +-------------------------------------+---------+---------+----------+-----------+-----------+------+----------+
        |                                     |  Latency (cycles) | Iteration|  Initiation Interval  | Trip |          |
        |              Loop Name              |   min   |   max   |  Latency |  achieved |   target  | Count| Pipelined|
        +-------------------------------------+---------+---------+----------+-----------+-----------+------+----------+
        |- VITIS_LOOP_113_8_VITIS_LOOP_114_9  |      210|      210|        20|          1|          1|   192|       yes|
        +-------------------------------------+---------+---------+----------+-----------+-----------+------+----------+



================================================================
== Utilization Estimates
================================================================
* Summary: 
+-----------------+---------+-----+--------+-------+-----+
|       Name      | BRAM_18K| DSP |   FF   |  LUT  | URAM|
+-----------------+---------+-----+--------+-------+-----+
|DSP              |        -|   31|       -|      -|    -|
|Expression       |        -|    -|       0|   1163|    -|
|FIFO             |        -|    -|       -|      -|    -|
|Instance         |        -|    0|      68|   1226|    -|
|Memory           |        0|    -|     436|    110|    -|
|Multiplexer      |        -|    -|       0|   1014|    -|
|Register         |        -|    -|    1344|    192|    -|
+-----------------+---------+-----+--------+-------+-----+
|Total            |        0|   31|    1848|   3705|    0|
+-----------------+---------+-----+--------+-------+-----+
|Available        |      280|  220|  106400|  53200|    0|
+-----------------+---------+-----+--------+-------+-----+
|Utilization (%)  |        0|   14|       1|      6|    0|
+-----------------+---------+-----+--------+-------+-----+

+ Detail: 
    * Instance: 
    +--------------------------+---------------------+---------+----+----+----+-----+
    |         Instance         |        Module       | BRAM_18K| DSP| FF | LUT| URAM|
    +--------------------------+---------------------+---------+----+----+----+-----+
    |mul_5ns_7ns_11_1_1_U281   |mul_5ns_7ns_11_1_1   |        0|   0|   0|  33|    0|
    |mul_5ns_7ns_11_1_1_U282   |mul_5ns_7ns_11_1_1   |        0|   0|   0|  33|    0|
    |mul_7ns_8s_15_1_1_U336    |mul_7ns_8s_15_1_1    |        0|   0|   0|  41|    0|
    |mul_7ns_8s_15_1_1_U337    |mul_7ns_8s_15_1_1    |        0|   0|   0|  41|    0|
    |mul_7ns_8s_15_1_1_U338    |mul_7ns_8s_15_1_1    |        0|   0|   0|  41|    0|
    |mul_7ns_8s_15_1_1_U339    |mul_7ns_8s_15_1_1    |        0|   0|   0|  41|    0|
    |mul_7ns_8s_15_1_1_U340    |mul_7ns_8s_15_1_1    |        0|   0|   0|  41|    0|
    |mul_7ns_8s_15_1_1_U341    |mul_7ns_8s_15_1_1    |        0|   0|   0|  41|    0|
    |mul_7ns_8s_15_1_1_U342    |mul_7ns_8s_15_1_1    |        0|   0|   0|  41|    0|
    |mul_7ns_8s_15_1_1_U343    |mul_7ns_8s_15_1_1    |        0|   0|   0|  41|    0|
    |mul_7ns_8s_15_1_1_U344    |mul_7ns_8s_15_1_1    |        0|   0|   0|  41|    0|
    |mul_7ns_8s_15_1_1_U345    |mul_7ns_8s_15_1_1    |        0|   0|   0|  41|    0|
    |mul_7ns_8s_15_1_1_U346    |mul_7ns_8s_15_1_1    |        0|   0|   0|  41|    0|
    |mul_7ns_8s_15_1_1_U347    |mul_7ns_8s_15_1_1    |        0|   0|   0|  41|    0|
    |mul_8s_7ns_15_1_1_U331    |mul_8s_7ns_15_1_1    |        0|   0|   0|  41|    0|
    |mul_8s_7ns_15_1_1_U332    |mul_8s_7ns_15_1_1    |        0|   0|   0|  41|    0|
    |mul_8s_7ns_15_1_1_U333    |mul_8s_7ns_15_1_1    |        0|   0|   0|  41|    0|
    |mul_8s_7ns_15_1_1_U334    |mul_8s_7ns_15_1_1    |        0|   0|   0|  41|    0|
    |mul_8s_7ns_15_1_1_U335    |mul_8s_7ns_15_1_1    |        0|   0|   0|  41|    0|
    |sparsemux_7_2_7_1_1_U283  |sparsemux_7_2_7_1_1  |        0|   0|   0|   9|    0|
    |sparsemux_7_2_7_1_1_U284  |sparsemux_7_2_7_1_1  |        0|   0|   0|   9|    0|
    |sparsemux_7_2_7_1_1_U285  |sparsemux_7_2_7_1_1  |        0|   0|   0|   9|    0|
    |sparsemux_7_2_7_1_1_U286  |sparsemux_7_2_7_1_1  |        0|   0|   0|   9|    0|
    |sparsemux_7_2_7_1_1_U287  |sparsemux_7_2_7_1_1  |        0|   0|   0|   9|    0|
    |sparsemux_7_2_7_1_1_U288  |sparsemux_7_2_7_1_1  |        0|   0|   0|   9|    0|
    |sparsemux_7_2_7_1_1_U289  |sparsemux_7_2_7_1_1  |        0|   0|   0|   9|    0|
    |sparsemux_7_2_7_1_1_U290  |sparsemux_7_2_7_1_1  |        0|   0|   0|   9|    0|
    |sparsemux_7_2_7_1_1_U291  |sparsemux_7_2_7_1_1  |        0|   0|   0|   9|    0|
    |sparsemux_7_2_7_1_1_U292  |sparsemux_7_2_7_1_1  |        0|   0|   0|   9|    0|
    |sparsemux_7_2_7_1_1_U293  |sparsemux_7_2_7_1_1  |        0|   0|   0|   9|    0|
    |sparsemux_7_2_7_1_1_U294  |sparsemux_7_2_7_1_1  |        0|   0|   0|   9|    0|
    |sparsemux_7_2_7_1_1_U295  |sparsemux_7_2_7_1_1  |        0|   0|   0|   9|    0|
    |sparsemux_7_2_7_1_1_U296  |sparsemux_7_2_7_1_1  |        0|   0|   0|   9|    0|
    |sparsemux_7_2_7_1_1_U297  |sparsemux_7_2_7_1_1  |        0|   0|   0|   9|    0|
    |sparsemux_7_2_7_1_1_U298  |sparsemux_7_2_7_1_1  |        0|   0|   0|   9|    0|
    |sparsemux_7_2_7_1_1_U299  |sparsemux_7_2_7_1_1  |        0|   0|   0|   9|    0|
    |sparsemux_7_2_7_1_1_U300  |sparsemux_7_2_7_1_1  |        0|   0|   0|   9|    0|
    |sparsemux_7_2_7_1_1_U301  |sparsemux_7_2_7_1_1  |        0|   0|   0|   9|    0|
    |sparsemux_7_2_7_1_1_U302  |sparsemux_7_2_7_1_1  |        0|   0|   0|   9|    0|
    |sparsemux_7_2_7_1_1_U303  |sparsemux_7_2_7_1_1  |        0|   0|   0|   9|    0|
    |sparsemux_7_2_7_1_1_U304  |sparsemux_7_2_7_1_1  |        0|   0|   0|   9|    0|
    |sparsemux_7_2_7_1_1_U305  |sparsemux_7_2_7_1_1  |        0|   0|   0|   9|    0|
    |sparsemux_7_2_7_1_1_U306  |sparsemux_7_2_7_1_1  |        0|   0|   0|   9|    0|
    |sparsemux_7_2_7_1_1_U307  |sparsemux_7_2_7_1_1  |        0|   0|   0|   9|    0|
    |sparsemux_7_2_7_1_1_U308  |sparsemux_7_2_7_1_1  |        0|   0|   0|   9|    0|
    |sparsemux_7_2_7_1_1_U309  |sparsemux_7_2_7_1_1  |        0|   0|   0|   9|    0|
    |sparsemux_7_2_7_1_1_U310  |sparsemux_7_2_7_1_1  |        0|   0|   0|   9|    0|
    |sparsemux_7_2_7_1_1_U311  |sparsemux_7_2_7_1_1  |        0|   0|   0|   9|    0|
    |sparsemux_7_2_7_1_1_U312  |sparsemux_7_2_7_1_1  |        0|   0|   0|   9|    0|
    |sparsemux_7_2_7_1_1_U313  |sparsemux_7_2_7_1_1  |        0|   0|   0|   9|    0|
    |sparsemux_7_2_7_1_1_U314  |sparsemux_7_2_7_1_1  |        0|   0|   0|   9|    0|
    |sparsemux_7_2_7_1_1_U315  |sparsemux_7_2_7_1_1  |        0|   0|   0|   9|    0|
    |sparsemux_7_2_7_1_1_U316  |sparsemux_7_2_7_1_1  |        0|   0|   0|   9|    0|
    |sparsemux_7_2_7_1_1_U317  |sparsemux_7_2_7_1_1  |        0|   0|   0|   9|    0|
    |sparsemux_7_2_7_1_1_U318  |sparsemux_7_2_7_1_1  |        0|   0|   0|   9|    0|
    |sparsemux_7_2_7_1_1_U319  |sparsemux_7_2_7_1_1  |        0|   0|   0|   9|    0|
    |sparsemux_7_2_7_1_1_U320  |sparsemux_7_2_7_1_1  |        0|   0|   0|   9|    0|
    |sparsemux_7_2_7_1_1_U321  |sparsemux_7_2_7_1_1  |        0|   0|   0|   9|    0|
    |sparsemux_7_2_7_1_1_U322  |sparsemux_7_2_7_1_1  |        0|   0|   0|   9|    0|
    |sparsemux_7_2_7_1_1_U323  |sparsemux_7_2_7_1_1  |        0|   0|   0|   9|    0|
    |sparsemux_7_2_7_1_1_U324  |sparsemux_7_2_7_1_1  |        0|   0|   0|   9|    0|
    |sparsemux_7_2_7_1_1_U325  |sparsemux_7_2_7_1_1  |        0|   0|   0|   9|    0|
    |sparsemux_7_2_7_1_1_U326  |sparsemux_7_2_7_1_1  |        0|   0|   0|   9|    0|
    |sparsemux_7_2_7_1_1_U327  |sparsemux_7_2_7_1_1  |        0|   0|   0|   9|    0|
    |sparsemux_7_2_7_1_1_U328  |sparsemux_7_2_7_1_1  |        0|   0|   0|   9|    0|
    |sparsemux_7_2_7_1_1_U329  |sparsemux_7_2_7_1_1  |        0|   0|   0|   9|    0|
    |sparsemux_7_2_7_1_1_U330  |sparsemux_7_2_7_1_1  |        0|   0|   0|   9|    0|
    |urem_4ns_3ns_2_8_1_U280   |urem_4ns_3ns_2_8_1   |        0|   0|  68|  31|    0|
    +--------------------------+---------------------+---------+----+----+----+-----+
    |Total                     |                     |        0|   0|  68|1226|    0|
    +--------------------------+---------------------+---------+----+----+----+-----+

    * DSP: 
    +-----------------------------------+------------------------------+--------------+
    |              Instance             |            Module            |  Expression  |
    +-----------------------------------+------------------------------+--------------+
    |mac_muladd_8s_7ns_15s_16_4_1_U348  |mac_muladd_8s_7ns_15s_16_4_1  |  i0 + i1 * i2|
    |mac_muladd_8s_7ns_15s_16_4_1_U349  |mac_muladd_8s_7ns_15s_16_4_1  |  i0 + i1 * i2|
    |mac_muladd_8s_7ns_15s_16_4_1_U350  |mac_muladd_8s_7ns_15s_16_4_1  |  i0 + i1 * i2|
    |mac_muladd_8s_7ns_15s_16_4_1_U351  |mac_muladd_8s_7ns_15s_16_4_1  |  i0 + i1 * i2|
    |mac_muladd_8s_7ns_15s_16_4_1_U352  |mac_muladd_8s_7ns_15s_16_4_1  |  i0 + i1 * i2|
    |mac_muladd_8s_7ns_15s_16_4_1_U353  |mac_muladd_8s_7ns_15s_16_4_1  |  i0 + i1 * i2|
    |mac_muladd_8s_7ns_15s_16_4_1_U354  |mac_muladd_8s_7ns_15s_16_4_1  |  i0 + i1 * i2|
    |mac_muladd_8s_7ns_15s_16_4_1_U355  |mac_muladd_8s_7ns_15s_16_4_1  |  i0 + i1 * i2|
    |mac_muladd_8s_7ns_15s_16_4_1_U356  |mac_muladd_8s_7ns_15s_16_4_1  |  i0 + i1 * i2|
    |mac_muladd_8s_7ns_15s_16_4_1_U357  |mac_muladd_8s_7ns_15s_16_4_1  |  i0 + i1 * i2|
    |mac_muladd_8s_7ns_15s_16_4_1_U358  |mac_muladd_8s_7ns_15s_16_4_1  |  i0 + i1 * i2|
    |mac_muladd_8s_7ns_15s_16_4_1_U359  |mac_muladd_8s_7ns_15s_16_4_1  |  i0 + i1 * i2|
    |mac_muladd_8s_7ns_15s_16_4_1_U360  |mac_muladd_8s_7ns_15s_16_4_1  |  i0 + i1 * i2|
    |mac_muladd_8s_7ns_15s_16_4_1_U361  |mac_muladd_8s_7ns_15s_16_4_1  |  i0 + i1 * i2|
    |mac_muladd_8s_7ns_15s_16_4_1_U362  |mac_muladd_8s_7ns_15s_16_4_1  |  i0 + i1 * i2|
    |mac_muladd_8s_7ns_15s_16_4_1_U363  |mac_muladd_8s_7ns_15s_16_4_1  |  i0 + i1 * i2|
    |mac_muladd_8s_7ns_15s_16_4_1_U364  |mac_muladd_8s_7ns_15s_16_4_1  |  i0 + i1 * i2|
    |mac_muladd_8s_7ns_16s_17_4_1_U365  |mac_muladd_8s_7ns_16s_17_4_1  |  i0 + i1 * i2|
    |mac_muladd_8s_7ns_16s_17_4_1_U366  |mac_muladd_8s_7ns_16s_17_4_1  |  i0 + i1 * i2|
    |mac_muladd_8s_7ns_16s_17_4_1_U367  |mac_muladd_8s_7ns_16s_17_4_1  |  i0 + i1 * i2|
    |mac_muladd_8s_7ns_16s_17_4_1_U368  |mac_muladd_8s_7ns_16s_17_4_1  |  i0 + i1 * i2|
    |mac_muladd_8s_7ns_16s_17_4_1_U369  |mac_muladd_8s_7ns_16s_17_4_1  |  i0 + i1 * i2|
    |mac_muladd_8s_7ns_16s_17_4_1_U370  |mac_muladd_8s_7ns_16s_17_4_1  |  i0 + i1 * i2|
    |mac_muladd_8s_7ns_16s_17_4_1_U371  |mac_muladd_8s_7ns_16s_17_4_1  |  i0 + i1 * i2|
    |mac_muladd_8s_7ns_16s_17_4_1_U372  |mac_muladd_8s_7ns_16s_17_4_1  |  i0 + i1 * i2|
    |mac_muladd_8s_7ns_16s_17_4_1_U373  |mac_muladd_8s_7ns_16s_17_4_1  |  i0 + i1 * i2|
    |mac_muladd_8s_7ns_16s_17_4_1_U374  |mac_muladd_8s_7ns_16s_17_4_1  |  i0 + i1 * i2|
    |mac_muladd_8s_7ns_16s_17_4_1_U375  |mac_muladd_8s_7ns_16s_17_4_1  |  i0 + i1 * i2|
    |mac_muladd_8s_7ns_16s_17_4_1_U376  |mac_muladd_8s_7ns_16s_17_4_1  |  i0 + i1 * i2|
    |mac_muladd_8s_7ns_16s_17_4_1_U377  |mac_muladd_8s_7ns_16s_17_4_1  |  i0 + i1 * i2|
    |mac_muladd_8s_7ns_16s_17_4_1_U378  |mac_muladd_8s_7ns_16s_17_4_1  |  i0 + i1 * i2|
    +-----------------------------------+------------------------------+--------------+

    * Memory: 
    +-------------------------+----------------------------------------------------------------------------------+---------+----+----+-----+------+-----+------+-------------+
    |          Memory         |                                      Module                                      | BRAM_18K| FF | LUT| URAM| Words| Bits| Banks| W*Bits*Banks|
    +-------------------------+----------------------------------------------------------------------------------+---------+----+----+-----+------+-----+------+-------------+
    |conv3_bias_U             |tiny_ecg_inference_Pipeline_VITIS_LOOP_113_8_VITIS_LOOP_114_9_conv3_bias_ROM_yd2  |        0|  16|   4|    0|    16|   16|     1|          256|
    |conv3_multiplier_U       |tiny_ecg_inference_Pipeline_VITIS_LOOP_113_8_VITIS_LOOP_114_9_conv3_multiplieXh4  |        0|  30|   8|    0|    16|   30|     1|          480|
    |conv3_shift_U            |tiny_ecg_inference_Pipeline_VITIS_LOOP_113_8_VITIS_LOOP_114_9_conv3_shift_ROMYie  |        0|   6|   2|    0|    16|    6|     1|           96|
    |p_ZL12conv3_weight_3_U   |tiny_ecg_inference_Pipeline_VITIS_LOOP_113_8_VITIS_LOOP_114_9_p_ZL12conv3_weiAem  |        0|  16|   4|    0|    32|    8|     1|          256|
    |p_ZL12conv3_weight_6_U   |tiny_ecg_inference_Pipeline_VITIS_LOOP_113_8_VITIS_LOOP_114_9_p_ZL12conv3_weiBew  |        0|  16|   4|    0|    32|    8|     1|          256|
    |p_ZL12conv3_weight_9_U   |tiny_ecg_inference_Pipeline_VITIS_LOOP_113_8_VITIS_LOOP_114_9_p_ZL12conv3_weiCeG  |        0|  16|   4|    0|    32|    8|     1|          256|
    |p_ZL12conv3_weight_12_U  |tiny_ecg_inference_Pipeline_VITIS_LOOP_113_8_VITIS_LOOP_114_9_p_ZL12conv3_weiDeQ  |        0|  16|   4|    0|    32|    8|     1|          256|
    |p_ZL12conv3_weight_15_U  |tiny_ecg_inference_Pipeline_VITIS_LOOP_113_8_VITIS_LOOP_114_9_p_ZL12conv3_weiEe0  |        0|  16|   4|    0|    32|    8|     1|          256|
    |p_ZL12conv3_weight_18_U  |tiny_ecg_inference_Pipeline_VITIS_LOOP_113_8_VITIS_LOOP_114_9_p_ZL12conv3_weiFfa  |        0|  16|   4|    0|    32|    8|     1|          256|
    |p_ZL12conv3_weight_21_U  |tiny_ecg_inference_Pipeline_VITIS_LOOP_113_8_VITIS_LOOP_114_9_p_ZL12conv3_weiGfk  |        0|  16|   4|    0|    32|    8|     1|          256|
    |p_ZL12conv3_weight_1_U   |tiny_ecg_inference_Pipeline_VITIS_LOOP_113_8_VITIS_LOOP_114_9_p_ZL12conv3_weiHfu  |        0|  16|   4|    0|    32|    8|     1|          256|
    |p_ZL12conv3_weight_4_U   |tiny_ecg_inference_Pipeline_VITIS_LOOP_113_8_VITIS_LOOP_114_9_p_ZL12conv3_weiIfE  |        0|  16|   4|    0|    32|    8|     1|          256|
    |p_ZL12conv3_weight_7_U   |tiny_ecg_inference_Pipeline_VITIS_LOOP_113_8_VITIS_LOOP_114_9_p_ZL12conv3_weiJfO  |        0|  16|   4|    0|    32|    8|     1|          256|
    |p_ZL12conv3_weight_10_U  |tiny_ecg_inference_Pipeline_VITIS_LOOP_113_8_VITIS_LOOP_114_9_p_ZL12conv3_weiKfY  |        0|  16|   4|    0|    32|    8|     1|          256|
    |p_ZL12conv3_weight_13_U  |tiny_ecg_inference_Pipeline_VITIS_LOOP_113_8_VITIS_LOOP_114_9_p_ZL12conv3_weiLf8  |        0|  16|   4|    0|    32|    8|     1|          256|
    |p_ZL12conv3_weight_16_U  |tiny_ecg_inference_Pipeline_VITIS_LOOP_113_8_VITIS_LOOP_114_9_p_ZL12conv3_weiMgi  |        0|  16|   4|    0|    32|    8|     1|          256|
    |p_ZL12conv3_weight_19_U  |tiny_ecg_inference_Pipeline_VITIS_LOOP_113_8_VITIS_LOOP_114_9_p_ZL12conv3_weiNgs  |        0|  16|   4|    0|    32|    8|     1|          256|
    |p_ZL12conv3_weight_22_U  |tiny_ecg_inference_Pipeline_VITIS_LOOP_113_8_VITIS_LOOP_114_9_p_ZL12conv3_weiOgC  |        0|  16|   4|    0|    32|    8|     1|          256|
    |p_ZL12conv3_weight_2_U   |tiny_ecg_inference_Pipeline_VITIS_LOOP_113_8_VITIS_LOOP_114_9_p_ZL12conv3_weiPgM  |        0|  16|   4|    0|    32|    8|     1|          256|
    |p_ZL12conv3_weight_5_U   |tiny_ecg_inference_Pipeline_VITIS_LOOP_113_8_VITIS_LOOP_114_9_p_ZL12conv3_weiQgW  |        0|  16|   4|    0|    32|    8|     1|          256|
    |p_ZL12conv3_weight_8_U   |tiny_ecg_inference_Pipeline_VITIS_LOOP_113_8_VITIS_LOOP_114_9_p_ZL12conv3_weiRg6  |        0|  16|   4|    0|    32|    8|     1|          256|
    |p_ZL12conv3_weight_11_U  |tiny_ecg_inference_Pipeline_VITIS_LOOP_113_8_VITIS_LOOP_114_9_p_ZL12conv3_weiShg  |        0|  16|   4|    0|    32|    8|     1|          256|
    |p_ZL12conv3_weight_14_U  |tiny_ecg_inference_Pipeline_VITIS_LOOP_113_8_VITIS_LOOP_114_9_p_ZL12conv3_weiThq  |        0|  16|   4|    0|    32|    8|     1|          256|
    |p_ZL12conv3_weight_17_U  |tiny_ecg_inference_Pipeline_VITIS_LOOP_113_8_VITIS_LOOP_114_9_p_ZL12conv3_weiUhA  |        0|  16|   4|    0|    32|    8|     1|          256|
    |p_ZL12conv3_weight_20_U  |tiny_ecg_inference_Pipeline_VITIS_LOOP_113_8_VITIS_LOOP_114_9_p_ZL12conv3_weiVhK  |        0|  16|   4|    0|    32|    8|     1|          256|
    |p_ZL12conv3_weight_23_U  |tiny_ecg_inference_Pipeline_VITIS_LOOP_113_8_VITIS_LOOP_114_9_p_ZL12conv3_weiWhU  |        0|  16|   4|    0|    32|    8|     1|          256|
    |p_ZL12conv3_weight_0_U   |tiny_ecg_inference_Pipeline_VITIS_LOOP_113_8_VITIS_LOOP_114_9_p_ZL12conv3_weizec  |        0|  16|   4|    0|    32|    8|     1|          256|
    +-------------------------+----------------------------------------------------------------------------------+---------+----+----+-----+------+-----+------+-------------+
    |Total                    |                                                                                  |        0| 436| 110|    0|   816|  244|    27|         6976|
    +-------------------------+----------------------------------------------------------------------------------+---------+----+----+-----+------+-----+------+-------------+

    * FIFO: 
    N/A

    * Expression: 
    +------------------------------------------------------------------+----------+----+---+-----+------------+------------+
    |                           Variable Name                          | Operation| DSP| FF| LUT | Bitwidth P0| Bitwidth P1|
    +------------------------------------------------------------------+----------+----+---+-----+------------+------------+
    |acc64_4_fu_4907_p2                                                |         +|   0|  0|   58|          51|          51|
    |acc_3_fu_4875_p2                                                  |         +|   0|  0|   28|          21|          21|
    |add_ln10_2_fu_4889_p2                                             |         +|   0|  0|   14|           6|           2|
    |add_ln113_1_fu_2623_p2                                            |         +|   0|  0|   13|           4|           4|
    |add_ln113_fu_2584_p2                                              |         +|   0|  0|   15|           8|           1|
    |add_ln114_fu_2673_p2                                              |         +|   0|  0|   13|           5|           1|
    |add_ln120_fu_2720_p2                                              |         +|   0|  0|   14|           6|           2|
    |add_ln127_10_fu_4836_p2                                           |         +|   0|  0|   26|          19|          19|
    |add_ln127_15_fu_4722_p2                                           |         +|   0|  0|   25|          18|          18|
    |add_ln127_1_fu_4685_p2                                            |         +|   0|  0|   24|          17|          17|
    |add_ln127_20_fu_4738_p2                                           |         +|   0|  0|   25|          18|          18|
    |add_ln127_21_fu_4748_p2                                           |         +|   0|  0|   26|          19|          19|
    |add_ln127_22_fu_4849_p2                                           |         +|   0|  0|   27|          20|          20|
    |add_ln127_27_fu_4760_p2                                           |         +|   0|  0|   25|          18|          18|
    |add_ln127_32_fu_4776_p2                                           |         +|   0|  0|   25|          18|          18|
    |add_ln127_33_fu_4786_p2                                           |         +|   0|  0|   26|          19|          19|
    |add_ln127_38_fu_4798_p2                                           |         +|   0|  0|   25|          18|          18|
    |add_ln127_43_fu_4672_p2                                           |         +|   0|  0|   24|          17|          17|
    |add_ln127_44_fu_4814_p2                                           |         +|   0|  0|   25|          18|          18|
    |add_ln127_45_fu_4824_p2                                           |         +|   0|  0|   26|          19|          19|
    |add_ln127_46_fu_4865_p2                                           |         +|   0|  0|   27|          20|          20|
    |add_ln127_4_fu_4698_p2                                            |         +|   0|  0|   25|          18|          18|
    |add_ln127_9_fu_4710_p2                                            |         +|   0|  0|   25|          18|          18|
    |res_fu_4915_p2                                                    |      ashr|   0|  0|  155|          51|          51|
    |icmp_ln113_fu_2578_p2                                             |      icmp|   0|  0|   15|           8|           8|
    |icmp_ln114_fu_2601_p2                                             |      icmp|   0|  0|   14|           5|           6|
    |icmp_ln123_1_fu_2776_p2                                           |      icmp|   0|  0|   13|           5|           5|
    |icmp_ln123_fu_2734_p2                                             |      icmp|   0|  0|   14|           6|           5|
    |icmp_ln20_fu_4950_p2                                              |      icmp|   0|  0|   14|           6|           1|
    |empty_fu_2615_p3                                                  |    select|   0|  0|    2|           1|           1|
    |res_3_fu_4932_p3                                                  |    select|   0|  0|   13|           1|           1|
    |select_ln113_fu_2607_p3                                           |    select|   0|  0|    5|           1|           1|
    |select_ln20_fu_4979_p3                                            |    select|   0|  0|    7|           1|           2|
    |x130_0690811814817822827834841850859870881894907922_fu_3685_p3    |    select|   0|  0|    7|           1|           1|
    |x130_0_10875876899902927_fu_3646_p3                               |    select|   0|  0|    7|           1|           1|
    |x130_0_11887888913916_fu_3735_p3                                  |    select|   0|  0|    7|           1|           1|
    |x130_0_12900901928_fu_3635_p3                                     |    select|   0|  0|    7|           1|           1|
    |x130_0_133812813818821828833842849860869882893908921_fu_3696_p3   |    select|   0|  0|    7|           1|           1|
    |x130_0_13914915_fu_3746_p3                                        |    select|   0|  0|    7|           1|           1|
    |x130_0_14929_fu_3628_p3                                           |    select|   0|  0|    7|           1|           1|
    |x130_0_246815816823826835840851858871880895906923_fu_3678_p3      |    select|   0|  0|    7|           1|           1|
    |x130_0_2691692695698703708715722731740751762775788803_fu_4165_p3  |    select|   0|  0|    7|           1|           1|
    |x130_0_2_10756757780783808_fu_4122_p3                             |    select|   0|  0|    7|           1|           1|
    |x130_0_2_11768769794797_fu_4215_p3                                |    select|   0|  0|    7|           1|           1|
    |x130_0_2_12781782809_fu_4115_p3                                   |    select|   0|  0|    7|           1|           1|
    |x130_0_2_13795796_fu_4226_p3                                      |    select|   0|  0|    7|           1|           1|
    |x130_0_2_14810_fu_4108_p3                                         |    select|   0|  0|    7|           1|           1|
    |x130_0_2_1693694699702709714723730741750763774789802_fu_4172_p3   |    select|   0|  0|    7|           1|           1|
    |x130_0_2_2696697704707716721732739752761776787804_fu_4158_p3      |    select|   0|  0|    7|           1|           1|
    |x130_0_2_3700701710713724729742749764773790801_fu_4183_p3         |    select|   0|  0|    7|           1|           1|
    |x130_0_2_4705706717720733738753760777786805_fu_4147_p3            |    select|   0|  0|    7|           1|           1|
    |x130_0_2_5711712725728743748765772791800_fu_4190_p3               |    select|   0|  0|    7|           1|           1|
    |x130_0_2_6718719734737754759778785806_fu_4140_p3                  |    select|   0|  0|    7|           1|           1|
    |x130_0_2_7726727744747766771792799_fu_4197_p3                     |    select|   0|  0|    7|           1|           1|
    |x130_0_2_8735736755758779784807_fu_4133_p3                        |    select|   0|  0|    7|           1|           1|
    |x130_0_2_9745746767770793798_fu_4208_p3                           |    select|   0|  0|    7|           1|           1|
    |x130_0_3819820829832843848861868883892909920_fu_3703_p3           |    select|   0|  0|    7|           1|           1|
    |x130_0_4824825836839852857872879896905924_fu_3671_p3              |    select|   0|  0|    7|           1|           1|
    |x130_0_5830831844847862867884891910919_fu_3710_p3                 |    select|   0|  0|    7|           1|           1|
    |x130_0_6837838853856873878897904925_fu_3660_p3                    |    select|   0|  0|    7|           1|           1|
    |x130_0_7845846863866885890911918_fu_3721_p3                       |    select|   0|  0|    7|           1|           1|
    |x130_0_8854855874877898903926_fu_3653_p3                          |    select|   0|  0|    7|           1|           1|
    |x130_0_9864865886889912917_fu_3728_p3                             |    select|   0|  0|    7|           1|           1|
    |x_77_fu_3753_p3                                                   |    select|   0|  0|    7|           1|           1|
    |x_94_fu_4233_p3                                                   |    select|   0|  0|    7|           1|           1|
    |shl_ln10_fu_4897_p2                                               |       shl|   0|  0|  124|           1|          38|
    |ap_enable_pp0                                                     |       xor|   0|  0|    2|           1|           2|
    +------------------------------------------------------------------+----------+----+---+-----+------------+------------+
    |Total                                                             |          |   0|  0| 1163|         514|         529|
    +------------------------------------------------------------------+----------+----+---+-----+------------+------------+

    * Multiplexer: 
    +---------------------------------------+----+-----------+-----+-----------+
    |                  Name                 | LUT| Input Size| Bits| Total Bits|
    +---------------------------------------+----+-----------+-----+-----------+
    |ap_done_int                            |   9|          2|    1|          2|
    |ap_enable_reg_pp0_iter1                |   9|          2|    1|          2|
    |ap_sig_allocacmp_indvar_flatten6_load  |   9|          2|    8|         16|
    |buffer_c2_10_address0_local            |  20|          4|    3|         12|
    |buffer_c2_11_address0_local            |  20|          4|    3|         12|
    |buffer_c2_12_address0_local            |  20|          4|    3|         12|
    |buffer_c2_13_address0_local            |  20|          4|    3|         12|
    |buffer_c2_14_address0_local            |  20|          4|    3|         12|
    |buffer_c2_15_address0_local            |  20|          4|    3|         12|
    |buffer_c2_16_address0_local            |  20|          4|    3|         12|
    |buffer_c2_17_address0_local            |  20|          4|    3|         12|
    |buffer_c2_18_address0_local            |  20|          4|    3|         12|
    |buffer_c2_19_address0_local            |  20|          4|    3|         12|
    |buffer_c2_1_address0_local             |  20|          4|    3|         12|
    |buffer_c2_20_address0_local            |  20|          4|    3|         12|
    |buffer_c2_21_address0_local            |  20|          4|    3|         12|
    |buffer_c2_22_address0_local            |  20|          4|    3|         12|
    |buffer_c2_23_address0_local            |  20|          4|    3|         12|
    |buffer_c2_24_address0_local            |  20|          4|    3|         12|
    |buffer_c2_25_address0_local            |  20|          4|    3|         12|
    |buffer_c2_26_address0_local            |  20|          4|    3|         12|
    |buffer_c2_27_address0_local            |  20|          4|    3|         12|
    |buffer_c2_28_address0_local            |  20|          4|    3|         12|
    |buffer_c2_29_address0_local            |  20|          4|    3|         12|
    |buffer_c2_2_address0_local             |  20|          4|    3|         12|
    |buffer_c2_30_address0_local            |  20|          4|    3|         12|
    |buffer_c2_31_address0_local            |  20|          4|    3|         12|
    |buffer_c2_32_address0_local            |  20|          4|    3|         12|
    |buffer_c2_33_address0_local            |  20|          4|    3|         12|
    |buffer_c2_34_address0_local            |  20|          4|    3|         12|
    |buffer_c2_35_address0_local            |  20|          4|    3|         12|
    |buffer_c2_36_address0_local            |  20|          4|    3|         12|
    |buffer_c2_37_address0_local            |  20|          4|    3|         12|
    |buffer_c2_38_address0_local            |  20|          4|    3|         12|
    |buffer_c2_39_address0_local            |  20|          4|    3|         12|
    |buffer_c2_3_address0_local             |  20|          4|    3|         12|
    |buffer_c2_40_address0_local            |  20|          4|    3|         12|
    |buffer_c2_41_address0_local            |  20|          4|    3|         12|
    |buffer_c2_42_address0_local            |  20|          4|    3|         12|
    |buffer_c2_43_address0_local            |  20|          4|    3|         12|
    |buffer_c2_44_address0_local            |  20|          4|    3|         12|
    |buffer_c2_45_address0_local            |  20|          4|    3|         12|
    |buffer_c2_46_address0_local            |  20|          4|    3|         12|
    |buffer_c2_47_address0_local            |  20|          4|    3|         12|
    |buffer_c2_4_address0_local             |  20|          4|    3|         12|
    |buffer_c2_5_address0_local             |  20|          4|    3|         12|
    |buffer_c2_6_address0_local             |  20|          4|    3|         12|
    |buffer_c2_7_address0_local             |  20|          4|    3|         12|
    |buffer_c2_8_address0_local             |  20|          4|    3|         12|
    |buffer_c2_9_address0_local             |  20|          4|    3|         12|
    |buffer_c2_address0_local               |  20|          4|    3|         12|
    |indvar_flatten6_fu_308                 |   9|          2|    8|         16|
    |oc_fu_300                              |   9|          2|    5|         10|
    |out_idx_fu_304                         |   9|          2|    4|          8|
    +---------------------------------------+----+-----------+-----+-----------+
    |Total                                  |1014|        204|  171|        630|
    +---------------------------------------+----+-----------+-----+-----------+

    * Register: 
    +-------------------------------------------------------------------------------+----+----+-----+-----------+
    |                                      Name                                     | FF | LUT| Bits| Const Bits|
    +-------------------------------------------------------------------------------+----+----+-----+-----------+
    |acc64_4_reg_7231                                                               |  51|   0|   51|          0|
    |acc64_reg_7221                                                                 |  51|   0|   51|          0|
    |acc_3_reg_7206                                                                 |  21|   0|   21|          0|
    |add_ln10_2_reg_7226                                                            |   6|   0|    6|          0|
    |add_ln113_1_reg_5310                                                           |   4|   0|    4|          0|
    |add_ln120_reg_5328                                                             |   5|   0|    6|          1|
    |add_ln127_21_reg_7180                                                          |  19|   0|   19|          0|
    |add_ln127_33_reg_7185                                                          |  19|   0|   19|          0|
    |add_ln127_43_reg_7155                                                          |  17|   0|   17|          0|
    |add_ln127_45_reg_7190                                                          |  19|   0|   19|          0|
    |add_ln127_4_reg_7170                                                           |  18|   0|   18|          0|
    |add_ln127_9_reg_7175                                                           |  18|   0|   18|          0|
    |add_ln127_reg_7080                                                             |  16|   0|   16|          0|
    |ap_CS_fsm                                                                      |   1|   0|    1|          0|
    |ap_done_reg                                                                    |   1|   0|    1|          0|
    |ap_enable_reg_pp0_iter1                                                        |   1|   0|    1|          0|
    |ap_enable_reg_pp0_iter10                                                       |   1|   0|    1|          0|
    |ap_enable_reg_pp0_iter11                                                       |   1|   0|    1|          0|
    |ap_enable_reg_pp0_iter12                                                       |   1|   0|    1|          0|
    |ap_enable_reg_pp0_iter13                                                       |   1|   0|    1|          0|
    |ap_enable_reg_pp0_iter14                                                       |   1|   0|    1|          0|
    |ap_enable_reg_pp0_iter15                                                       |   1|   0|    1|          0|
    |ap_enable_reg_pp0_iter16                                                       |   1|   0|    1|          0|
    |ap_enable_reg_pp0_iter17                                                       |   1|   0|    1|          0|
    |ap_enable_reg_pp0_iter18                                                       |   1|   0|    1|          0|
    |ap_enable_reg_pp0_iter19                                                       |   1|   0|    1|          0|
    |ap_enable_reg_pp0_iter2                                                        |   1|   0|    1|          0|
    |ap_enable_reg_pp0_iter3                                                        |   1|   0|    1|          0|
    |ap_enable_reg_pp0_iter4                                                        |   1|   0|    1|          0|
    |ap_enable_reg_pp0_iter5                                                        |   1|   0|    1|          0|
    |ap_enable_reg_pp0_iter6                                                        |   1|   0|    1|          0|
    |ap_enable_reg_pp0_iter7                                                        |   1|   0|    1|          0|
    |ap_enable_reg_pp0_iter8                                                        |   1|   0|    1|          0|
    |ap_enable_reg_pp0_iter9                                                        |   1|   0|    1|          0|
    |ap_loop_exit_ready_pp0_iter10_reg                                              |   1|   0|    1|          0|
    |ap_loop_exit_ready_pp0_iter11_reg                                              |   1|   0|    1|          0|
    |ap_loop_exit_ready_pp0_iter12_reg                                              |   1|   0|    1|          0|
    |ap_loop_exit_ready_pp0_iter13_reg                                              |   1|   0|    1|          0|
    |ap_loop_exit_ready_pp0_iter14_reg                                              |   1|   0|    1|          0|
    |ap_loop_exit_ready_pp0_iter15_reg                                              |   1|   0|    1|          0|
    |ap_loop_exit_ready_pp0_iter16_reg                                              |   1|   0|    1|          0|
    |ap_loop_exit_ready_pp0_iter17_reg                                              |   1|   0|    1|          0|
    |ap_loop_exit_ready_pp0_iter18_reg                                              |   1|   0|    1|          0|
    |ap_loop_exit_ready_pp0_iter1_reg                                               |   1|   0|    1|          0|
    |ap_loop_exit_ready_pp0_iter2_reg                                               |   1|   0|    1|          0|
    |ap_loop_exit_ready_pp0_iter3_reg                                               |   1|   0|    1|          0|
    |ap_loop_exit_ready_pp0_iter4_reg                                               |   1|   0|    1|          0|
    |ap_loop_exit_ready_pp0_iter5_reg                                               |   1|   0|    1|          0|
    |ap_loop_exit_ready_pp0_iter6_reg                                               |   1|   0|    1|          0|
    |ap_loop_exit_ready_pp0_iter7_reg                                               |   1|   0|    1|          0|
    |ap_loop_exit_ready_pp0_iter8_reg                                               |   1|   0|    1|          0|
    |ap_loop_exit_ready_pp0_iter9_reg                                               |   1|   0|    1|          0|
    |conv3_multiplier_load_reg_7195                                                 |  30|   0|   30|          0|
    |conv3_multiplier_load_reg_7195_pp0_iter14_reg                                  |  30|   0|   30|          0|
    |conv3_shift_load_reg_7200                                                      |   6|   0|    6|          0|
    |icmp_ln123_1_reg_5369                                                          |   1|   0|    1|          0|
    |icmp_ln123_1_reg_5369_pp0_iter8_reg                                            |   1|   0|    1|          0|
    |icmp_ln123_reg_5339                                                            |   1|   0|    1|          0|
    |icmp_ln20_reg_7236                                                             |   1|   0|    1|          0|
    |indvar_flatten6_fu_308                                                         |   8|   0|    8|          0|
    |oc_fu_300                                                                      |   5|   0|    5|          0|
    |out_idx_fu_304                                                                 |   4|   0|    4|          0|
    |p_ZL12conv3_weight_0_load_1_reg_6815                                           |   8|   0|    8|          0|
    |p_ZL12conv3_weight_10_load_1_reg_6905                                          |   8|   0|    8|          0|
    |p_ZL12conv3_weight_14_load_1_reg_6955                                          |   8|   0|    8|          0|
    |p_ZL12conv3_weight_16_load_reg_6885                                            |   8|   0|    8|          0|
    |p_ZL12conv3_weight_17_load_1_reg_6960                                          |   8|   0|    8|          0|
    |p_ZL12conv3_weight_17_load_reg_6935                                            |   8|   0|    8|          0|
    |p_ZL12conv3_weight_18_load_1_reg_6835                                          |   8|   0|    8|          0|
    |p_ZL12conv3_weight_19_load_1_reg_6915                                          |   8|   0|    8|          0|
    |p_ZL12conv3_weight_1_load_1_reg_6895                                           |   8|   0|    8|          0|
    |p_ZL12conv3_weight_20_load_reg_6940                                            |   8|   0|    8|          0|
    |p_ZL12conv3_weight_21_load_1_reg_6865                                          |   8|   0|    8|          0|
    |p_ZL12conv3_weight_2_load_reg_6920                                             |   8|   0|    8|          0|
    |p_ZL12conv3_weight_3_load_1_reg_6820                                           |   8|   0|    8|          0|
    |p_ZL12conv3_weight_5_load_1_reg_6950                                           |   8|   0|    8|          0|
    |p_ZL12conv3_weight_6_load_reg_6795                                             |   8|   0|    8|          0|
    |p_ZL12conv3_weight_7_load_reg_6875                                             |   8|   0|    8|          0|
    |p_ZL12conv3_weight_9_load_reg_6800                                             |   8|   0|    8|          0|
    |select_ln113_reg_5304                                                          |   5|   0|    5|          0|
    |tmp_22_reg_5359                                                                |  63|   0|   63|          0|
    |tmp_23_reg_5364                                                                |   4|   0|    4|          0|
    |tmp_reg_5323                                                                   |   4|   0|    4|          0|
    |trunc_ln114_reg_5318                                                           |   4|   0|    4|          0|
    |trunc_ln120_reg_5389                                                           |   2|   0|    2|          0|
    |trunc_ln22_reg_7241                                                            |   7|   0|    7|          0|
    |x130_0_10875876899902927_reg_6450                                              |   7|   0|    7|          0|
    |x130_0_133812813818821828833842849860869882893908921_reg_6480                  |   7|   0|    7|          0|
    |x130_0_13914915_reg_6510                                                       |   7|   0|    7|          0|
    |x130_0_14929_reg_6440                                                          |   7|   0|    7|          0|
    |x130_0_14929_reg_6440_pp0_iter10_reg                                           |   7|   0|    7|          0|
    |x130_0_246815816823826835840851858871880895906923_reg_6470                     |   7|   0|    7|          0|
    |x130_0_246815816823826835840851858871880895906923_reg_6470_pp0_iter10_reg      |   7|   0|    7|          0|
    |x130_0_2691692695698703708715722731740751762775788803_reg_6715                 |   7|   0|    7|          0|
    |x130_0_2691692695698703708715722731740751762775788803_reg_6715_pp0_iter10_reg  |   7|   0|    7|          0|
    |x130_0_2_12781782809_reg_6685                                                  |   7|   0|    7|          0|
    |x130_0_2_12781782809_reg_6685_pp0_iter10_reg                                   |   7|   0|    7|          0|
    |x130_0_2_13795796_reg_6750                                                     |   7|   0|    7|          0|
    |x130_0_2_13795796_reg_6750_pp0_iter10_reg                                      |   7|   0|    7|          0|
    |x130_0_2_14810_reg_6680                                                        |   7|   0|    7|          0|
    |x130_0_2_2696697704707716721732739752761776787804_reg_6710                     |   7|   0|    7|          0|
    |x130_0_2_3700701710713724729742749764773790801_reg_6725                        |   7|   0|    7|          0|
    |x130_0_2_5711712725728743748765772791800_reg_6730                              |   7|   0|    7|          0|
    |x130_0_2_5711712725728743748765772791800_reg_6730_pp0_iter10_reg               |   7|   0|    7|          0|
    |x130_0_2_6718719734737754759778785806_reg_6700                                 |   7|   0|    7|          0|
    |x130_0_2_6718719734737754759778785806_reg_6700_pp0_iter10_reg                  |   7|   0|    7|          0|
    |x130_0_2_8735736755758779784807_reg_6695                                       |   7|   0|    7|          0|
    |x130_0_2_9745746767770793798_reg_6740                                          |   7|   0|    7|          0|
    |x130_0_2_9745746767770793798_reg_6740_pp0_iter10_reg                           |   7|   0|    7|          0|
    |x130_0_3819820829832843848861868883892909920_reg_6485                          |   7|   0|    7|          0|
    |x130_0_3819820829832843848861868883892909920_reg_6485_pp0_iter10_reg           |   7|   0|    7|          0|
    |x130_0_4824825836839852857872879896905924_reg_6465                             |   7|   0|    7|          0|
    |x130_0_7845846863866885890911918_reg_6495                                      |   7|   0|    7|          0|
    |x130_0_8854855874877898903926_reg_6455                                         |   7|   0|    7|          0|
    |x130_0_8854855874877898903926_reg_6455_pp0_iter10_reg                          |   7|   0|    7|          0|
    |x130_0_9864865886889912917_reg_6500                                            |   7|   0|    7|          0|
    |x130_0_9864865886889912917_reg_6500_pp0_iter10_reg                             |   7|   0|    7|          0|
    |x_46_reg_6290                                                                  |   7|   0|    7|          0|
    |x_47_reg_6295                                                                  |   7|   0|    7|          0|
    |x_47_reg_6295_pp0_iter10_reg                                                   |   7|   0|    7|          0|
    |x_49_reg_6305                                                                  |   7|   0|    7|          0|
    |x_50_reg_6310                                                                  |   7|   0|    7|          0|
    |x_50_reg_6310_pp0_iter10_reg                                                   |   7|   0|    7|          0|
    |x_52_reg_6320                                                                  |   7|   0|    7|          0|
    |x_53_reg_6325                                                                  |   7|   0|    7|          0|
    |x_53_reg_6325_pp0_iter10_reg                                                   |   7|   0|    7|          0|
    |x_55_reg_6335                                                                  |   7|   0|    7|          0|
    |x_56_reg_6340                                                                  |   7|   0|    7|          0|
    |x_56_reg_6340_pp0_iter10_reg                                                   |   7|   0|    7|          0|
    |x_58_reg_6350                                                                  |   7|   0|    7|          0|
    |x_59_reg_6355                                                                  |   7|   0|    7|          0|
    |x_59_reg_6355_pp0_iter10_reg                                                   |   7|   0|    7|          0|
    |x_77_reg_6515                                                                  |   7|   0|    7|          0|
    |x_77_reg_6515_pp0_iter10_reg                                                   |   7|   0|    7|          0|
    |zext_ln127_1_reg_6195                                                          |   4|   0|   64|         60|
    |zext_ln127_reg_6161                                                            |   5|   0|   64|         59|
    |add_ln113_1_reg_5310                                                           |  64|  32|    4|          0|
    |conv3_shift_load_reg_7200                                                      |  64|  32|    6|          0|
    |icmp_ln123_reg_5339                                                            |  64|  32|    1|          0|
    |select_ln113_reg_5304                                                          |  64|  32|    5|          0|
    |tmp_reg_5323                                                                   |  64|  32|    4|          0|
    |trunc_ln114_reg_5318                                                           |  64|  32|    4|          0|
    +-------------------------------------------------------------------------------+----+----+-----+-----------+
    |Total                                                                          |1344| 192| 1104|        120|
    +-------------------------------------------------------------------------------+----+----+-----+-----------+



================================================================
== Interface
================================================================
* Summary: 
+-----------------------+-----+-----+------------+---------------------------------------------------------------+--------------+
|       RTL Ports       | Dir | Bits|  Protocol  |                         Source Object                         |    C Type    |
+-----------------------+-----+-----+------------+---------------------------------------------------------------+--------------+
|ap_clk                 |   in|    1|  ap_ctrl_hs|  tiny_ecg_inference_Pipeline_VITIS_LOOP_113_8_VITIS_LOOP_114_9|  return value|
|ap_rst                 |   in|    1|  ap_ctrl_hs|  tiny_ecg_inference_Pipeline_VITIS_LOOP_113_8_VITIS_LOOP_114_9|  return value|
|ap_start               |   in|    1|  ap_ctrl_hs|  tiny_ecg_inference_Pipeline_VITIS_LOOP_113_8_VITIS_LOOP_114_9|  return value|
|ap_done                |  out|    1|  ap_ctrl_hs|  tiny_ecg_inference_Pipeline_VITIS_LOOP_113_8_VITIS_LOOP_114_9|  return value|
|ap_idle                |  out|    1|  ap_ctrl_hs|  tiny_ecg_inference_Pipeline_VITIS_LOOP_113_8_VITIS_LOOP_114_9|  return value|
|ap_ready               |  out|    1|  ap_ctrl_hs|  tiny_ecg_inference_Pipeline_VITIS_LOOP_113_8_VITIS_LOOP_114_9|  return value|
|grp_fu_5435_p_din0     |  out|   21|  ap_ctrl_hs|  tiny_ecg_inference_Pipeline_VITIS_LOOP_113_8_VITIS_LOOP_114_9|  return value|
|grp_fu_5435_p_din1     |  out|   30|  ap_ctrl_hs|  tiny_ecg_inference_Pipeline_VITIS_LOOP_113_8_VITIS_LOOP_114_9|  return value|
|grp_fu_5435_p_dout0    |   in|   51|  ap_ctrl_hs|  tiny_ecg_inference_Pipeline_VITIS_LOOP_113_8_VITIS_LOOP_114_9|  return value|
|grp_fu_5435_p_ce       |  out|    1|  ap_ctrl_hs|  tiny_ecg_inference_Pipeline_VITIS_LOOP_113_8_VITIS_LOOP_114_9|  return value|
|grp_fu_5439_p_din0     |  out|   64|  ap_ctrl_hs|  tiny_ecg_inference_Pipeline_VITIS_LOOP_113_8_VITIS_LOOP_114_9|  return value|
|grp_fu_5439_p_din1     |  out|   66|  ap_ctrl_hs|  tiny_ecg_inference_Pipeline_VITIS_LOOP_113_8_VITIS_LOOP_114_9|  return value|
|grp_fu_5439_p_dout0    |   in|  129|  ap_ctrl_hs|  tiny_ecg_inference_Pipeline_VITIS_LOOP_113_8_VITIS_LOOP_114_9|  return value|
|grp_fu_5439_p_ce       |  out|    1|  ap_ctrl_hs|  tiny_ecg_inference_Pipeline_VITIS_LOOP_113_8_VITIS_LOOP_114_9|  return value|
|buffer_c2_address0     |  out|    3|   ap_memory|                                                      buffer_c2|         array|
|buffer_c2_ce0          |  out|    1|   ap_memory|                                                      buffer_c2|         array|
|buffer_c2_q0           |   in|    7|   ap_memory|                                                      buffer_c2|         array|
|buffer_c2_1_address0   |  out|    3|   ap_memory|                                                    buffer_c2_1|         array|
|buffer_c2_1_ce0        |  out|    1|   ap_memory|                                                    buffer_c2_1|         array|
|buffer_c2_1_q0         |   in|    7|   ap_memory|                                                    buffer_c2_1|         array|
|buffer_c2_2_address0   |  out|    3|   ap_memory|                                                    buffer_c2_2|         array|
|buffer_c2_2_ce0        |  out|    1|   ap_memory|                                                    buffer_c2_2|         array|
|buffer_c2_2_q0         |   in|    7|   ap_memory|                                                    buffer_c2_2|         array|
|buffer_c2_3_address0   |  out|    3|   ap_memory|                                                    buffer_c2_3|         array|
|buffer_c2_3_ce0        |  out|    1|   ap_memory|                                                    buffer_c2_3|         array|
|buffer_c2_3_q0         |   in|    7|   ap_memory|                                                    buffer_c2_3|         array|
|buffer_c2_4_address0   |  out|    3|   ap_memory|                                                    buffer_c2_4|         array|
|buffer_c2_4_ce0        |  out|    1|   ap_memory|                                                    buffer_c2_4|         array|
|buffer_c2_4_q0         |   in|    7|   ap_memory|                                                    buffer_c2_4|         array|
|buffer_c2_5_address0   |  out|    3|   ap_memory|                                                    buffer_c2_5|         array|
|buffer_c2_5_ce0        |  out|    1|   ap_memory|                                                    buffer_c2_5|         array|
|buffer_c2_5_q0         |   in|    7|   ap_memory|                                                    buffer_c2_5|         array|
|buffer_c2_6_address0   |  out|    3|   ap_memory|                                                    buffer_c2_6|         array|
|buffer_c2_6_ce0        |  out|    1|   ap_memory|                                                    buffer_c2_6|         array|
|buffer_c2_6_q0         |   in|    7|   ap_memory|                                                    buffer_c2_6|         array|
|buffer_c2_7_address0   |  out|    3|   ap_memory|                                                    buffer_c2_7|         array|
|buffer_c2_7_ce0        |  out|    1|   ap_memory|                                                    buffer_c2_7|         array|
|buffer_c2_7_q0         |   in|    7|   ap_memory|                                                    buffer_c2_7|         array|
|buffer_c2_8_address0   |  out|    3|   ap_memory|                                                    buffer_c2_8|         array|
|buffer_c2_8_ce0        |  out|    1|   ap_memory|                                                    buffer_c2_8|         array|
|buffer_c2_8_q0         |   in|    7|   ap_memory|                                                    buffer_c2_8|         array|
|buffer_c2_9_address0   |  out|    3|   ap_memory|                                                    buffer_c2_9|         array|
|buffer_c2_9_ce0        |  out|    1|   ap_memory|                                                    buffer_c2_9|         array|
|buffer_c2_9_q0         |   in|    7|   ap_memory|                                                    buffer_c2_9|         array|
|buffer_c2_10_address0  |  out|    3|   ap_memory|                                                   buffer_c2_10|         array|
|buffer_c2_10_ce0       |  out|    1|   ap_memory|                                                   buffer_c2_10|         array|
|buffer_c2_10_q0        |   in|    7|   ap_memory|                                                   buffer_c2_10|         array|
|buffer_c2_11_address0  |  out|    3|   ap_memory|                                                   buffer_c2_11|         array|
|buffer_c2_11_ce0       |  out|    1|   ap_memory|                                                   buffer_c2_11|         array|
|buffer_c2_11_q0        |   in|    7|   ap_memory|                                                   buffer_c2_11|         array|
|buffer_c2_12_address0  |  out|    3|   ap_memory|                                                   buffer_c2_12|         array|
|buffer_c2_12_ce0       |  out|    1|   ap_memory|                                                   buffer_c2_12|         array|
|buffer_c2_12_q0        |   in|    7|   ap_memory|                                                   buffer_c2_12|         array|
|buffer_c2_13_address0  |  out|    3|   ap_memory|                                                   buffer_c2_13|         array|
|buffer_c2_13_ce0       |  out|    1|   ap_memory|                                                   buffer_c2_13|         array|
|buffer_c2_13_q0        |   in|    7|   ap_memory|                                                   buffer_c2_13|         array|
|buffer_c2_14_address0  |  out|    3|   ap_memory|                                                   buffer_c2_14|         array|
|buffer_c2_14_ce0       |  out|    1|   ap_memory|                                                   buffer_c2_14|         array|
|buffer_c2_14_q0        |   in|    7|   ap_memory|                                                   buffer_c2_14|         array|
|buffer_c2_15_address0  |  out|    3|   ap_memory|                                                   buffer_c2_15|         array|
|buffer_c2_15_ce0       |  out|    1|   ap_memory|                                                   buffer_c2_15|         array|
|buffer_c2_15_q0        |   in|    7|   ap_memory|                                                   buffer_c2_15|         array|
|buffer_c2_16_address0  |  out|    3|   ap_memory|                                                   buffer_c2_16|         array|
|buffer_c2_16_ce0       |  out|    1|   ap_memory|                                                   buffer_c2_16|         array|
|buffer_c2_16_q0        |   in|    7|   ap_memory|                                                   buffer_c2_16|         array|
|buffer_c2_17_address0  |  out|    3|   ap_memory|                                                   buffer_c2_17|         array|
|buffer_c2_17_ce0       |  out|    1|   ap_memory|                                                   buffer_c2_17|         array|
|buffer_c2_17_q0        |   in|    7|   ap_memory|                                                   buffer_c2_17|         array|
|buffer_c2_18_address0  |  out|    3|   ap_memory|                                                   buffer_c2_18|         array|
|buffer_c2_18_ce0       |  out|    1|   ap_memory|                                                   buffer_c2_18|         array|
|buffer_c2_18_q0        |   in|    7|   ap_memory|                                                   buffer_c2_18|         array|
|buffer_c2_19_address0  |  out|    3|   ap_memory|                                                   buffer_c2_19|         array|
|buffer_c2_19_ce0       |  out|    1|   ap_memory|                                                   buffer_c2_19|         array|
|buffer_c2_19_q0        |   in|    7|   ap_memory|                                                   buffer_c2_19|         array|
|buffer_c2_20_address0  |  out|    3|   ap_memory|                                                   buffer_c2_20|         array|
|buffer_c2_20_ce0       |  out|    1|   ap_memory|                                                   buffer_c2_20|         array|
|buffer_c2_20_q0        |   in|    7|   ap_memory|                                                   buffer_c2_20|         array|
|buffer_c2_21_address0  |  out|    3|   ap_memory|                                                   buffer_c2_21|         array|
|buffer_c2_21_ce0       |  out|    1|   ap_memory|                                                   buffer_c2_21|         array|
|buffer_c2_21_q0        |   in|    7|   ap_memory|                                                   buffer_c2_21|         array|
|buffer_c2_22_address0  |  out|    3|   ap_memory|                                                   buffer_c2_22|         array|
|buffer_c2_22_ce0       |  out|    1|   ap_memory|                                                   buffer_c2_22|         array|
|buffer_c2_22_q0        |   in|    7|   ap_memory|                                                   buffer_c2_22|         array|
|buffer_c2_23_address0  |  out|    3|   ap_memory|                                                   buffer_c2_23|         array|
|buffer_c2_23_ce0       |  out|    1|   ap_memory|                                                   buffer_c2_23|         array|
|buffer_c2_23_q0        |   in|    7|   ap_memory|                                                   buffer_c2_23|         array|
|buffer_c2_24_address0  |  out|    3|   ap_memory|                                                   buffer_c2_24|         array|
|buffer_c2_24_ce0       |  out|    1|   ap_memory|                                                   buffer_c2_24|         array|
|buffer_c2_24_q0        |   in|    7|   ap_memory|                                                   buffer_c2_24|         array|
|buffer_c2_25_address0  |  out|    3|   ap_memory|                                                   buffer_c2_25|         array|
|buffer_c2_25_ce0       |  out|    1|   ap_memory|                                                   buffer_c2_25|         array|
|buffer_c2_25_q0        |   in|    7|   ap_memory|                                                   buffer_c2_25|         array|
|buffer_c2_26_address0  |  out|    3|   ap_memory|                                                   buffer_c2_26|         array|
|buffer_c2_26_ce0       |  out|    1|   ap_memory|                                                   buffer_c2_26|         array|
|buffer_c2_26_q0        |   in|    7|   ap_memory|                                                   buffer_c2_26|         array|
|buffer_c2_27_address0  |  out|    3|   ap_memory|                                                   buffer_c2_27|         array|
|buffer_c2_27_ce0       |  out|    1|   ap_memory|                                                   buffer_c2_27|         array|
|buffer_c2_27_q0        |   in|    7|   ap_memory|                                                   buffer_c2_27|         array|
|buffer_c2_28_address0  |  out|    3|   ap_memory|                                                   buffer_c2_28|         array|
|buffer_c2_28_ce0       |  out|    1|   ap_memory|                                                   buffer_c2_28|         array|
|buffer_c2_28_q0        |   in|    7|   ap_memory|                                                   buffer_c2_28|         array|
|buffer_c2_29_address0  |  out|    3|   ap_memory|                                                   buffer_c2_29|         array|
|buffer_c2_29_ce0       |  out|    1|   ap_memory|                                                   buffer_c2_29|         array|
|buffer_c2_29_q0        |   in|    7|   ap_memory|                                                   buffer_c2_29|         array|
|buffer_c2_30_address0  |  out|    3|   ap_memory|                                                   buffer_c2_30|         array|
|buffer_c2_30_ce0       |  out|    1|   ap_memory|                                                   buffer_c2_30|         array|
|buffer_c2_30_q0        |   in|    7|   ap_memory|                                                   buffer_c2_30|         array|
|buffer_c2_31_address0  |  out|    3|   ap_memory|                                                   buffer_c2_31|         array|
|buffer_c2_31_ce0       |  out|    1|   ap_memory|                                                   buffer_c2_31|         array|
|buffer_c2_31_q0        |   in|    7|   ap_memory|                                                   buffer_c2_31|         array|
|buffer_c2_32_address0  |  out|    3|   ap_memory|                                                   buffer_c2_32|         array|
|buffer_c2_32_ce0       |  out|    1|   ap_memory|                                                   buffer_c2_32|         array|
|buffer_c2_32_q0        |   in|    7|   ap_memory|                                                   buffer_c2_32|         array|
|buffer_c2_33_address0  |  out|    3|   ap_memory|                                                   buffer_c2_33|         array|
|buffer_c2_33_ce0       |  out|    1|   ap_memory|                                                   buffer_c2_33|         array|
|buffer_c2_33_q0        |   in|    7|   ap_memory|                                                   buffer_c2_33|         array|
|buffer_c2_34_address0  |  out|    3|   ap_memory|                                                   buffer_c2_34|         array|
|buffer_c2_34_ce0       |  out|    1|   ap_memory|                                                   buffer_c2_34|         array|
|buffer_c2_34_q0        |   in|    7|   ap_memory|                                                   buffer_c2_34|         array|
|buffer_c2_35_address0  |  out|    3|   ap_memory|                                                   buffer_c2_35|         array|
|buffer_c2_35_ce0       |  out|    1|   ap_memory|                                                   buffer_c2_35|         array|
|buffer_c2_35_q0        |   in|    7|   ap_memory|                                                   buffer_c2_35|         array|
|buffer_c2_36_address0  |  out|    3|   ap_memory|                                                   buffer_c2_36|         array|
|buffer_c2_36_ce0       |  out|    1|   ap_memory|                                                   buffer_c2_36|         array|
|buffer_c2_36_q0        |   in|    7|   ap_memory|                                                   buffer_c2_36|         array|
|buffer_c2_37_address0  |  out|    3|   ap_memory|                                                   buffer_c2_37|         array|
|buffer_c2_37_ce0       |  out|    1|   ap_memory|                                                   buffer_c2_37|         array|
|buffer_c2_37_q0        |   in|    7|   ap_memory|                                                   buffer_c2_37|         array|
|buffer_c2_38_address0  |  out|    3|   ap_memory|                                                   buffer_c2_38|         array|
|buffer_c2_38_ce0       |  out|    1|   ap_memory|                                                   buffer_c2_38|         array|
|buffer_c2_38_q0        |   in|    7|   ap_memory|                                                   buffer_c2_38|         array|
|buffer_c2_39_address0  |  out|    3|   ap_memory|                                                   buffer_c2_39|         array|
|buffer_c2_39_ce0       |  out|    1|   ap_memory|                                                   buffer_c2_39|         array|
|buffer_c2_39_q0        |   in|    7|   ap_memory|                                                   buffer_c2_39|         array|
|buffer_c2_40_address0  |  out|    3|   ap_memory|                                                   buffer_c2_40|         array|
|buffer_c2_40_ce0       |  out|    1|   ap_memory|                                                   buffer_c2_40|         array|
|buffer_c2_40_q0        |   in|    7|   ap_memory|                                                   buffer_c2_40|         array|
|buffer_c2_41_address0  |  out|    3|   ap_memory|                                                   buffer_c2_41|         array|
|buffer_c2_41_ce0       |  out|    1|   ap_memory|                                                   buffer_c2_41|         array|
|buffer_c2_41_q0        |   in|    7|   ap_memory|                                                   buffer_c2_41|         array|
|buffer_c2_42_address0  |  out|    3|   ap_memory|                                                   buffer_c2_42|         array|
|buffer_c2_42_ce0       |  out|    1|   ap_memory|                                                   buffer_c2_42|         array|
|buffer_c2_42_q0        |   in|    7|   ap_memory|                                                   buffer_c2_42|         array|
|buffer_c2_43_address0  |  out|    3|   ap_memory|                                                   buffer_c2_43|         array|
|buffer_c2_43_ce0       |  out|    1|   ap_memory|                                                   buffer_c2_43|         array|
|buffer_c2_43_q0        |   in|    7|   ap_memory|                                                   buffer_c2_43|         array|
|buffer_c2_44_address0  |  out|    3|   ap_memory|                                                   buffer_c2_44|         array|
|buffer_c2_44_ce0       |  out|    1|   ap_memory|                                                   buffer_c2_44|         array|
|buffer_c2_44_q0        |   in|    7|   ap_memory|                                                   buffer_c2_44|         array|
|buffer_c2_45_address0  |  out|    3|   ap_memory|                                                   buffer_c2_45|         array|
|buffer_c2_45_ce0       |  out|    1|   ap_memory|                                                   buffer_c2_45|         array|
|buffer_c2_45_q0        |   in|    7|   ap_memory|                                                   buffer_c2_45|         array|
|buffer_c2_46_address0  |  out|    3|   ap_memory|                                                   buffer_c2_46|         array|
|buffer_c2_46_ce0       |  out|    1|   ap_memory|                                                   buffer_c2_46|         array|
|buffer_c2_46_q0        |   in|    7|   ap_memory|                                                   buffer_c2_46|         array|
|buffer_c2_47_address0  |  out|    3|   ap_memory|                                                   buffer_c2_47|         array|
|buffer_c2_47_ce0       |  out|    1|   ap_memory|                                                   buffer_c2_47|         array|
|buffer_c2_47_q0        |   in|    7|   ap_memory|                                                   buffer_c2_47|         array|
|buffer_c3_address0     |  out|    4|   ap_memory|                                                      buffer_c3|         array|
|buffer_c3_ce0          |  out|    1|   ap_memory|                                                      buffer_c3|         array|
|buffer_c3_we0          |  out|    1|   ap_memory|                                                      buffer_c3|         array|
|buffer_c3_d0           |  out|    7|   ap_memory|                                                      buffer_c3|         array|
|buffer_c3_1_address0   |  out|    4|   ap_memory|                                                    buffer_c3_1|         array|
|buffer_c3_1_ce0        |  out|    1|   ap_memory|                                                    buffer_c3_1|         array|
|buffer_c3_1_we0        |  out|    1|   ap_memory|                                                    buffer_c3_1|         array|
|buffer_c3_1_d0         |  out|    7|   ap_memory|                                                    buffer_c3_1|         array|
|buffer_c3_2_address0   |  out|    4|   ap_memory|                                                    buffer_c3_2|         array|
|buffer_c3_2_ce0        |  out|    1|   ap_memory|                                                    buffer_c3_2|         array|
|buffer_c3_2_we0        |  out|    1|   ap_memory|                                                    buffer_c3_2|         array|
|buffer_c3_2_d0         |  out|    7|   ap_memory|                                                    buffer_c3_2|         array|
|buffer_c3_3_address0   |  out|    4|   ap_memory|                                                    buffer_c3_3|         array|
|buffer_c3_3_ce0        |  out|    1|   ap_memory|                                                    buffer_c3_3|         array|
|buffer_c3_3_we0        |  out|    1|   ap_memory|                                                    buffer_c3_3|         array|
|buffer_c3_3_d0         |  out|    7|   ap_memory|                                                    buffer_c3_3|         array|
|buffer_c3_4_address0   |  out|    4|   ap_memory|                                                    buffer_c3_4|         array|
|buffer_c3_4_ce0        |  out|    1|   ap_memory|                                                    buffer_c3_4|         array|
|buffer_c3_4_we0        |  out|    1|   ap_memory|                                                    buffer_c3_4|         array|
|buffer_c3_4_d0         |  out|    7|   ap_memory|                                                    buffer_c3_4|         array|
|buffer_c3_5_address0   |  out|    4|   ap_memory|                                                    buffer_c3_5|         array|
|buffer_c3_5_ce0        |  out|    1|   ap_memory|                                                    buffer_c3_5|         array|
|buffer_c3_5_we0        |  out|    1|   ap_memory|                                                    buffer_c3_5|         array|
|buffer_c3_5_d0         |  out|    7|   ap_memory|                                                    buffer_c3_5|         array|
|buffer_c3_6_address0   |  out|    4|   ap_memory|                                                    buffer_c3_6|         array|
|buffer_c3_6_ce0        |  out|    1|   ap_memory|                                                    buffer_c3_6|         array|
|buffer_c3_6_we0        |  out|    1|   ap_memory|                                                    buffer_c3_6|         array|
|buffer_c3_6_d0         |  out|    7|   ap_memory|                                                    buffer_c3_6|         array|
|buffer_c3_7_address0   |  out|    4|   ap_memory|                                                    buffer_c3_7|         array|
|buffer_c3_7_ce0        |  out|    1|   ap_memory|                                                    buffer_c3_7|         array|
|buffer_c3_7_we0        |  out|    1|   ap_memory|                                                    buffer_c3_7|         array|
|buffer_c3_7_d0         |  out|    7|   ap_memory|                                                    buffer_c3_7|         array|
|buffer_c3_8_address0   |  out|    4|   ap_memory|                                                    buffer_c3_8|         array|
|buffer_c3_8_ce0        |  out|    1|   ap_memory|                                                    buffer_c3_8|         array|
|buffer_c3_8_we0        |  out|    1|   ap_memory|                                                    buffer_c3_8|         array|
|buffer_c3_8_d0         |  out|    7|   ap_memory|                                                    buffer_c3_8|         array|
|buffer_c3_9_address0   |  out|    4|   ap_memory|                                                    buffer_c3_9|         array|
|buffer_c3_9_ce0        |  out|    1|   ap_memory|                                                    buffer_c3_9|         array|
|buffer_c3_9_we0        |  out|    1|   ap_memory|                                                    buffer_c3_9|         array|
|buffer_c3_9_d0         |  out|    7|   ap_memory|                                                    buffer_c3_9|         array|
|buffer_c3_10_address0  |  out|    4|   ap_memory|                                                   buffer_c3_10|         array|
|buffer_c3_10_ce0       |  out|    1|   ap_memory|                                                   buffer_c3_10|         array|
|buffer_c3_10_we0       |  out|    1|   ap_memory|                                                   buffer_c3_10|         array|
|buffer_c3_10_d0        |  out|    7|   ap_memory|                                                   buffer_c3_10|         array|
|buffer_c3_11_address0  |  out|    4|   ap_memory|                                                   buffer_c3_11|         array|
|buffer_c3_11_ce0       |  out|    1|   ap_memory|                                                   buffer_c3_11|         array|
|buffer_c3_11_we0       |  out|    1|   ap_memory|                                                   buffer_c3_11|         array|
|buffer_c3_11_d0        |  out|    7|   ap_memory|                                                   buffer_c3_11|         array|
|buffer_c3_12_address0  |  out|    4|   ap_memory|                                                   buffer_c3_12|         array|
|buffer_c3_12_ce0       |  out|    1|   ap_memory|                                                   buffer_c3_12|         array|
|buffer_c3_12_we0       |  out|    1|   ap_memory|                                                   buffer_c3_12|         array|
|buffer_c3_12_d0        |  out|    7|   ap_memory|                                                   buffer_c3_12|         array|
|buffer_c3_13_address0  |  out|    4|   ap_memory|                                                   buffer_c3_13|         array|
|buffer_c3_13_ce0       |  out|    1|   ap_memory|                                                   buffer_c3_13|         array|
|buffer_c3_13_we0       |  out|    1|   ap_memory|                                                   buffer_c3_13|         array|
|buffer_c3_13_d0        |  out|    7|   ap_memory|                                                   buffer_c3_13|         array|
|buffer_c3_14_address0  |  out|    4|   ap_memory|                                                   buffer_c3_14|         array|
|buffer_c3_14_ce0       |  out|    1|   ap_memory|                                                   buffer_c3_14|         array|
|buffer_c3_14_we0       |  out|    1|   ap_memory|                                                   buffer_c3_14|         array|
|buffer_c3_14_d0        |  out|    7|   ap_memory|                                                   buffer_c3_14|         array|
|buffer_c3_15_address0  |  out|    4|   ap_memory|                                                   buffer_c3_15|         array|
|buffer_c3_15_ce0       |  out|    1|   ap_memory|                                                   buffer_c3_15|         array|
|buffer_c3_15_we0       |  out|    1|   ap_memory|                                                   buffer_c3_15|         array|
|buffer_c3_15_d0        |  out|    7|   ap_memory|                                                   buffer_c3_15|         array|
+-----------------------+-----+-----+------------+---------------------------------------------------------------+--------------+

