

================================================================
== Vitis HLS Report for 'tiny_ecg_inference_Pipeline_VITIS_LOOP_61_2'
================================================================
* Date:           Fri Sep  4 10:06:53 2026

* Version:        2026.1 (Build 6493734 on Jun 16 2026)
* Project:        tiny_ecg_inference
* Solution:       hls (Vivado IP Flow Target)
* Product family: zynq
* Target device:  xc7z020-clg400-1


================================================================
== Performance Estimates
================================================================
+ Timing: 
    * Summary: 
    +--------+----------+----------+------------+
    |  Clock |  Target  | Estimated| Uncertainty|
    +--------+----------+----------+------------+
    |ap_clk  |  10.00 ns|  7.145 ns|     2.70 ns|
    +--------+----------+----------+------------+

+ Latency: 
    * Summary: 
    +---------+---------+----------+----------+-----+-----+-------------------+
    |  Latency (cycles) |  Latency (absolute) |  Interval |      Pipeline     |
    |   min   |   max   |    min   |    max   | min | max |        Type       |
    +---------+---------+----------+----------+-----+-----+-------------------+
    |       19|       19|  0.190 us|  0.190 us|    0|    0|  loop pipeline stp|
    +---------+---------+----------+----------+-----+-----+-------------------+

    + Detail: 
        * Instance: 
        N/A

        * Loop: 
        +-------------------+---------+---------+----------+-----------+-----------+------+----------+
        |                   |  Latency (cycles) | Iteration|  Initiation Interval  | Trip |          |
        |     Loop Name     |   min   |   max   |  Latency |  achieved |   target  | Count| Pipelined|
        +-------------------+---------+---------+----------+-----------+-----------+------+----------+
        |- VITIS_LOOP_61_2  |       17|       17|        11|          1|          1|     8|       yes|
        +-------------------+---------+---------+----------+-----------+-----------+------+----------+



================================================================
== Utilization Estimates
================================================================
* Summary: 
+-----------------+---------+-----+--------+-------+-----+
|       Name      | BRAM_18K| DSP |   FF   |  LUT  | URAM|
+-----------------+---------+-----+--------+-------+-----+
|DSP              |        -|    1|       -|      -|    -|
|Expression       |        -|    -|       0|    726|    -|
|FIFO             |        -|    -|       -|      -|    -|
|Instance         |        -|    2|     118|    251|    -|
|Memory           |        0|    -|      89|     12|    -|
|Multiplexer      |        -|    -|       0|     90|    -|
|Register         |        -|    -|     768|    128|    -|
+-----------------+---------+-----+--------+-------+-----+
|Total            |        0|    3|     975|   1207|    0|
+-----------------+---------+-----+--------+-------+-----+
|Available        |      280|  220|  106400|  53200|    0|
+-----------------+---------+-----+--------+-------+-----+
|Utilization (%)  |        0|    1|      ~0|      2|    0|
+-----------------+---------+-----+--------+-------+-----+

+ Detail: 
    * Instance: 
    +------------------------+---------------------+---------+----+-----+----+-----+
    |        Instance        |        Module       | BRAM_18K| DSP|  FF | LUT| URAM|
    +------------------------+---------------------+---------+----+-----+----+-----+
    |mul_19s_30ns_49_2_1_U1  |mul_19s_30ns_49_2_1  |        0|   2|  118|  47|    0|
    |mul_9s_8s_17_1_1_U2     |mul_9s_8s_17_1_1     |        0|   0|    0|  51|    0|
    |mul_9s_8s_17_1_1_U3     |mul_9s_8s_17_1_1     |        0|   0|    0|  51|    0|
    |mul_9s_8s_17_1_1_U4     |mul_9s_8s_17_1_1     |        0|   0|    0|  51|    0|
    |mul_9s_8s_17_1_1_U5     |mul_9s_8s_17_1_1     |        0|   0|    0|  51|    0|
    +------------------------+---------------------+---------+----+-----+----+-----+
    |Total                   |                     |        0|   2|  118| 251|    0|
    +------------------------+---------------------+---------+----+-----+----+-----+

    * DSP: 
    +--------------------------------+-----------------------------+--------------+
    |            Instance            |            Module           |  Expression  |
    +--------------------------------+-----------------------------+--------------+
    |mac_muladd_9s_8s_17s_17_4_1_U6  |mac_muladd_9s_8s_17s_17_4_1  |  i0 + i1 * i2|
    +--------------------------------+-----------------------------+--------------+

    * Memory: 
    +--------------------+--------------------------------------------------------------------------+---------+----+----+-----+------+-----+------+-------------+
    |       Memory       |                                  Module                                  | BRAM_18K| FF | LUT| URAM| Words| Bits| Banks| W*Bits*Banks|
    +--------------------+--------------------------------------------------------------------------+---------+----+----+-----+------+-----+------+-------------+
    |conv1_bias_U        |tiny_ecg_inference_Pipeline_VITIS_LOOP_61_2_conv1_bias_ROM_AUTO_1R        |        0|  13|   2|    0|     8|   13|     1|          104|
    |conv1_multiplier_U  |tiny_ecg_inference_Pipeline_VITIS_LOOP_61_2_conv1_multiplier_ROM_AUTO_1R  |        0|  30|   4|    0|     8|   30|     1|          240|
    |conv1_shift_U       |tiny_ecg_inference_Pipeline_VITIS_LOOP_61_2_conv1_shift_ROM_AUTO_1R       |        0|   6|   1|    0|     8|    6|     1|           48|
    |conv1_weight_U      |tiny_ecg_inference_Pipeline_VITIS_LOOP_61_2_conv1_weight_ROM_AUTO_1R      |        0|  40|   5|    0|    40|    8|     1|          320|
    +--------------------+--------------------------------------------------------------------------+---------+----+----+-----+------+-----+------+-------------+
    |Total               |                                                                          |        0|  89|  12|    0|    64|   57|     4|          712|
    +--------------------+--------------------------------------------------------------------------+---------+----+----+-----+------+-----+------+-------------+

    * FIFO: 
    N/A

    * Expression: 
    +-------------------------------+----------+----+---+-----+------------+------------+
    |         Variable Name         | Operation| DSP| FF| LUT | Bitwidth P0| Bitwidth P1|
    +-------------------------------+----------+----+---+-----+------------+------------+
    |acc64_2_fu_1221_p2             |         +|   0|  0|   56|          49|          49|
    |acc_2_fu_1189_p2               |         +|   0|  0|   26|          19|          19|
    |add_ln10_fu_1203_p2            |         +|   0|  0|   14|           6|           2|
    |add_ln61_fu_987_p2             |         +|   0|  0|   13|           4|           1|
    |add_ln69_fu_1030_p2            |         +|   0|  0|   14|           6|           6|
    |add_ln74_1_fu_1101_p2          |         +|   0|  0|   14|           6|           2|
    |add_ln74_2_fu_1047_p2          |         +|   0|  0|   14|           6|           2|
    |add_ln74_3_fu_1036_p2          |         +|   0|  0|   14|           6|           3|
    |add_ln74_4_fu_1162_p2          |         +|   0|  0|   17|          17|          17|
    |add_ln74_5_fu_1166_p2          |         +|   0|  0|   17|          17|          17|
    |add_ln74_7_fu_1179_p2          |         +|   0|  0|   25|          18|          18|
    |add_ln74_fu_1091_p2            |         +|   0|  0|   14|           6|           1|
    |x_44_fu_1086_p2                |         +|   0|  0|   14|           9|           8|
    |x_45_fu_1057_p2                |         +|   0|  0|   14|           9|           8|
    |x_fu_1081_p2                   |         +|   0|  0|   14|           9|           8|
    |ap_condition_615               |       and|   0|  0|    2|           1|           1|
    |ap_predicate_pred1008_state11  |       and|   0|  0|    2|           1|           1|
    |ap_predicate_pred1020_state11  |       and|   0|  0|    2|           1|           1|
    |ap_predicate_pred1035_state11  |       and|   0|  0|    2|           1|           1|
    |ap_predicate_pred1048_state11  |       and|   0|  0|    2|           1|           1|
    |ap_predicate_pred1060_state11  |       and|   0|  0|    2|           1|           1|
    |ap_predicate_pred1072_state11  |       and|   0|  0|    2|           1|           1|
    |ap_predicate_pred1084_state11  |       and|   0|  0|    2|           1|           1|
    |ap_predicate_pred1099_state11  |       and|   0|  0|    2|           1|           1|
    |ap_predicate_pred1112_state11  |       and|   0|  0|    2|           1|           1|
    |ap_predicate_pred1124_state11  |       and|   0|  0|    2|           1|           1|
    |ap_predicate_pred1136_state11  |       and|   0|  0|    2|           1|           1|
    |ap_predicate_pred1148_state11  |       and|   0|  0|    2|           1|           1|
    |ap_predicate_pred1163_state11  |       and|   0|  0|    2|           1|           1|
    |ap_predicate_pred1176_state11  |       and|   0|  0|    2|           1|           1|
    |ap_predicate_pred1188_state11  |       and|   0|  0|    2|           1|           1|
    |ap_predicate_pred1200_state11  |       and|   0|  0|    2|           1|           1|
    |ap_predicate_pred1212_state11  |       and|   0|  0|    2|           1|           1|
    |ap_predicate_pred1227_state11  |       and|   0|  0|    2|           1|           1|
    |ap_predicate_pred1241_state11  |       and|   0|  0|    2|           1|           1|
    |ap_predicate_pred1253_state11  |       and|   0|  0|    2|           1|           1|
    |ap_predicate_pred1265_state11  |       and|   0|  0|    2|           1|           1|
    |ap_predicate_pred1277_state11  |       and|   0|  0|    2|           1|           1|
    |ap_predicate_pred1292_state11  |       and|   0|  0|    2|           1|           1|
    |ap_predicate_pred779_state11   |       and|   0|  0|    2|           1|           1|
    |ap_predicate_pred794_state11   |       and|   0|  0|    2|           1|           1|
    |ap_predicate_pred808_state11   |       and|   0|  0|    2|           1|           1|
    |ap_predicate_pred822_state11   |       and|   0|  0|    2|           1|           1|
    |ap_predicate_pred841_state11   |       and|   0|  0|    2|           1|           1|
    |ap_predicate_pred855_state11   |       and|   0|  0|    2|           1|           1|
    |ap_predicate_pred867_state11   |       and|   0|  0|    2|           1|           1|
    |ap_predicate_pred879_state11   |       and|   0|  0|    2|           1|           1|
    |ap_predicate_pred891_state11   |       and|   0|  0|    2|           1|           1|
    |ap_predicate_pred906_state11   |       and|   0|  0|    2|           1|           1|
    |ap_predicate_pred920_state11   |       and|   0|  0|    2|           1|           1|
    |ap_predicate_pred932_state11   |       and|   0|  0|    2|           1|           1|
    |ap_predicate_pred944_state11   |       and|   0|  0|    2|           1|           1|
    |ap_predicate_pred956_state11   |       and|   0|  0|    2|           1|           1|
    |ap_predicate_pred971_state11   |       and|   0|  0|    2|           1|           1|
    |ap_predicate_pred984_state11   |       and|   0|  0|    2|           1|           1|
    |ap_predicate_pred996_state11   |       and|   0|  0|    2|           1|           1|
    |res_fu_1229_p2                 |      ashr|   0|  0|  151|          49|          49|
    |icmp_ln20_fu_1264_p2           |      icmp|   0|  0|   14|           6|           1|
    |icmp_ln61_fu_981_p2            |      icmp|   0|  0|   13|           4|           5|
    |icmp_ln69_1_fu_961_p2          |      icmp|   0|  0|   15|           8|           7|
    |icmp_ln69_2_fu_967_p2          |      icmp|   0|  0|   14|           7|           7|
    |icmp_ln69_fu_955_p2            |      icmp|   0|  0|   15|           8|           7|
    |res_2_fu_1246_p3               |    select|   0|  0|   13|           1|           1|
    |select_ln20_fu_1274_p3         |    select|   0|  0|    7|           1|           2|
    |shl_ln10_fu_1211_p2            |       shl|   0|  0|  120|           1|          37|
    |ap_enable_pp0                  |       xor|   0|  0|    2|           1|           2|
    +-------------------------------+----------+----+---+-----+------------+------------+
    |Total                          |          |   0|  0|  726|         314|         320|
    +-------------------------------+----------+----+---+-----+------------+------------+

    * Multiplexer: 
    +-----------------------------------+----+-----------+-----+-----------+
    |                Name               | LUT| Input Size| Bits| Total Bits|
    +-----------------------------------+----+-----------+-----+-----------+
    |ap_done_int                        |   9|          2|    1|          2|
    |ap_enable_reg_pp0_iter1            |   9|          2|    1|          2|
    |ap_phi_mux_x_15_phi_fu_886_p4      |   9|          2|    9|         18|
    |ap_phi_reg_pp0_iter1_x_15_reg_882  |   9|          2|    9|         18|
    |ap_phi_reg_pp0_iter1_x_1_reg_893   |   9|          2|    9|         18|
    |ap_phi_reg_pp0_iter1_x_3_reg_904   |   9|          2|    9|         18|
    |ap_phi_reg_pp0_iter4_x_1_reg_893   |   9|          2|    9|         18|
    |ap_phi_reg_pp0_iter4_x_3_reg_904   |   9|          2|    9|         18|
    |ap_sig_allocacmp_oc_1              |   9|          2|    4|          8|
    |oc_fu_198                          |   9|          2|    4|          8|
    +-----------------------------------+----+-----------+-----+-----------+
    |Total                              |  90|         20|   64|        128|
    +-----------------------------------+----+-----------+-----+-----------+

    * Register: 
    +----------------------------------------------+----+----+-----+-----------+
    |                     Name                     | FF | LUT| Bits| Const Bits|
    +----------------------------------------------+----+----+-----+-----------+
    |acc64_2_reg_1570                              |  49|   0|   49|          0|
    |acc64_reg_1560                                |  49|   0|   49|          0|
    |acc_2_reg_1545                                |  19|   0|   19|          0|
    |acc_reg_1509                                  |  13|   0|   13|          0|
    |add_ln10_reg_1565                             |   6|   0|    6|          0|
    |add_ln69_reg_1436                             |   6|   0|    6|          0|
    |add_ln69_reg_1436_pp0_iter2_reg               |   6|   0|    6|          0|
    |ap_CS_fsm                                     |   1|   0|    1|          0|
    |ap_done_reg                                   |   1|   0|    1|          0|
    |ap_enable_reg_pp0_iter1                       |   1|   0|    1|          0|
    |ap_enable_reg_pp0_iter10                      |   1|   0|    1|          0|
    |ap_enable_reg_pp0_iter2                       |   1|   0|    1|          0|
    |ap_enable_reg_pp0_iter3                       |   1|   0|    1|          0|
    |ap_enable_reg_pp0_iter4                       |   1|   0|    1|          0|
    |ap_enable_reg_pp0_iter5                       |   1|   0|    1|          0|
    |ap_enable_reg_pp0_iter6                       |   1|   0|    1|          0|
    |ap_enable_reg_pp0_iter7                       |   1|   0|    1|          0|
    |ap_enable_reg_pp0_iter8                       |   1|   0|    1|          0|
    |ap_enable_reg_pp0_iter9                       |   1|   0|    1|          0|
    |ap_loop_exit_ready_pp0_iter1_reg              |   1|   0|    1|          0|
    |ap_loop_exit_ready_pp0_iter2_reg              |   1|   0|    1|          0|
    |ap_loop_exit_ready_pp0_iter3_reg              |   1|   0|    1|          0|
    |ap_loop_exit_ready_pp0_iter4_reg              |   1|   0|    1|          0|
    |ap_loop_exit_ready_pp0_iter5_reg              |   1|   0|    1|          0|
    |ap_loop_exit_ready_pp0_iter6_reg              |   1|   0|    1|          0|
    |ap_loop_exit_ready_pp0_iter7_reg              |   1|   0|    1|          0|
    |ap_loop_exit_ready_pp0_iter8_reg              |   1|   0|    1|          0|
    |ap_loop_exit_ready_pp0_iter9_reg              |   1|   0|    1|          0|
    |ap_phi_reg_pp0_iter1_x_15_reg_882             |   9|   0|    9|          0|
    |ap_phi_reg_pp0_iter1_x_1_reg_893              |   9|   0|    9|          0|
    |ap_phi_reg_pp0_iter1_x_3_reg_904              |   9|   0|    9|          0|
    |ap_phi_reg_pp0_iter2_x_15_reg_882             |   9|   0|    9|          0|
    |ap_phi_reg_pp0_iter2_x_1_reg_893              |   9|   0|    9|          0|
    |ap_phi_reg_pp0_iter2_x_3_reg_904              |   9|   0|    9|          0|
    |ap_phi_reg_pp0_iter3_x_1_reg_893              |   9|   0|    9|          0|
    |ap_phi_reg_pp0_iter3_x_3_reg_904              |   9|   0|    9|          0|
    |ap_phi_reg_pp0_iter4_x_1_reg_893              |   9|   0|    9|          0|
    |ap_phi_reg_pp0_iter4_x_3_reg_904              |   9|   0|    9|          0|
    |ap_predicate_pred1008_state11                 |   1|   0|    1|          0|
    |ap_predicate_pred1020_state11                 |   1|   0|    1|          0|
    |ap_predicate_pred1035_state11                 |   1|   0|    1|          0|
    |ap_predicate_pred1048_state11                 |   1|   0|    1|          0|
    |ap_predicate_pred1060_state11                 |   1|   0|    1|          0|
    |ap_predicate_pred1072_state11                 |   1|   0|    1|          0|
    |ap_predicate_pred1084_state11                 |   1|   0|    1|          0|
    |ap_predicate_pred1099_state11                 |   1|   0|    1|          0|
    |ap_predicate_pred1112_state11                 |   1|   0|    1|          0|
    |ap_predicate_pred1124_state11                 |   1|   0|    1|          0|
    |ap_predicate_pred1136_state11                 |   1|   0|    1|          0|
    |ap_predicate_pred1148_state11                 |   1|   0|    1|          0|
    |ap_predicate_pred1163_state11                 |   1|   0|    1|          0|
    |ap_predicate_pred1176_state11                 |   1|   0|    1|          0|
    |ap_predicate_pred1188_state11                 |   1|   0|    1|          0|
    |ap_predicate_pred1200_state11                 |   1|   0|    1|          0|
    |ap_predicate_pred1212_state11                 |   1|   0|    1|          0|
    |ap_predicate_pred1227_state11                 |   1|   0|    1|          0|
    |ap_predicate_pred1241_state11                 |   1|   0|    1|          0|
    |ap_predicate_pred1253_state11                 |   1|   0|    1|          0|
    |ap_predicate_pred1265_state11                 |   1|   0|    1|          0|
    |ap_predicate_pred1277_state11                 |   1|   0|    1|          0|
    |ap_predicate_pred1292_state11                 |   1|   0|    1|          0|
    |ap_predicate_pred779_state11                  |   1|   0|    1|          0|
    |ap_predicate_pred794_state11                  |   1|   0|    1|          0|
    |ap_predicate_pred808_state11                  |   1|   0|    1|          0|
    |ap_predicate_pred822_state11                  |   1|   0|    1|          0|
    |ap_predicate_pred841_state11                  |   1|   0|    1|          0|
    |ap_predicate_pred855_state11                  |   1|   0|    1|          0|
    |ap_predicate_pred867_state11                  |   1|   0|    1|          0|
    |ap_predicate_pred879_state11                  |   1|   0|    1|          0|
    |ap_predicate_pred891_state11                  |   1|   0|    1|          0|
    |ap_predicate_pred906_state11                  |   1|   0|    1|          0|
    |ap_predicate_pred920_state11                  |   1|   0|    1|          0|
    |ap_predicate_pred932_state11                  |   1|   0|    1|          0|
    |ap_predicate_pred944_state11                  |   1|   0|    1|          0|
    |ap_predicate_pred956_state11                  |   1|   0|    1|          0|
    |ap_predicate_pred971_state11                  |   1|   0|    1|          0|
    |ap_predicate_pred984_state11                  |   1|   0|    1|          0|
    |ap_predicate_pred996_state11                  |   1|   0|    1|          0|
    |conv1_multiplier_load_reg_1534                |  30|   0|   30|          0|
    |conv1_multiplier_load_reg_1534_pp0_iter5_reg  |  30|   0|   30|          0|
    |conv1_shift_load_reg_1539                     |   6|   0|    6|          0|
    |conv1_weight_load_3_reg_1494                  |   8|   0|    8|          0|
    |icmp_ln20_reg_1575                            |   1|   0|    1|          0|
    |icmp_ln61_reg_1428                            |   1|   0|    1|          0|
    |icmp_ln69_1_reg_1413                          |   1|   0|    1|          0|
    |icmp_ln69_2_reg_1417                          |   1|   0|    1|          0|
    |icmp_ln69_reg_1409                            |   1|   0|    1|          0|
    |mul_ln74_2_reg_1524                           |  17|   0|   17|          0|
    |mul_ln74_3_reg_1529                           |  17|   0|   17|          0|
    |mul_ln74_reg_1514                             |  17|   0|   17|          0|
    |oc_1_reg_1421                                 |   4|   0|    4|          0|
    |oc_fu_198                                     |   4|   0|    4|          0|
    |sext_ln69_1_reg_1345                          |   9|   0|    9|          0|
    |sext_ln69_2_reg_1350                          |   9|   0|    9|          0|
    |sext_ln69_3_reg_1399                          |  17|   0|   17|          0|
    |sext_ln69_4_reg_1404                          |  17|   0|   17|          0|
    |sext_ln69_reg_1340                            |   9|   0|    9|          0|
    |trunc_ln22_reg_1580                           |   7|   0|    7|          0|
    |trunc_ln61_reg_1432                           |   3|   0|    3|          0|
    |zext_ln69_reg_1355                            |   4|   0|   64|         60|
    |conv1_shift_load_reg_1539                     |  64|  32|    6|          0|
    |icmp_ln61_reg_1428                            |  64|  32|    1|          0|
    |oc_1_reg_1421                                 |  64|  32|    4|          0|
    |trunc_ln61_reg_1432                           |  64|  32|    3|          0|
    +----------------------------------------------+----+----+-----+-----------+
    |Total                                         | 768| 128|  586|         60|
    +----------------------------------------------+----+----+-----+-----------+



================================================================
== Interface
================================================================
* Summary: 
+-----------------------+-----+-----+------------+---------------------------------------------+--------------+
|       RTL Ports       | Dir | Bits|  Protocol  |                Source Object                |    C Type    |
+-----------------------+-----+-----+------------+---------------------------------------------+--------------+
|ap_clk                 |   in|    1|  ap_ctrl_hs|  tiny_ecg_inference_Pipeline_VITIS_LOOP_61_2|  return value|
|ap_rst                 |   in|    1|  ap_ctrl_hs|  tiny_ecg_inference_Pipeline_VITIS_LOOP_61_2|  return value|
|ap_start               |   in|    1|  ap_ctrl_hs|  tiny_ecg_inference_Pipeline_VITIS_LOOP_61_2|  return value|
|ap_done                |  out|    1|  ap_ctrl_hs|  tiny_ecg_inference_Pipeline_VITIS_LOOP_61_2|  return value|
|ap_idle                |  out|    1|  ap_ctrl_hs|  tiny_ecg_inference_Pipeline_VITIS_LOOP_61_2|  return value|
|ap_ready               |  out|    1|  ap_ctrl_hs|  tiny_ecg_inference_Pipeline_VITIS_LOOP_61_2|  return value|
|add_ln66               |   in|    8|     ap_none|                                     add_ln66|        scalar|
|add_ln66_1             |   in|    8|     ap_none|                                   add_ln66_1|        scalar|
|add_ln66_2             |   in|    7|     ap_none|                                   add_ln66_2|        scalar|
|empty                  |   in|    3|     ap_none|                                        empty|        scalar|
|sext_ln77              |   in|    9|     ap_none|                                    sext_ln77|        scalar|
|sext_ln71_1            |   in|    9|     ap_none|                                  sext_ln71_1|        scalar|
|buffer_c1_address0     |  out|    4|   ap_memory|                                    buffer_c1|         array|
|buffer_c1_ce0          |  out|    1|   ap_memory|                                    buffer_c1|         array|
|buffer_c1_we0          |  out|    1|   ap_memory|                                    buffer_c1|         array|
|buffer_c1_d0           |  out|    7|   ap_memory|                                    buffer_c1|         array|
|zext_ln60_1            |   in|    4|     ap_none|                                  zext_ln60_1|        scalar|
|buffer_c1_1_address0   |  out|    4|   ap_memory|                                  buffer_c1_1|         array|
|buffer_c1_1_ce0        |  out|    1|   ap_memory|                                  buffer_c1_1|         array|
|buffer_c1_1_we0        |  out|    1|   ap_memory|                                  buffer_c1_1|         array|
|buffer_c1_1_d0         |  out|    7|   ap_memory|                                  buffer_c1_1|         array|
|buffer_c1_2_address0   |  out|    4|   ap_memory|                                  buffer_c1_2|         array|
|buffer_c1_2_ce0        |  out|    1|   ap_memory|                                  buffer_c1_2|         array|
|buffer_c1_2_we0        |  out|    1|   ap_memory|                                  buffer_c1_2|         array|
|buffer_c1_2_d0         |  out|    7|   ap_memory|                                  buffer_c1_2|         array|
|buffer_c1_3_address0   |  out|    4|   ap_memory|                                  buffer_c1_3|         array|
|buffer_c1_3_ce0        |  out|    1|   ap_memory|                                  buffer_c1_3|         array|
|buffer_c1_3_we0        |  out|    1|   ap_memory|                                  buffer_c1_3|         array|
|buffer_c1_3_d0         |  out|    7|   ap_memory|                                  buffer_c1_3|         array|
|buffer_c1_4_address0   |  out|    4|   ap_memory|                                  buffer_c1_4|         array|
|buffer_c1_4_ce0        |  out|    1|   ap_memory|                                  buffer_c1_4|         array|
|buffer_c1_4_we0        |  out|    1|   ap_memory|                                  buffer_c1_4|         array|
|buffer_c1_4_d0         |  out|    7|   ap_memory|                                  buffer_c1_4|         array|
|buffer_c1_5_address0   |  out|    4|   ap_memory|                                  buffer_c1_5|         array|
|buffer_c1_5_ce0        |  out|    1|   ap_memory|                                  buffer_c1_5|         array|
|buffer_c1_5_we0        |  out|    1|   ap_memory|                                  buffer_c1_5|         array|
|buffer_c1_5_d0         |  out|    7|   ap_memory|                                  buffer_c1_5|         array|
|buffer_c1_6_address0   |  out|    4|   ap_memory|                                  buffer_c1_6|         array|
|buffer_c1_6_ce0        |  out|    1|   ap_memory|                                  buffer_c1_6|         array|
|buffer_c1_6_we0        |  out|    1|   ap_memory|                                  buffer_c1_6|         array|
|buffer_c1_6_d0         |  out|    7|   ap_memory|                                  buffer_c1_6|         array|
|buffer_c1_7_address0   |  out|    4|   ap_memory|                                  buffer_c1_7|         array|
|buffer_c1_7_ce0        |  out|    1|   ap_memory|                                  buffer_c1_7|         array|
|buffer_c1_7_we0        |  out|    1|   ap_memory|                                  buffer_c1_7|         array|
|buffer_c1_7_d0         |  out|    7|   ap_memory|                                  buffer_c1_7|         array|
|buffer_c1_8_address0   |  out|    4|   ap_memory|                                  buffer_c1_8|         array|
|buffer_c1_8_ce0        |  out|    1|   ap_memory|                                  buffer_c1_8|         array|
|buffer_c1_8_we0        |  out|    1|   ap_memory|                                  buffer_c1_8|         array|
|buffer_c1_8_d0         |  out|    7|   ap_memory|                                  buffer_c1_8|         array|
|buffer_c1_9_address0   |  out|    4|   ap_memory|                                  buffer_c1_9|         array|
|buffer_c1_9_ce0        |  out|    1|   ap_memory|                                  buffer_c1_9|         array|
|buffer_c1_9_we0        |  out|    1|   ap_memory|                                  buffer_c1_9|         array|
|buffer_c1_9_d0         |  out|    7|   ap_memory|                                  buffer_c1_9|         array|
|buffer_c1_10_address0  |  out|    4|   ap_memory|                                 buffer_c1_10|         array|
|buffer_c1_10_ce0       |  out|    1|   ap_memory|                                 buffer_c1_10|         array|
|buffer_c1_10_we0       |  out|    1|   ap_memory|                                 buffer_c1_10|         array|
|buffer_c1_10_d0        |  out|    7|   ap_memory|                                 buffer_c1_10|         array|
|buffer_c1_11_address0  |  out|    4|   ap_memory|                                 buffer_c1_11|         array|
|buffer_c1_11_ce0       |  out|    1|   ap_memory|                                 buffer_c1_11|         array|
|buffer_c1_11_we0       |  out|    1|   ap_memory|                                 buffer_c1_11|         array|
|buffer_c1_11_d0        |  out|    7|   ap_memory|                                 buffer_c1_11|         array|
|buffer_c1_12_address0  |  out|    4|   ap_memory|                                 buffer_c1_12|         array|
|buffer_c1_12_ce0       |  out|    1|   ap_memory|                                 buffer_c1_12|         array|
|buffer_c1_12_we0       |  out|    1|   ap_memory|                                 buffer_c1_12|         array|
|buffer_c1_12_d0        |  out|    7|   ap_memory|                                 buffer_c1_12|         array|
|buffer_c1_13_address0  |  out|    4|   ap_memory|                                 buffer_c1_13|         array|
|buffer_c1_13_ce0       |  out|    1|   ap_memory|                                 buffer_c1_13|         array|
|buffer_c1_13_we0       |  out|    1|   ap_memory|                                 buffer_c1_13|         array|
|buffer_c1_13_d0        |  out|    7|   ap_memory|                                 buffer_c1_13|         array|
|buffer_c1_14_address0  |  out|    4|   ap_memory|                                 buffer_c1_14|         array|
|buffer_c1_14_ce0       |  out|    1|   ap_memory|                                 buffer_c1_14|         array|
|buffer_c1_14_we0       |  out|    1|   ap_memory|                                 buffer_c1_14|         array|
|buffer_c1_14_d0        |  out|    7|   ap_memory|                                 buffer_c1_14|         array|
|buffer_c1_15_address0  |  out|    4|   ap_memory|                                 buffer_c1_15|         array|
|buffer_c1_15_ce0       |  out|    1|   ap_memory|                                 buffer_c1_15|         array|
|buffer_c1_15_we0       |  out|    1|   ap_memory|                                 buffer_c1_15|         array|
|buffer_c1_15_d0        |  out|    7|   ap_memory|                                 buffer_c1_15|         array|
|buffer_c1_16_address0  |  out|    4|   ap_memory|                                 buffer_c1_16|         array|
|buffer_c1_16_ce0       |  out|    1|   ap_memory|                                 buffer_c1_16|         array|
|buffer_c1_16_we0       |  out|    1|   ap_memory|                                 buffer_c1_16|         array|
|buffer_c1_16_d0        |  out|    7|   ap_memory|                                 buffer_c1_16|         array|
|buffer_c1_17_address0  |  out|    4|   ap_memory|                                 buffer_c1_17|         array|
|buffer_c1_17_ce0       |  out|    1|   ap_memory|                                 buffer_c1_17|         array|
|buffer_c1_17_we0       |  out|    1|   ap_memory|                                 buffer_c1_17|         array|
|buffer_c1_17_d0        |  out|    7|   ap_memory|                                 buffer_c1_17|         array|
|buffer_c1_18_address0  |  out|    4|   ap_memory|                                 buffer_c1_18|         array|
|buffer_c1_18_ce0       |  out|    1|   ap_memory|                                 buffer_c1_18|         array|
|buffer_c1_18_we0       |  out|    1|   ap_memory|                                 buffer_c1_18|         array|
|buffer_c1_18_d0        |  out|    7|   ap_memory|                                 buffer_c1_18|         array|
|buffer_c1_19_address0  |  out|    4|   ap_memory|                                 buffer_c1_19|         array|
|buffer_c1_19_ce0       |  out|    1|   ap_memory|                                 buffer_c1_19|         array|
|buffer_c1_19_we0       |  out|    1|   ap_memory|                                 buffer_c1_19|         array|
|buffer_c1_19_d0        |  out|    7|   ap_memory|                                 buffer_c1_19|         array|
|buffer_c1_20_address0  |  out|    4|   ap_memory|                                 buffer_c1_20|         array|
|buffer_c1_20_ce0       |  out|    1|   ap_memory|                                 buffer_c1_20|         array|
|buffer_c1_20_we0       |  out|    1|   ap_memory|                                 buffer_c1_20|         array|
|buffer_c1_20_d0        |  out|    7|   ap_memory|                                 buffer_c1_20|         array|
|buffer_c1_21_address0  |  out|    4|   ap_memory|                                 buffer_c1_21|         array|
|buffer_c1_21_ce0       |  out|    1|   ap_memory|                                 buffer_c1_21|         array|
|buffer_c1_21_we0       |  out|    1|   ap_memory|                                 buffer_c1_21|         array|
|buffer_c1_21_d0        |  out|    7|   ap_memory|                                 buffer_c1_21|         array|
|buffer_c1_22_address0  |  out|    4|   ap_memory|                                 buffer_c1_22|         array|
|buffer_c1_22_ce0       |  out|    1|   ap_memory|                                 buffer_c1_22|         array|
|buffer_c1_22_we0       |  out|    1|   ap_memory|                                 buffer_c1_22|         array|
|buffer_c1_22_d0        |  out|    7|   ap_memory|                                 buffer_c1_22|         array|
|buffer_c1_23_address0  |  out|    4|   ap_memory|                                 buffer_c1_23|         array|
|buffer_c1_23_ce0       |  out|    1|   ap_memory|                                 buffer_c1_23|         array|
|buffer_c1_23_we0       |  out|    1|   ap_memory|                                 buffer_c1_23|         array|
|buffer_c1_23_d0        |  out|    7|   ap_memory|                                 buffer_c1_23|         array|
|buffer_c1_24_address0  |  out|    4|   ap_memory|                                 buffer_c1_24|         array|
|buffer_c1_24_ce0       |  out|    1|   ap_memory|                                 buffer_c1_24|         array|
|buffer_c1_24_we0       |  out|    1|   ap_memory|                                 buffer_c1_24|         array|
|buffer_c1_24_d0        |  out|    7|   ap_memory|                                 buffer_c1_24|         array|
|buffer_c1_25_address0  |  out|    4|   ap_memory|                                 buffer_c1_25|         array|
|buffer_c1_25_ce0       |  out|    1|   ap_memory|                                 buffer_c1_25|         array|
|buffer_c1_25_we0       |  out|    1|   ap_memory|                                 buffer_c1_25|         array|
|buffer_c1_25_d0        |  out|    7|   ap_memory|                                 buffer_c1_25|         array|
|buffer_c1_26_address0  |  out|    4|   ap_memory|                                 buffer_c1_26|         array|
|buffer_c1_26_ce0       |  out|    1|   ap_memory|                                 buffer_c1_26|         array|
|buffer_c1_26_we0       |  out|    1|   ap_memory|                                 buffer_c1_26|         array|
|buffer_c1_26_d0        |  out|    7|   ap_memory|                                 buffer_c1_26|         array|
|buffer_c1_27_address0  |  out|    4|   ap_memory|                                 buffer_c1_27|         array|
|buffer_c1_27_ce0       |  out|    1|   ap_memory|                                 buffer_c1_27|         array|
|buffer_c1_27_we0       |  out|    1|   ap_memory|                                 buffer_c1_27|         array|
|buffer_c1_27_d0        |  out|    7|   ap_memory|                                 buffer_c1_27|         array|
|buffer_c1_28_address0  |  out|    4|   ap_memory|                                 buffer_c1_28|         array|
|buffer_c1_28_ce0       |  out|    1|   ap_memory|                                 buffer_c1_28|         array|
|buffer_c1_28_we0       |  out|    1|   ap_memory|                                 buffer_c1_28|         array|
|buffer_c1_28_d0        |  out|    7|   ap_memory|                                 buffer_c1_28|         array|
|buffer_c1_29_address0  |  out|    4|   ap_memory|                                 buffer_c1_29|         array|
|buffer_c1_29_ce0       |  out|    1|   ap_memory|                                 buffer_c1_29|         array|
|buffer_c1_29_we0       |  out|    1|   ap_memory|                                 buffer_c1_29|         array|
|buffer_c1_29_d0        |  out|    7|   ap_memory|                                 buffer_c1_29|         array|
|buffer_c1_30_address0  |  out|    4|   ap_memory|                                 buffer_c1_30|         array|
|buffer_c1_30_ce0       |  out|    1|   ap_memory|                                 buffer_c1_30|         array|
|buffer_c1_30_we0       |  out|    1|   ap_memory|                                 buffer_c1_30|         array|
|buffer_c1_30_d0        |  out|    7|   ap_memory|                                 buffer_c1_30|         array|
|buffer_c1_31_address0  |  out|    4|   ap_memory|                                 buffer_c1_31|         array|
|buffer_c1_31_ce0       |  out|    1|   ap_memory|                                 buffer_c1_31|         array|
|buffer_c1_31_we0       |  out|    1|   ap_memory|                                 buffer_c1_31|         array|
|buffer_c1_31_d0        |  out|    7|   ap_memory|                                 buffer_c1_31|         array|
|buffer_c1_32_address0  |  out|    4|   ap_memory|                                 buffer_c1_32|         array|
|buffer_c1_32_ce0       |  out|    1|   ap_memory|                                 buffer_c1_32|         array|
|buffer_c1_32_we0       |  out|    1|   ap_memory|                                 buffer_c1_32|         array|
|buffer_c1_32_d0        |  out|    7|   ap_memory|                                 buffer_c1_32|         array|
|buffer_c1_33_address0  |  out|    4|   ap_memory|                                 buffer_c1_33|         array|
|buffer_c1_33_ce0       |  out|    1|   ap_memory|                                 buffer_c1_33|         array|
|buffer_c1_33_we0       |  out|    1|   ap_memory|                                 buffer_c1_33|         array|
|buffer_c1_33_d0        |  out|    7|   ap_memory|                                 buffer_c1_33|         array|
|buffer_c1_34_address0  |  out|    4|   ap_memory|                                 buffer_c1_34|         array|
|buffer_c1_34_ce0       |  out|    1|   ap_memory|                                 buffer_c1_34|         array|
|buffer_c1_34_we0       |  out|    1|   ap_memory|                                 buffer_c1_34|         array|
|buffer_c1_34_d0        |  out|    7|   ap_memory|                                 buffer_c1_34|         array|
|buffer_c1_35_address0  |  out|    4|   ap_memory|                                 buffer_c1_35|         array|
|buffer_c1_35_ce0       |  out|    1|   ap_memory|                                 buffer_c1_35|         array|
|buffer_c1_35_we0       |  out|    1|   ap_memory|                                 buffer_c1_35|         array|
|buffer_c1_35_d0        |  out|    7|   ap_memory|                                 buffer_c1_35|         array|
|buffer_c1_36_address0  |  out|    4|   ap_memory|                                 buffer_c1_36|         array|
|buffer_c1_36_ce0       |  out|    1|   ap_memory|                                 buffer_c1_36|         array|
|buffer_c1_36_we0       |  out|    1|   ap_memory|                                 buffer_c1_36|         array|
|buffer_c1_36_d0        |  out|    7|   ap_memory|                                 buffer_c1_36|         array|
|buffer_c1_37_address0  |  out|    4|   ap_memory|                                 buffer_c1_37|         array|
|buffer_c1_37_ce0       |  out|    1|   ap_memory|                                 buffer_c1_37|         array|
|buffer_c1_37_we0       |  out|    1|   ap_memory|                                 buffer_c1_37|         array|
|buffer_c1_37_d0        |  out|    7|   ap_memory|                                 buffer_c1_37|         array|
|buffer_c1_38_address0  |  out|    4|   ap_memory|                                 buffer_c1_38|         array|
|buffer_c1_38_ce0       |  out|    1|   ap_memory|                                 buffer_c1_38|         array|
|buffer_c1_38_we0       |  out|    1|   ap_memory|                                 buffer_c1_38|         array|
|buffer_c1_38_d0        |  out|    7|   ap_memory|                                 buffer_c1_38|         array|
|buffer_c1_39_address0  |  out|    4|   ap_memory|                                 buffer_c1_39|         array|
|buffer_c1_39_ce0       |  out|    1|   ap_memory|                                 buffer_c1_39|         array|
|buffer_c1_39_we0       |  out|    1|   ap_memory|                                 buffer_c1_39|         array|
|buffer_c1_39_d0        |  out|    7|   ap_memory|                                 buffer_c1_39|         array|
|sext_ln71_3            |   in|    8|     ap_none|                                  sext_ln71_3|        scalar|
|sext_ln71_4            |   in|    8|     ap_none|                                  sext_ln71_4|        scalar|
|sext_ln71_5            |   in|    8|     ap_none|                                  sext_ln71_5|        scalar|
+-----------------------+-----+-----+------------+---------------------------------------------+--------------+

