

================================================================
== Vitis HLS Report for 'tiny_ecg_inference_Pipeline_VITIS_LOOP_146_13_VITIS_LOOP_147_14'
================================================================
* Date:           Sat Sep  5 11:47:50 2026

* Version:        2026.1 (Build 6493734 on Jun 16 2026)
* Project:        tiny_ecg_hls
* Solution:       solution1 (Vivado IP Flow Target)
* Product family: zynq
* Target device:  xc7z020-clg484-1


================================================================
== Performance Estimates
================================================================
+ Timing: 
    * Summary: 
    +--------+----------+----------+------------+
    |  Clock |  Target  | Estimated| Uncertainty|
    +--------+----------+----------+------------+
    |ap_clk  |  20.00 ns|  8.703 ns|     5.40 ns|
    +--------+----------+----------+------------+

+ Latency: 
    * Summary: 
    +---------+---------+----------+----------+-----+-----+-------------------+
    |  Latency (cycles) |  Latency (absolute) |  Interval |      Pipeline     |
    |   min   |   max   |    min   |    max   | min | max |        Type       |
    +---------+---------+----------+----------+-----+-----+-------------------+
    |      194|      194|  3.880 us|  3.880 us|    0|    0|  loop pipeline stp|
    +---------+---------+----------+----------+-----+-----+-------------------+

    + Detail: 
        * Instance: 
        N/A

        * Loop: 
        +---------------------------------------+---------+---------+----------+-----------+-----------+------+----------+
        |                                       |  Latency (cycles) | Iteration|  Initiation Interval  | Trip |          |
        |               Loop Name               |   min   |   max   |  Latency |  achieved |   target  | Count| Pipelined|
        +---------------------------------------+---------+---------+----------+-----------+-----------+------+----------+
        |- VITIS_LOOP_146_13_VITIS_LOOP_147_14  |      192|      192|         2|          1|          1|   192|       yes|
        +---------------------------------------+---------+---------+----------+-----------+-----------+------+----------+

============================================================
+ Verbose Summary: Synthesis Manager
============================================================
InlineROM: 1
ExposeGlobal: 0
============================================================
+ Verbose Summary: CDFG Model
============================================================
IsTopModel: 0
ResetActiveHigh: 1
IsCombinational: 0
IsDatapathOnly: 0
HasWiredReturn: 1
HasMFsm: 2
HasVarLatency: 1
IsPipeline: 0
IsRtlPipelined: 0
IsInstanceOverlapped: 0
IsDontTouch: 0
HasImplIP: 0
IsGatedGlobalClock: 0

+ Individual pipeline summary: 
  * Pipeline-0: initiation interval (II) = 1, depth = 2


============================================================
+ Verbose Summary: Schedule
============================================================
* Number of FSM states : 2
* Pipeline : 1
  Pipeline-0 : II = 1, D = 2, States = { 1 2 }
* Dataflow Pipeline: 0

* FSM state transitions: 
1 --> 2 
2 --> 

* FSM state operations: 

State 1 <SV = 0> <Delay = 7.67>
ST_1 : Operation 5 [1/1] (0.00ns)   --->   "%j = alloca i32 1" [cnn_hls.cpp:147]   --->   Operation 5 'alloca' 'j' <Predicate = true> <Delay = 0.00>
ST_1 : Operation 6 [1/1] (0.00ns)   --->   "%i_1 = alloca i32 1" [cnn_hls.cpp:146]   --->   Operation 6 'alloca' 'i_1' <Predicate = true> <Delay = 0.00>
ST_1 : Operation 7 [1/1] (0.00ns)   --->   "%indvar_flatten20 = alloca i32 1"   --->   Operation 7 'alloca' 'indvar_flatten20' <Predicate = true> <Delay = 0.00>
ST_1 : Operation 8 [1/1] (1.58ns)   --->   "%store_ln0 = store i8 0, i8 %indvar_flatten20"   --->   Operation 8 'store' 'store_ln0' <Predicate = true> <Delay = 1.58>
ST_1 : Operation 9 [1/1] (1.58ns)   --->   "%store_ln146 = store i5 0, i5 %i_1" [cnn_hls.cpp:146]   --->   Operation 9 'store' 'store_ln146' <Predicate = true> <Delay = 1.58>
ST_1 : Operation 10 [1/1] (1.58ns)   --->   "%store_ln147 = store i4 0, i4 %j" [cnn_hls.cpp:147]   --->   Operation 10 'store' 'store_ln147' <Predicate = true> <Delay = 1.58>
ST_1 : Operation 11 [1/1] (0.00ns)   --->   "%br_ln0 = br void %for.inc200"   --->   Operation 11 'br' 'br_ln0' <Predicate = true> <Delay = 0.00>
ST_1 : Operation 12 [1/1] (0.00ns)   --->   "%indvar_flatten20_load = load i8 %indvar_flatten20" [cnn_hls.cpp:146]   --->   Operation 12 'load' 'indvar_flatten20_load' <Predicate = true> <Delay = 0.00>
ST_1 : Operation 13 [1/1] (1.91ns)   --->   "%icmp_ln146 = icmp_eq  i8 %indvar_flatten20_load, i8 192" [cnn_hls.cpp:146]   --->   Operation 13 'icmp' 'icmp_ln146' <Predicate = true> <Delay = 1.91> <CoreInst = "Cmp">   --->   Core 9 'Cmp' <Latency = 0> <II = 1> <Delay = 1.91> <FuncUnit> <Opcode : 'seteq' 'setne' 'setle' 'setge' 'setlt' 'setgt'> <InPorts = 2> <OutPorts = 1>
ST_1 : Operation 14 [1/1] (1.91ns)   --->   "%add_ln146 = add i8 %indvar_flatten20_load, i8 1" [cnn_hls.cpp:146]   --->   Operation 14 'add' 'add_ln146' <Predicate = true> <Delay = 1.91> <CoreInst = "Adder">   --->   Core 1 'Adder' <Latency = 0> <II = 1> <Delay = 1.91> <FuncUnit> <Opcode : 'add' 'sub'> <InPorts = 2> <OutPorts = 1>
ST_1 : Operation 15 [1/1] (0.00ns)   --->   "%br_ln146 = br i1 %icmp_ln146, void %for.inc203, void %VITIS_LOOP_156_15.exitStub" [cnn_hls.cpp:146]   --->   Operation 15 'br' 'br_ln146' <Predicate = true> <Delay = 0.00>
ST_1 : Operation 16 [1/1] (0.00ns)   --->   "%j_load = load i4 %j" [cnn_hls.cpp:147]   --->   Operation 16 'load' 'j_load' <Predicate = (!icmp_ln146)> <Delay = 0.00>
ST_1 : Operation 17 [1/1] (1.73ns)   --->   "%icmp_ln147 = icmp_eq  i4 %j_load, i4 12" [cnn_hls.cpp:147]   --->   Operation 17 'icmp' 'icmp_ln147' <Predicate = (!icmp_ln146)> <Delay = 1.73> <CoreInst = "Cmp">   --->   Core 9 'Cmp' <Latency = 0> <II = 1> <Delay = 1.73> <FuncUnit> <Opcode : 'seteq' 'setne' 'setle' 'setge' 'setlt' 'setgt'> <InPorts = 2> <OutPorts = 1>
ST_1 : Operation 18 [1/1] (1.02ns)   --->   "%select_ln146 = select i1 %icmp_ln147, i4 0, i4 %j_load" [cnn_hls.cpp:146]   --->   Operation 18 'select' 'select_ln146' <Predicate = (!icmp_ln146)> <Delay = 1.02> <CoreInst = "Sel">   --->   Core 73 'Sel' <Latency = 0> <II = 1> <Delay = 1.02> <FuncUnit> <Opcode : 'select'> <InPorts = 3> <OutPorts = 1>
ST_1 : Operation 19 [1/1] (0.00ns)   --->   "%zext_ln147_1 = zext i4 %select_ln146" [cnn_hls.cpp:147]   --->   Operation 19 'zext' 'zext_ln147_1' <Predicate = (!icmp_ln146)> <Delay = 0.00>
ST_1 : Operation 20 [1/1] (0.00ns)   --->   "%buffer_c3_addr = getelementptr i7 %buffer_c3, i64 0, i64 %zext_ln147_1" [cnn_hls.cpp:149]   --->   Operation 20 'getelementptr' 'buffer_c3_addr' <Predicate = (!icmp_ln146)> <Delay = 0.00>
ST_1 : Operation 21 [1/1] (0.00ns)   --->   "%buffer_c3_1_addr = getelementptr i7 %buffer_c3_1, i64 0, i64 %zext_ln147_1" [cnn_hls.cpp:149]   --->   Operation 21 'getelementptr' 'buffer_c3_1_addr' <Predicate = (!icmp_ln146)> <Delay = 0.00>
ST_1 : Operation 22 [1/1] (0.00ns)   --->   "%buffer_c3_2_addr = getelementptr i7 %buffer_c3_2, i64 0, i64 %zext_ln147_1" [cnn_hls.cpp:149]   --->   Operation 22 'getelementptr' 'buffer_c3_2_addr' <Predicate = (!icmp_ln146)> <Delay = 0.00>
ST_1 : Operation 23 [1/1] (0.00ns)   --->   "%buffer_c3_3_addr = getelementptr i7 %buffer_c3_3, i64 0, i64 %zext_ln147_1" [cnn_hls.cpp:149]   --->   Operation 23 'getelementptr' 'buffer_c3_3_addr' <Predicate = (!icmp_ln146)> <Delay = 0.00>
ST_1 : Operation 24 [1/1] (0.00ns)   --->   "%buffer_c3_4_addr = getelementptr i7 %buffer_c3_4, i64 0, i64 %zext_ln147_1" [cnn_hls.cpp:149]   --->   Operation 24 'getelementptr' 'buffer_c3_4_addr' <Predicate = (!icmp_ln146)> <Delay = 0.00>
ST_1 : Operation 25 [1/1] (0.00ns)   --->   "%buffer_c3_5_addr = getelementptr i7 %buffer_c3_5, i64 0, i64 %zext_ln147_1" [cnn_hls.cpp:149]   --->   Operation 25 'getelementptr' 'buffer_c3_5_addr' <Predicate = (!icmp_ln146)> <Delay = 0.00>
ST_1 : Operation 26 [1/1] (0.00ns)   --->   "%buffer_c3_6_addr = getelementptr i7 %buffer_c3_6, i64 0, i64 %zext_ln147_1" [cnn_hls.cpp:149]   --->   Operation 26 'getelementptr' 'buffer_c3_6_addr' <Predicate = (!icmp_ln146)> <Delay = 0.00>
ST_1 : Operation 27 [1/1] (0.00ns)   --->   "%buffer_c3_7_addr = getelementptr i7 %buffer_c3_7, i64 0, i64 %zext_ln147_1" [cnn_hls.cpp:149]   --->   Operation 27 'getelementptr' 'buffer_c3_7_addr' <Predicate = (!icmp_ln146)> <Delay = 0.00>
ST_1 : Operation 28 [1/1] (0.00ns)   --->   "%buffer_c3_8_addr = getelementptr i7 %buffer_c3_8, i64 0, i64 %zext_ln147_1" [cnn_hls.cpp:149]   --->   Operation 28 'getelementptr' 'buffer_c3_8_addr' <Predicate = (!icmp_ln146)> <Delay = 0.00>
ST_1 : Operation 29 [1/1] (0.00ns)   --->   "%buffer_c3_9_addr = getelementptr i7 %buffer_c3_9, i64 0, i64 %zext_ln147_1" [cnn_hls.cpp:149]   --->   Operation 29 'getelementptr' 'buffer_c3_9_addr' <Predicate = (!icmp_ln146)> <Delay = 0.00>
ST_1 : Operation 30 [1/1] (0.00ns)   --->   "%buffer_c3_10_addr = getelementptr i7 %buffer_c3_10, i64 0, i64 %zext_ln147_1" [cnn_hls.cpp:149]   --->   Operation 30 'getelementptr' 'buffer_c3_10_addr' <Predicate = (!icmp_ln146)> <Delay = 0.00>
ST_1 : Operation 31 [1/1] (0.00ns)   --->   "%buffer_c3_11_addr = getelementptr i7 %buffer_c3_11, i64 0, i64 %zext_ln147_1" [cnn_hls.cpp:149]   --->   Operation 31 'getelementptr' 'buffer_c3_11_addr' <Predicate = (!icmp_ln146)> <Delay = 0.00>
ST_1 : Operation 32 [1/1] (0.00ns)   --->   "%buffer_c3_12_addr = getelementptr i7 %buffer_c3_12, i64 0, i64 %zext_ln147_1" [cnn_hls.cpp:149]   --->   Operation 32 'getelementptr' 'buffer_c3_12_addr' <Predicate = (!icmp_ln146)> <Delay = 0.00>
ST_1 : Operation 33 [1/1] (0.00ns)   --->   "%buffer_c3_13_addr = getelementptr i7 %buffer_c3_13, i64 0, i64 %zext_ln147_1" [cnn_hls.cpp:149]   --->   Operation 33 'getelementptr' 'buffer_c3_13_addr' <Predicate = (!icmp_ln146)> <Delay = 0.00>
ST_1 : Operation 34 [1/1] (0.00ns)   --->   "%buffer_c3_14_addr = getelementptr i7 %buffer_c3_14, i64 0, i64 %zext_ln147_1" [cnn_hls.cpp:149]   --->   Operation 34 'getelementptr' 'buffer_c3_14_addr' <Predicate = (!icmp_ln146)> <Delay = 0.00>
ST_1 : Operation 35 [1/1] (0.00ns)   --->   "%buffer_c3_15_addr = getelementptr i7 %buffer_c3_15, i64 0, i64 %zext_ln147_1" [cnn_hls.cpp:149]   --->   Operation 35 'getelementptr' 'buffer_c3_15_addr' <Predicate = (!icmp_ln146)> <Delay = 0.00>
ST_1 : Operation 36 [2/2] (2.32ns)   --->   "%buffer_c3_load = load i4 %buffer_c3_addr" [cnn_hls.cpp:149]   --->   Operation 36 'load' 'buffer_c3_load' <Predicate = (!icmp_ln146)> <Delay = 2.32> <CoreInst = "RAM">   --->   Core 81 'RAM' <Latency = 1> <II = 1> <Delay = 2.32> <Storage> <Opcode : 'load' 'store'> <Ports = 2> <Width = 7> <Depth = 12> <RAM>
ST_1 : Operation 37 [2/2] (2.32ns)   --->   "%buffer_c3_1_load = load i4 %buffer_c3_1_addr" [cnn_hls.cpp:149]   --->   Operation 37 'load' 'buffer_c3_1_load' <Predicate = (!icmp_ln146)> <Delay = 2.32> <CoreInst = "RAM">   --->   Core 81 'RAM' <Latency = 1> <II = 1> <Delay = 2.32> <Storage> <Opcode : 'load' 'store'> <Ports = 2> <Width = 7> <Depth = 12> <RAM>
ST_1 : Operation 38 [2/2] (2.32ns)   --->   "%buffer_c3_2_load = load i4 %buffer_c3_2_addr" [cnn_hls.cpp:149]   --->   Operation 38 'load' 'buffer_c3_2_load' <Predicate = (!icmp_ln146)> <Delay = 2.32> <CoreInst = "RAM">   --->   Core 81 'RAM' <Latency = 1> <II = 1> <Delay = 2.32> <Storage> <Opcode : 'load' 'store'> <Ports = 2> <Width = 7> <Depth = 12> <RAM>
ST_1 : Operation 39 [2/2] (2.32ns)   --->   "%buffer_c3_3_load = load i4 %buffer_c3_3_addr" [cnn_hls.cpp:149]   --->   Operation 39 'load' 'buffer_c3_3_load' <Predicate = (!icmp_ln146)> <Delay = 2.32> <CoreInst = "RAM">   --->   Core 81 'RAM' <Latency = 1> <II = 1> <Delay = 2.32> <Storage> <Opcode : 'load' 'store'> <Ports = 2> <Width = 7> <Depth = 12> <RAM>
ST_1 : Operation 40 [2/2] (2.32ns)   --->   "%buffer_c3_4_load = load i4 %buffer_c3_4_addr" [cnn_hls.cpp:149]   --->   Operation 40 'load' 'buffer_c3_4_load' <Predicate = (!icmp_ln146)> <Delay = 2.32> <CoreInst = "RAM">   --->   Core 81 'RAM' <Latency = 1> <II = 1> <Delay = 2.32> <Storage> <Opcode : 'load' 'store'> <Ports = 2> <Width = 7> <Depth = 12> <RAM>
ST_1 : Operation 41 [2/2] (2.32ns)   --->   "%buffer_c3_5_load = load i4 %buffer_c3_5_addr" [cnn_hls.cpp:149]   --->   Operation 41 'load' 'buffer_c3_5_load' <Predicate = (!icmp_ln146)> <Delay = 2.32> <CoreInst = "RAM">   --->   Core 81 'RAM' <Latency = 1> <II = 1> <Delay = 2.32> <Storage> <Opcode : 'load' 'store'> <Ports = 2> <Width = 7> <Depth = 12> <RAM>
ST_1 : Operation 42 [2/2] (2.32ns)   --->   "%buffer_c3_6_load = load i4 %buffer_c3_6_addr" [cnn_hls.cpp:149]   --->   Operation 42 'load' 'buffer_c3_6_load' <Predicate = (!icmp_ln146)> <Delay = 2.32> <CoreInst = "RAM">   --->   Core 81 'RAM' <Latency = 1> <II = 1> <Delay = 2.32> <Storage> <Opcode : 'load' 'store'> <Ports = 2> <Width = 7> <Depth = 12> <RAM>
ST_1 : Operation 43 [2/2] (2.32ns)   --->   "%buffer_c3_7_load = load i4 %buffer_c3_7_addr" [cnn_hls.cpp:149]   --->   Operation 43 'load' 'buffer_c3_7_load' <Predicate = (!icmp_ln146)> <Delay = 2.32> <CoreInst = "RAM">   --->   Core 81 'RAM' <Latency = 1> <II = 1> <Delay = 2.32> <Storage> <Opcode : 'load' 'store'> <Ports = 2> <Width = 7> <Depth = 12> <RAM>
ST_1 : Operation 44 [2/2] (2.32ns)   --->   "%buffer_c3_8_load = load i4 %buffer_c3_8_addr" [cnn_hls.cpp:149]   --->   Operation 44 'load' 'buffer_c3_8_load' <Predicate = (!icmp_ln146)> <Delay = 2.32> <CoreInst = "RAM">   --->   Core 81 'RAM' <Latency = 1> <II = 1> <Delay = 2.32> <Storage> <Opcode : 'load' 'store'> <Ports = 2> <Width = 7> <Depth = 12> <RAM>
ST_1 : Operation 45 [2/2] (2.32ns)   --->   "%buffer_c3_9_load = load i4 %buffer_c3_9_addr" [cnn_hls.cpp:149]   --->   Operation 45 'load' 'buffer_c3_9_load' <Predicate = (!icmp_ln146)> <Delay = 2.32> <CoreInst = "RAM">   --->   Core 81 'RAM' <Latency = 1> <II = 1> <Delay = 2.32> <Storage> <Opcode : 'load' 'store'> <Ports = 2> <Width = 7> <Depth = 12> <RAM>
ST_1 : Operation 46 [2/2] (2.32ns)   --->   "%buffer_c3_10_load = load i4 %buffer_c3_10_addr" [cnn_hls.cpp:149]   --->   Operation 46 'load' 'buffer_c3_10_load' <Predicate = (!icmp_ln146)> <Delay = 2.32> <CoreInst = "RAM">   --->   Core 81 'RAM' <Latency = 1> <II = 1> <Delay = 2.32> <Storage> <Opcode : 'load' 'store'> <Ports = 2> <Width = 7> <Depth = 12> <RAM>
ST_1 : Operation 47 [2/2] (2.32ns)   --->   "%buffer_c3_11_load = load i4 %buffer_c3_11_addr" [cnn_hls.cpp:149]   --->   Operation 47 'load' 'buffer_c3_11_load' <Predicate = (!icmp_ln146)> <Delay = 2.32> <CoreInst = "RAM">   --->   Core 81 'RAM' <Latency = 1> <II = 1> <Delay = 2.32> <Storage> <Opcode : 'load' 'store'> <Ports = 2> <Width = 7> <Depth = 12> <RAM>
ST_1 : Operation 48 [2/2] (2.32ns)   --->   "%buffer_c3_12_load = load i4 %buffer_c3_12_addr" [cnn_hls.cpp:149]   --->   Operation 48 'load' 'buffer_c3_12_load' <Predicate = (!icmp_ln146)> <Delay = 2.32> <CoreInst = "RAM">   --->   Core 81 'RAM' <Latency = 1> <II = 1> <Delay = 2.32> <Storage> <Opcode : 'load' 'store'> <Ports = 2> <Width = 7> <Depth = 12> <RAM>
ST_1 : Operation 49 [2/2] (2.32ns)   --->   "%buffer_c3_13_load = load i4 %buffer_c3_13_addr" [cnn_hls.cpp:149]   --->   Operation 49 'load' 'buffer_c3_13_load' <Predicate = (!icmp_ln146)> <Delay = 2.32> <CoreInst = "RAM">   --->   Core 81 'RAM' <Latency = 1> <II = 1> <Delay = 2.32> <Storage> <Opcode : 'load' 'store'> <Ports = 2> <Width = 7> <Depth = 12> <RAM>
ST_1 : Operation 50 [2/2] (2.32ns)   --->   "%buffer_c3_14_load = load i4 %buffer_c3_14_addr" [cnn_hls.cpp:149]   --->   Operation 50 'load' 'buffer_c3_14_load' <Predicate = (!icmp_ln146)> <Delay = 2.32> <CoreInst = "RAM">   --->   Core 81 'RAM' <Latency = 1> <II = 1> <Delay = 2.32> <Storage> <Opcode : 'load' 'store'> <Ports = 2> <Width = 7> <Depth = 12> <RAM>
ST_1 : Operation 51 [2/2] (2.32ns)   --->   "%buffer_c3_15_load = load i4 %buffer_c3_15_addr" [cnn_hls.cpp:149]   --->   Operation 51 'load' 'buffer_c3_15_load' <Predicate = (!icmp_ln146)> <Delay = 2.32> <CoreInst = "RAM">   --->   Core 81 'RAM' <Latency = 1> <II = 1> <Delay = 2.32> <Storage> <Opcode : 'load' 'store'> <Ports = 2> <Width = 7> <Depth = 12> <RAM>
ST_1 : Operation 52 [1/1] (1.73ns)   --->   "%add_ln147 = add i4 %select_ln146, i4 1" [cnn_hls.cpp:147]   --->   Operation 52 'add' 'add_ln147' <Predicate = (!icmp_ln146)> <Delay = 1.73> <CoreInst = "Adder">   --->   Core 1 'Adder' <Latency = 0> <II = 1> <Delay = 1.73> <FuncUnit> <Opcode : 'add' 'sub'> <InPorts = 2> <OutPorts = 1>
ST_1 : Operation 53 [1/1] (1.58ns)   --->   "%store_ln146 = store i8 %add_ln146, i8 %indvar_flatten20" [cnn_hls.cpp:146]   --->   Operation 53 'store' 'store_ln146' <Predicate = (!icmp_ln146)> <Delay = 1.58>
ST_1 : Operation 54 [1/1] (1.58ns)   --->   "%store_ln147 = store i4 %add_ln147, i4 %j" [cnn_hls.cpp:147]   --->   Operation 54 'store' 'store_ln147' <Predicate = (!icmp_ln146)> <Delay = 1.58>
ST_1 : Operation 90 [1/1] (1.58ns)   --->   "%ret_ln0 = ret"   --->   Operation 90 'ret' 'ret_ln0' <Predicate = (icmp_ln146)> <Delay = 1.58>

State 2 <SV = 1> <Delay = 8.70>
ST_2 : Operation 55 [1/1] (0.00ns)   --->   "%i_1_load = load i5 %i_1" [cnn_hls.cpp:146]   --->   Operation 55 'load' 'i_1_load' <Predicate = true> <Delay = 0.00>
ST_2 : Operation 56 [1/1] (0.00ns)   --->   "%specloopname_ln0 = specloopname void @_ssdm_op_SpecLoopName, void @VITIS_LOOP_146_13_VITIS_LOOP_147_14_str"   --->   Operation 56 'specloopname' 'specloopname_ln0' <Predicate = true> <Delay = 0.00>
ST_2 : Operation 57 [1/1] (0.00ns)   --->   "%speclooptripcount_ln0 = speclooptripcount void @_ssdm_op_SpecLoopTripCount, i64 192, i64 192, i64 192"   --->   Operation 57 'speclooptripcount' 'speclooptripcount_ln0' <Predicate = true> <Delay = 0.00>
ST_2 : Operation 58 [1/1] (0.00ns) (grouped into LUT with out node add_ln146_1)   --->   "%empty = select i1 %icmp_ln147, i5 1, i5 0" [cnn_hls.cpp:147]   --->   Operation 58 'select' 'empty' <Predicate = true> <Delay = 0.00> <CoreInst = "Sel">   --->   Core 73 'Sel' <Latency = 0> <II = 1> <Delay = 0.99> <FuncUnit> <Opcode : 'select'> <InPorts = 3> <OutPorts = 1>
ST_2 : Operation 59 [1/1] (1.78ns) (out node of the LUT)   --->   "%add_ln146_1 = add i5 %i_1_load, i5 %empty" [cnn_hls.cpp:146]   --->   Operation 59 'add' 'add_ln146_1' <Predicate = true> <Delay = 1.78> <CoreInst = "Adder">   --->   Core 1 'Adder' <Latency = 0> <II = 1> <Delay = 1.78> <FuncUnit> <Opcode : 'add' 'sub'> <InPorts = 2> <OutPorts = 1>
ST_2 : Operation 60 [1/1] (0.00ns)   --->   "%trunc_ln146 = trunc i5 %add_ln146_1" [cnn_hls.cpp:146]   --->   Operation 60 'trunc' 'trunc_ln146' <Predicate = true> <Delay = 0.00>
ST_2 : Operation 61 [1/1] (0.00ns)   --->   "%p_shl = bitconcatenate i8 @_ssdm_op_BitConcatenate.i8.i4.i4, i4 %trunc_ln146, i4 0" [cnn_hls.cpp:147]   --->   Operation 61 'bitconcatenate' 'p_shl' <Predicate = true> <Delay = 0.00>
ST_2 : Operation 62 [1/1] (0.00ns)   --->   "%tmp = bitconcatenate i7 @_ssdm_op_BitConcatenate.i7.i5.i2, i5 %add_ln146_1, i2 0" [cnn_hls.cpp:147]   --->   Operation 62 'bitconcatenate' 'tmp' <Predicate = true> <Delay = 0.00>
ST_2 : Operation 63 [1/1] (0.00ns)   --->   "%zext_ln147 = zext i7 %tmp" [cnn_hls.cpp:147]   --->   Operation 63 'zext' 'zext_ln147' <Predicate = true> <Delay = 0.00>
ST_2 : Operation 64 [1/1] (0.00ns) (grouped into TernaryAdder)   --->   "%sub_ln147 = sub i8 %p_shl, i8 %zext_ln147" [cnn_hls.cpp:147]   --->   Operation 64 'sub' 'sub_ln147' <Predicate = true> <Delay = 0.00> <CoreInst = "TAddSub">   --->   Core 10 'TAddSub' <Latency = 0> <II = 1> <Delay = 1.83> <IPBlock> <Opcode : 'add' 'sub'> <InPorts = 3> <OutPorts = 1> <Sync> <CReg>
ST_2 : Operation 65 [1/1] (0.00ns)   --->   "%zext_ln147_2 = zext i4 %select_ln146" [cnn_hls.cpp:147]   --->   Operation 65 'zext' 'zext_ln147_2' <Predicate = true> <Delay = 0.00>
ST_2 : Operation 66 [1/1] (0.00ns)   --->   "%specpipeline_ln148 = specpipeline void @_ssdm_op_SpecPipeline, i32 1, i32 0, i32 0, i32 0, i32 4294967295, void @empty_4" [cnn_hls.cpp:148]   --->   Operation 66 'specpipeline' 'specpipeline_ln148' <Predicate = true> <Delay = 0.00>
ST_2 : Operation 67 [1/2] ( I:2.32ns O:2.32ns )   --->   "%buffer_c3_load = load i4 %buffer_c3_addr" [cnn_hls.cpp:149]   --->   Operation 67 'load' 'buffer_c3_load' <Predicate = true> <Delay = 2.32> <CoreInst = "RAM">   --->   Core 81 'RAM' <Latency = 1> <II = 1> <Delay = 2.32> <Storage> <Opcode : 'load' 'store'> <Ports = 2> <Width = 7> <Depth = 12> <RAM>
ST_2 : Operation 68 [1/2] ( I:2.32ns O:2.32ns )   --->   "%buffer_c3_1_load = load i4 %buffer_c3_1_addr" [cnn_hls.cpp:149]   --->   Operation 68 'load' 'buffer_c3_1_load' <Predicate = true> <Delay = 2.32> <CoreInst = "RAM">   --->   Core 81 'RAM' <Latency = 1> <II = 1> <Delay = 2.32> <Storage> <Opcode : 'load' 'store'> <Ports = 2> <Width = 7> <Depth = 12> <RAM>
ST_2 : Operation 69 [1/2] ( I:2.32ns O:2.32ns )   --->   "%buffer_c3_2_load = load i4 %buffer_c3_2_addr" [cnn_hls.cpp:149]   --->   Operation 69 'load' 'buffer_c3_2_load' <Predicate = true> <Delay = 2.32> <CoreInst = "RAM">   --->   Core 81 'RAM' <Latency = 1> <II = 1> <Delay = 2.32> <Storage> <Opcode : 'load' 'store'> <Ports = 2> <Width = 7> <Depth = 12> <RAM>
ST_2 : Operation 70 [1/2] ( I:2.32ns O:2.32ns )   --->   "%buffer_c3_3_load = load i4 %buffer_c3_3_addr" [cnn_hls.cpp:149]   --->   Operation 70 'load' 'buffer_c3_3_load' <Predicate = true> <Delay = 2.32> <CoreInst = "RAM">   --->   Core 81 'RAM' <Latency = 1> <II = 1> <Delay = 2.32> <Storage> <Opcode : 'load' 'store'> <Ports = 2> <Width = 7> <Depth = 12> <RAM>
ST_2 : Operation 71 [1/2] ( I:2.32ns O:2.32ns )   --->   "%buffer_c3_4_load = load i4 %buffer_c3_4_addr" [cnn_hls.cpp:149]   --->   Operation 71 'load' 'buffer_c3_4_load' <Predicate = true> <Delay = 2.32> <CoreInst = "RAM">   --->   Core 81 'RAM' <Latency = 1> <II = 1> <Delay = 2.32> <Storage> <Opcode : 'load' 'store'> <Ports = 2> <Width = 7> <Depth = 12> <RAM>
ST_2 : Operation 72 [1/2] ( I:2.32ns O:2.32ns )   --->   "%buffer_c3_5_load = load i4 %buffer_c3_5_addr" [cnn_hls.cpp:149]   --->   Operation 72 'load' 'buffer_c3_5_load' <Predicate = true> <Delay = 2.32> <CoreInst = "RAM">   --->   Core 81 'RAM' <Latency = 1> <II = 1> <Delay = 2.32> <Storage> <Opcode : 'load' 'store'> <Ports = 2> <Width = 7> <Depth = 12> <RAM>
ST_2 : Operation 73 [1/2] ( I:2.32ns O:2.32ns )   --->   "%buffer_c3_6_load = load i4 %buffer_c3_6_addr" [cnn_hls.cpp:149]   --->   Operation 73 'load' 'buffer_c3_6_load' <Predicate = true> <Delay = 2.32> <CoreInst = "RAM">   --->   Core 81 'RAM' <Latency = 1> <II = 1> <Delay = 2.32> <Storage> <Opcode : 'load' 'store'> <Ports = 2> <Width = 7> <Depth = 12> <RAM>
ST_2 : Operation 74 [1/2] ( I:2.32ns O:2.32ns )   --->   "%buffer_c3_7_load = load i4 %buffer_c3_7_addr" [cnn_hls.cpp:149]   --->   Operation 74 'load' 'buffer_c3_7_load' <Predicate = true> <Delay = 2.32> <CoreInst = "RAM">   --->   Core 81 'RAM' <Latency = 1> <II = 1> <Delay = 2.32> <Storage> <Opcode : 'load' 'store'> <Ports = 2> <Width = 7> <Depth = 12> <RAM>
ST_2 : Operation 75 [1/2] ( I:2.32ns O:2.32ns )   --->   "%buffer_c3_8_load = load i4 %buffer_c3_8_addr" [cnn_hls.cpp:149]   --->   Operation 75 'load' 'buffer_c3_8_load' <Predicate = true> <Delay = 2.32> <CoreInst = "RAM">   --->   Core 81 'RAM' <Latency = 1> <II = 1> <Delay = 2.32> <Storage> <Opcode : 'load' 'store'> <Ports = 2> <Width = 7> <Depth = 12> <RAM>
ST_2 : Operation 76 [1/2] ( I:2.32ns O:2.32ns )   --->   "%buffer_c3_9_load = load i4 %buffer_c3_9_addr" [cnn_hls.cpp:149]   --->   Operation 76 'load' 'buffer_c3_9_load' <Predicate = true> <Delay = 2.32> <CoreInst = "RAM">   --->   Core 81 'RAM' <Latency = 1> <II = 1> <Delay = 2.32> <Storage> <Opcode : 'load' 'store'> <Ports = 2> <Width = 7> <Depth = 12> <RAM>
ST_2 : Operation 77 [1/2] ( I:2.32ns O:2.32ns )   --->   "%buffer_c3_10_load = load i4 %buffer_c3_10_addr" [cnn_hls.cpp:149]   --->   Operation 77 'load' 'buffer_c3_10_load' <Predicate = true> <Delay = 2.32> <CoreInst = "RAM">   --->   Core 81 'RAM' <Latency = 1> <II = 1> <Delay = 2.32> <Storage> <Opcode : 'load' 'store'> <Ports = 2> <Width = 7> <Depth = 12> <RAM>
ST_2 : Operation 78 [1/2] ( I:2.32ns O:2.32ns )   --->   "%buffer_c3_11_load = load i4 %buffer_c3_11_addr" [cnn_hls.cpp:149]   --->   Operation 78 'load' 'buffer_c3_11_load' <Predicate = true> <Delay = 2.32> <CoreInst = "RAM">   --->   Core 81 'RAM' <Latency = 1> <II = 1> <Delay = 2.32> <Storage> <Opcode : 'load' 'store'> <Ports = 2> <Width = 7> <Depth = 12> <RAM>
ST_2 : Operation 79 [1/2] ( I:2.32ns O:2.32ns )   --->   "%buffer_c3_12_load = load i4 %buffer_c3_12_addr" [cnn_hls.cpp:149]   --->   Operation 79 'load' 'buffer_c3_12_load' <Predicate = true> <Delay = 2.32> <CoreInst = "RAM">   --->   Core 81 'RAM' <Latency = 1> <II = 1> <Delay = 2.32> <Storage> <Opcode : 'load' 'store'> <Ports = 2> <Width = 7> <Depth = 12> <RAM>
ST_2 : Operation 80 [1/2] ( I:2.32ns O:2.32ns )   --->   "%buffer_c3_13_load = load i4 %buffer_c3_13_addr" [cnn_hls.cpp:149]   --->   Operation 80 'load' 'buffer_c3_13_load' <Predicate = true> <Delay = 2.32> <CoreInst = "RAM">   --->   Core 81 'RAM' <Latency = 1> <II = 1> <Delay = 2.32> <Storage> <Opcode : 'load' 'store'> <Ports = 2> <Width = 7> <Depth = 12> <RAM>
ST_2 : Operation 81 [1/2] ( I:2.32ns O:2.32ns )   --->   "%buffer_c3_14_load = load i4 %buffer_c3_14_addr" [cnn_hls.cpp:149]   --->   Operation 81 'load' 'buffer_c3_14_load' <Predicate = true> <Delay = 2.32> <CoreInst = "RAM">   --->   Core 81 'RAM' <Latency = 1> <II = 1> <Delay = 2.32> <Storage> <Opcode : 'load' 'store'> <Ports = 2> <Width = 7> <Depth = 12> <RAM>
ST_2 : Operation 82 [1/2] ( I:2.32ns O:2.32ns )   --->   "%buffer_c3_15_load = load i4 %buffer_c3_15_addr" [cnn_hls.cpp:149]   --->   Operation 82 'load' 'buffer_c3_15_load' <Predicate = true> <Delay = 2.32> <CoreInst = "RAM">   --->   Core 81 'RAM' <Latency = 1> <II = 1> <Delay = 2.32> <Storage> <Opcode : 'load' 'store'> <Ports = 2> <Width = 7> <Depth = 12> <RAM>
ST_2 : Operation 83 [1/1] (2.06ns)   --->   "%tmp_s = sparsemux i7 @_ssdm_op_SparseMux.ap_auto.16i7.i7.i4, i4 0, i7 %buffer_c3_load, i4 1, i7 %buffer_c3_1_load, i4 2, i7 %buffer_c3_2_load, i4 3, i7 %buffer_c3_3_load, i4 4, i7 %buffer_c3_4_load, i4 5, i7 %buffer_c3_5_load, i4 6, i7 %buffer_c3_6_load, i4 7, i7 %buffer_c3_7_load, i4 8, i7 %buffer_c3_8_load, i4 9, i7 %buffer_c3_9_load, i4 10, i7 %buffer_c3_10_load, i4 11, i7 %buffer_c3_11_load, i4 12, i7 %buffer_c3_12_load, i4 13, i7 %buffer_c3_13_load, i4 14, i7 %buffer_c3_14_load, i4 15, i7 %buffer_c3_15_load, i7 0, i4 %trunc_ln146" [cnn_hls.cpp:149]   --->   Operation 83 'sparsemux' 'tmp_s' <Predicate = true> <Delay = 2.06> <CoreInst = "BinarySparseMux_DontCare">   --->   Core 137 'BinarySparseMux_DontCare' <Latency = 0> <II = 1> <Delay = 2.06> <FuncUnit> <Opcode : 'sparsemux'> <InPorts = 2> <OutPorts = 1>
ST_2 : Operation 84 [1/1] (3.66ns) (root node of TernaryAdder)   --->   "%add_ln149 = add i8 %zext_ln147_2, i8 %sub_ln147" [cnn_hls.cpp:149]   --->   Operation 84 'add' 'add_ln149' <Predicate = true> <Delay = 3.66> <CoreInst = "TAddSub">   --->   Core 10 'TAddSub' <Latency = 0> <II = 1> <Delay = 1.83> <IPBlock> <Opcode : 'add' 'sub'> <InPorts = 3> <OutPorts = 1> <Sync> <CReg>
ST_2 : Operation 85 [1/1] (0.00ns)   --->   "%zext_ln149 = zext i8 %add_ln149" [cnn_hls.cpp:149]   --->   Operation 85 'zext' 'zext_ln149' <Predicate = true> <Delay = 0.00>
ST_2 : Operation 86 [1/1] (0.00ns)   --->   "%flatten_addr = getelementptr i7 %flatten, i64 0, i64 %zext_ln149" [cnn_hls.cpp:149]   --->   Operation 86 'getelementptr' 'flatten_addr' <Predicate = true> <Delay = 0.00>
ST_2 : Operation 87 [1/1] ( I:3.25ns O:3.25ns )   --->   "%store_ln149 = store i7 %tmp_s, i8 %flatten_addr" [cnn_hls.cpp:149]   --->   Operation 87 'store' 'store_ln149' <Predicate = true> <Delay = 3.25> <CoreInst = "RAM">   --->   Core 81 'RAM' <Latency = 1> <II = 1> <Delay = 3.25> <Storage> <Opcode : 'load' 'store'> <Ports = 2> <Width = 7> <Depth = 192> <RAM>
ST_2 : Operation 88 [1/1] (1.58ns)   --->   "%store_ln146 = store i5 %add_ln146_1, i5 %i_1" [cnn_hls.cpp:146]   --->   Operation 88 'store' 'store_ln146' <Predicate = true> <Delay = 1.58>
ST_2 : Operation 89 [1/1] (0.00ns)   --->   "%br_ln147 = br void %for.inc200" [cnn_hls.cpp:147]   --->   Operation 89 'br' 'br_ln147' <Predicate = true> <Delay = 0.00>


============================================================
+ Verbose Summary: Timing violations
============================================================
Target clock period: 20.000ns, clock uncertainty: 5.400ns.

 <State 1>: 7.670ns
The critical path consists of the following:
	'store' operation ('store_ln147', cnn_hls.cpp:147) of constant 0 4 bit on local variable 'j', cnn_hls.cpp:147 [23]  (1.588 ns)
	'load' operation 4 bit ('j_load', cnn_hls.cpp:147) on local variable 'j', cnn_hls.cpp:147 [31]  (0.000 ns)
	'icmp' operation 1 bit ('icmp_ln147', cnn_hls.cpp:147) [35]  (1.735 ns)
	'select' operation 4 bit ('select_ln146', cnn_hls.cpp:146) [36]  (1.024 ns)
	'add' operation 4 bit ('add_ln147', cnn_hls.cpp:147) [84]  (1.735 ns)
	'store' operation ('store_ln147', cnn_hls.cpp:147) of variable 'add_ln147', cnn_hls.cpp:147 4 bit on local variable 'j', cnn_hls.cpp:147 [87]  (1.588 ns)

 <State 2>: 8.703ns
The critical path consists of the following:
	'load' operation 5 bit ('i_1_load', cnn_hls.cpp:146) on local variable 'i', cnn_hls.cpp:146 [32]  (0.000 ns)
	'add' operation 5 bit ('add_ln146_1', cnn_hls.cpp:146) [38]  (1.780 ns)
	'sub' operation 8 bit ('sub_ln147', cnn_hls.cpp:147) [43]  (0.000 ns)
	'add' operation 8 bit ('add_ln149', cnn_hls.cpp:149) [80]  (3.669 ns)
	'getelementptr' operation 8 bit ('flatten_addr', cnn_hls.cpp:149) [82]  (0.000 ns)
	'store' operation ('store_ln149', cnn_hls.cpp:149) of variable 'tmp_s', cnn_hls.cpp:149 7 bit on array 'flatten' [83]  (3.254 ns)


============================================================
+ Verbose Summary: Binding
============================================================
N/A
* FSMD analyzer results:
  - Output states:
 - Input state : 
  - Chain level:
	State 1
	State 2


============================================================
+ Verbose Summary: Datapath Resource usage 
============================================================
N/A
