

================================================================
== Vitis HLS Report for 'tiny_ecg_inference_Pipeline_VITIS_LOOP_49_1'
================================================================
* Date:           Sat Sep  5 11:47:57 2026

* Version:        2026.1 (Build 6493734 on Jun 16 2026)
* Project:        tiny_ecg_hls
* Solution:       solution1 (Vivado IP Flow Target)
* Product family: zynq
* Target device:  xc7z020-clg484-1


================================================================
== Performance Estimates
================================================================
+ Timing: 
    * Summary: 
    +--------+----------+-----------+------------+
    |  Clock |  Target  | Estimated | Uncertainty|
    +--------+----------+-----------+------------+
    |ap_clk  |  20.00 ns|  14.600 ns|     5.40 ns|
    +--------+----------+-----------+------------+

+ Latency: 
    * Summary: 
    +---------+---------+----------+----------+-----+-----+-------------------+
    |  Latency (cycles) |  Latency (absolute) |  Interval |      Pipeline     |
    |   min   |   max   |    min   |    max   | min | max |        Type       |
    +---------+---------+----------+----------+-----+-----+-------------------+
    |       93|       93|  1.860 us|  1.860 us|    0|    0|  loop pipeline stp|
    +---------+---------+----------+----------+-----+-----+-------------------+

    + Detail: 
        * Instance: 
        N/A

        * Loop: 
        +-------------------+---------+---------+----------+-----------+-----------+------+----------+
        |                   |  Latency (cycles) | Iteration|  Initiation Interval  | Trip |          |
        |     Loop Name     |   min   |   max   |  Latency |  achieved |   target  | Count| Pipelined|
        +-------------------+---------+---------+----------+-----------+-----------+------+----------+
        |- VITIS_LOOP_49_1  |       91|       91|         3|          1|          1|    90|       yes|
        +-------------------+---------+---------+----------+-----------+-----------+------+----------+



================================================================
== Utilization Estimates
================================================================
* Summary: 
+-----------------+---------+-----+--------+-------+-----+
|       Name      | BRAM_18K| DSP |   FF   |  LUT  | URAM|
+-----------------+---------+-----+--------+-------+-----+
|DSP              |        -|    -|       -|      -|    -|
|Expression       |        -|    -|       0|     87|    -|
|FIFO             |        -|    -|       -|      -|    -|
|Instance         |        -|    -|       -|      -|    -|
|Memory           |        -|    -|       -|      -|    -|
|Multiplexer      |        -|    -|       0|     72|    -|
|Register         |        -|    -|      49|      -|    -|
+-----------------+---------+-----+--------+-------+-----+
|Total            |        0|    0|      49|    159|    0|
+-----------------+---------+-----+--------+-------+-----+
|Available        |      280|  220|  106400|  53200|    0|
+-----------------+---------+-----+--------+-------+-----+
|Utilization (%)  |        0|    0|      ~0|     ~0|    0|
+-----------------+---------+-----+--------+-------+-----+

+ Detail: 
    * Instance: 
    N/A

    * DSP: 
    N/A

    * Memory: 
    N/A

    * FIFO: 
    N/A

    * Expression: 
    +---------------------------+----------+----+---+----+------------+------------+
    |       Variable Name       | Operation| DSP| FF| LUT| Bitwidth P0| Bitwidth P1|
    +---------------------------+----------+----+---+----+------------+------------+
    |add_ln49_1_fu_254_p2       |         +|   0|  0|  20|          15|           8|
    |add_ln49_2_fu_221_p2       |         +|   0|  0|  14|           7|           1|
    |add_ln49_fu_193_p2         |         +|   0|  0|  14|           7|           1|
    |ap_block_pp0_stage0_11001  |       and|   0|  0|   2|           1|           1|
    |icmp_ln49_1_fu_227_p2      |      icmp|   0|  0|  14|           7|           3|
    |icmp_ln49_fu_187_p2        |      icmp|   0|  0|  14|           7|           7|
    |select_ln49_fu_233_p3      |    select|   0|  0|   7|           1|           1|
    |ap_enable_pp0              |       xor|   0|  0|   2|           1|           2|
    +---------------------------+----------+----+---+----+------------+------------+
    |Total                      |          |   0|  0|  87|          46|          24|
    +---------------------------+----------+----+---+----+------------+------------+

    * Multiplexer: 
    +--------------------------------+----+-----------+-----+-----------+
    |              Name              | LUT| Input Size| Bits| Total Bits|
    +--------------------------------+----+-----------+-----+-----------+
    |DATA_IN_blk_n_R                 |   9|          2|    1|          2|
    |ap_done_int                     |   9|          2|    1|          2|
    |ap_enable_reg_pp0_iter1         |   9|          2|    1|          2|
    |ap_sig_allocacmp_i_1            |   9|          2|    7|         14|
    |ap_sig_allocacmp_phi_urem_load  |   9|          2|    7|         14|
    |i_fu_86                         |   9|          2|    7|         14|
    |phi_mul_fu_82                   |   9|          2|   15|         30|
    |phi_urem_fu_78                  |   9|          2|    7|         14|
    +--------------------------------+----+-----------+-----+-----------+
    |Total                           |  72|         16|   46|         92|
    +--------------------------------+----+-----------+-----+-----------+

    * Register: 
    +-------------------------------------------+----+----+-----+-----------+
    |                    Name                   | FF | LUT| Bits| Const Bits|
    +-------------------------------------------+----+----+-----+-----------+
    |DATA_IN_addr_read_reg_318                  |   8|   0|    8|          0|
    |ap_CS_fsm                                  |   1|   0|    1|          0|
    |ap_block_pp0_stage0_subdone_grp0_done_reg  |   1|   0|    1|          0|
    |ap_done_reg                                |   1|   0|    1|          0|
    |ap_enable_reg_pp0_iter1                    |   1|   0|    1|          0|
    |ap_enable_reg_pp0_iter2                    |   1|   0|    1|          0|
    |ap_loop_exit_ready_pp0_iter1_reg           |   1|   0|    1|          0|
    |i_fu_86                                    |   7|   0|    7|          0|
    |phi_mul_fu_82                              |  15|   0|   15|          0|
    |phi_urem_fu_78                             |   7|   0|    7|          0|
    |trunc_ln49_reg_314                         |   3|   0|    3|          0|
    |trunc_ln49_reg_314_pp0_iter1_reg           |   3|   0|    3|          0|
    +-------------------------------------------+----+----+-----+-----------+
    |Total                                      |  49|   0|   49|          0|
    +-------------------------------------------+----+----+-----+-----------+



================================================================
== Interface
================================================================
* Summary: 
+--------------------------+-----+-----+------------+---------------------------------------------+--------------+
|         RTL Ports        | Dir | Bits|  Protocol  |                Source Object                |    C Type    |
+--------------------------+-----+-----+------------+---------------------------------------------+--------------+
|ap_clk                    |   in|    1|  ap_ctrl_hs|  tiny_ecg_inference_Pipeline_VITIS_LOOP_49_1|  return value|
|ap_rst                    |   in|    1|  ap_ctrl_hs|  tiny_ecg_inference_Pipeline_VITIS_LOOP_49_1|  return value|
|ap_start                  |   in|    1|  ap_ctrl_hs|  tiny_ecg_inference_Pipeline_VITIS_LOOP_49_1|  return value|
|ap_done                   |  out|    1|  ap_ctrl_hs|  tiny_ecg_inference_Pipeline_VITIS_LOOP_49_1|  return value|
|ap_idle                   |  out|    1|  ap_ctrl_hs|  tiny_ecg_inference_Pipeline_VITIS_LOOP_49_1|  return value|
|ap_ready                  |  out|    1|  ap_ctrl_hs|  tiny_ecg_inference_Pipeline_VITIS_LOOP_49_1|  return value|
|m_axi_DATA_IN_0_AWVALID   |  out|    1|       m_axi|                                      DATA_IN|       pointer|
|m_axi_DATA_IN_0_AWREADY   |   in|    1|       m_axi|                                      DATA_IN|       pointer|
|m_axi_DATA_IN_0_AWADDR    |  out|   64|       m_axi|                                      DATA_IN|       pointer|
|m_axi_DATA_IN_0_AWID      |  out|    1|       m_axi|                                      DATA_IN|       pointer|
|m_axi_DATA_IN_0_AWLEN     |  out|   32|       m_axi|                                      DATA_IN|       pointer|
|m_axi_DATA_IN_0_AWSIZE    |  out|    3|       m_axi|                                      DATA_IN|       pointer|
|m_axi_DATA_IN_0_AWBURST   |  out|    2|       m_axi|                                      DATA_IN|       pointer|
|m_axi_DATA_IN_0_AWLOCK    |  out|    2|       m_axi|                                      DATA_IN|       pointer|
|m_axi_DATA_IN_0_AWCACHE   |  out|    4|       m_axi|                                      DATA_IN|       pointer|
|m_axi_DATA_IN_0_AWPROT    |  out|    3|       m_axi|                                      DATA_IN|       pointer|
|m_axi_DATA_IN_0_AWQOS     |  out|    4|       m_axi|                                      DATA_IN|       pointer|
|m_axi_DATA_IN_0_AWREGION  |  out|    4|       m_axi|                                      DATA_IN|       pointer|
|m_axi_DATA_IN_0_AWUSER    |  out|    1|       m_axi|                                      DATA_IN|       pointer|
|m_axi_DATA_IN_0_WVALID    |  out|    1|       m_axi|                                      DATA_IN|       pointer|
|m_axi_DATA_IN_0_WREADY    |   in|    1|       m_axi|                                      DATA_IN|       pointer|
|m_axi_DATA_IN_0_WDATA     |  out|    8|       m_axi|                                      DATA_IN|       pointer|
|m_axi_DATA_IN_0_WSTRB     |  out|    1|       m_axi|                                      DATA_IN|       pointer|
|m_axi_DATA_IN_0_WLAST     |  out|    1|       m_axi|                                      DATA_IN|       pointer|
|m_axi_DATA_IN_0_WID       |  out|    1|       m_axi|                                      DATA_IN|       pointer|
|m_axi_DATA_IN_0_WUSER     |  out|    1|       m_axi|                                      DATA_IN|       pointer|
|m_axi_DATA_IN_0_ARVALID   |  out|    1|       m_axi|                                      DATA_IN|       pointer|
|m_axi_DATA_IN_0_ARREADY   |   in|    1|       m_axi|                                      DATA_IN|       pointer|
|m_axi_DATA_IN_0_ARADDR    |  out|   64|       m_axi|                                      DATA_IN|       pointer|
|m_axi_DATA_IN_0_ARID      |  out|    1|       m_axi|                                      DATA_IN|       pointer|
|m_axi_DATA_IN_0_ARLEN     |  out|   32|       m_axi|                                      DATA_IN|       pointer|
|m_axi_DATA_IN_0_ARSIZE    |  out|    3|       m_axi|                                      DATA_IN|       pointer|
|m_axi_DATA_IN_0_ARBURST   |  out|    2|       m_axi|                                      DATA_IN|       pointer|
|m_axi_DATA_IN_0_ARLOCK    |  out|    2|       m_axi|                                      DATA_IN|       pointer|
|m_axi_DATA_IN_0_ARCACHE   |  out|    4|       m_axi|                                      DATA_IN|       pointer|
|m_axi_DATA_IN_0_ARPROT    |  out|    3|       m_axi|                                      DATA_IN|       pointer|
|m_axi_DATA_IN_0_ARQOS     |  out|    4|       m_axi|                                      DATA_IN|       pointer|
|m_axi_DATA_IN_0_ARREGION  |  out|    4|       m_axi|                                      DATA_IN|       pointer|
|m_axi_DATA_IN_0_ARUSER    |  out|    1|       m_axi|                                      DATA_IN|       pointer|
|m_axi_DATA_IN_0_RVALID    |   in|    1|       m_axi|                                      DATA_IN|       pointer|
|m_axi_DATA_IN_0_RREADY    |  out|    1|       m_axi|                                      DATA_IN|       pointer|
|m_axi_DATA_IN_0_RDATA     |   in|    8|       m_axi|                                      DATA_IN|       pointer|
|m_axi_DATA_IN_0_RLAST     |   in|    1|       m_axi|                                      DATA_IN|       pointer|
|m_axi_DATA_IN_0_RID       |   in|    1|       m_axi|                                      DATA_IN|       pointer|
|m_axi_DATA_IN_0_RFIFONUM  |   in|   11|       m_axi|                                      DATA_IN|       pointer|
|m_axi_DATA_IN_0_RUSER     |   in|    1|       m_axi|                                      DATA_IN|       pointer|
|m_axi_DATA_IN_0_RRESP     |   in|    2|       m_axi|                                      DATA_IN|       pointer|
|m_axi_DATA_IN_0_BVALID    |   in|    1|       m_axi|                                      DATA_IN|       pointer|
|m_axi_DATA_IN_0_BREADY    |  out|    1|       m_axi|                                      DATA_IN|       pointer|
|m_axi_DATA_IN_0_BRESP     |   in|    2|       m_axi|                                      DATA_IN|       pointer|
|m_axi_DATA_IN_0_BID       |   in|    1|       m_axi|                                      DATA_IN|       pointer|
|m_axi_DATA_IN_0_BUSER     |   in|    1|       m_axi|                                      DATA_IN|       pointer|
|input_ecg                 |   in|   64|     ap_none|                                    input_ecg|        scalar|
|local_ecg_4_address0      |  out|    5|   ap_memory|                                  local_ecg_4|         array|
|local_ecg_4_ce0           |  out|    1|   ap_memory|                                  local_ecg_4|         array|
|local_ecg_4_we0           |  out|    1|   ap_memory|                                  local_ecg_4|         array|
|local_ecg_4_d0            |  out|    8|   ap_memory|                                  local_ecg_4|         array|
|local_ecg_3_address0      |  out|    5|   ap_memory|                                  local_ecg_3|         array|
|local_ecg_3_ce0           |  out|    1|   ap_memory|                                  local_ecg_3|         array|
|local_ecg_3_we0           |  out|    1|   ap_memory|                                  local_ecg_3|         array|
|local_ecg_3_d0            |  out|    8|   ap_memory|                                  local_ecg_3|         array|
|local_ecg_2_address0      |  out|    5|   ap_memory|                                  local_ecg_2|         array|
|local_ecg_2_ce0           |  out|    1|   ap_memory|                                  local_ecg_2|         array|
|local_ecg_2_we0           |  out|    1|   ap_memory|                                  local_ecg_2|         array|
|local_ecg_2_d0            |  out|    8|   ap_memory|                                  local_ecg_2|         array|
|local_ecg_1_address0      |  out|    5|   ap_memory|                                  local_ecg_1|         array|
|local_ecg_1_ce0           |  out|    1|   ap_memory|                                  local_ecg_1|         array|
|local_ecg_1_we0           |  out|    1|   ap_memory|                                  local_ecg_1|         array|
|local_ecg_1_d0            |  out|    8|   ap_memory|                                  local_ecg_1|         array|
|local_ecg_address0        |  out|    5|   ap_memory|                                    local_ecg|         array|
|local_ecg_ce0             |  out|    1|   ap_memory|                                    local_ecg|         array|
|local_ecg_we0             |  out|    1|   ap_memory|                                    local_ecg|         array|
|local_ecg_d0              |  out|    8|   ap_memory|                                    local_ecg|         array|
+--------------------------+-----+-----+------------+---------------------------------------------+--------------+

============================================================
+ Verbose Summary: Synthesis Manager
============================================================
InlineROM: 1
ExposeGlobal: 0
============================================================
+ Verbose Summary: CDFG Model
============================================================
IsTopModel: 0
ResetActiveHigh: 1
IsCombinational: 2
IsDatapathOnly: 2
HasWiredReturn: 1
HasMFsm: 2
HasVarLatency: 1
IsPipeline: 0
IsRtlPipelined: 0
IsInstanceOverlapped: 0
IsDontTouch: 0
HasImplIP: 0
IsGatedGlobalClock: 0

+ Individual pipeline summary: 
  * Pipeline-0: initiation interval (II) = 1, depth = 3


============================================================
+ Verbose Summary: Schedule
============================================================
* Number of FSM states : 3
* Pipeline : 1
  Pipeline-0 : II = 1, D = 3, States = { 1 2 3 }
* Dataflow Pipeline: 0

* FSM state transitions: 
1 --> 2 
2 --> 3 
3 --> 

* FSM state operations: 

State 1 <SV = 0> <Delay = 6.03>
ST_1 : Operation 6 [1/1] (0.00ns)   --->   "%phi_urem = alloca i32 1"   --->   Operation 6 'alloca' 'phi_urem' <Predicate = true> <Delay = 0.00>
ST_1 : Operation 7 [1/1] (0.00ns)   --->   "%phi_mul = alloca i32 1"   --->   Operation 7 'alloca' 'phi_mul' <Predicate = true> <Delay = 0.00>
ST_1 : Operation 8 [1/1] (0.00ns)   --->   "%i = alloca i32 1" [cnn_hls.cpp:49]   --->   Operation 8 'alloca' 'i' <Predicate = true> <Delay = 0.00>
ST_1 : Operation 9 [1/1] (0.00ns)   --->   "%specinterface_ln0 = specinterface void @_ssdm_op_SpecInterface, i8 %DATA_IN, void @empty_3, i32 0, i32 0, void @empty_4, i32 0, i32 90, void @empty, void @empty_0, void @empty_4, i32 16, i32 16, i32 16, i32 16, void @empty_4, void @empty_4, i32 4294967295, i32 0, i32 0, i32 1"   --->   Operation 9 'specinterface' 'specinterface_ln0' <Predicate = true> <Delay = 0.00>
ST_1 : Operation 10 [1/1] (0.00ns)   --->   "%input_ecg_read = read i64 @_ssdm_op_Read.ap_auto.i64, i64 %input_ecg"   --->   Operation 10 'read' 'input_ecg_read' <Predicate = true> <Delay = 0.00>
ST_1 : Operation 11 [1/1] (1.58ns)   --->   "%store_ln49 = store i7 0, i7 %i" [cnn_hls.cpp:49]   --->   Operation 11 'store' 'store_ln49' <Predicate = true> <Delay = 1.58>
ST_1 : Operation 12 [1/1] (1.58ns)   --->   "%store_ln0 = store i15 0, i15 %phi_mul"   --->   Operation 12 'store' 'store_ln0' <Predicate = true> <Delay = 1.58>
ST_1 : Operation 13 [1/1] (1.58ns)   --->   "%store_ln0 = store i7 0, i7 %phi_urem"   --->   Operation 13 'store' 'store_ln0' <Predicate = true> <Delay = 1.58>
ST_1 : Operation 14 [1/1] (0.00ns)   --->   "%br_ln0 = br void %for.inc"   --->   Operation 14 'br' 'br_ln0' <Predicate = true> <Delay = 0.00>
ST_1 : Operation 15 [1/1] (0.00ns)   --->   "%phi_urem_load = load i7 %phi_urem" [cnn_hls.cpp:49]   --->   Operation 15 'load' 'phi_urem_load' <Predicate = true> <Delay = 0.00>
ST_1 : Operation 16 [1/1] (0.00ns)   --->   "%i_1 = load i7 %i" [cnn_hls.cpp:49]   --->   Operation 16 'load' 'i_1' <Predicate = true> <Delay = 0.00>
ST_1 : Operation 17 [1/1] (0.00ns)   --->   "%specbitsmap_ln0 = specbitsmap void @_ssdm_op_SpecBitsMap, i8 %DATA_IN"   --->   Operation 17 'specbitsmap' 'specbitsmap_ln0' <Predicate = true> <Delay = 0.00>
ST_1 : Operation 18 [1/1] (1.87ns)   --->   "%icmp_ln49 = icmp_eq  i7 %i_1, i7 90" [cnn_hls.cpp:49]   --->   Operation 18 'icmp' 'icmp_ln49' <Predicate = true> <Delay = 1.87> <CoreInst = "Cmp">   --->   Core 9 'Cmp' <Latency = 0> <II = 1> <Delay = 1.87> <FuncUnit> <Opcode : 'seteq' 'setne' 'setle' 'setge' 'setlt' 'setgt'> <InPorts = 2> <OutPorts = 1>
ST_1 : Operation 19 [1/1] (1.87ns)   --->   "%add_ln49 = add i7 %i_1, i7 1" [cnn_hls.cpp:49]   --->   Operation 19 'add' 'add_ln49' <Predicate = true> <Delay = 1.87> <CoreInst = "Adder">   --->   Core 1 'Adder' <Latency = 0> <II = 1> <Delay = 1.87> <FuncUnit> <Opcode : 'add' 'sub'> <InPorts = 2> <OutPorts = 1>
ST_1 : Operation 20 [1/1] (0.00ns)   --->   "%br_ln49 = br i1 %icmp_ln49, void %for.inc.split, void %VITIS_LOOP_73_4.preheader.exitStub" [cnn_hls.cpp:49]   --->   Operation 20 'br' 'br_ln49' <Predicate = true> <Delay = 0.00>
ST_1 : Operation 21 [1/1] (0.00ns)   --->   "%DATA_IN_addr = getelementptr i8 %DATA_IN, i64 %input_ecg_read" [cnn_hls.cpp:49]   --->   Operation 21 'getelementptr' 'DATA_IN_addr' <Predicate = (!icmp_ln49)> <Delay = 0.00>
ST_1 : Operation 22 [1/1] (0.00ns)   --->   "%trunc_ln49 = trunc i7 %phi_urem_load" [cnn_hls.cpp:49]   --->   Operation 22 'trunc' 'trunc_ln49' <Predicate = (!icmp_ln49)> <Delay = 0.00>
ST_1 : Operation 23 [1/1] (1.65ns)   --->   "%switch_ln51 = switch i3 %trunc_ln49, void %arrayidx2.case.4, i3 0, void %arrayidx2.case.0, i3 1, void %arrayidx2.case.1, i3 2, void %arrayidx2.case.2, i3 3, void %arrayidx2.case.3" [cnn_hls.cpp:51]   --->   Operation 23 'switch' 'switch_ln51' <Predicate = (!icmp_ln49)> <Delay = 1.65>
ST_1 : Operation 24 [1/1] (1.87ns)   --->   "%add_ln49_2 = add i7 %phi_urem_load, i7 1" [cnn_hls.cpp:49]   --->   Operation 24 'add' 'add_ln49_2' <Predicate = (!icmp_ln49)> <Delay = 1.87> <CoreInst = "Adder">   --->   Core 1 'Adder' <Latency = 0> <II = 1> <Delay = 1.87> <FuncUnit> <Opcode : 'add' 'sub'> <InPorts = 2> <OutPorts = 1>
ST_1 : Operation 25 [1/1] (1.87ns)   --->   "%icmp_ln49_1 = icmp_eq  i7 %phi_urem_load, i7 4" [cnn_hls.cpp:49]   --->   Operation 25 'icmp' 'icmp_ln49_1' <Predicate = (!icmp_ln49)> <Delay = 1.87> <CoreInst = "Cmp">   --->   Core 9 'Cmp' <Latency = 0> <II = 1> <Delay = 1.87> <FuncUnit> <Opcode : 'seteq' 'setne' 'setle' 'setge' 'setlt' 'setgt'> <InPorts = 2> <OutPorts = 1>
ST_1 : Operation 26 [1/1] (0.99ns)   --->   "%select_ln49 = select i1 %icmp_ln49_1, i7 0, i7 %add_ln49_2" [cnn_hls.cpp:49]   --->   Operation 26 'select' 'select_ln49' <Predicate = (!icmp_ln49)> <Delay = 0.99> <CoreInst = "Sel">   --->   Core 73 'Sel' <Latency = 0> <II = 1> <Delay = 0.99> <FuncUnit> <Opcode : 'select'> <InPorts = 3> <OutPorts = 1>
ST_1 : Operation 27 [1/1] (1.58ns)   --->   "%store_ln49 = store i7 %add_ln49, i7 %i" [cnn_hls.cpp:49]   --->   Operation 27 'store' 'store_ln49' <Predicate = (!icmp_ln49)> <Delay = 1.58>
ST_1 : Operation 28 [1/1] (1.58ns)   --->   "%store_ln49 = store i7 %select_ln49, i7 %phi_urem" [cnn_hls.cpp:49]   --->   Operation 28 'store' 'store_ln49' <Predicate = (!icmp_ln49)> <Delay = 1.58>

State 2 <SV = 1> <Delay = 14.6>
ST_2 : Operation 29 [1/1] ( I:14.6ns O:14.6ns )   --->   "%DATA_IN_addr_read = read i8 @_ssdm_op_Read.m_axi.i8.p1i8, i64 %DATA_IN_addr" [cnn_hls.cpp:51]   --->   Operation 29 'read' 'DATA_IN_addr_read' <Predicate = true> <Delay = 14.6> <CoreInst = "m_axi">   --->   Core 111 'm_axi' <Latency = 3> <II = 1> <Delay = 1.00> <Adapter> <Opcode : 'readrequnaligned' 'writerequnaligned' 'read' 'write' 'readreq' 'writereq' 'writeresp'>
ST_2 : Operation 54 [1/1] (1.58ns)   --->   "%ret_ln0 = ret"   --->   Operation 54 'ret' 'ret_ln0' <Predicate = (icmp_ln49)> <Delay = 1.58>

State 3 <SV = 2> <Delay = 3.53>
ST_3 : Operation 30 [1/1] (0.00ns)   --->   "%phi_mul_load = load i15 %phi_mul" [cnn_hls.cpp:49]   --->   Operation 30 'load' 'phi_mul_load' <Predicate = true> <Delay = 0.00>
ST_3 : Operation 31 [1/1] (0.00ns)   --->   "%specpipeline_ln50 = specpipeline void @_ssdm_op_SpecPipeline, i32 1, i32 0, i32 0, i32 0, i32 4294967295, void @empty_4" [cnn_hls.cpp:50]   --->   Operation 31 'specpipeline' 'specpipeline_ln50' <Predicate = true> <Delay = 0.00>
ST_3 : Operation 32 [1/1] (0.00ns)   --->   "%speclooptripcount_ln49 = speclooptripcount void @_ssdm_op_SpecLoopTripCount, i64 90, i64 90, i64 90" [cnn_hls.cpp:49]   --->   Operation 32 'speclooptripcount' 'speclooptripcount_ln49' <Predicate = true> <Delay = 0.00>
ST_3 : Operation 33 [1/1] (0.00ns)   --->   "%specloopname_ln49 = specloopname void @_ssdm_op_SpecLoopName, void @empty_7" [cnn_hls.cpp:49]   --->   Operation 33 'specloopname' 'specloopname_ln49' <Predicate = true> <Delay = 0.00>
ST_3 : Operation 34 [1/1] (1.94ns)   --->   "%add_ln49_1 = add i15 %phi_mul_load, i15 205" [cnn_hls.cpp:49]   --->   Operation 34 'add' 'add_ln49_1' <Predicate = true> <Delay = 1.94> <CoreInst = "Adder">   --->   Core 1 'Adder' <Latency = 0> <II = 1> <Delay = 1.94> <FuncUnit> <Opcode : 'add' 'sub'> <InPorts = 2> <OutPorts = 1>
ST_3 : Operation 35 [1/1] (0.00ns)   --->   "%tmp = partselect i5 @_ssdm_op_PartSelect.i5.i15.i32.i32, i15 %phi_mul_load, i32 10, i32 14" [cnn_hls.cpp:49]   --->   Operation 35 'partselect' 'tmp' <Predicate = true> <Delay = 0.00>
ST_3 : Operation 36 [1/1] (0.00ns)   --->   "%zext_ln49 = zext i5 %tmp" [cnn_hls.cpp:49]   --->   Operation 36 'zext' 'zext_ln49' <Predicate = true> <Delay = 0.00>
ST_3 : Operation 37 [1/1] (0.00ns)   --->   "%local_ecg_addr = getelementptr i8 %local_ecg, i64 0, i64 %zext_ln49" [cnn_hls.cpp:51]   --->   Operation 37 'getelementptr' 'local_ecg_addr' <Predicate = true> <Delay = 0.00>
ST_3 : Operation 38 [1/1] (0.00ns)   --->   "%local_ecg_1_addr = getelementptr i8 %local_ecg_1, i64 0, i64 %zext_ln49" [cnn_hls.cpp:51]   --->   Operation 38 'getelementptr' 'local_ecg_1_addr' <Predicate = true> <Delay = 0.00>
ST_3 : Operation 39 [1/1] (0.00ns)   --->   "%local_ecg_2_addr = getelementptr i8 %local_ecg_2, i64 0, i64 %zext_ln49" [cnn_hls.cpp:51]   --->   Operation 39 'getelementptr' 'local_ecg_2_addr' <Predicate = true> <Delay = 0.00>
ST_3 : Operation 40 [1/1] (0.00ns)   --->   "%local_ecg_3_addr = getelementptr i8 %local_ecg_3, i64 0, i64 %zext_ln49" [cnn_hls.cpp:51]   --->   Operation 40 'getelementptr' 'local_ecg_3_addr' <Predicate = true> <Delay = 0.00>
ST_3 : Operation 41 [1/1] (0.00ns)   --->   "%local_ecg_4_addr = getelementptr i8 %local_ecg_4, i64 0, i64 %zext_ln49" [cnn_hls.cpp:51]   --->   Operation 41 'getelementptr' 'local_ecg_4_addr' <Predicate = true> <Delay = 0.00>
ST_3 : Operation 42 [1/1] ( I:2.32ns O:2.32ns )   --->   "%store_ln51 = store i8 %DATA_IN_addr_read, i5 %local_ecg_3_addr" [cnn_hls.cpp:51]   --->   Operation 42 'store' 'store_ln51' <Predicate = (trunc_ln49 == 3)> <Delay = 2.32> <CoreInst = "RAM">   --->   Core 81 'RAM' <Latency = 1> <II = 1> <Delay = 2.32> <Storage> <Opcode : 'load' 'store'> <Ports = 2> <Width = 8> <Depth = 18> <RAM>
ST_3 : Operation 43 [1/1] (0.00ns)   --->   "%br_ln51 = br void %arrayidx2.exit" [cnn_hls.cpp:51]   --->   Operation 43 'br' 'br_ln51' <Predicate = (trunc_ln49 == 3)> <Delay = 0.00>
ST_3 : Operation 44 [1/1] ( I:2.32ns O:2.32ns )   --->   "%store_ln51 = store i8 %DATA_IN_addr_read, i5 %local_ecg_2_addr" [cnn_hls.cpp:51]   --->   Operation 44 'store' 'store_ln51' <Predicate = (trunc_ln49 == 2)> <Delay = 2.32> <CoreInst = "RAM">   --->   Core 81 'RAM' <Latency = 1> <II = 1> <Delay = 2.32> <Storage> <Opcode : 'load' 'store'> <Ports = 2> <Width = 8> <Depth = 18> <RAM>
ST_3 : Operation 45 [1/1] (0.00ns)   --->   "%br_ln51 = br void %arrayidx2.exit" [cnn_hls.cpp:51]   --->   Operation 45 'br' 'br_ln51' <Predicate = (trunc_ln49 == 2)> <Delay = 0.00>
ST_3 : Operation 46 [1/1] ( I:2.32ns O:2.32ns )   --->   "%store_ln51 = store i8 %DATA_IN_addr_read, i5 %local_ecg_1_addr" [cnn_hls.cpp:51]   --->   Operation 46 'store' 'store_ln51' <Predicate = (trunc_ln49 == 1)> <Delay = 2.32> <CoreInst = "RAM">   --->   Core 81 'RAM' <Latency = 1> <II = 1> <Delay = 2.32> <Storage> <Opcode : 'load' 'store'> <Ports = 2> <Width = 8> <Depth = 18> <RAM>
ST_3 : Operation 47 [1/1] (0.00ns)   --->   "%br_ln51 = br void %arrayidx2.exit" [cnn_hls.cpp:51]   --->   Operation 47 'br' 'br_ln51' <Predicate = (trunc_ln49 == 1)> <Delay = 0.00>
ST_3 : Operation 48 [1/1] ( I:2.32ns O:2.32ns )   --->   "%store_ln51 = store i8 %DATA_IN_addr_read, i5 %local_ecg_addr" [cnn_hls.cpp:51]   --->   Operation 48 'store' 'store_ln51' <Predicate = (trunc_ln49 == 0)> <Delay = 2.32> <CoreInst = "RAM">   --->   Core 81 'RAM' <Latency = 1> <II = 1> <Delay = 2.32> <Storage> <Opcode : 'load' 'store'> <Ports = 2> <Width = 8> <Depth = 18> <RAM>
ST_3 : Operation 49 [1/1] (0.00ns)   --->   "%br_ln51 = br void %arrayidx2.exit" [cnn_hls.cpp:51]   --->   Operation 49 'br' 'br_ln51' <Predicate = (trunc_ln49 == 0)> <Delay = 0.00>
ST_3 : Operation 50 [1/1] ( I:2.32ns O:2.32ns )   --->   "%store_ln51 = store i8 %DATA_IN_addr_read, i5 %local_ecg_4_addr" [cnn_hls.cpp:51]   --->   Operation 50 'store' 'store_ln51' <Predicate = (trunc_ln49 != 0 & trunc_ln49 != 1 & trunc_ln49 != 2 & trunc_ln49 != 3)> <Delay = 2.32> <CoreInst = "RAM">   --->   Core 81 'RAM' <Latency = 1> <II = 1> <Delay = 2.32> <Storage> <Opcode : 'load' 'store'> <Ports = 2> <Width = 8> <Depth = 18> <RAM>
ST_3 : Operation 51 [1/1] (0.00ns)   --->   "%br_ln51 = br void %arrayidx2.exit" [cnn_hls.cpp:51]   --->   Operation 51 'br' 'br_ln51' <Predicate = (trunc_ln49 != 0 & trunc_ln49 != 1 & trunc_ln49 != 2 & trunc_ln49 != 3)> <Delay = 0.00>
ST_3 : Operation 52 [1/1] (1.58ns)   --->   "%store_ln49 = store i15 %add_ln49_1, i15 %phi_mul" [cnn_hls.cpp:49]   --->   Operation 52 'store' 'store_ln49' <Predicate = true> <Delay = 1.58>
ST_3 : Operation 53 [1/1] (0.00ns)   --->   "%br_ln49 = br void %for.inc" [cnn_hls.cpp:49]   --->   Operation 53 'br' 'br_ln49' <Predicate = true> <Delay = 0.00>


============================================================
+ Verbose Summary: Binding
============================================================
STG Binding: 
---------------- STG Properties BEGIN ----------------
- Is combinational: 0
- Is one-state seq: 0
- Is datapath-only: 0
- Is pipelined: 0
- Is top level: 0
Port [ Return ] is wired: 1; IO mode=ap_ctrl_hs:ce=0
Port [ DATA_IN]:  wired=1; compound=1; hidden=0; nouse=0; global=0; static=0; extern=0; dir=0; type=4; pingpong=0; private_global=0; IO mode=m_axi:ce=0
Port [ input_ecg]:  wired=1; compound=0; hidden=0; nouse=0; global=0; static=0; extern=0; dir=0; type=0; pingpong=0; private_global=0; IO mode=ap_none:ce=0
Port [ local_ecg_4]:  wired=1; compound=1; hidden=0; nouse=0; global=0; static=0; extern=0; dir=1; type=1; pingpong=0; private_global=0; MemPort=[03]; IO mode=ap_memory:ce=0
Port [ local_ecg_3]:  wired=1; compound=1; hidden=0; nouse=0; global=0; static=0; extern=0; dir=1; type=1; pingpong=0; private_global=0; MemPort=[03]; IO mode=ap_memory:ce=0
Port [ local_ecg_2]:  wired=1; compound=1; hidden=0; nouse=0; global=0; static=0; extern=0; dir=1; type=1; pingpong=0; private_global=0; MemPort=[03]; IO mode=ap_memory:ce=0
Port [ local_ecg_1]:  wired=1; compound=1; hidden=0; nouse=0; global=0; static=0; extern=0; dir=1; type=1; pingpong=0; private_global=0; MemPort=[03]; IO mode=ap_memory:ce=0
Port [ local_ecg]:  wired=1; compound=1; hidden=0; nouse=0; global=0; static=0; extern=0; dir=1; type=1; pingpong=0; private_global=0; MemPort=[03]; IO mode=ap_memory:ce=0
---------------- STG Properties END ------------------

---------------- Datapath Model BEGIN ----------------

<LifeTime>
<method=bitvector/>
phi_urem               (alloca           ) [ 0100]
phi_mul                (alloca           ) [ 0111]
i                      (alloca           ) [ 0100]
specinterface_ln0      (specinterface    ) [ 0000]
input_ecg_read         (read             ) [ 0000]
store_ln49             (store            ) [ 0000]
store_ln0              (store            ) [ 0000]
store_ln0              (store            ) [ 0000]
br_ln0                 (br               ) [ 0000]
phi_urem_load          (load             ) [ 0000]
i_1                    (load             ) [ 0000]
specbitsmap_ln0        (specbitsmap      ) [ 0000]
icmp_ln49              (icmp             ) [ 0110]
add_ln49               (add              ) [ 0000]
br_ln49                (br               ) [ 0000]
DATA_IN_addr           (getelementptr    ) [ 0110]
trunc_ln49             (trunc            ) [ 0111]
switch_ln51            (switch           ) [ 0000]
add_ln49_2             (add              ) [ 0000]
icmp_ln49_1            (icmp             ) [ 0000]
select_ln49            (select           ) [ 0000]
store_ln49             (store            ) [ 0000]
store_ln49             (store            ) [ 0000]
DATA_IN_addr_read      (read             ) [ 0101]
phi_mul_load           (load             ) [ 0000]
specpipeline_ln50      (specpipeline     ) [ 0000]
speclooptripcount_ln49 (speclooptripcount) [ 0000]
specloopname_ln49      (specloopname     ) [ 0000]
add_ln49_1             (add              ) [ 0000]
tmp                    (partselect       ) [ 0000]
zext_ln49              (zext             ) [ 0000]
local_ecg_addr         (getelementptr    ) [ 0000]
local_ecg_1_addr       (getelementptr    ) [ 0000]
local_ecg_2_addr       (getelementptr    ) [ 0000]
local_ecg_3_addr       (getelementptr    ) [ 0000]
local_ecg_4_addr       (getelementptr    ) [ 0000]
store_ln51             (store            ) [ 0000]
br_ln51                (br               ) [ 0000]
store_ln51             (store            ) [ 0000]
br_ln51                (br               ) [ 0000]
store_ln51             (store            ) [ 0000]
br_ln51                (br               ) [ 0000]
store_ln51             (store            ) [ 0000]
br_ln51                (br               ) [ 0000]
store_ln51             (store            ) [ 0000]
br_ln51                (br               ) [ 0000]
store_ln49             (store            ) [ 0000]
br_ln49                (br               ) [ 0000]
ret_ln0                (ret              ) [ 0000]
</LifeTime>

<model>

<comp_list>
<comp id="0" class="1000" name="DATA_IN">
<pin_list>
<pin id="1" dir="1" index="0" bw="1" slack="0"/>
</pin_list>
<bind>
<StgValue><ssdm name="DATA_IN"/><MemPortTyVec>0 </MemPortTyVec>
</StgValue>
</bind>
</comp>

<comp id="2" class="1000" name="input_ecg">
<pin_list>
<pin id="3" dir="1" index="0" bw="1" slack="0"/>
</pin_list>
<bind>
<StgValue><ssdm name="input_ecg"/></StgValue>
</bind>
</comp>

<comp id="4" class="1000" name="local_ecg_4">
<pin_list>
<pin id="5" dir="1" index="0" bw="1" slack="0"/>
</pin_list>
<bind>
<StgValue><ssdm name="local_ecg_4"/><MemPortTyVec>0 3 </MemPortTyVec>
</StgValue>
</bind>
</comp>

<comp id="6" class="1000" name="local_ecg_3">
<pin_list>
<pin id="7" dir="1" index="0" bw="1" slack="0"/>
</pin_list>
<bind>
<StgValue><ssdm name="local_ecg_3"/><MemPortTyVec>0 3 </MemPortTyVec>
</StgValue>
</bind>
</comp>

<comp id="8" class="1000" name="local_ecg_2">
<pin_list>
<pin id="9" dir="1" index="0" bw="1" slack="0"/>
</pin_list>
<bind>
<StgValue><ssdm name="local_ecg_2"/><MemPortTyVec>0 3 </MemPortTyVec>
</StgValue>
</bind>
</comp>

<comp id="10" class="1000" name="local_ecg_1">
<pin_list>
<pin id="11" dir="1" index="0" bw="1" slack="0"/>
</pin_list>
<bind>
<StgValue><ssdm name="local_ecg_1"/><MemPortTyVec>0 3 </MemPortTyVec>
</StgValue>
</bind>
</comp>

<comp id="12" class="1000" name="local_ecg">
<pin_list>
<pin id="13" dir="1" index="0" bw="1" slack="0"/>
</pin_list>
<bind>
<StgValue><ssdm name="local_ecg"/><MemPortTyVec>0 3 </MemPortTyVec>
</StgValue>
</bind>
</comp>

<comp id="14" class="1001" name="const_14">
<pin_list>
<pin id="15" dir="1" index="0" bw="1" slack="0"/>
</pin_list>
<bind>
<StgValue><ssdm name=""/></StgValue>
</bind>
</comp>

<comp id="16" class="1001" name="const_16">
<pin_list>
<pin id="17" dir="1" index="0" bw="1" slack="2147483647"/>
</pin_list>
<bind>
<StgValue><ssdm name="_ssdm_op_SpecInterface"/></StgValue>
</bind>
</comp>

<comp id="18" class="1001" name="const_18">
<pin_list>
<pin id="19" dir="1" index="0" bw="1" slack="2147483647"/>
</pin_list>
<bind>
<StgValue><ssdm name="empty_3"/></StgValue>
</bind>
</comp>

<comp id="20" class="1001" name="const_20">
<pin_list>
<pin id="21" dir="1" index="0" bw="1" slack="2147483647"/>
</pin_list>
<bind>
<StgValue><ssdm name=""/></StgValue>
</bind>
</comp>

<comp id="22" class="1001" name="const_22">
<pin_list>
<pin id="23" dir="1" index="0" bw="1" slack="2147483647"/>
</pin_list>
<bind>
<StgValue><ssdm name="empty_4"/></StgValue>
</bind>
</comp>

<comp id="24" class="1001" name="const_24">
<pin_list>
<pin id="25" dir="1" index="0" bw="1" slack="2147483647"/>
</pin_list>
<bind>
<StgValue><ssdm name=""/></StgValue>
</bind>
</comp>

<comp id="26" class="1001" name="const_26">
<pin_list>
<pin id="27" dir="1" index="0" bw="1" slack="2147483647"/>
</pin_list>
<bind>
<StgValue><ssdm name="empty"/></StgValue>
</bind>
</comp>

<comp id="28" class="1001" name="const_28">
<pin_list>
<pin id="29" dir="1" index="0" bw="1" slack="2147483647"/>
</pin_list>
<bind>
<StgValue><ssdm name="empty_0"/></StgValue>
</bind>
</comp>

<comp id="30" class="1001" name="const_30">
<pin_list>
<pin id="31" dir="1" index="0" bw="1" slack="2147483647"/>
</pin_list>
<bind>
<StgValue><ssdm name=""/></StgValue>
</bind>
</comp>

<comp id="32" class="1001" name="const_32">
<pin_list>
<pin id="33" dir="1" index="0" bw="1" slack="2147483647"/>
</pin_list>
<bind>
<StgValue><ssdm name=""/></StgValue>
</bind>
</comp>

<comp id="34" class="1001" name="const_34">
<pin_list>
<pin id="35" dir="1" index="0" bw="1" slack="0"/>
</pin_list>
<bind>
<StgValue><ssdm name="_ssdm_op_Read.ap_auto.i64"/></StgValue>
</bind>
</comp>

<comp id="36" class="1001" name="const_36">
<pin_list>
<pin id="37" dir="1" index="0" bw="1" slack="0"/>
</pin_list>
<bind>
<StgValue><ssdm name=""/></StgValue>
</bind>
</comp>

<comp id="38" class="1001" name="const_38">
<pin_list>
<pin id="39" dir="1" index="0" bw="1" slack="0"/>
</pin_list>
<bind>
<StgValue><ssdm name=""/></StgValue>
</bind>
</comp>

<comp id="40" class="1001" name="const_40">
<pin_list>
<pin id="41" dir="1" index="0" bw="1" slack="2147483647"/>
</pin_list>
<bind>
<StgValue><ssdm name="_ssdm_op_SpecBitsMap"/></StgValue>
</bind>
</comp>

<comp id="42" class="1001" name="const_42">
<pin_list>
<pin id="43" dir="1" index="0" bw="1" slack="0"/>
</pin_list>
<bind>
<StgValue><ssdm name=""/></StgValue>
</bind>
</comp>

<comp id="44" class="1001" name="const_44">
<pin_list>
<pin id="45" dir="1" index="0" bw="1" slack="0"/>
</pin_list>
<bind>
<StgValue><ssdm name=""/></StgValue>
</bind>
</comp>

<comp id="46" class="1001" name="const_46">
<pin_list>
<pin id="47" dir="1" index="0" bw="1" slack="0"/>
</pin_list>
<bind>
<StgValue><ssdm name=""/></StgValue>
</bind>
</comp>

<comp id="48" class="1001" name="const_48">
<pin_list>
<pin id="49" dir="1" index="0" bw="1" slack="0"/>
</pin_list>
<bind>
<StgValue><ssdm name=""/></StgValue>
</bind>
</comp>

<comp id="50" class="1001" name="const_50">
<pin_list>
<pin id="51" dir="1" index="0" bw="1" slack="0"/>
</pin_list>
<bind>
<StgValue><ssdm name=""/></StgValue>
</bind>
</comp>

<comp id="52" class="1001" name="const_52">
<pin_list>
<pin id="53" dir="1" index="0" bw="1" slack="0"/>
</pin_list>
<bind>
<StgValue><ssdm name=""/></StgValue>
</bind>
</comp>

<comp id="54" class="1001" name="const_54">
<pin_list>
<pin id="55" dir="1" index="0" bw="1" slack="0"/>
</pin_list>
<bind>
<StgValue><ssdm name=""/></StgValue>
</bind>
</comp>

<comp id="56" class="1001" name="const_56">
<pin_list>
<pin id="57" dir="1" index="0" bw="1" slack="0"/>
</pin_list>
<bind>
<StgValue><ssdm name="_ssdm_op_Read.m_axi.i8.p1i8"/></StgValue>
</bind>
</comp>

<comp id="58" class="1001" name="const_58">
<pin_list>
<pin id="59" dir="1" index="0" bw="1" slack="2147483647"/>
</pin_list>
<bind>
<StgValue><ssdm name="_ssdm_op_SpecPipeline"/></StgValue>
</bind>
</comp>

<comp id="60" class="1001" name="const_60">
<pin_list>
<pin id="61" dir="1" index="0" bw="1" slack="2147483647"/>
</pin_list>
<bind>
<StgValue><ssdm name="_ssdm_op_SpecLoopTripCount"/></StgValue>
</bind>
</comp>

<comp id="62" class="1001" name="const_62">
<pin_list>
<pin id="63" dir="1" index="0" bw="1" slack="2147483647"/>
</pin_list>
<bind>
<StgValue><ssdm name=""/></StgValue>
</bind>
</comp>

<comp id="64" class="1001" name="const_64">
<pin_list>
<pin id="65" dir="1" index="0" bw="1" slack="2147483647"/>
</pin_list>
<bind>
<StgValue><ssdm name="_ssdm_op_SpecLoopName"/></StgValue>
</bind>
</comp>

<comp id="66" class="1001" name="const_66">
<pin_list>
<pin id="67" dir="1" index="0" bw="1" slack="2147483647"/>
</pin_list>
<bind>
<StgValue><ssdm name="empty_7"/></StgValue>
</bind>
</comp>

<comp id="68" class="1001" name="const_68">
<pin_list>
<pin id="69" dir="1" index="0" bw="1" slack="0"/>
</pin_list>
<bind>
<StgValue><ssdm name=""/></StgValue>
</bind>
</comp>

<comp id="70" class="1001" name="const_70">
<pin_list>
<pin id="71" dir="1" index="0" bw="1" slack="0"/>
</pin_list>
<bind>
<StgValue><ssdm name="_ssdm_op_PartSelect.i5.i15.i32.i32"/></StgValue>
</bind>
</comp>

<comp id="72" class="1001" name="const_72">
<pin_list>
<pin id="73" dir="1" index="0" bw="1" slack="0"/>
</pin_list>
<bind>
<StgValue><ssdm name=""/></StgValue>
</bind>
</comp>

<comp id="74" class="1001" name="const_74">
<pin_list>
<pin id="75" dir="1" index="0" bw="1" slack="0"/>
</pin_list>
<bind>
<StgValue><ssdm name=""/></StgValue>
</bind>
</comp>

<comp id="76" class="1001" name="const_76">
<pin_list>
<pin id="77" dir="1" index="0" bw="1" slack="0"/>
</pin_list>
<bind>
<StgValue><ssdm name=""/></StgValue>
</bind>
</comp>

<comp id="78" class="1004" name="phi_urem_fu_78">
<pin_list>
<pin id="79" dir="0" index="0" bw="1" slack="0"/>
<pin id="80" dir="1" index="1" bw="7" slack="0"/>
</pin_list>
<bind>
<opcode="alloca(26) " fcode="alloca"/>
<opset="phi_urem/1 "/>
</bind>
</comp>

<comp id="82" class="1004" name="phi_mul_fu_82">
<pin_list>
<pin id="83" dir="0" index="0" bw="1" slack="0"/>
<pin id="84" dir="1" index="1" bw="15" slack="0"/>
</pin_list>
<bind>
<opcode="alloca(26) " fcode="alloca"/>
<opset="phi_mul/1 "/>
</bind>
</comp>

<comp id="86" class="1004" name="i_fu_86">
<pin_list>
<pin id="87" dir="0" index="0" bw="1" slack="0"/>
<pin id="88" dir="1" index="1" bw="7" slack="0"/>
</pin_list>
<bind>
<opcode="alloca(26) " fcode="alloca"/>
<opset="i/1 "/>
</bind>
</comp>

<comp id="90" class="1004" name="input_ecg_read_read_fu_90">
<pin_list>
<pin id="91" dir="0" index="0" bw="64" slack="0"/>
<pin id="92" dir="0" index="1" bw="64" slack="0"/>
<pin id="93" dir="1" index="2" bw="64" slack="0"/>
</pin_list>
<bind>
<opcode="read(1150) " fcode="read"/>
<opset="input_ecg_read/1 "/>
</bind>
</comp>

<comp id="96" class="1004" name="local_ecg_addr_gep_fu_96">
<pin_list>
<pin id="97" dir="0" index="0" bw="8" slack="0"/>
<pin id="98" dir="0" index="1" bw="1" slack="0"/>
<pin id="99" dir="0" index="2" bw="5" slack="0"/>
<pin id="100" dir="1" index="3" bw="5" slack="0"/>
</pin_list>
<bind>
<opcode="getelementptr(29) " fcode="getelementptr"/>
<opset="local_ecg_addr/3 "/>
</bind>
</comp>

<comp id="103" class="1004" name="local_ecg_1_addr_gep_fu_103">
<pin_list>
<pin id="104" dir="0" index="0" bw="8" slack="0"/>
<pin id="105" dir="0" index="1" bw="1" slack="0"/>
<pin id="106" dir="0" index="2" bw="5" slack="0"/>
<pin id="107" dir="1" index="3" bw="5" slack="0"/>
</pin_list>
<bind>
<opcode="getelementptr(29) " fcode="getelementptr"/>
<opset="local_ecg_1_addr/3 "/>
</bind>
</comp>

<comp id="110" class="1004" name="local_ecg_2_addr_gep_fu_110">
<pin_list>
<pin id="111" dir="0" index="0" bw="8" slack="0"/>
<pin id="112" dir="0" index="1" bw="1" slack="0"/>
<pin id="113" dir="0" index="2" bw="5" slack="0"/>
<pin id="114" dir="1" index="3" bw="5" slack="0"/>
</pin_list>
<bind>
<opcode="getelementptr(29) " fcode="getelementptr"/>
<opset="local_ecg_2_addr/3 "/>
</bind>
</comp>

<comp id="117" class="1004" name="local_ecg_3_addr_gep_fu_117">
<pin_list>
<pin id="118" dir="0" index="0" bw="8" slack="0"/>
<pin id="119" dir="0" index="1" bw="1" slack="0"/>
<pin id="120" dir="0" index="2" bw="5" slack="0"/>
<pin id="121" dir="1" index="3" bw="5" slack="0"/>
</pin_list>
<bind>
<opcode="getelementptr(29) " fcode="getelementptr"/>
<opset="local_ecg_3_addr/3 "/>
</bind>
</comp>

<comp id="124" class="1004" name="local_ecg_4_addr_gep_fu_124">
<pin_list>
<pin id="125" dir="0" index="0" bw="8" slack="0"/>
<pin id="126" dir="0" index="1" bw="1" slack="0"/>
<pin id="127" dir="0" index="2" bw="5" slack="0"/>
<pin id="128" dir="1" index="3" bw="5" slack="0"/>
</pin_list>
<bind>
<opcode="getelementptr(29) " fcode="getelementptr"/>
<opset="local_ecg_4_addr/3 "/>
</bind>
</comp>

<comp id="131" class="1004" name="store_ln51_access_fu_131">
<pin_list>
<pin id="132" dir="0" index="0" bw="5" slack="0"/>
<pin id="133" dir="0" index="1" bw="8" slack="1"/>
<pin id="134" dir="0" index="2" bw="0" slack="2147483647"/>
<pin id="135" dir="1" index="3" bw="8" slack="2147483647"/>
</pin_list>
<bind>
<opcode="store(28) " fcode="store"/>
<opset="store_ln51/3 "/>
</bind>
</comp>

<comp id="137" class="1004" name="store_ln51_access_fu_137">
<pin_list>
<pin id="138" dir="0" index="0" bw="5" slack="0"/>
<pin id="139" dir="0" index="1" bw="8" slack="1"/>
<pin id="140" dir="0" index="2" bw="0" slack="2147483647"/>
<pin id="141" dir="1" index="3" bw="8" slack="2147483647"/>
</pin_list>
<bind>
<opcode="store(28) " fcode="store"/>
<opset="store_ln51/3 "/>
</bind>
</comp>

<comp id="143" class="1004" name="store_ln51_access_fu_143">
<pin_list>
<pin id="144" dir="0" index="0" bw="5" slack="0"/>
<pin id="145" dir="0" index="1" bw="8" slack="1"/>
<pin id="146" dir="0" index="2" bw="0" slack="2147483647"/>
<pin id="147" dir="1" index="3" bw="8" slack="2147483647"/>
</pin_list>
<bind>
<opcode="store(28) " fcode="store"/>
<opset="store_ln51/3 "/>
</bind>
</comp>

<comp id="149" class="1004" name="store_ln51_access_fu_149">
<pin_list>
<pin id="150" dir="0" index="0" bw="5" slack="0"/>
<pin id="151" dir="0" index="1" bw="8" slack="1"/>
<pin id="152" dir="0" index="2" bw="0" slack="2147483647"/>
<pin id="153" dir="1" index="3" bw="8" slack="2147483647"/>
</pin_list>
<bind>
<opcode="store(28) " fcode="store"/>
<opset="store_ln51/3 "/>
</bind>
</comp>

<comp id="155" class="1004" name="store_ln51_access_fu_155">
<pin_list>
<pin id="156" dir="0" index="0" bw="5" slack="0"/>
<pin id="157" dir="0" index="1" bw="8" slack="1"/>
<pin id="158" dir="0" index="2" bw="0" slack="2147483647"/>
<pin id="159" dir="1" index="3" bw="8" slack="2147483647"/>
</pin_list>
<bind>
<opcode="store(28) " fcode="store"/>
<opset="store_ln51/3 "/>
</bind>
</comp>

<comp id="161" class="1004" name="DATA_IN_addr_read_read_fu_161">
<pin_list>
<pin id="162" dir="0" index="0" bw="8" slack="0"/>
<pin id="163" dir="0" index="1" bw="8" slack="1"/>
<pin id="164" dir="1" index="2" bw="8" slack="1"/>
</pin_list>
<bind>
<opcode="read(1150) " fcode="read"/>
<opset="DATA_IN_addr_read/2 "/>
</bind>
</comp>

<comp id="166" class="1004" name="store_ln49_store_fu_166">
<pin_list>
<pin id="167" dir="0" index="0" bw="1" slack="0"/>
<pin id="168" dir="0" index="1" bw="7" slack="0"/>
<pin id="169" dir="1" index="2" bw="0" slack="2147483647"/>
</pin_list>
<bind>
<opcode="store(28) " fcode="store"/>
<opset="store_ln49/1 "/>
</bind>
</comp>

<comp id="171" class="1004" name="store_ln0_store_fu_171">
<pin_list>
<pin id="172" dir="0" index="0" bw="1" slack="0"/>
<pin id="173" dir="0" index="1" bw="15" slack="0"/>
<pin id="174" dir="1" index="2" bw="0" slack="2147483647"/>
</pin_list>
<bind>
<opcode="store(28) " fcode="store"/>
<opset="store_ln0/1 "/>
</bind>
</comp>

<comp id="176" class="1004" name="store_ln0_store_fu_176">
<pin_list>
<pin id="177" dir="0" index="0" bw="1" slack="0"/>
<pin id="178" dir="0" index="1" bw="7" slack="0"/>
<pin id="179" dir="1" index="2" bw="0" slack="2147483647"/>
</pin_list>
<bind>
<opcode="store(28) " fcode="store"/>
<opset="store_ln0/1 "/>
</bind>
</comp>

<comp id="181" class="1004" name="phi_urem_load_load_fu_181">
<pin_list>
<pin id="182" dir="0" index="0" bw="7" slack="0"/>
<pin id="183" dir="1" index="1" bw="7" slack="0"/>
</pin_list>
<bind>
<opcode="load(27) " fcode="load"/>
<opset="phi_urem_load/1 "/>
</bind>
</comp>

<comp id="184" class="1004" name="i_1_load_fu_184">
<pin_list>
<pin id="185" dir="0" index="0" bw="7" slack="0"/>
<pin id="186" dir="1" index="1" bw="7" slack="0"/>
</pin_list>
<bind>
<opcode="load(27) " fcode="load"/>
<opset="i_1/1 "/>
</bind>
</comp>

<comp id="187" class="1004" name="icmp_ln49_fu_187">
<pin_list>
<pin id="188" dir="0" index="0" bw="7" slack="0"/>
<pin id="189" dir="0" index="1" bw="7" slack="0"/>
<pin id="190" dir="1" index="2" bw="1" slack="1"/>
</pin_list>
<bind>
<opcode="icmp(45) " fcode="icmp"/>
<opset="icmp_ln49/1 "/>
</bind>
</comp>

<comp id="193" class="1004" name="add_ln49_fu_193">
<pin_list>
<pin id="194" dir="0" index="0" bw="7" slack="0"/>
<pin id="195" dir="0" index="1" bw="1" slack="0"/>
<pin id="196" dir="1" index="2" bw="7" slack="0"/>
</pin_list>
<bind>
<opcode="add(8) " fcode="add"/>
<opset="add_ln49/1 "/>
</bind>
</comp>

<comp id="199" class="1004" name="DATA_IN_addr_fu_199">
<pin_list>
<pin id="200" dir="0" index="0" bw="64" slack="0"/>
<pin id="201" dir="0" index="1" bw="64" slack="0"/>
<pin id="202" dir="1" index="2" bw="64" slack="1"/>
</pin_list>
<bind>
<opcode="getelementptr(29) " fcode="getelementptr"/>
<opset="DATA_IN_addr/1 "/>
</bind>
</comp>

<comp id="205" class="1004" name="trunc_ln49_fu_205">
<pin_list>
<pin id="206" dir="0" index="0" bw="7" slack="0"/>
<pin id="207" dir="1" index="1" bw="3" slack="0"/>
</pin_list>
<bind>
<opcode="trunc(33) " fcode="trunc"/>
<opset="trunc_ln49/1 "/>
</bind>
</comp>

<comp id="209" class="1004" name="switch_ln51_fu_209">
<pin_list>
<pin id="210" dir="0" index="0" bw="3" slack="0"/>
<pin id="211" dir="0" index="1" bw="1" slack="0"/>
<pin id="212" dir="0" index="2" bw="1" slack="0"/>
<pin id="213" dir="0" index="3" bw="3" slack="0"/>
<pin id="214" dir="0" index="4" bw="3" slack="0"/>
<pin id="215" dir="1" index="5" bw="0" slack="2147483647"/>
</pin_list>
<bind>
<opcode="switch(3) " fcode="switch"/>
<opset="switch_ln51/1 "/>
</bind>
</comp>

<comp id="221" class="1004" name="add_ln49_2_fu_221">
<pin_list>
<pin id="222" dir="0" index="0" bw="7" slack="0"/>
<pin id="223" dir="0" index="1" bw="1" slack="0"/>
<pin id="224" dir="1" index="2" bw="7" slack="0"/>
</pin_list>
<bind>
<opcode="add(8) " fcode="add"/>
<opset="add_ln49_2/1 "/>
</bind>
</comp>

<comp id="227" class="1004" name="icmp_ln49_1_fu_227">
<pin_list>
<pin id="228" dir="0" index="0" bw="7" slack="0"/>
<pin id="229" dir="0" index="1" bw="7" slack="0"/>
<pin id="230" dir="1" index="2" bw="1" slack="0"/>
</pin_list>
<bind>
<opcode="icmp(45) " fcode="icmp"/>
<opset="icmp_ln49_1/1 "/>
</bind>
</comp>

<comp id="233" class="1004" name="select_ln49_fu_233">
<pin_list>
<pin id="234" dir="0" index="0" bw="1" slack="0"/>
<pin id="235" dir="0" index="1" bw="7" slack="0"/>
<pin id="236" dir="0" index="2" bw="7" slack="0"/>
<pin id="237" dir="1" index="3" bw="7" slack="0"/>
</pin_list>
<bind>
<opcode="select(49) " fcode="select"/>
<opset="select_ln49/1 "/>
</bind>
</comp>

<comp id="241" class="1004" name="store_ln49_store_fu_241">
<pin_list>
<pin id="242" dir="0" index="0" bw="7" slack="0"/>
<pin id="243" dir="0" index="1" bw="7" slack="0"/>
<pin id="244" dir="1" index="2" bw="0" slack="2147483647"/>
</pin_list>
<bind>
<opcode="store(28) " fcode="store"/>
<opset="store_ln49/1 "/>
</bind>
</comp>

<comp id="246" class="1004" name="store_ln49_store_fu_246">
<pin_list>
<pin id="247" dir="0" index="0" bw="7" slack="0"/>
<pin id="248" dir="0" index="1" bw="7" slack="0"/>
<pin id="249" dir="1" index="2" bw="0" slack="2147483647"/>
</pin_list>
<bind>
<opcode="store(28) " fcode="store"/>
<opset="store_ln49/1 "/>
</bind>
</comp>

<comp id="251" class="1004" name="phi_mul_load_load_fu_251">
<pin_list>
<pin id="252" dir="0" index="0" bw="15" slack="2"/>
<pin id="253" dir="1" index="1" bw="15" slack="0"/>
</pin_list>
<bind>
<opcode="load(27) " fcode="load"/>
<opset="phi_mul_load/3 "/>
</bind>
</comp>

<comp id="254" class="1004" name="add_ln49_1_fu_254">
<pin_list>
<pin id="255" dir="0" index="0" bw="15" slack="0"/>
<pin id="256" dir="0" index="1" bw="9" slack="0"/>
<pin id="257" dir="1" index="2" bw="15" slack="0"/>
</pin_list>
<bind>
<opcode="add(8) " fcode="add"/>
<opset="add_ln49_1/3 "/>
</bind>
</comp>

<comp id="260" class="1004" name="tmp_fu_260">
<pin_list>
<pin id="261" dir="0" index="0" bw="5" slack="0"/>
<pin id="262" dir="0" index="1" bw="15" slack="0"/>
<pin id="263" dir="0" index="2" bw="5" slack="0"/>
<pin id="264" dir="0" index="3" bw="5" slack="0"/>
<pin id="265" dir="1" index="4" bw="5" slack="0"/>
</pin_list>
<bind>
<opcode="partselect(1002) " fcode="partselect"/>
<opset="tmp/3 "/>
</bind>
</comp>

<comp id="270" class="1004" name="zext_ln49_fu_270">
<pin_list>
<pin id="271" dir="0" index="0" bw="5" slack="0"/>
<pin id="272" dir="1" index="1" bw="64" slack="0"/>
</pin_list>
<bind>
<opcode="zext(34) " fcode="zext"/>
<opset="zext_ln49/3 "/>
</bind>
</comp>

<comp id="279" class="1004" name="store_ln49_store_fu_279">
<pin_list>
<pin id="280" dir="0" index="0" bw="15" slack="0"/>
<pin id="281" dir="0" index="1" bw="15" slack="2"/>
<pin id="282" dir="1" index="2" bw="0" slack="2147483647"/>
</pin_list>
<bind>
<opcode="store(28) " fcode="store"/>
<opset="store_ln49/3 "/>
</bind>
</comp>

<comp id="284" class="1005" name="phi_urem_reg_284">
<pin_list>
<pin id="285" dir="0" index="0" bw="7" slack="0"/>
<pin id="286" dir="1" index="1" bw="7" slack="0"/>
</pin_list>
<bind>
<opset="phi_urem "/>
</bind>
</comp>

<comp id="291" class="1005" name="phi_mul_reg_291">
<pin_list>
<pin id="292" dir="0" index="0" bw="15" slack="0"/>
<pin id="293" dir="1" index="1" bw="15" slack="0"/>
</pin_list>
<bind>
<opset="phi_mul "/>
</bind>
</comp>

<comp id="298" class="1005" name="i_reg_298">
<pin_list>
<pin id="299" dir="0" index="0" bw="7" slack="0"/>
<pin id="300" dir="1" index="1" bw="7" slack="0"/>
</pin_list>
<bind>
<opset="i "/>
</bind>
</comp>

<comp id="305" class="1005" name="icmp_ln49_reg_305">
<pin_list>
<pin id="306" dir="0" index="0" bw="1" slack="1"/>
<pin id="307" dir="1" index="1" bw="1" slack="2147483647"/>
</pin_list>
<bind>
<opset="icmp_ln49 "/>
</bind>
</comp>

<comp id="309" class="1005" name="DATA_IN_addr_reg_309">
<pin_list>
<pin id="310" dir="0" index="0" bw="8" slack="1"/>
<pin id="311" dir="1" index="1" bw="8" slack="1"/>
</pin_list>
<bind>
<opset="DATA_IN_addr "/>
</bind>
</comp>

<comp id="314" class="1005" name="trunc_ln49_reg_314">
<pin_list>
<pin id="315" dir="0" index="0" bw="3" slack="2"/>
<pin id="316" dir="1" index="1" bw="3" slack="2147483647"/>
</pin_list>
<bind>
<opset="trunc_ln49 "/>
</bind>
</comp>

<comp id="318" class="1005" name="DATA_IN_addr_read_reg_318">
<pin_list>
<pin id="319" dir="0" index="0" bw="8" slack="1"/>
<pin id="320" dir="1" index="1" bw="8" slack="1"/>
</pin_list>
<bind>
<opset="DATA_IN_addr_read "/>
</bind>
</comp>

</comp_list>

<net_list>
<net id="81"><net_src comp="14" pin="0"/><net_sink comp="78" pin=0"/></net>

<net id="85"><net_src comp="14" pin="0"/><net_sink comp="82" pin=0"/></net>

<net id="89"><net_src comp="14" pin="0"/><net_sink comp="86" pin=0"/></net>

<net id="94"><net_src comp="34" pin="0"/><net_sink comp="90" pin=0"/></net>

<net id="95"><net_src comp="2" pin="0"/><net_sink comp="90" pin=1"/></net>

<net id="101"><net_src comp="12" pin="0"/><net_sink comp="96" pin=0"/></net>

<net id="102"><net_src comp="76" pin="0"/><net_sink comp="96" pin=1"/></net>

<net id="108"><net_src comp="10" pin="0"/><net_sink comp="103" pin=0"/></net>

<net id="109"><net_src comp="76" pin="0"/><net_sink comp="103" pin=1"/></net>

<net id="115"><net_src comp="8" pin="0"/><net_sink comp="110" pin=0"/></net>

<net id="116"><net_src comp="76" pin="0"/><net_sink comp="110" pin=1"/></net>

<net id="122"><net_src comp="6" pin="0"/><net_sink comp="117" pin=0"/></net>

<net id="123"><net_src comp="76" pin="0"/><net_sink comp="117" pin=1"/></net>

<net id="129"><net_src comp="4" pin="0"/><net_sink comp="124" pin=0"/></net>

<net id="130"><net_src comp="76" pin="0"/><net_sink comp="124" pin=1"/></net>

<net id="136"><net_src comp="117" pin="3"/><net_sink comp="131" pin=0"/></net>

<net id="142"><net_src comp="110" pin="3"/><net_sink comp="137" pin=0"/></net>

<net id="148"><net_src comp="103" pin="3"/><net_sink comp="143" pin=0"/></net>

<net id="154"><net_src comp="96" pin="3"/><net_sink comp="149" pin=0"/></net>

<net id="160"><net_src comp="124" pin="3"/><net_sink comp="155" pin=0"/></net>

<net id="165"><net_src comp="56" pin="0"/><net_sink comp="161" pin=0"/></net>

<net id="170"><net_src comp="36" pin="0"/><net_sink comp="166" pin=0"/></net>

<net id="175"><net_src comp="38" pin="0"/><net_sink comp="171" pin=0"/></net>

<net id="180"><net_src comp="36" pin="0"/><net_sink comp="176" pin=0"/></net>

<net id="191"><net_src comp="184" pin="1"/><net_sink comp="187" pin=0"/></net>

<net id="192"><net_src comp="42" pin="0"/><net_sink comp="187" pin=1"/></net>

<net id="197"><net_src comp="184" pin="1"/><net_sink comp="193" pin=0"/></net>

<net id="198"><net_src comp="44" pin="0"/><net_sink comp="193" pin=1"/></net>

<net id="203"><net_src comp="0" pin="0"/><net_sink comp="199" pin=0"/></net>

<net id="204"><net_src comp="90" pin="2"/><net_sink comp="199" pin=1"/></net>

<net id="208"><net_src comp="181" pin="1"/><net_sink comp="205" pin=0"/></net>

<net id="216"><net_src comp="205" pin="1"/><net_sink comp="209" pin=0"/></net>

<net id="217"><net_src comp="46" pin="0"/><net_sink comp="209" pin=1"/></net>

<net id="218"><net_src comp="48" pin="0"/><net_sink comp="209" pin=2"/></net>

<net id="219"><net_src comp="50" pin="0"/><net_sink comp="209" pin=3"/></net>

<net id="220"><net_src comp="52" pin="0"/><net_sink comp="209" pin=4"/></net>

<net id="225"><net_src comp="181" pin="1"/><net_sink comp="221" pin=0"/></net>

<net id="226"><net_src comp="44" pin="0"/><net_sink comp="221" pin=1"/></net>

<net id="231"><net_src comp="181" pin="1"/><net_sink comp="227" pin=0"/></net>

<net id="232"><net_src comp="54" pin="0"/><net_sink comp="227" pin=1"/></net>

<net id="238"><net_src comp="227" pin="2"/><net_sink comp="233" pin=0"/></net>

<net id="239"><net_src comp="36" pin="0"/><net_sink comp="233" pin=1"/></net>

<net id="240"><net_src comp="221" pin="2"/><net_sink comp="233" pin=2"/></net>

<net id="245"><net_src comp="193" pin="2"/><net_sink comp="241" pin=0"/></net>

<net id="250"><net_src comp="233" pin="3"/><net_sink comp="246" pin=0"/></net>

<net id="258"><net_src comp="251" pin="1"/><net_sink comp="254" pin=0"/></net>

<net id="259"><net_src comp="68" pin="0"/><net_sink comp="254" pin=1"/></net>

<net id="266"><net_src comp="70" pin="0"/><net_sink comp="260" pin=0"/></net>

<net id="267"><net_src comp="251" pin="1"/><net_sink comp="260" pin=1"/></net>

<net id="268"><net_src comp="72" pin="0"/><net_sink comp="260" pin=2"/></net>

<net id="269"><net_src comp="74" pin="0"/><net_sink comp="260" pin=3"/></net>

<net id="273"><net_src comp="260" pin="4"/><net_sink comp="270" pin=0"/></net>

<net id="274"><net_src comp="270" pin="1"/><net_sink comp="96" pin=2"/></net>

<net id="275"><net_src comp="270" pin="1"/><net_sink comp="103" pin=2"/></net>

<net id="276"><net_src comp="270" pin="1"/><net_sink comp="110" pin=2"/></net>

<net id="277"><net_src comp="270" pin="1"/><net_sink comp="117" pin=2"/></net>

<net id="278"><net_src comp="270" pin="1"/><net_sink comp="124" pin=2"/></net>

<net id="283"><net_src comp="254" pin="2"/><net_sink comp="279" pin=0"/></net>

<net id="287"><net_src comp="78" pin="1"/><net_sink comp="284" pin=0"/></net>

<net id="288"><net_src comp="284" pin="1"/><net_sink comp="176" pin=1"/></net>

<net id="289"><net_src comp="284" pin="1"/><net_sink comp="181" pin=0"/></net>

<net id="290"><net_src comp="284" pin="1"/><net_sink comp="246" pin=1"/></net>

<net id="294"><net_src comp="82" pin="1"/><net_sink comp="291" pin=0"/></net>

<net id="295"><net_src comp="291" pin="1"/><net_sink comp="171" pin=1"/></net>

<net id="296"><net_src comp="291" pin="1"/><net_sink comp="251" pin=0"/></net>

<net id="297"><net_src comp="291" pin="1"/><net_sink comp="279" pin=1"/></net>

<net id="301"><net_src comp="86" pin="1"/><net_sink comp="298" pin=0"/></net>

<net id="302"><net_src comp="298" pin="1"/><net_sink comp="166" pin=1"/></net>

<net id="303"><net_src comp="298" pin="1"/><net_sink comp="184" pin=0"/></net>

<net id="304"><net_src comp="298" pin="1"/><net_sink comp="241" pin=1"/></net>

<net id="308"><net_src comp="187" pin="2"/><net_sink comp="305" pin=0"/></net>

<net id="312"><net_src comp="199" pin="2"/><net_sink comp="309" pin=0"/></net>

<net id="313"><net_src comp="309" pin="1"/><net_sink comp="161" pin=1"/></net>

<net id="317"><net_src comp="205" pin="1"/><net_sink comp="314" pin=0"/></net>

<net id="321"><net_src comp="161" pin="2"/><net_sink comp="318" pin=0"/></net>

<net id="322"><net_src comp="318" pin="1"/><net_sink comp="131" pin=1"/></net>

<net id="323"><net_src comp="318" pin="1"/><net_sink comp="137" pin=1"/></net>

<net id="324"><net_src comp="318" pin="1"/><net_sink comp="143" pin=1"/></net>

<net id="325"><net_src comp="318" pin="1"/><net_sink comp="149" pin=1"/></net>

<net id="326"><net_src comp="318" pin="1"/><net_sink comp="155" pin=1"/></net>

</net_list>

</model> 
---------------- Datapath Model END ------------------

* FSMD analyzer results:
  - Output states:
	Port: DATA_IN | {}
	Port: local_ecg_4 | {3 }
	Port: local_ecg_3 | {3 }
	Port: local_ecg_2 | {3 }
	Port: local_ecg_1 | {3 }
	Port: local_ecg | {3 }
 - Input state : 
	Port: tiny_ecg_inference_Pipeline_VITIS_LOOP_49_1 : DATA_IN | {2 }
	Port: tiny_ecg_inference_Pipeline_VITIS_LOOP_49_1 : input_ecg | {1 }
  - Chain level:
	State 1
		store_ln49 : 1
		store_ln0 : 1
		store_ln0 : 1
		phi_urem_load : 1
		i_1 : 1
		icmp_ln49 : 2
		add_ln49 : 2
		br_ln49 : 3
		trunc_ln49 : 2
		switch_ln51 : 3
		add_ln49_2 : 2
		icmp_ln49_1 : 2
		select_ln49 : 3
		store_ln49 : 3
		store_ln49 : 4
	State 2
	State 3
		add_ln49_1 : 1
		tmp : 1
		zext_ln49 : 2
		local_ecg_addr : 3
		local_ecg_1_addr : 3
		local_ecg_2_addr : 3
		local_ecg_3_addr : 3
		local_ecg_4_addr : 3
		store_ln51 : 4
		store_ln51 : 4
		store_ln51 : 4
		store_ln51 : 4
		store_ln51 : 4
		store_ln49 : 2


============================================================
+ Verbose Summary: Datapath Resource usage 
============================================================

* Functional unit list:
|----------|-------------------------------|---------|---------|
| Operation|        Functional Unit        |    FF   |   LUT   |
|----------|-------------------------------|---------|---------|
|          |        add_ln49_fu_193        |    0    |    14   |
|    add   |       add_ln49_2_fu_221       |    0    |    14   |
|          |       add_ln49_1_fu_254       |    0    |    20   |
|----------|-------------------------------|---------|---------|
|   icmp   |        icmp_ln49_fu_187       |    0    |    14   |
|          |       icmp_ln49_1_fu_227      |    0    |    14   |
|----------|-------------------------------|---------|---------|
|  select  |       select_ln49_fu_233      |    0    |    7    |
|----------|-------------------------------|---------|---------|
|   read   |   input_ecg_read_read_fu_90   |    0    |    0    |
|          | DATA_IN_addr_read_read_fu_161 |    0    |    0    |
|----------|-------------------------------|---------|---------|
|   trunc  |       trunc_ln49_fu_205       |    0    |    0    |
|----------|-------------------------------|---------|---------|
|  switch  |       switch_ln51_fu_209      |    0    |    0    |
|----------|-------------------------------|---------|---------|
|partselect|           tmp_fu_260          |    0    |    0    |
|----------|-------------------------------|---------|---------|
|   zext   |        zext_ln49_fu_270       |    0    |    0    |
|----------|-------------------------------|---------|---------|
|   Total  |                               |    0    |    83   |
|----------|-------------------------------|---------|---------|

Memories:
N/A

* Register list:
+-------------------------+--------+
|                         |   FF   |
+-------------------------+--------+
|DATA_IN_addr_read_reg_318|    8   |
|   DATA_IN_addr_reg_309  |    8   |
|        i_reg_298        |    7   |
|    icmp_ln49_reg_305    |    1   |
|     phi_mul_reg_291     |   15   |
|     phi_urem_reg_284    |    7   |
|    trunc_ln49_reg_314   |    3   |
+-------------------------+--------+
|          Total          |   49   |
+-------------------------+--------+

* Multiplexer (MUX) list: 
|--------|------|------|------|--------|
|  Comp  |  Pin | Size |  BW  | S x BW |
|--------|------|------|------|--------|
|  Total |      |      |      |    0   |
|--------|------|------|------|--------|



* Summary:
+-----------+--------+--------+
|           |   FF   |   LUT  |
+-----------+--------+--------+
|  Function |    0   |   83   |
|   Memory  |    -   |    -   |
|Multiplexer|    -   |    -   |
|  Register |   49   |    -   |
+-----------+--------+--------+
|   Total   |   49   |   83   |
+-----------+--------+--------+
