

================================================================
== Vitis HLS Report for 'tiny_ecg_inference_Pipeline_VITIS_LOOP_181_17'
================================================================
* Date:           Tue Sep 22 23:11:56 2026

* Version:        2026.1 (Build 6493734 on Jun 16 2026)
* Project:        solution1
* Solution:       hls
* Product family: zynq
* Target device:  xc7z020-clg484-1


================================================================
== Performance Estimates
================================================================
+ Timing: 
    * Summary: 
    +--------+----------+----------+------------+
    |  Clock |  Target  | Estimated| Uncertainty|
    +--------+----------+----------+------------+
    |ap_clk  |  10.00 ns|  7.300 ns|     2.70 ns|
    +--------+----------+----------+------------+

+ Latency: 
    * Summary: 
    +---------+---------+----------+----------+-----+-----+-------------------+
    |  Latency (cycles) |  Latency (absolute) |  Interval |      Pipeline     |
    |   min   |   max   |    min   |    max   | min | max |        Type       |
    +---------+---------+----------+----------+-----+-----+-------------------+
    |       11|       11|  0.110 us|  0.110 us|    0|    0|  loop pipeline stp|
    +---------+---------+----------+----------+-----+-----+-------------------+

    + Detail: 
        * Instance: 
        N/A

        * Loop: 
        +---------------------+---------+---------+----------+-----------+-----------+------+----------+
        |                     |  Latency (cycles) | Iteration|  Initiation Interval  | Trip |          |
        |      Loop Name      |   min   |   max   |  Latency |  achieved |   target  | Count| Pipelined|
        +---------------------+---------+---------+----------+-----------+-----------+------+----------+
        |- VITIS_LOOP_181_17  |        9|        9|         3|          1|          1|     8|       yes|
        +---------------------+---------+---------+----------+-----------+-----------+------+----------+

============================================================
+ Verbose Summary: Synthesis Manager
============================================================
InlineROM: 1
ExposeGlobal: 0
============================================================
+ Verbose Summary: CDFG Model
============================================================
IsTopModel: 0
ResetActiveHigh: 1
IsCombinational: 0
IsDatapathOnly: 0
HasWiredReturn: 1
HasMFsm: 2
HasVarLatency: 1
IsPipeline: 0
IsRtlPipelined: 0
IsInstanceOverlapped: 0
IsDontTouch: 0
HasImplIP: 0
IsGatedGlobalClock: 0

+ Individual pipeline summary: 
  * Pipeline-0: initiation interval (II) = 1, depth = 3


============================================================
+ Verbose Summary: Schedule
============================================================
* Number of FSM states : 3
* Pipeline : 1
  Pipeline-0 : II = 1, D = 3, States = { 1 2 3 }
* Dataflow Pipeline: 0

* FSM state transitions: 
1 --> 2 
2 --> 3 
3 --> 

* FSM state operations: 

State 1 <SV = 0> <Delay = 4.91>
ST_1 : Operation 6 [1/1] (0.00ns)   --->   "%i = alloca i32 1" [../cnn_hls.cpp:181]   --->   Operation 6 'alloca' 'i' <Predicate = true> <Delay = 0.00>
ST_1 : Operation 7 [1/1] (0.00ns)   --->   "%specinterface_ln0 = specinterface void @_ssdm_op_SpecInterface, i8 %DATA_OUT, void @empty_4, i32 0, i32 0, void @empty_6, i32 0, i32 8, void @empty_9, void @empty_8, void @empty_6, i32 16, i32 16, i32 16, i32 16, void @empty_6, void @empty_6, i32 4294967295, i32 0, i32 0, i32 1"   --->   Operation 7 'specinterface' 'specinterface_ln0' <Predicate = true> <Delay = 0.00>
ST_1 : Operation 8 [1/1] (0.00ns)   --->   "%output_logits_read = read i64 @_ssdm_op_Read.ap_auto.i64, i64 %output_logits"   --->   Operation 8 'read' 'output_logits_read' <Predicate = true> <Delay = 0.00>
ST_1 : Operation 9 [1/1] (1.58ns)   --->   "%store_ln181 = store i4 0, i4 %i" [../cnn_hls.cpp:181]   --->   Operation 9 'store' 'store_ln181' <Predicate = true> <Delay = 1.58>
ST_1 : Operation 10 [1/1] (0.00ns)   --->   "%br_ln0 = br void %for.inc251"   --->   Operation 10 'br' 'br_ln0' <Predicate = true> <Delay = 0.00>
ST_1 : Operation 11 [1/1] (0.00ns)   --->   "%i_2 = load i4 %i" [../cnn_hls.cpp:181]   --->   Operation 11 'load' 'i_2' <Predicate = true> <Delay = 0.00>
ST_1 : Operation 12 [1/1] (0.00ns)   --->   "%specbitsmap_ln0 = specbitsmap void @_ssdm_op_SpecBitsMap, i8 %DATA_OUT"   --->   Operation 12 'specbitsmap' 'specbitsmap_ln0' <Predicate = true> <Delay = 0.00>
ST_1 : Operation 13 [1/1] (1.73ns)   --->   "%icmp_ln181 = icmp_eq  i4 %i_2, i4 8" [../cnn_hls.cpp:181]   --->   Operation 13 'icmp' 'icmp_ln181' <Predicate = true> <Delay = 1.73> <CoreInst = "Cmp">   --->   Core 9 'Cmp' <Latency = 0> <II = 1> <Delay = 1.73> <FuncUnit> <Opcode : 'seteq' 'setne' 'setle' 'setge' 'setlt' 'setgt'> <InPorts = 2> <OutPorts = 1>
ST_1 : Operation 14 [1/1] (1.73ns)   --->   "%add_ln181 = add i4 %i_2, i4 1" [../cnn_hls.cpp:181]   --->   Operation 14 'add' 'add_ln181' <Predicate = true> <Delay = 1.73> <CoreInst = "Adder">   --->   Core 1 'Adder' <Latency = 0> <II = 1> <Delay = 1.73> <FuncUnit> <Opcode : 'add' 'sub'> <InPorts = 2> <OutPorts = 1>
ST_1 : Operation 15 [1/1] (0.00ns)   --->   "%br_ln181 = br i1 %icmp_ln181, void %for.inc251.split, void %for.end253.exitStub" [../cnn_hls.cpp:181]   --->   Operation 15 'br' 'br_ln181' <Predicate = true> <Delay = 0.00>
ST_1 : Operation 16 [1/1] (0.00ns)   --->   "%DATA_OUT_addr = getelementptr i8 %DATA_OUT, i64 %output_logits_read" [../cnn_hls.cpp:181]   --->   Operation 16 'getelementptr' 'DATA_OUT_addr' <Predicate = (!icmp_ln181)> <Delay = 0.00>
ST_1 : Operation 17 [1/1] (0.00ns)   --->   "%zext_ln181 = zext i4 %i_2" [../cnn_hls.cpp:181]   --->   Operation 17 'zext' 'zext_ln181' <Predicate = (!icmp_ln181)> <Delay = 0.00>
ST_1 : Operation 18 [1/1] (0.00ns)   --->   "%local_out_addr = getelementptr i8 %local_out, i64 0, i64 %zext_ln181" [../cnn_hls.cpp:183]   --->   Operation 18 'getelementptr' 'local_out_addr' <Predicate = (!icmp_ln181)> <Delay = 0.00>
ST_1 : Operation 19 [2/2] (2.32ns)   --->   "%local_out_load = load i3 %local_out_addr" [../cnn_hls.cpp:183]   --->   Operation 19 'load' 'local_out_load' <Predicate = (!icmp_ln181)> <Delay = 2.32> <CoreInst = "RAM">   --->   Core 81 'RAM' <Latency = 1> <II = 1> <Delay = 2.32> <Storage> <Opcode : 'load' 'store'> <Ports = 2> <Width = 8> <Depth = 8> <RAM>
ST_1 : Operation 20 [1/1] (1.58ns)   --->   "%store_ln181 = store i4 %add_ln181, i4 %i" [../cnn_hls.cpp:181]   --->   Operation 20 'store' 'store_ln181' <Predicate = (!icmp_ln181)> <Delay = 1.58>

State 2 <SV = 1> <Delay = 2.32>
ST_2 : Operation 21 [1/2] ( I:2.32ns O:2.32ns )   --->   "%local_out_load = load i3 %local_out_addr" [../cnn_hls.cpp:183]   --->   Operation 21 'load' 'local_out_load' <Predicate = true> <Delay = 2.32> <CoreInst = "RAM">   --->   Core 81 'RAM' <Latency = 1> <II = 1> <Delay = 2.32> <Storage> <Opcode : 'load' 'store'> <Ports = 2> <Width = 8> <Depth = 8> <RAM>
ST_2 : Operation 27 [1/1] (1.58ns)   --->   "%ret_ln0 = ret"   --->   Operation 27 'ret' 'ret_ln0' <Predicate = (icmp_ln181)> <Delay = 1.58>

State 3 <SV = 2> <Delay = 7.30>
ST_3 : Operation 22 [1/1] (0.00ns)   --->   "%specpipeline_ln182 = specpipeline void @_ssdm_op_SpecPipeline, i32 1, i32 0, i32 0, i32 0, i32 4294967295, void @empty_6" [../cnn_hls.cpp:182]   --->   Operation 22 'specpipeline' 'specpipeline_ln182' <Predicate = true> <Delay = 0.00>
ST_3 : Operation 23 [1/1] (0.00ns)   --->   "%speclooptripcount_ln181 = speclooptripcount void @_ssdm_op_SpecLoopTripCount, i64 8, i64 8, i64 8" [../cnn_hls.cpp:181]   --->   Operation 23 'speclooptripcount' 'speclooptripcount_ln181' <Predicate = true> <Delay = 0.00>
ST_3 : Operation 24 [1/1] (0.00ns)   --->   "%specloopname_ln181 = specloopname void @_ssdm_op_SpecLoopName, void @empty_12" [../cnn_hls.cpp:181]   --->   Operation 24 'specloopname' 'specloopname_ln181' <Predicate = true> <Delay = 0.00>
ST_3 : Operation 25 [1/1] ( I:7.30ns O:7.30ns )   --->   "%write_ln183 = write void @_ssdm_op_Write.m_axi.p1i8.i8, i8 %DATA_OUT_addr, i8 %local_out_load, i1 1" [../cnn_hls.cpp:183]   --->   Operation 25 'write' 'write_ln183' <Predicate = true> <Delay = 7.30> <CoreInst = "m_axi">   --->   Core 111 'm_axi' <Latency = 5> <II = 1> <Delay = 1.00> <Adapter> <Opcode : 'readrequnaligned' 'writerequnaligned' 'read' 'write' 'readreq' 'writereq' 'writeresp'>
ST_3 : Operation 26 [1/1] (0.00ns)   --->   "%br_ln181 = br void %for.inc251" [../cnn_hls.cpp:181]   --->   Operation 26 'br' 'br_ln181' <Predicate = true> <Delay = 0.00>


============================================================
+ Verbose Summary: Binding
============================================================
STG Binding: 
---------------- STG Properties BEGIN ----------------
- Is combinational: 0
- Is one-state seq: 0
- Is datapath-only: 0
- Is pipelined: 0
- Is top level: 0
Port [ Return ] is wired: 1; IO mode=ap_ctrl_hs:ce=0
Port [ DATA_OUT]:  wired=1; compound=1; hidden=0; nouse=0; global=0; static=0; extern=0; dir=1; type=4; pingpong=0; private_global=0; IO mode=m_axi:ce=0
Port [ output_logits]:  wired=1; compound=0; hidden=0; nouse=0; global=0; static=0; extern=0; dir=0; type=0; pingpong=0; private_global=0; IO mode=ap_none:ce=0
Port [ local_out]:  wired=1; compound=1; hidden=0; nouse=0; global=0; static=0; extern=0; dir=0; type=1; pingpong=0; private_global=0; MemPort=[13]; IO mode=ap_memory:ce=0
---------------- STG Properties END ------------------

---------------- Datapath Model BEGIN ----------------

<LifeTime>
<method=bitvector/>
i                       (alloca           ) [ 0100]
specinterface_ln0       (specinterface    ) [ 0000]
output_logits_read      (read             ) [ 0000]
store_ln181             (store            ) [ 0000]
br_ln0                  (br               ) [ 0000]
i_2                     (load             ) [ 0000]
specbitsmap_ln0         (specbitsmap      ) [ 0000]
icmp_ln181              (icmp             ) [ 0110]
add_ln181               (add              ) [ 0000]
br_ln181                (br               ) [ 0000]
DATA_OUT_addr           (getelementptr    ) [ 0111]
zext_ln181              (zext             ) [ 0000]
local_out_addr          (getelementptr    ) [ 0110]
store_ln181             (store            ) [ 0000]
local_out_load          (load             ) [ 0101]
specpipeline_ln182      (specpipeline     ) [ 0000]
speclooptripcount_ln181 (speclooptripcount) [ 0000]
specloopname_ln181      (specloopname     ) [ 0000]
write_ln183             (write            ) [ 0000]
br_ln181                (br               ) [ 0000]
ret_ln0                 (ret              ) [ 0000]
</LifeTime>

<model>

<comp_list>
<comp id="0" class="1000" name="DATA_OUT">
<pin_list>
<pin id="1" dir="1" index="0" bw="1" slack="0"/>
</pin_list>
<bind>
<StgValue><ssdm name="DATA_OUT"/><MemPortTyVec>1 </MemPortTyVec>
</StgValue>
</bind>
</comp>

<comp id="2" class="1000" name="output_logits">
<pin_list>
<pin id="3" dir="1" index="0" bw="1" slack="0"/>
</pin_list>
<bind>
<StgValue><ssdm name="output_logits"/></StgValue>
</bind>
</comp>

<comp id="4" class="1000" name="local_out">
<pin_list>
<pin id="5" dir="1" index="0" bw="1" slack="0"/>
</pin_list>
<bind>
<StgValue><ssdm name="local_out"/><MemPortTyVec>1 3 </MemPortTyVec>
</StgValue>
</bind>
</comp>

<comp id="6" class="1001" name="const_6">
<pin_list>
<pin id="7" dir="1" index="0" bw="1" slack="0"/>
</pin_list>
<bind>
<StgValue><ssdm name=""/></StgValue>
</bind>
</comp>

<comp id="8" class="1001" name="const_8">
<pin_list>
<pin id="9" dir="1" index="0" bw="1" slack="2147483647"/>
</pin_list>
<bind>
<StgValue><ssdm name="_ssdm_op_SpecInterface"/></StgValue>
</bind>
</comp>

<comp id="10" class="1001" name="const_10">
<pin_list>
<pin id="11" dir="1" index="0" bw="1" slack="2147483647"/>
</pin_list>
<bind>
<StgValue><ssdm name="empty_4"/></StgValue>
</bind>
</comp>

<comp id="12" class="1001" name="const_12">
<pin_list>
<pin id="13" dir="1" index="0" bw="1" slack="2147483647"/>
</pin_list>
<bind>
<StgValue><ssdm name=""/></StgValue>
</bind>
</comp>

<comp id="14" class="1001" name="const_14">
<pin_list>
<pin id="15" dir="1" index="0" bw="1" slack="2147483647"/>
</pin_list>
<bind>
<StgValue><ssdm name="empty_6"/></StgValue>
</bind>
</comp>

<comp id="16" class="1001" name="const_16">
<pin_list>
<pin id="17" dir="1" index="0" bw="1" slack="2147483647"/>
</pin_list>
<bind>
<StgValue><ssdm name=""/></StgValue>
</bind>
</comp>

<comp id="18" class="1001" name="const_18">
<pin_list>
<pin id="19" dir="1" index="0" bw="1" slack="2147483647"/>
</pin_list>
<bind>
<StgValue><ssdm name="empty_9"/></StgValue>
</bind>
</comp>

<comp id="20" class="1001" name="const_20">
<pin_list>
<pin id="21" dir="1" index="0" bw="1" slack="2147483647"/>
</pin_list>
<bind>
<StgValue><ssdm name="empty_8"/></StgValue>
</bind>
</comp>

<comp id="22" class="1001" name="const_22">
<pin_list>
<pin id="23" dir="1" index="0" bw="1" slack="2147483647"/>
</pin_list>
<bind>
<StgValue><ssdm name=""/></StgValue>
</bind>
</comp>

<comp id="24" class="1001" name="const_24">
<pin_list>
<pin id="25" dir="1" index="0" bw="1" slack="2147483647"/>
</pin_list>
<bind>
<StgValue><ssdm name=""/></StgValue>
</bind>
</comp>

<comp id="26" class="1001" name="const_26">
<pin_list>
<pin id="27" dir="1" index="0" bw="1" slack="0"/>
</pin_list>
<bind>
<StgValue><ssdm name="_ssdm_op_Read.ap_auto.i64"/></StgValue>
</bind>
</comp>

<comp id="28" class="1001" name="const_28">
<pin_list>
<pin id="29" dir="1" index="0" bw="1" slack="0"/>
</pin_list>
<bind>
<StgValue><ssdm name=""/></StgValue>
</bind>
</comp>

<comp id="30" class="1001" name="const_30">
<pin_list>
<pin id="31" dir="1" index="0" bw="1" slack="2147483647"/>
</pin_list>
<bind>
<StgValue><ssdm name="_ssdm_op_SpecBitsMap"/></StgValue>
</bind>
</comp>

<comp id="32" class="1001" name="const_32">
<pin_list>
<pin id="33" dir="1" index="0" bw="1" slack="0"/>
</pin_list>
<bind>
<StgValue><ssdm name=""/></StgValue>
</bind>
</comp>

<comp id="34" class="1001" name="const_34">
<pin_list>
<pin id="35" dir="1" index="0" bw="1" slack="0"/>
</pin_list>
<bind>
<StgValue><ssdm name=""/></StgValue>
</bind>
</comp>

<comp id="36" class="1001" name="const_36">
<pin_list>
<pin id="37" dir="1" index="0" bw="1" slack="0"/>
</pin_list>
<bind>
<StgValue><ssdm name=""/></StgValue>
</bind>
</comp>

<comp id="38" class="1001" name="const_38">
<pin_list>
<pin id="39" dir="1" index="0" bw="1" slack="2147483647"/>
</pin_list>
<bind>
<StgValue><ssdm name="_ssdm_op_SpecPipeline"/></StgValue>
</bind>
</comp>

<comp id="40" class="1001" name="const_40">
<pin_list>
<pin id="41" dir="1" index="0" bw="1" slack="2147483647"/>
</pin_list>
<bind>
<StgValue><ssdm name="_ssdm_op_SpecLoopTripCount"/></StgValue>
</bind>
</comp>

<comp id="42" class="1001" name="const_42">
<pin_list>
<pin id="43" dir="1" index="0" bw="1" slack="2147483647"/>
</pin_list>
<bind>
<StgValue><ssdm name=""/></StgValue>
</bind>
</comp>

<comp id="44" class="1001" name="const_44">
<pin_list>
<pin id="45" dir="1" index="0" bw="1" slack="2147483647"/>
</pin_list>
<bind>
<StgValue><ssdm name="_ssdm_op_SpecLoopName"/></StgValue>
</bind>
</comp>

<comp id="46" class="1001" name="const_46">
<pin_list>
<pin id="47" dir="1" index="0" bw="1" slack="2147483647"/>
</pin_list>
<bind>
<StgValue><ssdm name="empty_12"/></StgValue>
</bind>
</comp>

<comp id="48" class="1001" name="const_48">
<pin_list>
<pin id="49" dir="1" index="0" bw="1" slack="0"/>
</pin_list>
<bind>
<StgValue><ssdm name="_ssdm_op_Write.m_axi.p1i8.i8"/></StgValue>
</bind>
</comp>

<comp id="50" class="1001" name="const_50">
<pin_list>
<pin id="51" dir="1" index="0" bw="1" slack="0"/>
</pin_list>
<bind>
<StgValue><ssdm name=""/></StgValue>
</bind>
</comp>

<comp id="52" class="1004" name="i_fu_52">
<pin_list>
<pin id="53" dir="0" index="0" bw="1" slack="0"/>
<pin id="54" dir="1" index="1" bw="4" slack="0"/>
</pin_list>
<bind>
<opcode="alloca(26) " fcode="alloca"/>
<opset="i/1 "/>
</bind>
</comp>

<comp id="56" class="1004" name="output_logits_read_read_fu_56">
<pin_list>
<pin id="57" dir="0" index="0" bw="64" slack="0"/>
<pin id="58" dir="0" index="1" bw="64" slack="0"/>
<pin id="59" dir="1" index="2" bw="64" slack="0"/>
</pin_list>
<bind>
<opcode="read(1150) " fcode="read"/>
<opset="output_logits_read/1 "/>
</bind>
</comp>

<comp id="62" class="1004" name="local_out_addr_gep_fu_62">
<pin_list>
<pin id="63" dir="0" index="0" bw="8" slack="0"/>
<pin id="64" dir="0" index="1" bw="1" slack="0"/>
<pin id="65" dir="0" index="2" bw="4" slack="0"/>
<pin id="66" dir="1" index="3" bw="3" slack="0"/>
</pin_list>
<bind>
<opcode="getelementptr(29) " fcode="getelementptr"/>
<opset="local_out_addr/1 "/>
</bind>
</comp>

<comp id="69" class="1004" name="grp_access_fu_69">
<pin_list>
<pin id="70" dir="0" index="0" bw="3" slack="0"/>
<pin id="71" dir="0" index="1" bw="8" slack="2147483647"/>
<pin id="72" dir="0" index="2" bw="0" slack="2147483647"/>
<pin id="73" dir="1" index="3" bw="8" slack="1"/>
</pin_list>
<bind>
<opcode="load(27) " fcode="load"/>
<opset="local_out_load/1 "/>
</bind>
</comp>

<comp id="75" class="1004" name="write_ln183_write_fu_75">
<pin_list>
<pin id="76" dir="0" index="0" bw="0" slack="0"/>
<pin id="77" dir="0" index="1" bw="8" slack="2"/>
<pin id="78" dir="0" index="2" bw="8" slack="1"/>
<pin id="79" dir="0" index="3" bw="1" slack="0"/>
<pin id="80" dir="1" index="4" bw="0" slack="2147483647"/>
</pin_list>
<bind>
<opcode="write(1151) " fcode="write"/>
<opset="write_ln183/3 "/>
</bind>
</comp>

<comp id="83" class="1004" name="store_ln181_store_fu_83">
<pin_list>
<pin id="84" dir="0" index="0" bw="1" slack="0"/>
<pin id="85" dir="0" index="1" bw="4" slack="0"/>
<pin id="86" dir="1" index="2" bw="0" slack="2147483647"/>
</pin_list>
<bind>
<opcode="store(28) " fcode="store"/>
<opset="store_ln181/1 "/>
</bind>
</comp>

<comp id="88" class="1004" name="i_2_load_fu_88">
<pin_list>
<pin id="89" dir="0" index="0" bw="4" slack="0"/>
<pin id="90" dir="1" index="1" bw="4" slack="0"/>
</pin_list>
<bind>
<opcode="load(27) " fcode="load"/>
<opset="i_2/1 "/>
</bind>
</comp>

<comp id="91" class="1004" name="icmp_ln181_fu_91">
<pin_list>
<pin id="92" dir="0" index="0" bw="4" slack="0"/>
<pin id="93" dir="0" index="1" bw="4" slack="0"/>
<pin id="94" dir="1" index="2" bw="1" slack="1"/>
</pin_list>
<bind>
<opcode="icmp(45) " fcode="icmp"/>
<opset="icmp_ln181/1 "/>
</bind>
</comp>

<comp id="97" class="1004" name="add_ln181_fu_97">
<pin_list>
<pin id="98" dir="0" index="0" bw="4" slack="0"/>
<pin id="99" dir="0" index="1" bw="1" slack="0"/>
<pin id="100" dir="1" index="2" bw="4" slack="0"/>
</pin_list>
<bind>
<opcode="add(8) " fcode="add"/>
<opset="add_ln181/1 "/>
</bind>
</comp>

<comp id="103" class="1004" name="DATA_OUT_addr_fu_103">
<pin_list>
<pin id="104" dir="0" index="0" bw="8" slack="0"/>
<pin id="105" dir="0" index="1" bw="64" slack="0"/>
<pin id="106" dir="1" index="2" bw="8" slack="2"/>
</pin_list>
<bind>
<opcode="getelementptr(29) " fcode="getelementptr"/>
<opset="DATA_OUT_addr/1 "/>
</bind>
</comp>

<comp id="109" class="1004" name="zext_ln181_fu_109">
<pin_list>
<pin id="110" dir="0" index="0" bw="4" slack="0"/>
<pin id="111" dir="1" index="1" bw="64" slack="0"/>
</pin_list>
<bind>
<opcode="zext(34) " fcode="zext"/>
<opset="zext_ln181/1 "/>
</bind>
</comp>

<comp id="114" class="1004" name="store_ln181_store_fu_114">
<pin_list>
<pin id="115" dir="0" index="0" bw="4" slack="0"/>
<pin id="116" dir="0" index="1" bw="4" slack="0"/>
<pin id="117" dir="1" index="2" bw="0" slack="2147483647"/>
</pin_list>
<bind>
<opcode="store(28) " fcode="store"/>
<opset="store_ln181/1 "/>
</bind>
</comp>

<comp id="119" class="1005" name="i_reg_119">
<pin_list>
<pin id="120" dir="0" index="0" bw="4" slack="0"/>
<pin id="121" dir="1" index="1" bw="4" slack="0"/>
</pin_list>
<bind>
<opset="i "/>
</bind>
</comp>

<comp id="126" class="1005" name="icmp_ln181_reg_126">
<pin_list>
<pin id="127" dir="0" index="0" bw="1" slack="1"/>
<pin id="128" dir="1" index="1" bw="1" slack="2147483647"/>
</pin_list>
<bind>
<opset="icmp_ln181 "/>
</bind>
</comp>

<comp id="130" class="1005" name="DATA_OUT_addr_reg_130">
<pin_list>
<pin id="131" dir="0" index="0" bw="8" slack="2"/>
<pin id="132" dir="1" index="1" bw="8" slack="2"/>
</pin_list>
<bind>
<opset="DATA_OUT_addr "/>
</bind>
</comp>

<comp id="135" class="1005" name="local_out_addr_reg_135">
<pin_list>
<pin id="136" dir="0" index="0" bw="3" slack="1"/>
<pin id="137" dir="1" index="1" bw="3" slack="1"/>
</pin_list>
<bind>
<opset="local_out_addr "/>
</bind>
</comp>

<comp id="140" class="1005" name="local_out_load_reg_140">
<pin_list>
<pin id="141" dir="0" index="0" bw="8" slack="1"/>
<pin id="142" dir="1" index="1" bw="8" slack="1"/>
</pin_list>
<bind>
<opset="local_out_load "/>
</bind>
</comp>

</comp_list>

<net_list>
<net id="55"><net_src comp="6" pin="0"/><net_sink comp="52" pin=0"/></net>

<net id="60"><net_src comp="26" pin="0"/><net_sink comp="56" pin=0"/></net>

<net id="61"><net_src comp="2" pin="0"/><net_sink comp="56" pin=1"/></net>

<net id="67"><net_src comp="4" pin="0"/><net_sink comp="62" pin=0"/></net>

<net id="68"><net_src comp="36" pin="0"/><net_sink comp="62" pin=1"/></net>

<net id="74"><net_src comp="62" pin="3"/><net_sink comp="69" pin=0"/></net>

<net id="81"><net_src comp="48" pin="0"/><net_sink comp="75" pin=0"/></net>

<net id="82"><net_src comp="50" pin="0"/><net_sink comp="75" pin=3"/></net>

<net id="87"><net_src comp="28" pin="0"/><net_sink comp="83" pin=0"/></net>

<net id="95"><net_src comp="88" pin="1"/><net_sink comp="91" pin=0"/></net>

<net id="96"><net_src comp="32" pin="0"/><net_sink comp="91" pin=1"/></net>

<net id="101"><net_src comp="88" pin="1"/><net_sink comp="97" pin=0"/></net>

<net id="102"><net_src comp="34" pin="0"/><net_sink comp="97" pin=1"/></net>

<net id="107"><net_src comp="0" pin="0"/><net_sink comp="103" pin=0"/></net>

<net id="108"><net_src comp="56" pin="2"/><net_sink comp="103" pin=1"/></net>

<net id="112"><net_src comp="88" pin="1"/><net_sink comp="109" pin=0"/></net>

<net id="113"><net_src comp="109" pin="1"/><net_sink comp="62" pin=2"/></net>

<net id="118"><net_src comp="97" pin="2"/><net_sink comp="114" pin=0"/></net>

<net id="122"><net_src comp="52" pin="1"/><net_sink comp="119" pin=0"/></net>

<net id="123"><net_src comp="119" pin="1"/><net_sink comp="83" pin=1"/></net>

<net id="124"><net_src comp="119" pin="1"/><net_sink comp="88" pin=0"/></net>

<net id="125"><net_src comp="119" pin="1"/><net_sink comp="114" pin=1"/></net>

<net id="129"><net_src comp="91" pin="2"/><net_sink comp="126" pin=0"/></net>

<net id="133"><net_src comp="103" pin="2"/><net_sink comp="130" pin=0"/></net>

<net id="134"><net_src comp="130" pin="1"/><net_sink comp="75" pin=1"/></net>

<net id="138"><net_src comp="62" pin="3"/><net_sink comp="135" pin=0"/></net>

<net id="139"><net_src comp="135" pin="1"/><net_sink comp="69" pin=0"/></net>

<net id="143"><net_src comp="69" pin="3"/><net_sink comp="140" pin=0"/></net>

<net id="144"><net_src comp="140" pin="1"/><net_sink comp="75" pin=2"/></net>

</net_list>

</model> 
---------------- Datapath Model END ------------------

* FSMD analyzer results:
  - Output states:
	Port: DATA_OUT | {3 }
 - Input state : 
	Port: tiny_ecg_inference_Pipeline_VITIS_LOOP_181_17 : output_logits | {1 }
	Port: tiny_ecg_inference_Pipeline_VITIS_LOOP_181_17 : local_out | {1 2 }
  - Chain level:
	State 1
		store_ln181 : 1
		i_2 : 1
		icmp_ln181 : 2
		add_ln181 : 2
		br_ln181 : 3
		zext_ln181 : 2
		local_out_addr : 3
		local_out_load : 4
		store_ln181 : 3
	State 2
	State 3


============================================================
+ Verbose Summary: Datapath Resource usage 
============================================================

* Functional unit list:
|----------|-------------------------------|---------|---------|
| Operation|        Functional Unit        |    FF   |   LUT   |
|----------|-------------------------------|---------|---------|
|   icmp   |        icmp_ln181_fu_91       |    0    |    13   |
|----------|-------------------------------|---------|---------|
|    add   |        add_ln181_fu_97        |    0    |    13   |
|----------|-------------------------------|---------|---------|
|   read   | output_logits_read_read_fu_56 |    0    |    0    |
|----------|-------------------------------|---------|---------|
|   write  |    write_ln183_write_fu_75    |    0    |    0    |
|----------|-------------------------------|---------|---------|
|   zext   |       zext_ln181_fu_109       |    0    |    0    |
|----------|-------------------------------|---------|---------|
|   Total  |                               |    0    |    26   |
|----------|-------------------------------|---------|---------|

Memories:
N/A

* Register list:
+----------------------+--------+
|                      |   FF   |
+----------------------+--------+
| DATA_OUT_addr_reg_130|    8   |
|       i_reg_119      |    4   |
|  icmp_ln181_reg_126  |    1   |
|local_out_addr_reg_135|    3   |
|local_out_load_reg_140|    8   |
+----------------------+--------+
|         Total        |   24   |
+----------------------+--------+

* Multiplexer (MUX) list: 
|------------------|------|------|------|--------||---------||---------||---------|
|       Comp       |  Pin | Size |  BW  | S x BW ||  Delay  ||    FF   ||   LUT   |
|------------------|------|------|------|--------||---------||---------||---------|
| grp_access_fu_69 |  p0  |   2  |   3  |    6   ||    0    ||    9    |
|------------------|------|------|------|--------||---------||---------||---------|
|       Total      |      |      |      |    6   ||  1.588  ||    0    ||    9    |
|------------------|------|------|------|--------||---------||---------||---------|



* Summary:
+-----------+--------+--------+--------+
|           |  Delay |   FF   |   LUT  |
+-----------+--------+--------+--------+
|  Function |    -   |    0   |   26   |
|   Memory  |    -   |    -   |    -   |
|Multiplexer|    1   |    0   |    9   |
|  Register |    -   |   24   |    -   |
+-----------+--------+--------+--------+
|   Total   |    1   |   24   |   35   |
+-----------+--------+--------+--------+
