

================================================================
== Vitis HLS Report for 'tiny_ecg_inference_Pipeline_VITIS_LOOP_55_1'
================================================================
* Date:           Thu Sep 24 13:04:53 2026

* Version:        2026.1 (Build 6493734 on Jun 16 2026)
* Project:        solution1
* Solution:       hls
* Product family: zynq
* Target device:  xc7z020-clg484-1


================================================================
== Performance Estimates
================================================================
+ Timing: 
    * Summary: 
    +--------+----------+----------+------------+
    |  Clock |  Target  | Estimated| Uncertainty|
    +--------+----------+----------+------------+
    |ap_clk  |  10.00 ns|  7.300 ns|     2.70 ns|
    +--------+----------+----------+------------+

+ Latency: 
    * Summary: 
    +---------+---------+----------+----------+-----+-----+-------------------+
    |  Latency (cycles) |  Latency (absolute) |  Interval |      Pipeline     |
    |   min   |   max   |    min   |    max   | min | max |        Type       |
    +---------+---------+----------+----------+-----+-----+-------------------+
    |       99|       99|  0.990 us|  0.990 us|    0|    0|  loop pipeline stp|
    +---------+---------+----------+----------+-----+-----+-------------------+

    + Detail: 
        * Instance: 
        N/A

        * Loop: 
        +-------------------+---------+---------+----------+-----------+-----------+------+----------+
        |                   |  Latency (cycles) | Iteration|  Initiation Interval  | Trip |          |
        |     Loop Name     |   min   |   max   |  Latency |  achieved |   target  | Count| Pipelined|
        +-------------------+---------+---------+----------+-----------+-----------+------+----------+
        |- VITIS_LOOP_55_1  |       97|       97|         3|          1|          1|    96|       yes|
        +-------------------+---------+---------+----------+-----------+-----------+------+----------+

============================================================
+ Verbose Summary: Synthesis Manager
============================================================
InlineROM: 1
ExposeGlobal: 0
============================================================
+ Verbose Summary: CDFG Model
============================================================
IsTopModel: 0
ResetActiveHigh: 1
IsCombinational: 0
IsDatapathOnly: 0
HasWiredReturn: 1
HasMFsm: 2
HasVarLatency: 1
IsPipeline: 0
IsRtlPipelined: 0
IsInstanceOverlapped: 0
IsDontTouch: 0
HasImplIP: 0
IsGatedGlobalClock: 0

+ Individual pipeline summary: 
  * Pipeline-0: initiation interval (II) = 1, depth = 3


============================================================
+ Verbose Summary: Schedule
============================================================
* Number of FSM states : 3
* Pipeline : 1
  Pipeline-0 : II = 1, D = 3, States = { 1 2 3 }
* Dataflow Pipeline: 0

* FSM state transitions: 
1 --> 2 
2 --> 3 
3 --> 

* FSM state operations: 

State 1 <SV = 0> <Delay = 6.03>
ST_1 : Operation 6 [1/1] (0.00ns)   --->   "%phi_urem = alloca i32 1"   --->   Operation 6 'alloca' 'phi_urem' <Predicate = true> <Delay = 0.00>
ST_1 : Operation 7 [1/1] (0.00ns)   --->   "%phi_mul = alloca i32 1"   --->   Operation 7 'alloca' 'phi_mul' <Predicate = true> <Delay = 0.00>
ST_1 : Operation 8 [1/1] (0.00ns)   --->   "%i = alloca i32 1" [../cnn_hls.cpp:55]   --->   Operation 8 'alloca' 'i' <Predicate = true> <Delay = 0.00>
ST_1 : Operation 9 [1/1] (0.00ns)   --->   "%specinterface_ln0 = specinterface void @_ssdm_op_SpecInterface, i8 %DATA_IN, void @empty_4, i32 0, i32 0, void @empty_6, i32 0, i32 96, void @empty_7, void @empty_8, void @empty_6, i32 16, i32 16, i32 16, i32 16, void @empty_6, void @empty_6, i32 4294967295, i32 0, i32 0, i32 1"   --->   Operation 9 'specinterface' 'specinterface_ln0' <Predicate = true> <Delay = 0.00>
ST_1 : Operation 10 [1/1] (0.00ns)   --->   "%input_ecg_read = read i64 @_ssdm_op_Read.ap_auto.i64, i64 %input_ecg"   --->   Operation 10 'read' 'input_ecg_read' <Predicate = true> <Delay = 0.00>
ST_1 : Operation 11 [1/1] (1.58ns)   --->   "%store_ln55 = store i7 0, i7 %i" [../cnn_hls.cpp:55]   --->   Operation 11 'store' 'store_ln55' <Predicate = true> <Delay = 1.58>
ST_1 : Operation 12 [1/1] (1.58ns)   --->   "%store_ln0 = store i15 0, i15 %phi_mul"   --->   Operation 12 'store' 'store_ln0' <Predicate = true> <Delay = 1.58>
ST_1 : Operation 13 [1/1] (1.58ns)   --->   "%store_ln0 = store i7 0, i7 %phi_urem"   --->   Operation 13 'store' 'store_ln0' <Predicate = true> <Delay = 1.58>
ST_1 : Operation 14 [1/1] (0.00ns)   --->   "%br_ln0 = br void %for.inc"   --->   Operation 14 'br' 'br_ln0' <Predicate = true> <Delay = 0.00>
ST_1 : Operation 15 [1/1] (0.00ns)   --->   "%phi_urem_load = load i7 %phi_urem" [../cnn_hls.cpp:55]   --->   Operation 15 'load' 'phi_urem_load' <Predicate = true> <Delay = 0.00>
ST_1 : Operation 16 [1/1] (0.00ns)   --->   "%i_1 = load i7 %i" [../cnn_hls.cpp:55]   --->   Operation 16 'load' 'i_1' <Predicate = true> <Delay = 0.00>
ST_1 : Operation 17 [1/1] (0.00ns)   --->   "%specbitsmap_ln0 = specbitsmap void @_ssdm_op_SpecBitsMap, i8 %DATA_IN"   --->   Operation 17 'specbitsmap' 'specbitsmap_ln0' <Predicate = true> <Delay = 0.00>
ST_1 : Operation 18 [1/1] (1.87ns)   --->   "%icmp_ln55 = icmp_eq  i7 %i_1, i7 96" [../cnn_hls.cpp:55]   --->   Operation 18 'icmp' 'icmp_ln55' <Predicate = true> <Delay = 1.87> <CoreInst = "Cmp">   --->   Core 9 'Cmp' <Latency = 0> <II = 1> <Delay = 1.87> <FuncUnit> <Opcode : 'seteq' 'setne' 'setle' 'setge' 'setlt' 'setgt'> <InPorts = 2> <OutPorts = 1>
ST_1 : Operation 19 [1/1] (1.87ns)   --->   "%add_ln55 = add i7 %i_1, i7 1" [../cnn_hls.cpp:55]   --->   Operation 19 'add' 'add_ln55' <Predicate = true> <Delay = 1.87> <CoreInst = "Adder">   --->   Core 1 'Adder' <Latency = 0> <II = 1> <Delay = 1.87> <FuncUnit> <Opcode : 'add' 'sub'> <InPorts = 2> <OutPorts = 1>
ST_1 : Operation 20 [1/1] (0.00ns)   --->   "%br_ln55 = br i1 %icmp_ln55, void %for.inc.split, void %VITIS_LOOP_82_4.preheader.exitStub" [../cnn_hls.cpp:55]   --->   Operation 20 'br' 'br_ln55' <Predicate = true> <Delay = 0.00>
ST_1 : Operation 21 [1/1] (0.00ns)   --->   "%DATA_IN_addr = getelementptr i8 %DATA_IN, i64 %input_ecg_read" [../cnn_hls.cpp:55]   --->   Operation 21 'getelementptr' 'DATA_IN_addr' <Predicate = (!icmp_ln55)> <Delay = 0.00>
ST_1 : Operation 22 [1/1] (0.00ns)   --->   "%trunc_ln55 = trunc i7 %phi_urem_load" [../cnn_hls.cpp:55]   --->   Operation 22 'trunc' 'trunc_ln55' <Predicate = (!icmp_ln55)> <Delay = 0.00>
ST_1 : Operation 23 [1/1] (1.65ns)   --->   "%switch_ln57 = switch i3 %trunc_ln55, void %arrayidx2.case.4, i3 0, void %arrayidx2.case.0, i3 1, void %arrayidx2.case.1, i3 2, void %arrayidx2.case.2, i3 3, void %arrayidx2.case.3" [../cnn_hls.cpp:57]   --->   Operation 23 'switch' 'switch_ln57' <Predicate = (!icmp_ln55)> <Delay = 1.65>
ST_1 : Operation 24 [1/1] (1.87ns)   --->   "%add_ln55_2 = add i7 %phi_urem_load, i7 1" [../cnn_hls.cpp:55]   --->   Operation 24 'add' 'add_ln55_2' <Predicate = (!icmp_ln55)> <Delay = 1.87> <CoreInst = "Adder">   --->   Core 1 'Adder' <Latency = 0> <II = 1> <Delay = 1.87> <FuncUnit> <Opcode : 'add' 'sub'> <InPorts = 2> <OutPorts = 1>
ST_1 : Operation 25 [1/1] (1.87ns)   --->   "%icmp_ln55_1 = icmp_eq  i7 %phi_urem_load, i7 4" [../cnn_hls.cpp:55]   --->   Operation 25 'icmp' 'icmp_ln55_1' <Predicate = (!icmp_ln55)> <Delay = 1.87> <CoreInst = "Cmp">   --->   Core 9 'Cmp' <Latency = 0> <II = 1> <Delay = 1.87> <FuncUnit> <Opcode : 'seteq' 'setne' 'setle' 'setge' 'setlt' 'setgt'> <InPorts = 2> <OutPorts = 1>
ST_1 : Operation 26 [1/1] (0.99ns)   --->   "%select_ln55 = select i1 %icmp_ln55_1, i7 0, i7 %add_ln55_2" [../cnn_hls.cpp:55]   --->   Operation 26 'select' 'select_ln55' <Predicate = (!icmp_ln55)> <Delay = 0.99> <CoreInst = "Sel">   --->   Core 73 'Sel' <Latency = 0> <II = 1> <Delay = 0.99> <FuncUnit> <Opcode : 'select'> <InPorts = 3> <OutPorts = 1>
ST_1 : Operation 27 [1/1] (1.58ns)   --->   "%store_ln55 = store i7 %add_ln55, i7 %i" [../cnn_hls.cpp:55]   --->   Operation 27 'store' 'store_ln55' <Predicate = (!icmp_ln55)> <Delay = 1.58>
ST_1 : Operation 28 [1/1] (1.58ns)   --->   "%store_ln55 = store i7 %select_ln55, i7 %phi_urem" [../cnn_hls.cpp:55]   --->   Operation 28 'store' 'store_ln55' <Predicate = (!icmp_ln55)> <Delay = 1.58>

State 2 <SV = 1> <Delay = 7.30>
ST_2 : Operation 29 [1/1] ( I:7.30ns O:7.30ns )   --->   "%DATA_IN_addr_read = read i8 @_ssdm_op_Read.m_axi.i8.p1i8, i8 %DATA_IN_addr" [../cnn_hls.cpp:57]   --->   Operation 29 'read' 'DATA_IN_addr_read' <Predicate = true> <Delay = 7.30> <CoreInst = "m_axi">   --->   Core 111 'm_axi' <Latency = 3> <II = 1> <Delay = 1.00> <Adapter> <Opcode : 'readrequnaligned' 'writerequnaligned' 'read' 'write' 'readreq' 'writereq' 'writeresp'>
ST_2 : Operation 54 [1/1] (1.58ns)   --->   "%ret_ln0 = ret"   --->   Operation 54 'ret' 'ret_ln0' <Predicate = (icmp_ln55)> <Delay = 1.58>

State 3 <SV = 2> <Delay = 3.53>
ST_3 : Operation 30 [1/1] (0.00ns)   --->   "%phi_mul_load = load i15 %phi_mul" [../cnn_hls.cpp:55]   --->   Operation 30 'load' 'phi_mul_load' <Predicate = true> <Delay = 0.00>
ST_3 : Operation 31 [1/1] (0.00ns)   --->   "%specpipeline_ln56 = specpipeline void @_ssdm_op_SpecPipeline, i32 1, i32 0, i32 0, i32 0, i32 4294967295, void @empty_6" [../cnn_hls.cpp:56]   --->   Operation 31 'specpipeline' 'specpipeline_ln56' <Predicate = true> <Delay = 0.00>
ST_3 : Operation 32 [1/1] (0.00ns)   --->   "%speclooptripcount_ln55 = speclooptripcount void @_ssdm_op_SpecLoopTripCount, i64 96, i64 96, i64 96" [../cnn_hls.cpp:55]   --->   Operation 32 'speclooptripcount' 'speclooptripcount_ln55' <Predicate = true> <Delay = 0.00>
ST_3 : Operation 33 [1/1] (0.00ns)   --->   "%specloopname_ln55 = specloopname void @_ssdm_op_SpecLoopName, void @empty_10" [../cnn_hls.cpp:55]   --->   Operation 33 'specloopname' 'specloopname_ln55' <Predicate = true> <Delay = 0.00>
ST_3 : Operation 34 [1/1] (1.94ns)   --->   "%add_ln55_1 = add i15 %phi_mul_load, i15 205" [../cnn_hls.cpp:55]   --->   Operation 34 'add' 'add_ln55_1' <Predicate = true> <Delay = 1.94> <CoreInst = "Adder">   --->   Core 1 'Adder' <Latency = 0> <II = 1> <Delay = 1.94> <FuncUnit> <Opcode : 'add' 'sub'> <InPorts = 2> <OutPorts = 1>
ST_3 : Operation 35 [1/1] (0.00ns)   --->   "%tmp = partselect i5 @_ssdm_op_PartSelect.i5.i15.i32.i32, i15 %phi_mul_load, i32 10, i32 14" [../cnn_hls.cpp:55]   --->   Operation 35 'partselect' 'tmp' <Predicate = true> <Delay = 0.00>
ST_3 : Operation 36 [1/1] (0.00ns)   --->   "%zext_ln55 = zext i5 %tmp" [../cnn_hls.cpp:55]   --->   Operation 36 'zext' 'zext_ln55' <Predicate = true> <Delay = 0.00>
ST_3 : Operation 37 [1/1] (0.00ns)   --->   "%local_ecg_addr = getelementptr i8 %local_ecg, i64 0, i64 %zext_ln55" [../cnn_hls.cpp:57]   --->   Operation 37 'getelementptr' 'local_ecg_addr' <Predicate = true> <Delay = 0.00>
ST_3 : Operation 38 [1/1] (0.00ns)   --->   "%local_ecg_1_addr = getelementptr i8 %local_ecg_1, i64 0, i64 %zext_ln55" [../cnn_hls.cpp:57]   --->   Operation 38 'getelementptr' 'local_ecg_1_addr' <Predicate = true> <Delay = 0.00>
ST_3 : Operation 39 [1/1] (0.00ns)   --->   "%local_ecg_2_addr = getelementptr i8 %local_ecg_2, i64 0, i64 %zext_ln55" [../cnn_hls.cpp:57]   --->   Operation 39 'getelementptr' 'local_ecg_2_addr' <Predicate = true> <Delay = 0.00>
ST_3 : Operation 40 [1/1] (0.00ns)   --->   "%local_ecg_3_addr = getelementptr i8 %local_ecg_3, i64 0, i64 %zext_ln55" [../cnn_hls.cpp:57]   --->   Operation 40 'getelementptr' 'local_ecg_3_addr' <Predicate = true> <Delay = 0.00>
ST_3 : Operation 41 [1/1] (0.00ns)   --->   "%local_ecg_4_addr = getelementptr i8 %local_ecg_4, i64 0, i64 %zext_ln55" [../cnn_hls.cpp:57]   --->   Operation 41 'getelementptr' 'local_ecg_4_addr' <Predicate = true> <Delay = 0.00>
ST_3 : Operation 42 [1/1] ( I:2.32ns O:2.32ns )   --->   "%store_ln57 = store i8 %DATA_IN_addr_read, i5 %local_ecg_3_addr" [../cnn_hls.cpp:57]   --->   Operation 42 'store' 'store_ln57' <Predicate = (trunc_ln55 == 3)> <Delay = 2.32> <CoreInst = "RAM">   --->   Core 81 'RAM' <Latency = 1> <II = 1> <Delay = 2.32> <Storage> <Opcode : 'load' 'store'> <Ports = 2> <Width = 8> <Depth = 20> <RAM>
ST_3 : Operation 43 [1/1] (0.00ns)   --->   "%br_ln57 = br void %arrayidx2.exit" [../cnn_hls.cpp:57]   --->   Operation 43 'br' 'br_ln57' <Predicate = (trunc_ln55 == 3)> <Delay = 0.00>
ST_3 : Operation 44 [1/1] ( I:2.32ns O:2.32ns )   --->   "%store_ln57 = store i8 %DATA_IN_addr_read, i5 %local_ecg_2_addr" [../cnn_hls.cpp:57]   --->   Operation 44 'store' 'store_ln57' <Predicate = (trunc_ln55 == 2)> <Delay = 2.32> <CoreInst = "RAM">   --->   Core 81 'RAM' <Latency = 1> <II = 1> <Delay = 2.32> <Storage> <Opcode : 'load' 'store'> <Ports = 2> <Width = 8> <Depth = 20> <RAM>
ST_3 : Operation 45 [1/1] (0.00ns)   --->   "%br_ln57 = br void %arrayidx2.exit" [../cnn_hls.cpp:57]   --->   Operation 45 'br' 'br_ln57' <Predicate = (trunc_ln55 == 2)> <Delay = 0.00>
ST_3 : Operation 46 [1/1] ( I:2.32ns O:2.32ns )   --->   "%store_ln57 = store i8 %DATA_IN_addr_read, i5 %local_ecg_1_addr" [../cnn_hls.cpp:57]   --->   Operation 46 'store' 'store_ln57' <Predicate = (trunc_ln55 == 1)> <Delay = 2.32> <CoreInst = "RAM">   --->   Core 81 'RAM' <Latency = 1> <II = 1> <Delay = 2.32> <Storage> <Opcode : 'load' 'store'> <Ports = 2> <Width = 8> <Depth = 20> <RAM>
ST_3 : Operation 47 [1/1] (0.00ns)   --->   "%br_ln57 = br void %arrayidx2.exit" [../cnn_hls.cpp:57]   --->   Operation 47 'br' 'br_ln57' <Predicate = (trunc_ln55 == 1)> <Delay = 0.00>
ST_3 : Operation 48 [1/1] ( I:2.32ns O:2.32ns )   --->   "%store_ln57 = store i8 %DATA_IN_addr_read, i5 %local_ecg_addr" [../cnn_hls.cpp:57]   --->   Operation 48 'store' 'store_ln57' <Predicate = (trunc_ln55 == 0)> <Delay = 2.32> <CoreInst = "RAM">   --->   Core 81 'RAM' <Latency = 1> <II = 1> <Delay = 2.32> <Storage> <Opcode : 'load' 'store'> <Ports = 2> <Width = 8> <Depth = 20> <RAM>
ST_3 : Operation 49 [1/1] (0.00ns)   --->   "%br_ln57 = br void %arrayidx2.exit" [../cnn_hls.cpp:57]   --->   Operation 49 'br' 'br_ln57' <Predicate = (trunc_ln55 == 0)> <Delay = 0.00>
ST_3 : Operation 50 [1/1] ( I:2.32ns O:2.32ns )   --->   "%store_ln57 = store i8 %DATA_IN_addr_read, i5 %local_ecg_4_addr" [../cnn_hls.cpp:57]   --->   Operation 50 'store' 'store_ln57' <Predicate = (trunc_ln55 != 0 & trunc_ln55 != 1 & trunc_ln55 != 2 & trunc_ln55 != 3)> <Delay = 2.32> <CoreInst = "RAM">   --->   Core 81 'RAM' <Latency = 1> <II = 1> <Delay = 2.32> <Storage> <Opcode : 'load' 'store'> <Ports = 2> <Width = 8> <Depth = 20> <RAM>
ST_3 : Operation 51 [1/1] (0.00ns)   --->   "%br_ln57 = br void %arrayidx2.exit" [../cnn_hls.cpp:57]   --->   Operation 51 'br' 'br_ln57' <Predicate = (trunc_ln55 != 0 & trunc_ln55 != 1 & trunc_ln55 != 2 & trunc_ln55 != 3)> <Delay = 0.00>
ST_3 : Operation 52 [1/1] (1.58ns)   --->   "%store_ln55 = store i15 %add_ln55_1, i15 %phi_mul" [../cnn_hls.cpp:55]   --->   Operation 52 'store' 'store_ln55' <Predicate = true> <Delay = 1.58>
ST_3 : Operation 53 [1/1] (0.00ns)   --->   "%br_ln55 = br void %for.inc" [../cnn_hls.cpp:55]   --->   Operation 53 'br' 'br_ln55' <Predicate = true> <Delay = 0.00>


============================================================
+ Verbose Summary: Timing violations
============================================================
Target clock period: 10.000ns, clock uncertainty: 2.700ns.

 <State 1>: 6.039ns
The critical path consists of the following:
	'store' operation ('store_ln0') of constant 0 7 bit on local variable 'phi_urem' [15]  (1.588 ns)
	'load' operation 7 bit ('phi_urem_load', ../cnn_hls.cpp:55) on local variable 'phi_urem' [18]  (0.000 ns)
	'add' operation 7 bit ('add_ln55_2', ../cnn_hls.cpp:55) [57]  (1.870 ns)
	'select' operation 7 bit ('select_ln55', ../cnn_hls.cpp:55) [59]  (0.993 ns)
	'store' operation ('store_ln55', ../cnn_hls.cpp:55) of variable 'select_ln55', ../cnn_hls.cpp:55 7 bit on local variable 'phi_urem' [62]  (1.588 ns)

 <State 2>: 7.300ns
The critical path consists of the following:
	bus read operation ('DATA_IN_addr_read', ../cnn_hls.cpp:57) on port 'DATA_IN' (../cnn_hls.cpp:57) [34]  (7.300 ns)

 <State 3>: 3.532ns
The critical path consists of the following:
	'load' operation 15 bit ('phi_mul_load', ../cnn_hls.cpp:55) on local variable 'phi_mul' [25]  (0.000 ns)
	'add' operation 15 bit ('add_ln55_1', ../cnn_hls.cpp:55) [30]  (1.944 ns)
	'store' operation ('store_ln55', ../cnn_hls.cpp:55) of variable 'add_ln55_1', ../cnn_hls.cpp:55 15 bit on local variable 'phi_mul' [61]  (1.588 ns)


============================================================
+ Verbose Summary: Binding
============================================================
N/A
* FSMD analyzer results:
  - Output states:
 - Input state : 
  - Chain level:
	State 1
	State 2
	State 3


============================================================
+ Verbose Summary: Datapath Resource usage 
============================================================
N/A
