

================================================================
== Vitis HLS Report for 'tiny_ecg_inference_Pipeline_VITIS_LOOP_181_17'
================================================================
* Date:           Tue Sep 22 23:11:56 2026

* Version:        2026.1 (Build 6493734 on Jun 16 2026)
* Project:        solution1
* Solution:       hls
* Product family: zynq
* Target device:  xc7z020-clg484-1


================================================================
== Performance Estimates
================================================================
+ Timing: 
    * Summary: 
    +--------+----------+----------+------------+
    |  Clock |  Target  | Estimated| Uncertainty|
    +--------+----------+----------+------------+
    |ap_clk  |  10.00 ns|  7.300 ns|     2.70 ns|
    +--------+----------+----------+------------+

+ Latency: 
    * Summary: 
    +---------+---------+----------+----------+-----+-----+-------------------+
    |  Latency (cycles) |  Latency (absolute) |  Interval |      Pipeline     |
    |   min   |   max   |    min   |    max   | min | max |        Type       |
    +---------+---------+----------+----------+-----+-----+-------------------+
    |       11|       11|  0.110 us|  0.110 us|    0|    0|  loop pipeline stp|
    +---------+---------+----------+----------+-----+-----+-------------------+

    + Detail: 
        * Instance: 
        N/A

        * Loop: 
        +---------------------+---------+---------+----------+-----------+-----------+------+----------+
        |                     |  Latency (cycles) | Iteration|  Initiation Interval  | Trip |          |
        |      Loop Name      |   min   |   max   |  Latency |  achieved |   target  | Count| Pipelined|
        +---------------------+---------+---------+----------+-----------+-----------+------+----------+
        |- VITIS_LOOP_181_17  |        9|        9|         3|          1|          1|     8|       yes|
        +---------------------+---------+---------+----------+-----------+-----------+------+----------+

============================================================
+ Verbose Summary: Synthesis Manager
============================================================
InlineROM: 1
ExposeGlobal: 0
============================================================
+ Verbose Summary: CDFG Model
============================================================
IsTopModel: 0
ResetActiveHigh: 1
IsCombinational: 0
IsDatapathOnly: 0
HasWiredReturn: 1
HasMFsm: 2
HasVarLatency: 1
IsPipeline: 0
IsRtlPipelined: 0
IsInstanceOverlapped: 0
IsDontTouch: 0
HasImplIP: 0
IsGatedGlobalClock: 0

+ Individual pipeline summary: 
  * Pipeline-0: initiation interval (II) = 1, depth = 3


============================================================
+ Verbose Summary: Schedule
============================================================
* Number of FSM states : 3
* Pipeline : 1
  Pipeline-0 : II = 1, D = 3, States = { 1 2 3 }
* Dataflow Pipeline: 0

* FSM state transitions: 
1 --> 2 
2 --> 3 
3 --> 

* FSM state operations: 

State 1 <SV = 0> <Delay = 4.91>
ST_1 : Operation 6 [1/1] (0.00ns)   --->   "%i = alloca i32 1" [../cnn_hls.cpp:181]   --->   Operation 6 'alloca' 'i' <Predicate = true> <Delay = 0.00>
ST_1 : Operation 7 [1/1] (0.00ns)   --->   "%specinterface_ln0 = specinterface void @_ssdm_op_SpecInterface, i8 %DATA_OUT, void @empty_4, i32 0, i32 0, void @empty_6, i32 0, i32 8, void @empty_9, void @empty_8, void @empty_6, i32 16, i32 16, i32 16, i32 16, void @empty_6, void @empty_6, i32 4294967295, i32 0, i32 0, i32 1"   --->   Operation 7 'specinterface' 'specinterface_ln0' <Predicate = true> <Delay = 0.00>
ST_1 : Operation 8 [1/1] (0.00ns)   --->   "%output_logits_read = read i64 @_ssdm_op_Read.ap_auto.i64, i64 %output_logits"   --->   Operation 8 'read' 'output_logits_read' <Predicate = true> <Delay = 0.00>
ST_1 : Operation 9 [1/1] (1.58ns)   --->   "%store_ln181 = store i4 0, i4 %i" [../cnn_hls.cpp:181]   --->   Operation 9 'store' 'store_ln181' <Predicate = true> <Delay = 1.58>
ST_1 : Operation 10 [1/1] (0.00ns)   --->   "%br_ln0 = br void %for.inc251"   --->   Operation 10 'br' 'br_ln0' <Predicate = true> <Delay = 0.00>
ST_1 : Operation 11 [1/1] (0.00ns)   --->   "%i_2 = load i4 %i" [../cnn_hls.cpp:181]   --->   Operation 11 'load' 'i_2' <Predicate = true> <Delay = 0.00>
ST_1 : Operation 12 [1/1] (0.00ns)   --->   "%specbitsmap_ln0 = specbitsmap void @_ssdm_op_SpecBitsMap, i8 %DATA_OUT"   --->   Operation 12 'specbitsmap' 'specbitsmap_ln0' <Predicate = true> <Delay = 0.00>
ST_1 : Operation 13 [1/1] (1.73ns)   --->   "%icmp_ln181 = icmp_eq  i4 %i_2, i4 8" [../cnn_hls.cpp:181]   --->   Operation 13 'icmp' 'icmp_ln181' <Predicate = true> <Delay = 1.73> <CoreInst = "Cmp">   --->   Core 9 'Cmp' <Latency = 0> <II = 1> <Delay = 1.73> <FuncUnit> <Opcode : 'seteq' 'setne' 'setle' 'setge' 'setlt' 'setgt'> <InPorts = 2> <OutPorts = 1>
ST_1 : Operation 14 [1/1] (1.73ns)   --->   "%add_ln181 = add i4 %i_2, i4 1" [../cnn_hls.cpp:181]   --->   Operation 14 'add' 'add_ln181' <Predicate = true> <Delay = 1.73> <CoreInst = "Adder">   --->   Core 1 'Adder' <Latency = 0> <II = 1> <Delay = 1.73> <FuncUnit> <Opcode : 'add' 'sub'> <InPorts = 2> <OutPorts = 1>
ST_1 : Operation 15 [1/1] (0.00ns)   --->   "%br_ln181 = br i1 %icmp_ln181, void %for.inc251.split, void %for.end253.exitStub" [../cnn_hls.cpp:181]   --->   Operation 15 'br' 'br_ln181' <Predicate = true> <Delay = 0.00>
ST_1 : Operation 16 [1/1] (0.00ns)   --->   "%DATA_OUT_addr = getelementptr i8 %DATA_OUT, i64 %output_logits_read" [../cnn_hls.cpp:181]   --->   Operation 16 'getelementptr' 'DATA_OUT_addr' <Predicate = (!icmp_ln181)> <Delay = 0.00>
ST_1 : Operation 17 [1/1] (0.00ns)   --->   "%zext_ln181 = zext i4 %i_2" [../cnn_hls.cpp:181]   --->   Operation 17 'zext' 'zext_ln181' <Predicate = (!icmp_ln181)> <Delay = 0.00>
ST_1 : Operation 18 [1/1] (0.00ns)   --->   "%local_out_addr = getelementptr i8 %local_out, i64 0, i64 %zext_ln181" [../cnn_hls.cpp:183]   --->   Operation 18 'getelementptr' 'local_out_addr' <Predicate = (!icmp_ln181)> <Delay = 0.00>
ST_1 : Operation 19 [2/2] (2.32ns)   --->   "%local_out_load = load i3 %local_out_addr" [../cnn_hls.cpp:183]   --->   Operation 19 'load' 'local_out_load' <Predicate = (!icmp_ln181)> <Delay = 2.32> <CoreInst = "RAM">   --->   Core 81 'RAM' <Latency = 1> <II = 1> <Delay = 2.32> <Storage> <Opcode : 'load' 'store'> <Ports = 2> <Width = 8> <Depth = 8> <RAM>
ST_1 : Operation 20 [1/1] (1.58ns)   --->   "%store_ln181 = store i4 %add_ln181, i4 %i" [../cnn_hls.cpp:181]   --->   Operation 20 'store' 'store_ln181' <Predicate = (!icmp_ln181)> <Delay = 1.58>

State 2 <SV = 1> <Delay = 2.32>
ST_2 : Operation 21 [1/2] ( I:2.32ns O:2.32ns )   --->   "%local_out_load = load i3 %local_out_addr" [../cnn_hls.cpp:183]   --->   Operation 21 'load' 'local_out_load' <Predicate = true> <Delay = 2.32> <CoreInst = "RAM">   --->   Core 81 'RAM' <Latency = 1> <II = 1> <Delay = 2.32> <Storage> <Opcode : 'load' 'store'> <Ports = 2> <Width = 8> <Depth = 8> <RAM>
ST_2 : Operation 27 [1/1] (1.58ns)   --->   "%ret_ln0 = ret"   --->   Operation 27 'ret' 'ret_ln0' <Predicate = (icmp_ln181)> <Delay = 1.58>

State 3 <SV = 2> <Delay = 7.30>
ST_3 : Operation 22 [1/1] (0.00ns)   --->   "%specpipeline_ln182 = specpipeline void @_ssdm_op_SpecPipeline, i32 1, i32 0, i32 0, i32 0, i32 4294967295, void @empty_6" [../cnn_hls.cpp:182]   --->   Operation 22 'specpipeline' 'specpipeline_ln182' <Predicate = true> <Delay = 0.00>
ST_3 : Operation 23 [1/1] (0.00ns)   --->   "%speclooptripcount_ln181 = speclooptripcount void @_ssdm_op_SpecLoopTripCount, i64 8, i64 8, i64 8" [../cnn_hls.cpp:181]   --->   Operation 23 'speclooptripcount' 'speclooptripcount_ln181' <Predicate = true> <Delay = 0.00>
ST_3 : Operation 24 [1/1] (0.00ns)   --->   "%specloopname_ln181 = specloopname void @_ssdm_op_SpecLoopName, void @empty_12" [../cnn_hls.cpp:181]   --->   Operation 24 'specloopname' 'specloopname_ln181' <Predicate = true> <Delay = 0.00>
ST_3 : Operation 25 [1/1] ( I:7.30ns O:7.30ns )   --->   "%write_ln183 = write void @_ssdm_op_Write.m_axi.p1i8.i8, i8 %DATA_OUT_addr, i8 %local_out_load, i1 1" [../cnn_hls.cpp:183]   --->   Operation 25 'write' 'write_ln183' <Predicate = true> <Delay = 7.30> <CoreInst = "m_axi">   --->   Core 111 'm_axi' <Latency = 5> <II = 1> <Delay = 1.00> <Adapter> <Opcode : 'readrequnaligned' 'writerequnaligned' 'read' 'write' 'readreq' 'writereq' 'writeresp'>
ST_3 : Operation 26 [1/1] (0.00ns)   --->   "%br_ln181 = br void %for.inc251" [../cnn_hls.cpp:181]   --->   Operation 26 'br' 'br_ln181' <Predicate = true> <Delay = 0.00>


============================================================
+ Verbose Summary: Timing violations
============================================================
Target clock period: 10.000ns, clock uncertainty: 2.700ns.

 <State 1>: 4.911ns
The critical path consists of the following:
	'store' operation ('store_ln181', ../cnn_hls.cpp:181) of constant 0 4 bit on local variable 'i', ../cnn_hls.cpp:181 [7]  (1.588 ns)
	'load' operation 4 bit ('i', ../cnn_hls.cpp:181) on local variable 'i', ../cnn_hls.cpp:181 [10]  (0.000 ns)
	'icmp' operation 1 bit ('icmp_ln181', ../cnn_hls.cpp:181) [12]  (1.735 ns)
	'store' operation ('store_ln181', ../cnn_hls.cpp:181) of variable 'add_ln181', ../cnn_hls.cpp:181 4 bit on local variable 'i', ../cnn_hls.cpp:181 [24]  (1.588 ns)

 <State 2>: 2.322ns
The critical path consists of the following:
	'load' operation 8 bit ('local_out_load', ../cnn_hls.cpp:183) on array 'local_out' [22]  (2.322 ns)

 <State 3>: 7.300ns
The critical path consists of the following:
	bus write operation ('write_ln183', ../cnn_hls.cpp:183) on port 'DATA_OUT' (../cnn_hls.cpp:183) [23]  (7.300 ns)


============================================================
+ Verbose Summary: Binding
============================================================
N/A
* FSMD analyzer results:
  - Output states:
 - Input state : 
  - Chain level:
	State 1
	State 2
	State 3


============================================================
+ Verbose Summary: Datapath Resource usage 
============================================================
N/A
