

================================================================
== Vitis HLS Report for 'tiny_ecg_inference'
================================================================
* Date:           Thu Sep 24 13:05:21 2026

* Version:        2026.1 (Build 6493734 on Jun 16 2026)
* Project:        solution1
* Solution:       hls
* Product family: zynq
* Target device:  xc7z020-clg484-1


================================================================
== Performance Estimates
================================================================
+ Timing: 
    * Summary: 
    +--------+----------+----------+------------+
    |  Clock |  Target  | Estimated| Uncertainty|
    +--------+----------+----------+------------+
    |ap_clk  |  10.00 ns|  7.300 ns|     2.70 ns|
    +--------+----------+----------+------------+

+ Latency: 
    * Summary: 
    +---------+---------+-----------+-----------+------+------+---------+
    |  Latency (cycles) |   Latency (absolute)  |   Interval  | Pipeline|
    |   min   |   max   |    min    |    max    |  min |  max |   Type  |
    +---------+---------+-----------+-----------+------+------+---------+
    |     1428|     1428|  14.280 us|  14.280 us|  1429|  1429|       no|
    +---------+---------+-----------+-----------+------+------+---------+

    + Detail: 
        * Instance: 
        +-----------------------------------------------------------------------------+-----------------------------------------------------------------+---------+---------+----------+----------+-----+-----+-------------------+
        |                                                                             |                                                                 |  Latency (cycles) |  Latency (absolute) |  Interval |      Pipeline     |
        |                                   Instance                                  |                              Module                             |   min   |   max   |    min   |    max   | min | max |        Type       |
        +-----------------------------------------------------------------------------+-----------------------------------------------------------------+---------+---------+----------+----------+-----+-----+-------------------+
        |grp_tiny_ecg_inference_Pipeline_VITIS_LOOP_55_1_fu_2596                      |tiny_ecg_inference_Pipeline_VITIS_LOOP_55_1                      |       99|       99|  0.990 us|  0.990 us|    0|    0|  loop pipeline stp|
        |grp_tiny_ecg_inference_Pipeline_6_fu_2608                                    |tiny_ecg_inference_Pipeline_6                                    |       10|       10|  0.100 us|  0.100 us|    0|    0|  loop pipeline stp|
        |grp_tiny_ecg_inference_Pipeline_VITIS_LOOP_77_2_VITIS_LOOP_78_3_fu_2613      |tiny_ecg_inference_Pipeline_VITIS_LOOP_77_2_VITIS_LOOP_78_3      |      383|      383|  3.830 us|  3.830 us|    0|    0|  loop pipeline stp|
        |grp_tiny_ecg_inference_Pipeline_VITIS_LOOP_103_5_VITIS_LOOP_104_6_fu_2678    |tiny_ecg_inference_Pipeline_VITIS_LOOP_103_5_VITIS_LOOP_104_6    |      389|      389|  3.890 us|  3.890 us|    0|    0|  loop pipeline stp|
        |grp_tiny_ecg_inference_Pipeline_VITIS_LOOP_130_9_VITIS_LOOP_131_10_fu_2816   |tiny_ecg_inference_Pipeline_VITIS_LOOP_130_9_VITIS_LOOP_131_10   |      212|      212|  2.120 us|  2.120 us|    0|    0|  loop pipeline stp|
        |grp_tiny_ecg_inference_Pipeline_VITIS_LOOP_156_13_VITIS_LOOP_157_14_fu_2938  |tiny_ecg_inference_Pipeline_VITIS_LOOP_156_13_VITIS_LOOP_157_14  |      196|      196|  1.960 us|  1.960 us|    0|    0|  loop pipeline stp|
        |grp_tiny_ecg_inference_Pipeline_VITIS_LOOP_167_15_fu_2959                    |tiny_ecg_inference_Pipeline_VITIS_LOOP_167_15                    |       15|       15|  0.150 us|  0.150 us|    0|    0|  loop pipeline stp|
        |grp_tiny_ecg_inference_Pipeline_VITIS_LOOP_181_17_fu_3168                    |tiny_ecg_inference_Pipeline_VITIS_LOOP_181_17                    |       11|       11|  0.110 us|  0.110 us|    0|    0|  loop pipeline stp|
        +-----------------------------------------------------------------------------+-----------------------------------------------------------------+---------+---------+----------+----------+-----+-----+-------------------+

        * Loop: 
        N/A



================================================================
== Utilization Estimates
================================================================
* Summary: 
+-----------------+---------+-----+--------+-------+-----+
|       Name      | BRAM_18K| DSP |   FF   |  LUT  | URAM|
+-----------------+---------+-----+--------+-------+-----+
|DSP              |        -|    -|       -|      -|    -|
|Expression       |        -|    -|       0|      2|    -|
|FIFO             |        -|    -|       -|      -|    -|
|Instance         |        2|  183|   12281|  22304|    -|
|Memory           |        1|    -|     880|    176|    0|
|Multiplexer      |        -|    -|       0|   6036|    -|
|Register         |        -|    -|    1796|      -|    -|
+-----------------+---------+-----+--------+-------+-----+
|Total            |        3|  183|   14957|  28518|    0|
+-----------------+---------+-----+--------+-------+-----+
|Available        |      280|  220|  106400|  53200|    0|
+-----------------+---------+-----+--------+-------+-----+
|Utilization (%)  |        1|   83|      14|     53|    0|
+-----------------+---------+-----+--------+-------+-----+

+ Detail: 
    * Instance: 
    +-----------------------------------------------------------------------------+-----------------------------------------------------------------+---------+----+------+------+-----+
    |                                   Instance                                  |                              Module                             | BRAM_18K| DSP|  FF  |  LUT | URAM|
    +-----------------------------------------------------------------------------+-----------------------------------------------------------------+---------+----+------+------+-----+
    |CTRL_s_axi_U                                                                 |CTRL_s_axi                                                       |        0|   0|    36|    40|    0|
    |DATA_IN_m_axi_U                                                              |DATA_IN_m_axi                                                    |        2|   0|   707|   777|    0|
    |DATA_OUT_m_axi_U                                                             |DATA_OUT_m_axi                                                   |        0|   0|   647|   768|    0|
    |control_s_axi_U                                                              |control_s_axi                                                    |        0|   0|   170|   296|    0|
    |mul_22s_30ns_52_2_1_U979                                                     |mul_22s_30ns_52_2_1                                              |        0|   2|   118|    47|    0|
    |mul_64ns_66ns_129_5_1_U977                                                   |mul_64ns_66ns_129_5_1                                            |        0|  16|   441|   256|    0|
    |mul_64ns_66ns_129_5_1_U978                                                   |mul_64ns_66ns_129_5_1                                            |        0|  16|   441|   256|    0|
    |grp_tiny_ecg_inference_Pipeline_6_fu_2608                                    |tiny_ecg_inference_Pipeline_6                                    |        0|   0|     6|    53|    0|
    |grp_tiny_ecg_inference_Pipeline_VITIS_LOOP_103_5_VITIS_LOOP_104_6_fu_2678    |tiny_ecg_inference_Pipeline_VITIS_LOOP_103_5_VITIS_LOOP_104_6    |        0|  25|  2307|  4908|    0|
    |grp_tiny_ecg_inference_Pipeline_VITIS_LOOP_130_9_VITIS_LOOP_131_10_fu_2816   |tiny_ecg_inference_Pipeline_VITIS_LOOP_130_9_VITIS_LOOP_131_10   |        0|  31|  1907|  3759|    0|
    |grp_tiny_ecg_inference_Pipeline_VITIS_LOOP_156_13_VITIS_LOOP_157_14_fu_2938  |tiny_ecg_inference_Pipeline_VITIS_LOOP_156_13_VITIS_LOOP_157_14  |        0|   0|    45|   212|    0|
    |grp_tiny_ecg_inference_Pipeline_VITIS_LOOP_167_15_fu_2959                    |tiny_ecg_inference_Pipeline_VITIS_LOOP_167_15                    |        0|  88|  3756|  8817|    0|
    |grp_tiny_ecg_inference_Pipeline_VITIS_LOOP_181_17_fu_3168                    |tiny_ecg_inference_Pipeline_VITIS_LOOP_181_17                    |        0|   0|    17|    75|    0|
    |grp_tiny_ecg_inference_Pipeline_VITIS_LOOP_55_1_fu_2596                      |tiny_ecg_inference_Pipeline_VITIS_LOOP_55_1                      |        0|   0|    49|   159|    0|
    |grp_tiny_ecg_inference_Pipeline_VITIS_LOOP_77_2_VITIS_LOOP_78_3_fu_2613      |tiny_ecg_inference_Pipeline_VITIS_LOOP_77_2_VITIS_LOOP_78_3      |        0|   5|  1634|  1881|    0|
    +-----------------------------------------------------------------------------+-----------------------------------------------------------------+---------+----+------+------+-----+
    |Total                                                                        |                                                                 |        2| 183| 12281| 22304|    0|
    +-----------------------------------------------------------------------------+-----------------------------------------------------------------+---------+----+------+------+-----+

    * DSP: 
    N/A

    * Memory: 
    +----------------+-------------------------+---------+---+----+-----+------+-----+------+-------------+
    |     Memory     |          Module         | BRAM_18K| FF| LUT| URAM| Words| Bits| Banks| W*Bits*Banks|
    +----------------+-------------------------+---------+---+----+-----+------+-----+------+-------------+
    |buffer_c1_U     |buffer_c1_RAM_AUTO_1R1W  |        0|  8|   2|    0|     9|    8|     1|           72|
    |buffer_c1_1_U   |buffer_c1_RAM_AUTO_1R1W  |        0|  8|   2|    0|     9|    8|     1|           72|
    |buffer_c1_2_U   |buffer_c1_RAM_AUTO_1R1W  |        0|  8|   2|    0|     9|    8|     1|           72|
    |buffer_c1_3_U   |buffer_c1_RAM_AUTO_1R1W  |        0|  8|   2|    0|     9|    8|     1|           72|
    |buffer_c1_4_U   |buffer_c1_RAM_AUTO_1R1W  |        0|  8|   2|    0|     9|    8|     1|           72|
    |buffer_c1_5_U   |buffer_c1_RAM_AUTO_1R1W  |        0|  8|   2|    0|     9|    8|     1|           72|
    |buffer_c1_6_U   |buffer_c1_RAM_AUTO_1R1W  |        0|  8|   2|    0|     9|    8|     1|           72|
    |buffer_c1_7_U   |buffer_c1_RAM_AUTO_1R1W  |        0|  8|   2|    0|     9|    8|     1|           72|
    |buffer_c1_8_U   |buffer_c1_RAM_AUTO_1R1W  |        0|  8|   2|    0|     9|    8|     1|           72|
    |buffer_c1_9_U   |buffer_c1_RAM_AUTO_1R1W  |        0|  8|   2|    0|     9|    8|     1|           72|
    |buffer_c1_10_U  |buffer_c1_RAM_AUTO_1R1W  |        0|  8|   2|    0|     9|    8|     1|           72|
    |buffer_c1_11_U  |buffer_c1_RAM_AUTO_1R1W  |        0|  8|   2|    0|     9|    8|     1|           72|
    |buffer_c1_12_U  |buffer_c1_RAM_AUTO_1R1W  |        0|  8|   2|    0|     9|    8|     1|           72|
    |buffer_c1_13_U  |buffer_c1_RAM_AUTO_1R1W  |        0|  8|   2|    0|     9|    8|     1|           72|
    |buffer_c1_14_U  |buffer_c1_RAM_AUTO_1R1W  |        0|  8|   2|    0|     9|    8|     1|           72|
    |buffer_c1_15_U  |buffer_c1_RAM_AUTO_1R1W  |        0|  8|   2|    0|     9|    8|     1|           72|
    |buffer_c1_16_U  |buffer_c1_RAM_AUTO_1R1W  |        0|  8|   2|    0|     9|    8|     1|           72|
    |buffer_c1_17_U  |buffer_c1_RAM_AUTO_1R1W  |        0|  8|   2|    0|     9|    8|     1|           72|
    |buffer_c1_18_U  |buffer_c1_RAM_AUTO_1R1W  |        0|  8|   2|    0|     9|    8|     1|           72|
    |buffer_c1_19_U  |buffer_c1_RAM_AUTO_1R1W  |        0|  8|   2|    0|     9|    8|     1|           72|
    |buffer_c1_20_U  |buffer_c1_RAM_AUTO_1R1W  |        0|  8|   2|    0|     9|    8|     1|           72|
    |buffer_c1_21_U  |buffer_c1_RAM_AUTO_1R1W  |        0|  8|   2|    0|     9|    8|     1|           72|
    |buffer_c1_22_U  |buffer_c1_RAM_AUTO_1R1W  |        0|  8|   2|    0|     9|    8|     1|           72|
    |buffer_c1_23_U  |buffer_c1_RAM_AUTO_1R1W  |        0|  8|   2|    0|     9|    8|     1|           72|
    |buffer_c1_24_U  |buffer_c1_RAM_AUTO_1R1W  |        0|  8|   2|    0|     9|    8|     1|           72|
    |buffer_c1_25_U  |buffer_c1_RAM_AUTO_1R1W  |        0|  8|   2|    0|     9|    8|     1|           72|
    |buffer_c1_26_U  |buffer_c1_RAM_AUTO_1R1W  |        0|  8|   2|    0|     9|    8|     1|           72|
    |buffer_c1_27_U  |buffer_c1_RAM_AUTO_1R1W  |        0|  8|   2|    0|     9|    8|     1|           72|
    |buffer_c1_28_U  |buffer_c1_RAM_AUTO_1R1W  |        0|  8|   2|    0|     9|    8|     1|           72|
    |buffer_c1_29_U  |buffer_c1_RAM_AUTO_1R1W  |        0|  8|   2|    0|     9|    8|     1|           72|
    |buffer_c1_30_U  |buffer_c1_RAM_AUTO_1R1W  |        0|  8|   2|    0|     9|    8|     1|           72|
    |buffer_c1_31_U  |buffer_c1_RAM_AUTO_1R1W  |        0|  8|   2|    0|     9|    8|     1|           72|
    |buffer_c1_32_U  |buffer_c1_RAM_AUTO_1R1W  |        0|  8|   2|    0|     9|    8|     1|           72|
    |buffer_c1_33_U  |buffer_c1_RAM_AUTO_1R1W  |        0|  8|   2|    0|     9|    8|     1|           72|
    |buffer_c1_34_U  |buffer_c1_RAM_AUTO_1R1W  |        0|  8|   2|    0|     9|    8|     1|           72|
    |buffer_c1_35_U  |buffer_c1_RAM_AUTO_1R1W  |        0|  8|   2|    0|     9|    8|     1|           72|
    |buffer_c1_36_U  |buffer_c1_RAM_AUTO_1R1W  |        0|  8|   2|    0|     9|    8|     1|           72|
    |buffer_c1_37_U  |buffer_c1_RAM_AUTO_1R1W  |        0|  8|   2|    0|     9|    8|     1|           72|
    |buffer_c1_38_U  |buffer_c1_RAM_AUTO_1R1W  |        0|  8|   2|    0|     9|    8|     1|           72|
    |buffer_c1_39_U  |buffer_c1_RAM_AUTO_1R1W  |        0|  8|   2|    0|     9|    8|     1|           72|
    |buffer_c2_U     |buffer_c2_RAM_AUTO_1R1W  |        0|  8|   1|    0|     8|    8|     1|           64|
    |buffer_c2_1_U   |buffer_c2_RAM_AUTO_1R1W  |        0|  8|   1|    0|     8|    8|     1|           64|
    |buffer_c2_2_U   |buffer_c2_RAM_AUTO_1R1W  |        0|  8|   1|    0|     8|    8|     1|           64|
    |buffer_c2_3_U   |buffer_c2_RAM_AUTO_1R1W  |        0|  8|   1|    0|     8|    8|     1|           64|
    |buffer_c2_4_U   |buffer_c2_RAM_AUTO_1R1W  |        0|  8|   1|    0|     8|    8|     1|           64|
    |buffer_c2_5_U   |buffer_c2_RAM_AUTO_1R1W  |        0|  8|   1|    0|     8|    8|     1|           64|
    |buffer_c2_6_U   |buffer_c2_RAM_AUTO_1R1W  |        0|  8|   1|    0|     8|    8|     1|           64|
    |buffer_c2_7_U   |buffer_c2_RAM_AUTO_1R1W  |        0|  8|   1|    0|     8|    8|     1|           64|
    |buffer_c2_8_U   |buffer_c2_RAM_AUTO_1R1W  |        0|  8|   1|    0|     8|    8|     1|           64|
    |buffer_c2_9_U   |buffer_c2_RAM_AUTO_1R1W  |        0|  8|   1|    0|     8|    8|     1|           64|
    |buffer_c2_10_U  |buffer_c2_RAM_AUTO_1R1W  |        0|  8|   1|    0|     8|    8|     1|           64|
    |buffer_c2_11_U  |buffer_c2_RAM_AUTO_1R1W  |        0|  8|   1|    0|     8|    8|     1|           64|
    |buffer_c2_12_U  |buffer_c2_RAM_AUTO_1R1W  |        0|  8|   1|    0|     8|    8|     1|           64|
    |buffer_c2_13_U  |buffer_c2_RAM_AUTO_1R1W  |        0|  8|   1|    0|     8|    8|     1|           64|
    |buffer_c2_14_U  |buffer_c2_RAM_AUTO_1R1W  |        0|  8|   1|    0|     8|    8|     1|           64|
    |buffer_c2_15_U  |buffer_c2_RAM_AUTO_1R1W  |        0|  8|   1|    0|     8|    8|     1|           64|
    |buffer_c2_16_U  |buffer_c2_RAM_AUTO_1R1W  |        0|  8|   1|    0|     8|    8|     1|           64|
    |buffer_c2_17_U  |buffer_c2_RAM_AUTO_1R1W  |        0|  8|   1|    0|     8|    8|     1|           64|
    |buffer_c2_18_U  |buffer_c2_RAM_AUTO_1R1W  |        0|  8|   1|    0|     8|    8|     1|           64|
    |buffer_c2_19_U  |buffer_c2_RAM_AUTO_1R1W  |        0|  8|   1|    0|     8|    8|     1|           64|
    |buffer_c2_20_U  |buffer_c2_RAM_AUTO_1R1W  |        0|  8|   1|    0|     8|    8|     1|           64|
    |buffer_c2_21_U  |buffer_c2_RAM_AUTO_1R1W  |        0|  8|   1|    0|     8|    8|     1|           64|
    |buffer_c2_22_U  |buffer_c2_RAM_AUTO_1R1W  |        0|  8|   1|    0|     8|    8|     1|           64|
    |buffer_c2_23_U  |buffer_c2_RAM_AUTO_1R1W  |        0|  8|   1|    0|     8|    8|     1|           64|
    |buffer_c2_24_U  |buffer_c2_RAM_AUTO_1R1W  |        0|  8|   1|    0|     8|    8|     1|           64|
    |buffer_c2_25_U  |buffer_c2_RAM_AUTO_1R1W  |        0|  8|   1|    0|     8|    8|     1|           64|
    |buffer_c2_26_U  |buffer_c2_RAM_AUTO_1R1W  |        0|  8|   1|    0|     8|    8|     1|           64|
    |buffer_c2_27_U  |buffer_c2_RAM_AUTO_1R1W  |        0|  8|   1|    0|     8|    8|     1|           64|
    |buffer_c2_28_U  |buffer_c2_RAM_AUTO_1R1W  |        0|  8|   1|    0|     8|    8|     1|           64|
    |buffer_c2_29_U  |buffer_c2_RAM_AUTO_1R1W  |        0|  8|   1|    0|     8|    8|     1|           64|
    |buffer_c2_30_U  |buffer_c2_RAM_AUTO_1R1W  |        0|  8|   1|    0|     8|    8|     1|           64|
    |buffer_c2_31_U  |buffer_c2_RAM_AUTO_1R1W  |        0|  8|   1|    0|     8|    8|     1|           64|
    |buffer_c2_32_U  |buffer_c2_RAM_AUTO_1R1W  |        0|  8|   1|    0|     8|    8|     1|           64|
    |buffer_c2_33_U  |buffer_c2_RAM_AUTO_1R1W  |        0|  8|   1|    0|     8|    8|     1|           64|
    |buffer_c2_34_U  |buffer_c2_RAM_AUTO_1R1W  |        0|  8|   1|    0|     8|    8|     1|           64|
    |buffer_c2_35_U  |buffer_c2_RAM_AUTO_1R1W  |        0|  8|   1|    0|     8|    8|     1|           64|
    |buffer_c2_36_U  |buffer_c2_RAM_AUTO_1R1W  |        0|  8|   1|    0|     8|    8|     1|           64|
    |buffer_c2_37_U  |buffer_c2_RAM_AUTO_1R1W  |        0|  8|   1|    0|     8|    8|     1|           64|
    |buffer_c2_38_U  |buffer_c2_RAM_AUTO_1R1W  |        0|  8|   1|    0|     8|    8|     1|           64|
    |buffer_c2_39_U  |buffer_c2_RAM_AUTO_1R1W  |        0|  8|   1|    0|     8|    8|     1|           64|
    |buffer_c2_40_U  |buffer_c2_RAM_AUTO_1R1W  |        0|  8|   1|    0|     8|    8|     1|           64|
    |buffer_c2_41_U  |buffer_c2_RAM_AUTO_1R1W  |        0|  8|   1|    0|     8|    8|     1|           64|
    |buffer_c2_42_U  |buffer_c2_RAM_AUTO_1R1W  |        0|  8|   1|    0|     8|    8|     1|           64|
    |buffer_c2_43_U  |buffer_c2_RAM_AUTO_1R1W  |        0|  8|   1|    0|     8|    8|     1|           64|
    |buffer_c2_44_U  |buffer_c2_RAM_AUTO_1R1W  |        0|  8|   1|    0|     8|    8|     1|           64|
    |buffer_c2_45_U  |buffer_c2_RAM_AUTO_1R1W  |        0|  8|   1|    0|     8|    8|     1|           64|
    |buffer_c2_46_U  |buffer_c2_RAM_AUTO_1R1W  |        0|  8|   1|    0|     8|    8|     1|           64|
    |buffer_c2_47_U  |buffer_c2_RAM_AUTO_1R1W  |        0|  8|   1|    0|     8|    8|     1|           64|
    |local_out_U     |buffer_c2_RAM_AUTO_1R1W  |        0|  8|   1|    0|     8|    8|     1|           64|
    |buffer_c3_U     |buffer_c3_RAM_AUTO_1R1W  |        0|  8|   2|    0|    12|    8|     1|           96|
    |buffer_c3_1_U   |buffer_c3_RAM_AUTO_1R1W  |        0|  8|   2|    0|    12|    8|     1|           96|
    |buffer_c3_2_U   |buffer_c3_RAM_AUTO_1R1W  |        0|  8|   2|    0|    12|    8|     1|           96|
    |buffer_c3_3_U   |buffer_c3_RAM_AUTO_1R1W  |        0|  8|   2|    0|    12|    8|     1|           96|
    |buffer_c3_4_U   |buffer_c3_RAM_AUTO_1R1W  |        0|  8|   2|    0|    12|    8|     1|           96|
    |buffer_c3_5_U   |buffer_c3_RAM_AUTO_1R1W  |        0|  8|   2|    0|    12|    8|     1|           96|
    |buffer_c3_6_U   |buffer_c3_RAM_AUTO_1R1W  |        0|  8|   2|    0|    12|    8|     1|           96|
    |buffer_c3_7_U   |buffer_c3_RAM_AUTO_1R1W  |        0|  8|   2|    0|    12|    8|     1|           96|
    |buffer_c3_8_U   |buffer_c3_RAM_AUTO_1R1W  |        0|  8|   2|    0|    12|    8|     1|           96|
    |buffer_c3_9_U   |buffer_c3_RAM_AUTO_1R1W  |        0|  8|   2|    0|    12|    8|     1|           96|
    |buffer_c3_10_U  |buffer_c3_RAM_AUTO_1R1W  |        0|  8|   2|    0|    12|    8|     1|           96|
    |buffer_c3_11_U  |buffer_c3_RAM_AUTO_1R1W  |        0|  8|   2|    0|    12|    8|     1|           96|
    |buffer_c3_12_U  |buffer_c3_RAM_AUTO_1R1W  |        0|  8|   2|    0|    12|    8|     1|           96|
    |buffer_c3_13_U  |buffer_c3_RAM_AUTO_1R1W  |        0|  8|   2|    0|    12|    8|     1|           96|
    |buffer_c3_14_U  |buffer_c3_RAM_AUTO_1R1W  |        0|  8|   2|    0|    12|    8|     1|           96|
    |buffer_c3_15_U  |buffer_c3_RAM_AUTO_1R1W  |        0|  8|   2|    0|    12|    8|     1|           96|
    |flatten_U       |flatten_RAM_AUTO_1R1W    |        1|  0|   0|    0|   192|    8|     1|         1536|
    |local_ecg_U     |local_ecg_RAM_AUTO_1R1W  |        0|  8|   3|    0|    20|    8|     1|          160|
    |local_ecg_1_U   |local_ecg_RAM_AUTO_1R1W  |        0|  8|   3|    0|    20|    8|     1|          160|
    |local_ecg_2_U   |local_ecg_RAM_AUTO_1R1W  |        0|  8|   3|    0|    20|    8|     1|          160|
    |local_ecg_3_U   |local_ecg_RAM_AUTO_1R1W  |        0|  8|   3|    0|    20|    8|     1|          160|
    |local_ecg_4_U   |local_ecg_RAM_AUTO_1R1W  |        0|  8|   3|    0|    20|    8|     1|          160|
    +----------------+-------------------------+---------+---+----+-----+------+-----+------+-------------+
    |Total           |                         |        1|880| 176|    0|  1236|  888|   111|         9888|
    +----------------+-------------------------+---------+---+----+-----+------+-----+------+-------------+

    * FIFO: 
    N/A

    * Expression: 
    +----------------------------------+----------+----+---+----+------------+------------+
    |           Variable Name          | Operation| DSP| FF| LUT| Bitwidth P0| Bitwidth P1|
    +----------------------------------+----------+----+---+----+------------+------------+
    |ap_block_state11_on_subcall_done  |        or|   0|  0|   2|           1|           1|
    +----------------------------------+----------+----+---+----+------------+------------+
    |Total                             |          |   0|  0|   2|           1|           1|
    +----------------------------------+----------+----+---+----+------------+------------+

    * Multiplexer: 
    +------------------------+-----+-----------+-----+-----------+
    |          Name          | LUT | Input Size| Bits| Total Bits|
    +------------------------+-----+-----------+-----+-----------+
    |DATA_IN_0_ARADDR        |   14|          3|   64|        192|
    |DATA_IN_0_ARLEN         |   14|          3|   32|         96|
    |DATA_IN_0_ARVALID       |   14|          3|    1|          3|
    |DATA_IN_0_RREADY        |    9|          2|    1|          2|
    |DATA_IN_blk_n_AR        |    9|          2|    1|          2|
    |DATA_OUT_0_AWADDR       |   14|          3|   64|        192|
    |DATA_OUT_0_AWLEN        |   14|          3|   32|         96|
    |DATA_OUT_0_AWVALID      |   14|          3|    1|          3|
    |DATA_OUT_0_BREADY       |   14|          3|    1|          3|
    |DATA_OUT_0_WVALID       |    9|          2|    1|          2|
    |DATA_OUT_blk_n_AW       |    9|          2|    1|          2|
    |DATA_OUT_blk_n_B        |    9|          2|    1|          2|
    |ap_NS_fsm               |  651|        125|    1|        125|
    |buffer_c1_10_address0   |   14|          3|    4|         12|
    |buffer_c1_10_ce0        |   14|          3|    1|          3|
    |buffer_c1_10_we0        |    9|          2|    1|          2|
    |buffer_c1_11_address0   |   14|          3|    4|         12|
    |buffer_c1_11_ce0        |   14|          3|    1|          3|
    |buffer_c1_11_we0        |    9|          2|    1|          2|
    |buffer_c1_12_address0   |   14|          3|    4|         12|
    |buffer_c1_12_ce0        |   14|          3|    1|          3|
    |buffer_c1_12_we0        |    9|          2|    1|          2|
    |buffer_c1_13_address0   |   14|          3|    4|         12|
    |buffer_c1_13_ce0        |   14|          3|    1|          3|
    |buffer_c1_13_we0        |    9|          2|    1|          2|
    |buffer_c1_14_address0   |   14|          3|    4|         12|
    |buffer_c1_14_ce0        |   14|          3|    1|          3|
    |buffer_c1_14_we0        |    9|          2|    1|          2|
    |buffer_c1_15_address0   |   14|          3|    4|         12|
    |buffer_c1_15_ce0        |   14|          3|    1|          3|
    |buffer_c1_15_we0        |    9|          2|    1|          2|
    |buffer_c1_16_address0   |   14|          3|    4|         12|
    |buffer_c1_16_ce0        |   14|          3|    1|          3|
    |buffer_c1_16_we0        |    9|          2|    1|          2|
    |buffer_c1_17_address0   |   14|          3|    4|         12|
    |buffer_c1_17_ce0        |   14|          3|    1|          3|
    |buffer_c1_17_we0        |    9|          2|    1|          2|
    |buffer_c1_18_address0   |   14|          3|    4|         12|
    |buffer_c1_18_ce0        |   14|          3|    1|          3|
    |buffer_c1_18_we0        |    9|          2|    1|          2|
    |buffer_c1_19_address0   |   14|          3|    4|         12|
    |buffer_c1_19_ce0        |   14|          3|    1|          3|
    |buffer_c1_19_we0        |    9|          2|    1|          2|
    |buffer_c1_1_address0    |   14|          3|    4|         12|
    |buffer_c1_1_ce0         |   14|          3|    1|          3|
    |buffer_c1_1_we0         |    9|          2|    1|          2|
    |buffer_c1_20_address0   |   14|          3|    4|         12|
    |buffer_c1_20_ce0        |   14|          3|    1|          3|
    |buffer_c1_20_we0        |    9|          2|    1|          2|
    |buffer_c1_21_address0   |   14|          3|    4|         12|
    |buffer_c1_21_ce0        |   14|          3|    1|          3|
    |buffer_c1_21_we0        |    9|          2|    1|          2|
    |buffer_c1_22_address0   |   14|          3|    4|         12|
    |buffer_c1_22_ce0        |   14|          3|    1|          3|
    |buffer_c1_22_we0        |    9|          2|    1|          2|
    |buffer_c1_23_address0   |   14|          3|    4|         12|
    |buffer_c1_23_ce0        |   14|          3|    1|          3|
    |buffer_c1_23_we0        |    9|          2|    1|          2|
    |buffer_c1_24_address0   |   14|          3|    4|         12|
    |buffer_c1_24_ce0        |   14|          3|    1|          3|
    |buffer_c1_24_we0        |    9|          2|    1|          2|
    |buffer_c1_25_address0   |   14|          3|    4|         12|
    |buffer_c1_25_ce0        |   14|          3|    1|          3|
    |buffer_c1_25_we0        |    9|          2|    1|          2|
    |buffer_c1_26_address0   |   14|          3|    4|         12|
    |buffer_c1_26_ce0        |   14|          3|    1|          3|
    |buffer_c1_26_we0        |    9|          2|    1|          2|
    |buffer_c1_27_address0   |   14|          3|    4|         12|
    |buffer_c1_27_ce0        |   14|          3|    1|          3|
    |buffer_c1_27_we0        |    9|          2|    1|          2|
    |buffer_c1_28_address0   |   14|          3|    4|         12|
    |buffer_c1_28_ce0        |   14|          3|    1|          3|
    |buffer_c1_28_we0        |    9|          2|    1|          2|
    |buffer_c1_29_address0   |   14|          3|    4|         12|
    |buffer_c1_29_ce0        |   14|          3|    1|          3|
    |buffer_c1_29_we0        |    9|          2|    1|          2|
    |buffer_c1_2_address0    |   14|          3|    4|         12|
    |buffer_c1_2_ce0         |   14|          3|    1|          3|
    |buffer_c1_2_we0         |    9|          2|    1|          2|
    |buffer_c1_30_address0   |   14|          3|    4|         12|
    |buffer_c1_30_ce0        |   14|          3|    1|          3|
    |buffer_c1_30_we0        |    9|          2|    1|          2|
    |buffer_c1_31_address0   |   14|          3|    4|         12|
    |buffer_c1_31_ce0        |   14|          3|    1|          3|
    |buffer_c1_31_we0        |    9|          2|    1|          2|
    |buffer_c1_32_address0   |   14|          3|    4|         12|
    |buffer_c1_32_ce0        |   14|          3|    1|          3|
    |buffer_c1_32_we0        |    9|          2|    1|          2|
    |buffer_c1_33_address0   |   14|          3|    4|         12|
    |buffer_c1_33_ce0        |   14|          3|    1|          3|
    |buffer_c1_33_we0        |    9|          2|    1|          2|
    |buffer_c1_34_address0   |   14|          3|    4|         12|
    |buffer_c1_34_ce0        |   14|          3|    1|          3|
    |buffer_c1_34_we0        |    9|          2|    1|          2|
    |buffer_c1_35_address0   |   14|          3|    4|         12|
    |buffer_c1_35_ce0        |   14|          3|    1|          3|
    |buffer_c1_35_we0        |    9|          2|    1|          2|
    |buffer_c1_36_address0   |   14|          3|    4|         12|
    |buffer_c1_36_ce0        |   14|          3|    1|          3|
    |buffer_c1_36_we0        |    9|          2|    1|          2|
    |buffer_c1_37_address0   |   14|          3|    4|         12|
    |buffer_c1_37_ce0        |   14|          3|    1|          3|
    |buffer_c1_37_we0        |    9|          2|    1|          2|
    |buffer_c1_38_address0   |   14|          3|    4|         12|
    |buffer_c1_38_ce0        |   14|          3|    1|          3|
    |buffer_c1_38_we0        |    9|          2|    1|          2|
    |buffer_c1_39_address0   |   14|          3|    4|         12|
    |buffer_c1_39_ce0        |   14|          3|    1|          3|
    |buffer_c1_39_we0        |    9|          2|    1|          2|
    |buffer_c1_3_address0    |   14|          3|    4|         12|
    |buffer_c1_3_ce0         |   14|          3|    1|          3|
    |buffer_c1_3_we0         |    9|          2|    1|          2|
    |buffer_c1_4_address0    |   14|          3|    4|         12|
    |buffer_c1_4_ce0         |   14|          3|    1|          3|
    |buffer_c1_4_we0         |    9|          2|    1|          2|
    |buffer_c1_5_address0    |   14|          3|    4|         12|
    |buffer_c1_5_ce0         |   14|          3|    1|          3|
    |buffer_c1_5_we0         |    9|          2|    1|          2|
    |buffer_c1_6_address0    |   14|          3|    4|         12|
    |buffer_c1_6_ce0         |   14|          3|    1|          3|
    |buffer_c1_6_we0         |    9|          2|    1|          2|
    |buffer_c1_7_address0    |   14|          3|    4|         12|
    |buffer_c1_7_ce0         |   14|          3|    1|          3|
    |buffer_c1_7_we0         |    9|          2|    1|          2|
    |buffer_c1_8_address0    |   14|          3|    4|         12|
    |buffer_c1_8_ce0         |   14|          3|    1|          3|
    |buffer_c1_8_we0         |    9|          2|    1|          2|
    |buffer_c1_9_address0    |   14|          3|    4|         12|
    |buffer_c1_9_ce0         |   14|          3|    1|          3|
    |buffer_c1_9_we0         |    9|          2|    1|          2|
    |buffer_c1_address0      |   14|          3|    4|         12|
    |buffer_c1_ce0           |   14|          3|    1|          3|
    |buffer_c1_we0           |    9|          2|    1|          2|
    |buffer_c2_10_address0   |   14|          3|    3|          9|
    |buffer_c2_10_ce0        |   14|          3|    1|          3|
    |buffer_c2_10_we0        |    9|          2|    1|          2|
    |buffer_c2_11_address0   |   14|          3|    3|          9|
    |buffer_c2_11_ce0        |   14|          3|    1|          3|
    |buffer_c2_11_we0        |    9|          2|    1|          2|
    |buffer_c2_12_address0   |   14|          3|    3|          9|
    |buffer_c2_12_ce0        |   14|          3|    1|          3|
    |buffer_c2_12_we0        |    9|          2|    1|          2|
    |buffer_c2_13_address0   |   14|          3|    3|          9|
    |buffer_c2_13_ce0        |   14|          3|    1|          3|
    |buffer_c2_13_we0        |    9|          2|    1|          2|
    |buffer_c2_14_address0   |   14|          3|    3|          9|
    |buffer_c2_14_ce0        |   14|          3|    1|          3|
    |buffer_c2_14_we0        |    9|          2|    1|          2|
    |buffer_c2_15_address0   |   14|          3|    3|          9|
    |buffer_c2_15_ce0        |   14|          3|    1|          3|
    |buffer_c2_15_we0        |    9|          2|    1|          2|
    |buffer_c2_16_address0   |   14|          3|    3|          9|
    |buffer_c2_16_ce0        |   14|          3|    1|          3|
    |buffer_c2_16_we0        |    9|          2|    1|          2|
    |buffer_c2_17_address0   |   14|          3|    3|          9|
    |buffer_c2_17_ce0        |   14|          3|    1|          3|
    |buffer_c2_17_we0        |    9|          2|    1|          2|
    |buffer_c2_18_address0   |   14|          3|    3|          9|
    |buffer_c2_18_ce0        |   14|          3|    1|          3|
    |buffer_c2_18_we0        |    9|          2|    1|          2|
    |buffer_c2_19_address0   |   14|          3|    3|          9|
    |buffer_c2_19_ce0        |   14|          3|    1|          3|
    |buffer_c2_19_we0        |    9|          2|    1|          2|
    |buffer_c2_1_address0    |   14|          3|    3|          9|
    |buffer_c2_1_ce0         |   14|          3|    1|          3|
    |buffer_c2_1_we0         |    9|          2|    1|          2|
    |buffer_c2_20_address0   |   14|          3|    3|          9|
    |buffer_c2_20_ce0        |   14|          3|    1|          3|
    |buffer_c2_20_we0        |    9|          2|    1|          2|
    |buffer_c2_21_address0   |   14|          3|    3|          9|
    |buffer_c2_21_ce0        |   14|          3|    1|          3|
    |buffer_c2_21_we0        |    9|          2|    1|          2|
    |buffer_c2_22_address0   |   14|          3|    3|          9|
    |buffer_c2_22_ce0        |   14|          3|    1|          3|
    |buffer_c2_22_we0        |    9|          2|    1|          2|
    |buffer_c2_23_address0   |   14|          3|    3|          9|
    |buffer_c2_23_ce0        |   14|          3|    1|          3|
    |buffer_c2_23_we0        |    9|          2|    1|          2|
    |buffer_c2_24_address0   |   14|          3|    3|          9|
    |buffer_c2_24_ce0        |   14|          3|    1|          3|
    |buffer_c2_24_we0        |    9|          2|    1|          2|
    |buffer_c2_25_address0   |   14|          3|    3|          9|
    |buffer_c2_25_ce0        |   14|          3|    1|          3|
    |buffer_c2_25_we0        |    9|          2|    1|          2|
    |buffer_c2_26_address0   |   14|          3|    3|          9|
    |buffer_c2_26_ce0        |   14|          3|    1|          3|
    |buffer_c2_26_we0        |    9|          2|    1|          2|
    |buffer_c2_27_address0   |   14|          3|    3|          9|
    |buffer_c2_27_ce0        |   14|          3|    1|          3|
    |buffer_c2_27_we0        |    9|          2|    1|          2|
    |buffer_c2_28_address0   |   14|          3|    3|          9|
    |buffer_c2_28_ce0        |   14|          3|    1|          3|
    |buffer_c2_28_we0        |    9|          2|    1|          2|
    |buffer_c2_29_address0   |   14|          3|    3|          9|
    |buffer_c2_29_ce0        |   14|          3|    1|          3|
    |buffer_c2_29_we0        |    9|          2|    1|          2|
    |buffer_c2_2_address0    |   14|          3|    3|          9|
    |buffer_c2_2_ce0         |   14|          3|    1|          3|
    |buffer_c2_2_we0         |    9|          2|    1|          2|
    |buffer_c2_30_address0   |   14|          3|    3|          9|
    |buffer_c2_30_ce0        |   14|          3|    1|          3|
    |buffer_c2_30_we0        |    9|          2|    1|          2|
    |buffer_c2_31_address0   |   14|          3|    3|          9|
    |buffer_c2_31_ce0        |   14|          3|    1|          3|
    |buffer_c2_31_we0        |    9|          2|    1|          2|
    |buffer_c2_32_address0   |   14|          3|    3|          9|
    |buffer_c2_32_ce0        |   14|          3|    1|          3|
    |buffer_c2_32_we0        |    9|          2|    1|          2|
    |buffer_c2_33_address0   |   14|          3|    3|          9|
    |buffer_c2_33_ce0        |   14|          3|    1|          3|
    |buffer_c2_33_we0        |    9|          2|    1|          2|
    |buffer_c2_34_address0   |   14|          3|    3|          9|
    |buffer_c2_34_ce0        |   14|          3|    1|          3|
    |buffer_c2_34_we0        |    9|          2|    1|          2|
    |buffer_c2_35_address0   |   14|          3|    3|          9|
    |buffer_c2_35_ce0        |   14|          3|    1|          3|
    |buffer_c2_35_we0        |    9|          2|    1|          2|
    |buffer_c2_36_address0   |   14|          3|    3|          9|
    |buffer_c2_36_ce0        |   14|          3|    1|          3|
    |buffer_c2_36_we0        |    9|          2|    1|          2|
    |buffer_c2_37_address0   |   14|          3|    3|          9|
    |buffer_c2_37_ce0        |   14|          3|    1|          3|
    |buffer_c2_37_we0        |    9|          2|    1|          2|
    |buffer_c2_38_address0   |   14|          3|    3|          9|
    |buffer_c2_38_ce0        |   14|          3|    1|          3|
    |buffer_c2_38_we0        |    9|          2|    1|          2|
    |buffer_c2_39_address0   |   14|          3|    3|          9|
    |buffer_c2_39_ce0        |   14|          3|    1|          3|
    |buffer_c2_39_we0        |    9|          2|    1|          2|
    |buffer_c2_3_address0    |   14|          3|    3|          9|
    |buffer_c2_3_ce0         |   14|          3|    1|          3|
    |buffer_c2_3_we0         |    9|          2|    1|          2|
    |buffer_c2_40_address0   |   14|          3|    3|          9|
    |buffer_c2_40_ce0        |   14|          3|    1|          3|
    |buffer_c2_40_we0        |    9|          2|    1|          2|
    |buffer_c2_41_address0   |   14|          3|    3|          9|
    |buffer_c2_41_ce0        |   14|          3|    1|          3|
    |buffer_c2_41_we0        |    9|          2|    1|          2|
    |buffer_c2_42_address0   |   14|          3|    3|          9|
    |buffer_c2_42_ce0        |   14|          3|    1|          3|
    |buffer_c2_42_we0        |    9|          2|    1|          2|
    |buffer_c2_43_address0   |   14|          3|    3|          9|
    |buffer_c2_43_ce0        |   14|          3|    1|          3|
    |buffer_c2_43_we0        |    9|          2|    1|          2|
    |buffer_c2_44_address0   |   14|          3|    3|          9|
    |buffer_c2_44_ce0        |   14|          3|    1|          3|
    |buffer_c2_44_we0        |    9|          2|    1|          2|
    |buffer_c2_45_address0   |   14|          3|    3|          9|
    |buffer_c2_45_ce0        |   14|          3|    1|          3|
    |buffer_c2_45_we0        |    9|          2|    1|          2|
    |buffer_c2_46_address0   |   14|          3|    3|          9|
    |buffer_c2_46_ce0        |   14|          3|    1|          3|
    |buffer_c2_46_we0        |    9|          2|    1|          2|
    |buffer_c2_47_address0   |   14|          3|    3|          9|
    |buffer_c2_47_ce0        |   14|          3|    1|          3|
    |buffer_c2_47_we0        |    9|          2|    1|          2|
    |buffer_c2_4_address0    |   14|          3|    3|          9|
    |buffer_c2_4_ce0         |   14|          3|    1|          3|
    |buffer_c2_4_we0         |    9|          2|    1|          2|
    |buffer_c2_5_address0    |   14|          3|    3|          9|
    |buffer_c2_5_ce0         |   14|          3|    1|          3|
    |buffer_c2_5_we0         |    9|          2|    1|          2|
    |buffer_c2_6_address0    |   14|          3|    3|          9|
    |buffer_c2_6_ce0         |   14|          3|    1|          3|
    |buffer_c2_6_we0         |    9|          2|    1|          2|
    |buffer_c2_7_address0    |   14|          3|    3|          9|
    |buffer_c2_7_ce0         |   14|          3|    1|          3|
    |buffer_c2_7_we0         |    9|          2|    1|          2|
    |buffer_c2_8_address0    |   14|          3|    3|          9|
    |buffer_c2_8_ce0         |   14|          3|    1|          3|
    |buffer_c2_8_we0         |    9|          2|    1|          2|
    |buffer_c2_9_address0    |   14|          3|    3|          9|
    |buffer_c2_9_ce0         |   14|          3|    1|          3|
    |buffer_c2_9_we0         |    9|          2|    1|          2|
    |buffer_c2_address0      |   14|          3|    3|          9|
    |buffer_c2_ce0           |   14|          3|    1|          3|
    |buffer_c2_we0           |    9|          2|    1|          2|
    |buffer_c3_10_address0   |   14|          3|    4|         12|
    |buffer_c3_10_ce0        |   14|          3|    1|          3|
    |buffer_c3_10_we0        |    9|          2|    1|          2|
    |buffer_c3_11_address0   |   14|          3|    4|         12|
    |buffer_c3_11_ce0        |   14|          3|    1|          3|
    |buffer_c3_11_we0        |    9|          2|    1|          2|
    |buffer_c3_12_address0   |   14|          3|    4|         12|
    |buffer_c3_12_ce0        |   14|          3|    1|          3|
    |buffer_c3_12_we0        |    9|          2|    1|          2|
    |buffer_c3_13_address0   |   14|          3|    4|         12|
    |buffer_c3_13_ce0        |   14|          3|    1|          3|
    |buffer_c3_13_we0        |    9|          2|    1|          2|
    |buffer_c3_14_address0   |   14|          3|    4|         12|
    |buffer_c3_14_ce0        |   14|          3|    1|          3|
    |buffer_c3_14_we0        |    9|          2|    1|          2|
    |buffer_c3_15_address0   |   14|          3|    4|         12|
    |buffer_c3_15_ce0        |   14|          3|    1|          3|
    |buffer_c3_15_we0        |    9|          2|    1|          2|
    |buffer_c3_1_address0    |   14|          3|    4|         12|
    |buffer_c3_1_ce0         |   14|          3|    1|          3|
    |buffer_c3_1_we0         |    9|          2|    1|          2|
    |buffer_c3_2_address0    |   14|          3|    4|         12|
    |buffer_c3_2_ce0         |   14|          3|    1|          3|
    |buffer_c3_2_we0         |    9|          2|    1|          2|
    |buffer_c3_3_address0    |   14|          3|    4|         12|
    |buffer_c3_3_ce0         |   14|          3|    1|          3|
    |buffer_c3_3_we0         |    9|          2|    1|          2|
    |buffer_c3_4_address0    |   14|          3|    4|         12|
    |buffer_c3_4_ce0         |   14|          3|    1|          3|
    |buffer_c3_4_we0         |    9|          2|    1|          2|
    |buffer_c3_5_address0    |   14|          3|    4|         12|
    |buffer_c3_5_ce0         |   14|          3|    1|          3|
    |buffer_c3_5_we0         |    9|          2|    1|          2|
    |buffer_c3_6_address0    |   14|          3|    4|         12|
    |buffer_c3_6_ce0         |   14|          3|    1|          3|
    |buffer_c3_6_we0         |    9|          2|    1|          2|
    |buffer_c3_7_address0    |   14|          3|    4|         12|
    |buffer_c3_7_ce0         |   14|          3|    1|          3|
    |buffer_c3_7_we0         |    9|          2|    1|          2|
    |buffer_c3_8_address0    |   14|          3|    4|         12|
    |buffer_c3_8_ce0         |   14|          3|    1|          3|
    |buffer_c3_8_we0         |    9|          2|    1|          2|
    |buffer_c3_9_address0    |   14|          3|    4|         12|
    |buffer_c3_9_ce0         |   14|          3|    1|          3|
    |buffer_c3_9_we0         |    9|          2|    1|          2|
    |buffer_c3_address0      |   14|          3|    4|         12|
    |buffer_c3_ce0           |   14|          3|    1|          3|
    |buffer_c3_we0           |    9|          2|    1|          2|
    |flatten_address0        |    9|          2|    8|         16|
    |flatten_address0_local  |  485|         97|    8|        776|
    |flatten_address1_local  |  485|         97|    8|        776|
    |flatten_ce0             |    9|          2|    1|          2|
    |flatten_we0             |    9|          2|    1|          2|
    |grp_fu_5140_ce          |   20|          4|    1|          4|
    |grp_fu_5140_p0          |   20|          4|   64|        256|
    |grp_fu_5140_p1          |   20|          4|   66|        264|
    |grp_fu_5144_ce          |   14|          3|    1|          3|
    |grp_fu_5144_p0          |   14|          3|   64|        192|
    |grp_fu_5144_p1          |   14|          3|   66|        198|
    |grp_fu_5148_ce          |   14|          3|    1|          3|
    |grp_fu_5148_p0          |   14|          3|   22|         66|
    |grp_fu_5148_p1          |   14|          3|   30|         90|
    |local_ecg_1_address0    |   14|          3|    5|         15|
    |local_ecg_1_ce0         |   14|          3|    1|          3|
    |local_ecg_1_we0         |    9|          2|    1|          2|
    |local_ecg_2_address0    |   14|          3|    5|         15|
    |local_ecg_2_ce0         |   14|          3|    1|          3|
    |local_ecg_2_we0         |    9|          2|    1|          2|
    |local_ecg_3_address0    |   14|          3|    5|         15|
    |local_ecg_3_ce0         |   14|          3|    1|          3|
    |local_ecg_3_we0         |    9|          2|    1|          2|
    |local_ecg_4_address0    |   14|          3|    5|         15|
    |local_ecg_4_ce0         |   14|          3|    1|          3|
    |local_ecg_4_we0         |    9|          2|    1|          2|
    |local_ecg_address0      |   14|          3|    5|         15|
    |local_ecg_ce0           |   14|          3|    1|          3|
    |local_ecg_we0           |    9|          2|    1|          2|
    |local_out_address0      |   20|          4|    3|         12|
    |local_out_ce0           |   20|          4|    1|          4|
    |local_out_d0            |   14|          3|    8|         24|
    |local_out_we0           |   14|          3|    1|          3|
    +------------------------+-----+-----------+-----+-----------+
    |Total                   | 6036|       1272| 1166|       5135|
    +------------------------+-----+-----------+-----+-----------+

    * Register: 
    +------------------------------------------------------------------------------------------+-----+----+-----+-----------+
    |                                           Name                                           |  FF | LUT| Bits| Const Bits|
    +------------------------------------------------------------------------------------------+-----+----+-----+-----------+
    |ap_CS_fsm                                                                                 |  124|   0|  124|          0|
    |flatten_load_100_reg_4221                                                                 |    8|   0|    8|          0|
    |flatten_load_101_reg_4226                                                                 |    8|   0|    8|          0|
    |flatten_load_102_reg_4242                                                                 |    8|   0|    8|          0|
    |flatten_load_103_reg_4247                                                                 |    8|   0|    8|          0|
    |flatten_load_104_reg_4262                                                                 |    8|   0|    8|          0|
    |flatten_load_105_reg_4267                                                                 |    8|   0|    8|          0|
    |flatten_load_106_reg_4282                                                                 |    8|   0|    8|          0|
    |flatten_load_107_reg_4287                                                                 |    8|   0|    8|          0|
    |flatten_load_108_reg_4302                                                                 |    8|   0|    8|          0|
    |flatten_load_109_reg_4307                                                                 |    8|   0|    8|          0|
    |flatten_load_10_reg_3317                                                                  |    8|   0|    8|          0|
    |flatten_load_110_reg_4322                                                                 |    8|   0|    8|          0|
    |flatten_load_111_reg_4327                                                                 |    8|   0|    8|          0|
    |flatten_load_112_reg_4342                                                                 |    8|   0|    8|          0|
    |flatten_load_113_reg_4347                                                                 |    8|   0|    8|          0|
    |flatten_load_114_reg_4362                                                                 |    8|   0|    8|          0|
    |flatten_load_115_reg_4367                                                                 |    8|   0|    8|          0|
    |flatten_load_116_reg_4382                                                                 |    8|   0|    8|          0|
    |flatten_load_117_reg_4387                                                                 |    8|   0|    8|          0|
    |flatten_load_118_reg_4402                                                                 |    8|   0|    8|          0|
    |flatten_load_119_reg_4407                                                                 |    8|   0|    8|          0|
    |flatten_load_11_reg_3322                                                                  |    8|   0|    8|          0|
    |flatten_load_120_reg_4422                                                                 |    8|   0|    8|          0|
    |flatten_load_121_reg_4427                                                                 |    8|   0|    8|          0|
    |flatten_load_122_reg_4442                                                                 |    8|   0|    8|          0|
    |flatten_load_123_reg_4447                                                                 |    8|   0|    8|          0|
    |flatten_load_124_reg_4462                                                                 |    8|   0|    8|          0|
    |flatten_load_125_reg_4467                                                                 |    8|   0|    8|          0|
    |flatten_load_126_reg_4482                                                                 |    8|   0|    8|          0|
    |flatten_load_127_reg_4487                                                                 |    8|   0|    8|          0|
    |flatten_load_128_reg_4502                                                                 |    8|   0|    8|          0|
    |flatten_load_129_reg_4507                                                                 |    8|   0|    8|          0|
    |flatten_load_12_reg_3337                                                                  |    8|   0|    8|          0|
    |flatten_load_130_reg_4522                                                                 |    8|   0|    8|          0|
    |flatten_load_131_reg_4527                                                                 |    8|   0|    8|          0|
    |flatten_load_132_reg_4542                                                                 |    8|   0|    8|          0|
    |flatten_load_133_reg_4547                                                                 |    8|   0|    8|          0|
    |flatten_load_134_reg_4562                                                                 |    8|   0|    8|          0|
    |flatten_load_135_reg_4567                                                                 |    8|   0|    8|          0|
    |flatten_load_136_reg_4582                                                                 |    8|   0|    8|          0|
    |flatten_load_137_reg_4587                                                                 |    8|   0|    8|          0|
    |flatten_load_138_reg_4602                                                                 |    8|   0|    8|          0|
    |flatten_load_139_reg_4607                                                                 |    8|   0|    8|          0|
    |flatten_load_13_reg_3342                                                                  |    8|   0|    8|          0|
    |flatten_load_140_reg_4622                                                                 |    8|   0|    8|          0|
    |flatten_load_141_reg_4627                                                                 |    8|   0|    8|          0|
    |flatten_load_142_reg_4642                                                                 |    8|   0|    8|          0|
    |flatten_load_143_reg_4647                                                                 |    8|   0|    8|          0|
    |flatten_load_144_reg_4663                                                                 |    8|   0|    8|          0|
    |flatten_load_145_reg_4668                                                                 |    8|   0|    8|          0|
    |flatten_load_146_reg_4683                                                                 |    8|   0|    8|          0|
    |flatten_load_147_reg_4688                                                                 |    8|   0|    8|          0|
    |flatten_load_148_reg_4704                                                                 |    8|   0|    8|          0|
    |flatten_load_149_reg_4709                                                                 |    8|   0|    8|          0|
    |flatten_load_14_reg_3357                                                                  |    8|   0|    8|          0|
    |flatten_load_150_reg_4724                                                                 |    8|   0|    8|          0|
    |flatten_load_151_reg_4729                                                                 |    8|   0|    8|          0|
    |flatten_load_152_reg_4744                                                                 |    8|   0|    8|          0|
    |flatten_load_153_reg_4749                                                                 |    8|   0|    8|          0|
    |flatten_load_154_reg_4764                                                                 |    8|   0|    8|          0|
    |flatten_load_155_reg_4769                                                                 |    8|   0|    8|          0|
    |flatten_load_156_reg_4784                                                                 |    8|   0|    8|          0|
    |flatten_load_157_reg_4789                                                                 |    8|   0|    8|          0|
    |flatten_load_158_reg_4804                                                                 |    8|   0|    8|          0|
    |flatten_load_159_reg_4809                                                                 |    8|   0|    8|          0|
    |flatten_load_15_reg_3362                                                                  |    8|   0|    8|          0|
    |flatten_load_160_reg_4824                                                                 |    8|   0|    8|          0|
    |flatten_load_161_reg_4829                                                                 |    8|   0|    8|          0|
    |flatten_load_162_reg_4844                                                                 |    8|   0|    8|          0|
    |flatten_load_163_reg_4849                                                                 |    8|   0|    8|          0|
    |flatten_load_164_reg_4864                                                                 |    8|   0|    8|          0|
    |flatten_load_165_reg_4869                                                                 |    8|   0|    8|          0|
    |flatten_load_166_reg_4884                                                                 |    8|   0|    8|          0|
    |flatten_load_167_reg_4889                                                                 |    8|   0|    8|          0|
    |flatten_load_168_reg_4904                                                                 |    8|   0|    8|          0|
    |flatten_load_169_reg_4909                                                                 |    8|   0|    8|          0|
    |flatten_load_16_reg_3377                                                                  |    8|   0|    8|          0|
    |flatten_load_170_reg_4925                                                                 |    8|   0|    8|          0|
    |flatten_load_171_reg_4930                                                                 |    8|   0|    8|          0|
    |flatten_load_172_reg_4945                                                                 |    8|   0|    8|          0|
    |flatten_load_173_reg_4950                                                                 |    8|   0|    8|          0|
    |flatten_load_174_reg_4965                                                                 |    8|   0|    8|          0|
    |flatten_load_175_reg_4970                                                                 |    8|   0|    8|          0|
    |flatten_load_176_reg_4985                                                                 |    8|   0|    8|          0|
    |flatten_load_177_reg_4990                                                                 |    8|   0|    8|          0|
    |flatten_load_178_reg_5005                                                                 |    8|   0|    8|          0|
    |flatten_load_179_reg_5010                                                                 |    8|   0|    8|          0|
    |flatten_load_17_reg_3382                                                                  |    8|   0|    8|          0|
    |flatten_load_180_reg_5025                                                                 |    8|   0|    8|          0|
    |flatten_load_181_reg_5030                                                                 |    8|   0|    8|          0|
    |flatten_load_182_reg_5045                                                                 |    8|   0|    8|          0|
    |flatten_load_183_reg_5050                                                                 |    8|   0|    8|          0|
    |flatten_load_184_reg_5065                                                                 |    8|   0|    8|          0|
    |flatten_load_185_reg_5070                                                                 |    8|   0|    8|          0|
    |flatten_load_186_reg_5085                                                                 |    8|   0|    8|          0|
    |flatten_load_187_reg_5090                                                                 |    8|   0|    8|          0|
    |flatten_load_188_reg_5105                                                                 |    8|   0|    8|          0|
    |flatten_load_189_reg_5110                                                                 |    8|   0|    8|          0|
    |flatten_load_18_reg_3397                                                                  |    8|   0|    8|          0|
    |flatten_load_190_reg_5125                                                                 |    8|   0|    8|          0|
    |flatten_load_191_reg_5130                                                                 |    8|   0|    8|          0|
    |flatten_load_19_reg_3402                                                                  |    8|   0|    8|          0|
    |flatten_load_1_reg_3220                                                                   |    8|   0|    8|          0|
    |flatten_load_20_reg_3417                                                                  |    8|   0|    8|          0|
    |flatten_load_21_reg_3422                                                                  |    8|   0|    8|          0|
    |flatten_load_22_reg_3437                                                                  |    8|   0|    8|          0|
    |flatten_load_23_reg_3442                                                                  |    8|   0|    8|          0|
    |flatten_load_24_reg_3457                                                                  |    8|   0|    8|          0|
    |flatten_load_25_reg_3462                                                                  |    8|   0|    8|          0|
    |flatten_load_26_reg_3477                                                                  |    8|   0|    8|          0|
    |flatten_load_27_reg_3482                                                                  |    8|   0|    8|          0|
    |flatten_load_28_reg_3497                                                                  |    8|   0|    8|          0|
    |flatten_load_29_reg_3502                                                                  |    8|   0|    8|          0|
    |flatten_load_2_reg_3236                                                                   |    8|   0|    8|          0|
    |flatten_load_30_reg_3517                                                                  |    8|   0|    8|          0|
    |flatten_load_31_reg_3522                                                                  |    8|   0|    8|          0|
    |flatten_load_32_reg_3537                                                                  |    8|   0|    8|          0|
    |flatten_load_33_reg_3542                                                                  |    8|   0|    8|          0|
    |flatten_load_34_reg_3557                                                                  |    8|   0|    8|          0|
    |flatten_load_35_reg_3562                                                                  |    8|   0|    8|          0|
    |flatten_load_36_reg_3577                                                                  |    8|   0|    8|          0|
    |flatten_load_37_reg_3582                                                                  |    8|   0|    8|          0|
    |flatten_load_38_reg_3597                                                                  |    8|   0|    8|          0|
    |flatten_load_39_reg_3602                                                                  |    8|   0|    8|          0|
    |flatten_load_3_reg_3241                                                                   |    8|   0|    8|          0|
    |flatten_load_40_reg_3617                                                                  |    8|   0|    8|          0|
    |flatten_load_41_reg_3622                                                                  |    8|   0|    8|          0|
    |flatten_load_42_reg_3637                                                                  |    8|   0|    8|          0|
    |flatten_load_43_reg_3642                                                                  |    8|   0|    8|          0|
    |flatten_load_44_reg_3657                                                                  |    8|   0|    8|          0|
    |flatten_load_45_reg_3662                                                                  |    8|   0|    8|          0|
    |flatten_load_46_reg_3677                                                                  |    8|   0|    8|          0|
    |flatten_load_47_reg_3682                                                                  |    8|   0|    8|          0|
    |flatten_load_48_reg_3698                                                                  |    8|   0|    8|          0|
    |flatten_load_49_reg_3703                                                                  |    8|   0|    8|          0|
    |flatten_load_4_reg_3256                                                                   |    8|   0|    8|          0|
    |flatten_load_50_reg_3718                                                                  |    8|   0|    8|          0|
    |flatten_load_51_reg_3723                                                                  |    8|   0|    8|          0|
    |flatten_load_52_reg_3738                                                                  |    8|   0|    8|          0|
    |flatten_load_53_reg_3743                                                                  |    8|   0|    8|          0|
    |flatten_load_54_reg_3758                                                                  |    8|   0|    8|          0|
    |flatten_load_55_reg_3763                                                                  |    8|   0|    8|          0|
    |flatten_load_56_reg_3778                                                                  |    8|   0|    8|          0|
    |flatten_load_57_reg_3783                                                                  |    8|   0|    8|          0|
    |flatten_load_58_reg_3798                                                                  |    8|   0|    8|          0|
    |flatten_load_59_reg_3803                                                                  |    8|   0|    8|          0|
    |flatten_load_5_reg_3261                                                                   |    8|   0|    8|          0|
    |flatten_load_60_reg_3818                                                                  |    8|   0|    8|          0|
    |flatten_load_61_reg_3823                                                                  |    8|   0|    8|          0|
    |flatten_load_62_reg_3838                                                                  |    8|   0|    8|          0|
    |flatten_load_63_reg_3843                                                                  |    8|   0|    8|          0|
    |flatten_load_64_reg_3858                                                                  |    8|   0|    8|          0|
    |flatten_load_65_reg_3863                                                                  |    8|   0|    8|          0|
    |flatten_load_66_reg_3878                                                                  |    8|   0|    8|          0|
    |flatten_load_67_reg_3883                                                                  |    8|   0|    8|          0|
    |flatten_load_68_reg_3898                                                                  |    8|   0|    8|          0|
    |flatten_load_69_reg_3903                                                                  |    8|   0|    8|          0|
    |flatten_load_6_reg_3277                                                                   |    8|   0|    8|          0|
    |flatten_load_70_reg_3918                                                                  |    8|   0|    8|          0|
    |flatten_load_71_reg_3923                                                                  |    8|   0|    8|          0|
    |flatten_load_72_reg_3938                                                                  |    8|   0|    8|          0|
    |flatten_load_73_reg_3943                                                                  |    8|   0|    8|          0|
    |flatten_load_74_reg_3958                                                                  |    8|   0|    8|          0|
    |flatten_load_75_reg_3963                                                                  |    8|   0|    8|          0|
    |flatten_load_76_reg_3978                                                                  |    8|   0|    8|          0|
    |flatten_load_77_reg_3983                                                                  |    8|   0|    8|          0|
    |flatten_load_78_reg_3999                                                                  |    8|   0|    8|          0|
    |flatten_load_79_reg_4004                                                                  |    8|   0|    8|          0|
    |flatten_load_7_reg_3282                                                                   |    8|   0|    8|          0|
    |flatten_load_80_reg_4019                                                                  |    8|   0|    8|          0|
    |flatten_load_81_reg_4024                                                                  |    8|   0|    8|          0|
    |flatten_load_82_reg_4039                                                                  |    8|   0|    8|          0|
    |flatten_load_83_reg_4045                                                                  |    8|   0|    8|          0|
    |flatten_load_84_reg_4060                                                                  |    8|   0|    8|          0|
    |flatten_load_85_reg_4065                                                                  |    8|   0|    8|          0|
    |flatten_load_86_reg_4080                                                                  |    8|   0|    8|          0|
    |flatten_load_87_reg_4085                                                                  |    8|   0|    8|          0|
    |flatten_load_88_reg_4100                                                                  |    8|   0|    8|          0|
    |flatten_load_89_reg_4105                                                                  |    8|   0|    8|          0|
    |flatten_load_8_reg_3297                                                                   |    8|   0|    8|          0|
    |flatten_load_90_reg_4120                                                                  |    8|   0|    8|          0|
    |flatten_load_91_reg_4125                                                                  |    8|   0|    8|          0|
    |flatten_load_92_reg_4140                                                                  |    8|   0|    8|          0|
    |flatten_load_93_reg_4145                                                                  |    8|   0|    8|          0|
    |flatten_load_94_reg_4160                                                                  |    8|   0|    8|          0|
    |flatten_load_95_reg_4165                                                                  |    8|   0|    8|          0|
    |flatten_load_96_reg_4180                                                                  |    8|   0|    8|          0|
    |flatten_load_97_reg_4185                                                                  |    8|   0|    8|          0|
    |flatten_load_98_reg_4201                                                                  |    8|   0|    8|          0|
    |flatten_load_99_reg_4206                                                                  |    8|   0|    8|          0|
    |flatten_load_9_reg_3302                                                                   |    8|   0|    8|          0|
    |flatten_load_reg_3215                                                                     |    8|   0|    8|          0|
    |grp_tiny_ecg_inference_Pipeline_6_fu_2608_ap_start_reg                                    |    1|   0|    1|          0|
    |grp_tiny_ecg_inference_Pipeline_VITIS_LOOP_103_5_VITIS_LOOP_104_6_fu_2678_ap_start_reg    |    1|   0|    1|          0|
    |grp_tiny_ecg_inference_Pipeline_VITIS_LOOP_130_9_VITIS_LOOP_131_10_fu_2816_ap_start_reg   |    1|   0|    1|          0|
    |grp_tiny_ecg_inference_Pipeline_VITIS_LOOP_156_13_VITIS_LOOP_157_14_fu_2938_ap_start_reg  |    1|   0|    1|          0|
    |grp_tiny_ecg_inference_Pipeline_VITIS_LOOP_167_15_fu_2959_ap_start_reg                    |    1|   0|    1|          0|
    |grp_tiny_ecg_inference_Pipeline_VITIS_LOOP_181_17_fu_3168_ap_start_reg                    |    1|   0|    1|          0|
    |grp_tiny_ecg_inference_Pipeline_VITIS_LOOP_55_1_fu_2596_ap_start_reg                      |    1|   0|    1|          0|
    |grp_tiny_ecg_inference_Pipeline_VITIS_LOOP_77_2_VITIS_LOOP_78_3_fu_2613_ap_start_reg      |    1|   0|    1|          0|
    |input_ecg_read_reg_3194                                                                   |   64|   0|   64|          0|
    |output_logits_read_reg_3188                                                               |   64|   0|   64|          0|
    +------------------------------------------------------------------------------------------+-----+----+-----+-----------+
    |Total                                                                                     | 1796|   0| 1796|          0|
    +------------------------------------------------------------------------------------------+-----+----+-----+-----------+



================================================================
== Interface
================================================================
* Summary: 
+-------------------------+-----+-----+------------+--------------------+--------------+
|        RTL Ports        | Dir | Bits|  Protocol  |    Source Object   |    C Type    |
+-------------------------+-----+-----+------------+--------------------+--------------+
|s_axi_CTRL_AWVALID       |   in|    1|       s_axi|                CTRL|   return void|
|s_axi_CTRL_AWREADY       |  out|    1|       s_axi|                CTRL|   return void|
|s_axi_CTRL_AWADDR        |   in|    4|       s_axi|                CTRL|   return void|
|s_axi_CTRL_WVALID        |   in|    1|       s_axi|                CTRL|   return void|
|s_axi_CTRL_WREADY        |  out|    1|       s_axi|                CTRL|   return void|
|s_axi_CTRL_WDATA         |   in|   32|       s_axi|                CTRL|   return void|
|s_axi_CTRL_WSTRB         |   in|    4|       s_axi|                CTRL|   return void|
|s_axi_CTRL_ARVALID       |   in|    1|       s_axi|                CTRL|   return void|
|s_axi_CTRL_ARREADY       |  out|    1|       s_axi|                CTRL|   return void|
|s_axi_CTRL_ARADDR        |   in|    4|       s_axi|                CTRL|   return void|
|s_axi_CTRL_RVALID        |  out|    1|       s_axi|                CTRL|   return void|
|s_axi_CTRL_RREADY        |   in|    1|       s_axi|                CTRL|   return void|
|s_axi_CTRL_RDATA         |  out|   32|       s_axi|                CTRL|   return void|
|s_axi_CTRL_RRESP         |  out|    2|       s_axi|                CTRL|   return void|
|s_axi_CTRL_BVALID        |  out|    1|       s_axi|                CTRL|   return void|
|s_axi_CTRL_BREADY        |   in|    1|       s_axi|                CTRL|   return void|
|s_axi_CTRL_BRESP         |  out|    2|       s_axi|                CTRL|   return void|
|s_axi_control_AWVALID    |   in|    1|       s_axi|             control|        scalar|
|s_axi_control_AWREADY    |  out|    1|       s_axi|             control|        scalar|
|s_axi_control_AWADDR     |   in|    6|       s_axi|             control|        scalar|
|s_axi_control_WVALID     |   in|    1|       s_axi|             control|        scalar|
|s_axi_control_WREADY     |  out|    1|       s_axi|             control|        scalar|
|s_axi_control_WDATA      |   in|   32|       s_axi|             control|        scalar|
|s_axi_control_WSTRB      |   in|    4|       s_axi|             control|        scalar|
|s_axi_control_ARVALID    |   in|    1|       s_axi|             control|        scalar|
|s_axi_control_ARREADY    |  out|    1|       s_axi|             control|        scalar|
|s_axi_control_ARADDR     |   in|    6|       s_axi|             control|        scalar|
|s_axi_control_RVALID     |  out|    1|       s_axi|             control|        scalar|
|s_axi_control_RREADY     |   in|    1|       s_axi|             control|        scalar|
|s_axi_control_RDATA      |  out|   32|       s_axi|             control|        scalar|
|s_axi_control_RRESP      |  out|    2|       s_axi|             control|        scalar|
|s_axi_control_BVALID     |  out|    1|       s_axi|             control|        scalar|
|s_axi_control_BREADY     |   in|    1|       s_axi|             control|        scalar|
|s_axi_control_BRESP      |  out|    2|       s_axi|             control|        scalar|
|ap_clk                   |   in|    1|  ap_ctrl_hs|  tiny_ecg_inference|  return value|
|ap_rst_n                 |   in|    1|  ap_ctrl_hs|  tiny_ecg_inference|  return value|
|interrupt                |  out|    1|  ap_ctrl_hs|  tiny_ecg_inference|  return value|
|m_axi_DATA_IN_AWVALID    |  out|    1|       m_axi|             DATA_IN|       pointer|
|m_axi_DATA_IN_AWREADY    |   in|    1|       m_axi|             DATA_IN|       pointer|
|m_axi_DATA_IN_AWADDR     |  out|   64|       m_axi|             DATA_IN|       pointer|
|m_axi_DATA_IN_AWID       |  out|    1|       m_axi|             DATA_IN|       pointer|
|m_axi_DATA_IN_AWLEN      |  out|    8|       m_axi|             DATA_IN|       pointer|
|m_axi_DATA_IN_AWSIZE     |  out|    3|       m_axi|             DATA_IN|       pointer|
|m_axi_DATA_IN_AWBURST    |  out|    2|       m_axi|             DATA_IN|       pointer|
|m_axi_DATA_IN_AWLOCK     |  out|    2|       m_axi|             DATA_IN|       pointer|
|m_axi_DATA_IN_AWCACHE    |  out|    4|       m_axi|             DATA_IN|       pointer|
|m_axi_DATA_IN_AWPROT     |  out|    3|       m_axi|             DATA_IN|       pointer|
|m_axi_DATA_IN_AWQOS      |  out|    4|       m_axi|             DATA_IN|       pointer|
|m_axi_DATA_IN_AWREGION   |  out|    4|       m_axi|             DATA_IN|       pointer|
|m_axi_DATA_IN_AWUSER     |  out|    1|       m_axi|             DATA_IN|       pointer|
|m_axi_DATA_IN_WVALID     |  out|    1|       m_axi|             DATA_IN|       pointer|
|m_axi_DATA_IN_WREADY     |   in|    1|       m_axi|             DATA_IN|       pointer|
|m_axi_DATA_IN_WDATA      |  out|   32|       m_axi|             DATA_IN|       pointer|
|m_axi_DATA_IN_WSTRB      |  out|    4|       m_axi|             DATA_IN|       pointer|
|m_axi_DATA_IN_WLAST      |  out|    1|       m_axi|             DATA_IN|       pointer|
|m_axi_DATA_IN_WID        |  out|    1|       m_axi|             DATA_IN|       pointer|
|m_axi_DATA_IN_WUSER      |  out|    1|       m_axi|             DATA_IN|       pointer|
|m_axi_DATA_IN_ARVALID    |  out|    1|       m_axi|             DATA_IN|       pointer|
|m_axi_DATA_IN_ARREADY    |   in|    1|       m_axi|             DATA_IN|       pointer|
|m_axi_DATA_IN_ARADDR     |  out|   64|       m_axi|             DATA_IN|       pointer|
|m_axi_DATA_IN_ARID       |  out|    1|       m_axi|             DATA_IN|       pointer|
|m_axi_DATA_IN_ARLEN      |  out|    8|       m_axi|             DATA_IN|       pointer|
|m_axi_DATA_IN_ARSIZE     |  out|    3|       m_axi|             DATA_IN|       pointer|
|m_axi_DATA_IN_ARBURST    |  out|    2|       m_axi|             DATA_IN|       pointer|
|m_axi_DATA_IN_ARLOCK     |  out|    2|       m_axi|             DATA_IN|       pointer|
|m_axi_DATA_IN_ARCACHE    |  out|    4|       m_axi|             DATA_IN|       pointer|
|m_axi_DATA_IN_ARPROT     |  out|    3|       m_axi|             DATA_IN|       pointer|
|m_axi_DATA_IN_ARQOS      |  out|    4|       m_axi|             DATA_IN|       pointer|
|m_axi_DATA_IN_ARREGION   |  out|    4|       m_axi|             DATA_IN|       pointer|
|m_axi_DATA_IN_ARUSER     |  out|    1|       m_axi|             DATA_IN|       pointer|
|m_axi_DATA_IN_RVALID     |   in|    1|       m_axi|             DATA_IN|       pointer|
|m_axi_DATA_IN_RREADY     |  out|    1|       m_axi|             DATA_IN|       pointer|
|m_axi_DATA_IN_RDATA      |   in|   32|       m_axi|             DATA_IN|       pointer|
|m_axi_DATA_IN_RLAST      |   in|    1|       m_axi|             DATA_IN|       pointer|
|m_axi_DATA_IN_RID        |   in|    1|       m_axi|             DATA_IN|       pointer|
|m_axi_DATA_IN_RUSER      |   in|    1|       m_axi|             DATA_IN|       pointer|
|m_axi_DATA_IN_RRESP      |   in|    2|       m_axi|             DATA_IN|       pointer|
|m_axi_DATA_IN_BVALID     |   in|    1|       m_axi|             DATA_IN|       pointer|
|m_axi_DATA_IN_BREADY     |  out|    1|       m_axi|             DATA_IN|       pointer|
|m_axi_DATA_IN_BRESP      |   in|    2|       m_axi|             DATA_IN|       pointer|
|m_axi_DATA_IN_BID        |   in|    1|       m_axi|             DATA_IN|       pointer|
|m_axi_DATA_IN_BUSER      |   in|    1|       m_axi|             DATA_IN|       pointer|
|m_axi_DATA_OUT_AWVALID   |  out|    1|       m_axi|            DATA_OUT|       pointer|
|m_axi_DATA_OUT_AWREADY   |   in|    1|       m_axi|            DATA_OUT|       pointer|
|m_axi_DATA_OUT_AWADDR    |  out|   64|       m_axi|            DATA_OUT|       pointer|
|m_axi_DATA_OUT_AWID      |  out|    1|       m_axi|            DATA_OUT|       pointer|
|m_axi_DATA_OUT_AWLEN     |  out|    8|       m_axi|            DATA_OUT|       pointer|
|m_axi_DATA_OUT_AWSIZE    |  out|    3|       m_axi|            DATA_OUT|       pointer|
|m_axi_DATA_OUT_AWBURST   |  out|    2|       m_axi|            DATA_OUT|       pointer|
|m_axi_DATA_OUT_AWLOCK    |  out|    2|       m_axi|            DATA_OUT|       pointer|
|m_axi_DATA_OUT_AWCACHE   |  out|    4|       m_axi|            DATA_OUT|       pointer|
|m_axi_DATA_OUT_AWPROT    |  out|    3|       m_axi|            DATA_OUT|       pointer|
|m_axi_DATA_OUT_AWQOS     |  out|    4|       m_axi|            DATA_OUT|       pointer|
|m_axi_DATA_OUT_AWREGION  |  out|    4|       m_axi|            DATA_OUT|       pointer|
|m_axi_DATA_OUT_AWUSER    |  out|    1|       m_axi|            DATA_OUT|       pointer|
|m_axi_DATA_OUT_WVALID    |  out|    1|       m_axi|            DATA_OUT|       pointer|
|m_axi_DATA_OUT_WREADY    |   in|    1|       m_axi|            DATA_OUT|       pointer|
|m_axi_DATA_OUT_WDATA     |  out|   32|       m_axi|            DATA_OUT|       pointer|
|m_axi_DATA_OUT_WSTRB     |  out|    4|       m_axi|            DATA_OUT|       pointer|
|m_axi_DATA_OUT_WLAST     |  out|    1|       m_axi|            DATA_OUT|       pointer|
|m_axi_DATA_OUT_WID       |  out|    1|       m_axi|            DATA_OUT|       pointer|
|m_axi_DATA_OUT_WUSER     |  out|    1|       m_axi|            DATA_OUT|       pointer|
|m_axi_DATA_OUT_ARVALID   |  out|    1|       m_axi|            DATA_OUT|       pointer|
|m_axi_DATA_OUT_ARREADY   |   in|    1|       m_axi|            DATA_OUT|       pointer|
|m_axi_DATA_OUT_ARADDR    |  out|   64|       m_axi|            DATA_OUT|       pointer|
|m_axi_DATA_OUT_ARID      |  out|    1|       m_axi|            DATA_OUT|       pointer|
|m_axi_DATA_OUT_ARLEN     |  out|    8|       m_axi|            DATA_OUT|       pointer|
|m_axi_DATA_OUT_ARSIZE    |  out|    3|       m_axi|            DATA_OUT|       pointer|
|m_axi_DATA_OUT_ARBURST   |  out|    2|       m_axi|            DATA_OUT|       pointer|
|m_axi_DATA_OUT_ARLOCK    |  out|    2|       m_axi|            DATA_OUT|       pointer|
|m_axi_DATA_OUT_ARCACHE   |  out|    4|       m_axi|            DATA_OUT|       pointer|
|m_axi_DATA_OUT_ARPROT    |  out|    3|       m_axi|            DATA_OUT|       pointer|
|m_axi_DATA_OUT_ARQOS     |  out|    4|       m_axi|            DATA_OUT|       pointer|
|m_axi_DATA_OUT_ARREGION  |  out|    4|       m_axi|            DATA_OUT|       pointer|
|m_axi_DATA_OUT_ARUSER    |  out|    1|       m_axi|            DATA_OUT|       pointer|
|m_axi_DATA_OUT_RVALID    |   in|    1|       m_axi|            DATA_OUT|       pointer|
|m_axi_DATA_OUT_RREADY    |  out|    1|       m_axi|            DATA_OUT|       pointer|
|m_axi_DATA_OUT_RDATA     |   in|   32|       m_axi|            DATA_OUT|       pointer|
|m_axi_DATA_OUT_RLAST     |   in|    1|       m_axi|            DATA_OUT|       pointer|
|m_axi_DATA_OUT_RID       |   in|    1|       m_axi|            DATA_OUT|       pointer|
|m_axi_DATA_OUT_RUSER     |   in|    1|       m_axi|            DATA_OUT|       pointer|
|m_axi_DATA_OUT_RRESP     |   in|    2|       m_axi|            DATA_OUT|       pointer|
|m_axi_DATA_OUT_BVALID    |   in|    1|       m_axi|            DATA_OUT|       pointer|
|m_axi_DATA_OUT_BREADY    |  out|    1|       m_axi|            DATA_OUT|       pointer|
|m_axi_DATA_OUT_BRESP     |   in|    2|       m_axi|            DATA_OUT|       pointer|
|m_axi_DATA_OUT_BID       |   in|    1|       m_axi|            DATA_OUT|       pointer|
|m_axi_DATA_OUT_BUSER     |   in|    1|       m_axi|            DATA_OUT|       pointer|
+-------------------------+-----+-----+------------+--------------------+--------------+

