

================================================================
== Vitis HLS Report for 'tiny_ecg_inference_Pipeline_VITIS_LOOP_103_5_VITIS_LOOP_104_6'
================================================================
* Date:           Tue Sep 22 23:12:03 2026

* Version:        2026.1 (Build 6493734 on Jun 16 2026)
* Project:        solution1
* Solution:       hls
* Product family: zynq
* Target device:  xc7z020-clg484-1


================================================================
== Performance Estimates
================================================================
+ Timing: 
    * Summary: 
    +--------+----------+----------+------------+
    |  Clock |  Target  | Estimated| Uncertainty|
    +--------+----------+----------+------------+
    |ap_clk  |  10.00 ns|  7.239 ns|     2.70 ns|
    +--------+----------+----------+------------+

+ Latency: 
    * Summary: 
    +---------+---------+----------+----------+-----+-----+-------------------+
    |  Latency (cycles) |  Latency (absolute) |  Interval |      Pipeline     |
    |   min   |   max   |    min   |    max   | min | max |        Type       |
    +---------+---------+----------+----------+-----+-----+-------------------+
    |      389|      389|  3.890 us|  3.890 us|    0|    0|  loop pipeline stp|
    +---------+---------+----------+----------+-----+-----+-------------------+

    + Detail: 
        * Instance: 
        N/A

        * Loop: 
        +-------------------------------------+---------+---------+----------+-----------+-----------+------+----------+
        |                                     |  Latency (cycles) | Iteration|  Initiation Interval  | Trip |          |
        |              Loop Name              |   min   |   max   |  Latency |  achieved |   target  | Count| Pipelined|
        +-------------------------------------+---------+---------+----------+-----------+-----------+------+----------+
        |- VITIS_LOOP_103_5_VITIS_LOOP_104_6  |      387|      387|        21|          1|          1|   368|       yes|
        +-------------------------------------+---------+---------+----------+-----------+-----------+------+----------+



================================================================
== Utilization Estimates
================================================================
* Summary: 
+-----------------+---------+-----+--------+-------+-----+
|       Name      | BRAM_18K| DSP |   FF   |  LUT  | URAM|
+-----------------+---------+-----+--------+-------+-----+
|DSP              |        -|   25|       -|      -|    -|
|Expression       |        -|    -|       0|   1319|    -|
|FIFO             |        -|    -|       -|      -|    -|
|Instance         |        -|    0|     198|   1881|    -|
|Memory           |        0|    -|     371|     94|    -|
|Multiplexer      |        -|    -|       0|   1294|    -|
|Register         |        -|    -|    1738|    320|    -|
+-----------------+---------+-----+--------+-------+-----+
|Total            |        0|   25|    2307|   4908|    0|
+-----------------+---------+-----+--------+-------+-----+
|Available        |      280|  220|  106400|  53200|    0|
+-----------------+---------+-----+--------+-------+-----+
|Utilization (%)  |        0|   11|       2|      9|    0|
+-----------------+---------+-----+--------+-------+-----+

+ Detail: 
    * Instance: 
    +---------------------------+----------------------+---------+----+----+----+-----+
    |          Instance         |        Module        | BRAM_18K| DSP| FF | LUT| URAM|
    +---------------------------+----------------------+---------+----+----+----+-----+
    |mul_5ns_7ns_11_1_1_U95     |mul_5ns_7ns_11_1_1    |        0|   0|   0|  33|    0|
    |mul_6ns_8ns_13_1_1_U96     |mul_6ns_8ns_13_1_1    |        0|   0|   0|  41|    0|
    |mul_6ns_8ns_13_1_1_U97     |mul_6ns_8ns_13_1_1    |        0|   0|   0|  41|    0|
    |mul_6ns_8ns_13_1_1_U98     |mul_6ns_8ns_13_1_1    |        0|   0|   0|  41|    0|
    |mul_8ns_8s_16_1_1_U139     |mul_8ns_8s_16_1_1     |        0|   0|   0|  41|    0|
    |mul_8ns_8s_16_1_1_U140     |mul_8ns_8s_16_1_1     |        0|   0|   0|  41|    0|
    |mul_8ns_8s_16_1_1_U141     |mul_8ns_8s_16_1_1     |        0|   0|   0|  41|    0|
    |mul_8ns_8s_16_1_1_U145     |mul_8ns_8s_16_1_1     |        0|   0|   0|  41|    0|
    |mul_8ns_8s_16_1_1_U146     |mul_8ns_8s_16_1_1     |        0|   0|   0|  41|    0|
    |mul_8ns_8s_16_1_1_U147     |mul_8ns_8s_16_1_1     |        0|   0|   0|  41|    0|
    |mul_8ns_8s_16_1_1_U148     |mul_8ns_8s_16_1_1     |        0|   0|   0|  41|    0|
    |mul_8ns_8s_16_1_1_U149     |mul_8ns_8s_16_1_1     |        0|   0|   0|  41|    0|
    |mul_8ns_8s_16_1_1_U150     |mul_8ns_8s_16_1_1     |        0|   0|   0|  41|    0|
    |mul_8ns_8s_16_1_1_U151     |mul_8ns_8s_16_1_1     |        0|   0|   0|  41|    0|
    |mul_8ns_8s_16_1_1_U152     |mul_8ns_8s_16_1_1     |        0|   0|   0|  41|    0|
    |mul_8ns_8s_16_1_1_U153     |mul_8ns_8s_16_1_1     |        0|   0|   0|  41|    0|
    |mul_8s_8ns_16_1_1_U142     |mul_8s_8ns_16_1_1     |        0|   0|   0|  41|    0|
    |mul_8s_8ns_16_1_1_U143     |mul_8s_8ns_16_1_1     |        0|   0|   0|  41|    0|
    |mul_8s_8ns_16_1_1_U144     |mul_8s_8ns_16_1_1     |        0|   0|   0|  41|    0|
    |sparsemux_11_3_8_1_1_U99   |sparsemux_11_3_8_1_1  |        0|   0|   0|  25|    0|
    |sparsemux_11_3_8_1_1_U100  |sparsemux_11_3_8_1_1  |        0|   0|   0|  25|    0|
    |sparsemux_11_3_8_1_1_U101  |sparsemux_11_3_8_1_1  |        0|   0|   0|  25|    0|
    |sparsemux_11_3_8_1_1_U102  |sparsemux_11_3_8_1_1  |        0|   0|   0|  25|    0|
    |sparsemux_11_3_8_1_1_U103  |sparsemux_11_3_8_1_1  |        0|   0|   0|  25|    0|
    |sparsemux_11_3_8_1_1_U104  |sparsemux_11_3_8_1_1  |        0|   0|   0|  25|    0|
    |sparsemux_11_3_8_1_1_U105  |sparsemux_11_3_8_1_1  |        0|   0|   0|  25|    0|
    |sparsemux_11_3_8_1_1_U106  |sparsemux_11_3_8_1_1  |        0|   0|   0|  25|    0|
    |sparsemux_11_3_8_1_1_U107  |sparsemux_11_3_8_1_1  |        0|   0|   0|  25|    0|
    |sparsemux_11_3_8_1_1_U108  |sparsemux_11_3_8_1_1  |        0|   0|   0|  25|    0|
    |sparsemux_11_3_8_1_1_U109  |sparsemux_11_3_8_1_1  |        0|   0|   0|  25|    0|
    |sparsemux_11_3_8_1_1_U110  |sparsemux_11_3_8_1_1  |        0|   0|   0|  25|    0|
    |sparsemux_11_3_8_1_1_U111  |sparsemux_11_3_8_1_1  |        0|   0|   0|  25|    0|
    |sparsemux_11_3_8_1_1_U112  |sparsemux_11_3_8_1_1  |        0|   0|   0|  25|    0|
    |sparsemux_11_3_8_1_1_U113  |sparsemux_11_3_8_1_1  |        0|   0|   0|  25|    0|
    |sparsemux_11_3_8_1_1_U114  |sparsemux_11_3_8_1_1  |        0|   0|   0|  25|    0|
    |sparsemux_11_3_8_1_1_U115  |sparsemux_11_3_8_1_1  |        0|   0|   0|  25|    0|
    |sparsemux_11_3_8_1_1_U116  |sparsemux_11_3_8_1_1  |        0|   0|   0|  25|    0|
    |sparsemux_11_3_8_1_1_U117  |sparsemux_11_3_8_1_1  |        0|   0|   0|  25|    0|
    |sparsemux_11_3_8_1_1_U118  |sparsemux_11_3_8_1_1  |        0|   0|   0|  25|    0|
    |sparsemux_11_3_8_1_1_U119  |sparsemux_11_3_8_1_1  |        0|   0|   0|  25|    0|
    |sparsemux_11_3_8_1_1_U120  |sparsemux_11_3_8_1_1  |        0|   0|   0|  25|    0|
    |sparsemux_11_3_8_1_1_U121  |sparsemux_11_3_8_1_1  |        0|   0|   0|  25|    0|
    |sparsemux_11_3_8_1_1_U122  |sparsemux_11_3_8_1_1  |        0|   0|   0|  25|    0|
    |sparsemux_11_3_8_1_1_U123  |sparsemux_11_3_8_1_1  |        0|   0|   0|  25|    0|
    |sparsemux_11_3_8_1_1_U124  |sparsemux_11_3_8_1_1  |        0|   0|   0|  25|    0|
    |sparsemux_11_3_8_1_1_U125  |sparsemux_11_3_8_1_1  |        0|   0|   0|  25|    0|
    |sparsemux_11_3_8_1_1_U126  |sparsemux_11_3_8_1_1  |        0|   0|   0|  25|    0|
    |sparsemux_11_3_8_1_1_U127  |sparsemux_11_3_8_1_1  |        0|   0|   0|  25|    0|
    |sparsemux_11_3_8_1_1_U128  |sparsemux_11_3_8_1_1  |        0|   0|   0|  25|    0|
    |sparsemux_11_3_8_1_1_U129  |sparsemux_11_3_8_1_1  |        0|   0|   0|  25|    0|
    |sparsemux_11_3_8_1_1_U130  |sparsemux_11_3_8_1_1  |        0|   0|   0|  25|    0|
    |sparsemux_11_3_8_1_1_U131  |sparsemux_11_3_8_1_1  |        0|   0|   0|  25|    0|
    |sparsemux_11_3_8_1_1_U132  |sparsemux_11_3_8_1_1  |        0|   0|   0|  25|    0|
    |sparsemux_11_3_8_1_1_U133  |sparsemux_11_3_8_1_1  |        0|   0|   0|  25|    0|
    |sparsemux_11_3_8_1_1_U134  |sparsemux_11_3_8_1_1  |        0|   0|   0|  25|    0|
    |sparsemux_11_3_8_1_1_U135  |sparsemux_11_3_8_1_1  |        0|   0|   0|  25|    0|
    |sparsemux_11_3_8_1_1_U136  |sparsemux_11_3_8_1_1  |        0|   0|   0|  25|    0|
    |sparsemux_11_3_8_1_1_U137  |sparsemux_11_3_8_1_1  |        0|   0|   0|  25|    0|
    |sparsemux_11_3_8_1_1_U138  |sparsemux_11_3_8_1_1  |        0|   0|   0|  25|    0|
    |urem_5ns_3ns_2_9_1_U93     |urem_5ns_3ns_2_9_1    |        0|   0|  99|  55|    0|
    |urem_5ns_4ns_3_9_1_U94     |urem_5ns_4ns_3_9_1    |        0|   0|  99|  55|    0|
    +---------------------------+----------------------+---------+----+----+----+-----+
    |Total                      |                      |        0|   0| 198|1881|    0|
    +---------------------------+----------------------+---------+----+----+----+-----+

    * DSP: 
    +-----------------------------------+------------------------------+--------------+
    |              Instance             |            Module            |  Expression  |
    +-----------------------------------+------------------------------+--------------+
    |mac_muladd_8ns_8s_15s_17_4_1_U169  |mac_muladd_8ns_8s_15s_17_4_1  |  i0 + i1 * i2|
    |mac_muladd_8ns_8s_16s_17_4_1_U154  |mac_muladd_8ns_8s_16s_17_4_1  |  i0 + i1 * i2|
    |mac_muladd_8ns_8s_16s_17_4_1_U155  |mac_muladd_8ns_8s_16s_17_4_1  |  i0 + i1 * i2|
    |mac_muladd_8ns_8s_16s_17_4_1_U159  |mac_muladd_8ns_8s_16s_17_4_1  |  i0 + i1 * i2|
    |mac_muladd_8ns_8s_16s_17_4_1_U160  |mac_muladd_8ns_8s_16s_17_4_1  |  i0 + i1 * i2|
    |mac_muladd_8ns_8s_16s_17_4_1_U161  |mac_muladd_8ns_8s_16s_17_4_1  |  i0 + i1 * i2|
    |mac_muladd_8ns_8s_16s_17_4_1_U162  |mac_muladd_8ns_8s_16s_17_4_1  |  i0 + i1 * i2|
    |mac_muladd_8ns_8s_16s_17_4_1_U163  |mac_muladd_8ns_8s_16s_17_4_1  |  i0 + i1 * i2|
    |mac_muladd_8ns_8s_16s_17_4_1_U164  |mac_muladd_8ns_8s_16s_17_4_1  |  i0 + i1 * i2|
    |mac_muladd_8ns_8s_16s_17_4_1_U165  |mac_muladd_8ns_8s_16s_17_4_1  |  i0 + i1 * i2|
    |mac_muladd_8ns_8s_16s_17_4_1_U166  |mac_muladd_8ns_8s_16s_17_4_1  |  i0 + i1 * i2|
    |mac_muladd_8ns_8s_16s_17_4_1_U167  |mac_muladd_8ns_8s_16s_17_4_1  |  i0 + i1 * i2|
    |mac_muladd_8ns_8s_16s_17_4_1_U168  |mac_muladd_8ns_8s_16s_17_4_1  |  i0 + i1 * i2|
    |mac_muladd_8ns_8s_17s_18_4_1_U170  |mac_muladd_8ns_8s_17s_18_4_1  |  i0 + i1 * i2|
    |mac_muladd_8ns_8s_17s_18_4_1_U171  |mac_muladd_8ns_8s_17s_18_4_1  |  i0 + i1 * i2|
    |mac_muladd_8ns_8s_17s_18_4_1_U172  |mac_muladd_8ns_8s_17s_18_4_1  |  i0 + i1 * i2|
    |mac_muladd_8ns_8s_17s_18_4_1_U175  |mac_muladd_8ns_8s_17s_18_4_1  |  i0 + i1 * i2|
    |mac_muladd_8ns_8s_17s_18_4_1_U176  |mac_muladd_8ns_8s_17s_18_4_1  |  i0 + i1 * i2|
    |mac_muladd_8ns_8s_17s_18_4_1_U177  |mac_muladd_8ns_8s_17s_18_4_1  |  i0 + i1 * i2|
    |mac_muladd_8ns_8s_17s_18_4_1_U178  |mac_muladd_8ns_8s_17s_18_4_1  |  i0 + i1 * i2|
    |mac_muladd_8s_8ns_16s_17_4_1_U156  |mac_muladd_8s_8ns_16s_17_4_1  |  i0 + i1 * i2|
    |mac_muladd_8s_8ns_16s_17_4_1_U157  |mac_muladd_8s_8ns_16s_17_4_1  |  i0 + i1 * i2|
    |mac_muladd_8s_8ns_16s_17_4_1_U158  |mac_muladd_8s_8ns_16s_17_4_1  |  i0 + i1 * i2|
    |mac_muladd_8s_8ns_17s_18_4_1_U173  |mac_muladd_8s_8ns_17s_18_4_1  |  i0 + i1 * i2|
    |mac_muladd_8s_8ns_17s_18_4_1_U174  |mac_muladd_8s_8ns_17s_18_4_1  |  i0 + i1 * i2|
    +-----------------------------------+------------------------------+--------------+

    * Memory: 
    +-------------------------+----------------------------------------------------------------------------------+---------+----+----+-----+------+-----+------+-------------+
    |          Memory         |                                      Module                                      | BRAM_18K| FF | LUT| URAM| Words| Bits| Banks| W*Bits*Banks|
    +-------------------------+----------------------------------------------------------------------------------+---------+----+----+-----+------+-----+------+-------------+
    |conv2_bias_U             |tiny_ecg_inference_Pipeline_VITIS_LOOP_103_5_VITIS_LOOP_104_6_conv2_bias_ROM_jbC  |        0|  15|   4|    0|    16|   15|     1|          240|
    |conv2_multiplier_U       |tiny_ecg_inference_Pipeline_VITIS_LOOP_103_5_VITIS_LOOP_104_6_conv2_multiplieEe0  |        0|  30|   8|    0|    16|   30|     1|          480|
    |conv2_shift_U            |tiny_ecg_inference_Pipeline_VITIS_LOOP_103_5_VITIS_LOOP_104_6_conv2_shift_ROMFfa  |        0|   6|   2|    0|    16|    6|     1|           96|
    |p_ZL12conv2_weight_4_U   |tiny_ecg_inference_Pipeline_VITIS_LOOP_103_5_VITIS_LOOP_104_6_p_ZL12conv2_weiAem  |        0|  16|   4|    0|    32|    8|     1|          256|
    |p_ZL12conv2_weight_9_U   |tiny_ecg_inference_Pipeline_VITIS_LOOP_103_5_VITIS_LOOP_104_6_p_ZL12conv2_weiBew  |        0|  16|   4|    0|    32|    8|     1|          256|
    |p_ZL12conv2_weight_14_U  |tiny_ecg_inference_Pipeline_VITIS_LOOP_103_5_VITIS_LOOP_104_6_p_ZL12conv2_weiCeG  |        0|  16|   4|    0|    32|    8|     1|          256|
    |p_ZL12conv2_weight_19_U  |tiny_ecg_inference_Pipeline_VITIS_LOOP_103_5_VITIS_LOOP_104_6_p_ZL12conv2_weiDeQ  |        0|  16|   4|    0|    32|    8|     1|          256|
    |p_ZL12conv2_weight_0_U   |tiny_ecg_inference_Pipeline_VITIS_LOOP_103_5_VITIS_LOOP_104_6_p_ZL12conv2_weikbM  |        0|  16|   4|    0|    32|    8|     1|          256|
    |p_ZL12conv2_weight_5_U   |tiny_ecg_inference_Pipeline_VITIS_LOOP_103_5_VITIS_LOOP_104_6_p_ZL12conv2_weilbW  |        0|  16|   4|    0|    32|    8|     1|          256|
    |p_ZL12conv2_weight_10_U  |tiny_ecg_inference_Pipeline_VITIS_LOOP_103_5_VITIS_LOOP_104_6_p_ZL12conv2_weimb6  |        0|  16|   4|    0|    32|    8|     1|          256|
    |p_ZL12conv2_weight_15_U  |tiny_ecg_inference_Pipeline_VITIS_LOOP_103_5_VITIS_LOOP_104_6_p_ZL12conv2_weincg  |        0|  16|   4|    0|    32|    8|     1|          256|
    |p_ZL12conv2_weight_1_U   |tiny_ecg_inference_Pipeline_VITIS_LOOP_103_5_VITIS_LOOP_104_6_p_ZL12conv2_weiocq  |        0|  16|   4|    0|    32|    8|     1|          256|
    |p_ZL12conv2_weight_6_U   |tiny_ecg_inference_Pipeline_VITIS_LOOP_103_5_VITIS_LOOP_104_6_p_ZL12conv2_weipcA  |        0|  16|   4|    0|    32|    8|     1|          256|
    |p_ZL12conv2_weight_11_U  |tiny_ecg_inference_Pipeline_VITIS_LOOP_103_5_VITIS_LOOP_104_6_p_ZL12conv2_weiqcK  |        0|  16|   4|    0|    32|    8|     1|          256|
    |p_ZL12conv2_weight_16_U  |tiny_ecg_inference_Pipeline_VITIS_LOOP_103_5_VITIS_LOOP_104_6_p_ZL12conv2_weircU  |        0|  16|   4|    0|    32|    8|     1|          256|
    |p_ZL12conv2_weight_2_U   |tiny_ecg_inference_Pipeline_VITIS_LOOP_103_5_VITIS_LOOP_104_6_p_ZL12conv2_weisc4  |        0|  16|   4|    0|    32|    8|     1|          256|
    |p_ZL12conv2_weight_7_U   |tiny_ecg_inference_Pipeline_VITIS_LOOP_103_5_VITIS_LOOP_104_6_p_ZL12conv2_weitde  |        0|  16|   4|    0|    32|    8|     1|          256|
    |p_ZL12conv2_weight_12_U  |tiny_ecg_inference_Pipeline_VITIS_LOOP_103_5_VITIS_LOOP_104_6_p_ZL12conv2_weiudo  |        0|  16|   4|    0|    32|    8|     1|          256|
    |p_ZL12conv2_weight_17_U  |tiny_ecg_inference_Pipeline_VITIS_LOOP_103_5_VITIS_LOOP_104_6_p_ZL12conv2_weivdy  |        0|  16|   4|    0|    32|    8|     1|          256|
    |p_ZL12conv2_weight_3_U   |tiny_ecg_inference_Pipeline_VITIS_LOOP_103_5_VITIS_LOOP_104_6_p_ZL12conv2_weiwdI  |        0|  16|   4|    0|    32|    8|     1|          256|
    |p_ZL12conv2_weight_8_U   |tiny_ecg_inference_Pipeline_VITIS_LOOP_103_5_VITIS_LOOP_104_6_p_ZL12conv2_weixdS  |        0|  16|   4|    0|    32|    8|     1|          256|
    |p_ZL12conv2_weight_13_U  |tiny_ecg_inference_Pipeline_VITIS_LOOP_103_5_VITIS_LOOP_104_6_p_ZL12conv2_weiyd2  |        0|  16|   4|    0|    32|    8|     1|          256|
    |p_ZL12conv2_weight_18_U  |tiny_ecg_inference_Pipeline_VITIS_LOOP_103_5_VITIS_LOOP_104_6_p_ZL12conv2_weizec  |        0|  16|   4|    0|    32|    8|     1|          256|
    +-------------------------+----------------------------------------------------------------------------------+---------+----+----+-----+------+-----+------+-------------+
    |Total                    |                                                                                  |        0| 371|  94|    0|   688|  211|    23|         5936|
    +-------------------------+----------------------------------------------------------------------------------+---------+----+----+-----+------+-----+------+-------------+

    * FIFO: 
    N/A

    * Expression: 
    +----------------------------------------------+----------+----+---+-----+------------+------------+
    |                 Variable Name                | Operation| DSP| FF| LUT | Bitwidth P0| Bitwidth P1|
    +----------------------------------------------+----------+----+---+-----+------------+------------+
    |acc64_4_fu_5918_p2                            |         +|   0|  0|   59|          52|          52|
    |acc_3_fu_5886_p2                              |         +|   0|  0|   29|          22|          22|
    |add_ln103_1_fu_3429_p2                        |         +|   0|  0|   13|           5|           5|
    |add_ln103_fu_3390_p2                          |         +|   0|  0|   14|           9|           1|
    |add_ln104_fu_3485_p2                          |         +|   0|  0|   13|           5|           1|
    |add_ln110_1_fu_3518_p2                        |         +|   0|  0|   14|           7|           2|
    |add_ln110_2_fu_3641_p2                        |         +|   0|  0|   14|           6|           2|
    |add_ln110_fu_3512_p2                          |         +|   0|  0|   14|           7|           3|
    |add_ln118_12_fu_5746_p2                       |         +|   0|  0|   26|          19|          19|
    |add_ln118_16_fu_5762_p2                       |         +|   0|  0|   26|          19|          19|
    |add_ln118_17_fu_5772_p2                       |         +|   0|  0|   27|          20|          20|
    |add_ln118_18_fu_5860_p2                       |         +|   0|  0|   28|          21|          21|
    |add_ln118_22_fu_5784_p2                       |         +|   0|  0|   26|          19|          19|
    |add_ln118_26_fu_5800_p2                       |         +|   0|  0|   26|          19|          19|
    |add_ln118_27_fu_5810_p2                       |         +|   0|  0|   27|          20|          20|
    |add_ln118_31_fu_5822_p2                       |         +|   0|  0|   26|          19|          19|
    |add_ln118_36_fu_5838_p2                       |         +|   0|  0|   26|          19|          19|
    |add_ln118_37_fu_5848_p2                       |         +|   0|  0|   27|          20|          20|
    |add_ln118_38_fu_5876_p2                       |         +|   0|  0|   28|          21|          21|
    |add_ln118_3_fu_5708_p2                        |         +|   0|  0|   26|          19|          19|
    |add_ln118_7_fu_5724_p2                        |         +|   0|  0|   26|          19|          19|
    |add_ln118_8_fu_5734_p2                        |         +|   0|  0|   27|          20|          20|
    |add_ln13_fu_5900_p2                           |         +|   0|  0|   14|           6|           2|
    |ap_predicate_pred2568_state21                 |       and|   0|  0|    2|           1|           1|
    |ap_predicate_pred2583_state21                 |       and|   0|  0|    2|           1|           1|
    |ap_predicate_pred2598_state21                 |       and|   0|  0|    2|           1|           1|
    |ap_predicate_pred2612_state21                 |       and|   0|  0|    2|           1|           1|
    |ap_predicate_pred2624_state21                 |       and|   0|  0|    2|           1|           1|
    |ap_predicate_pred2637_state21                 |       and|   0|  0|    2|           1|           1|
    |ap_predicate_pred2651_state21                 |       and|   0|  0|    2|           1|           1|
    |ap_predicate_pred2663_state21                 |       and|   0|  0|    2|           1|           1|
    |ap_predicate_pred2676_state21                 |       and|   0|  0|    2|           1|           1|
    |ap_predicate_pred2690_state21                 |       and|   0|  0|    2|           1|           1|
    |ap_predicate_pred2702_state21                 |       and|   0|  0|    2|           1|           1|
    |ap_predicate_pred2715_state21                 |       and|   0|  0|    2|           1|           1|
    |ap_predicate_pred2729_state21                 |       and|   0|  0|    2|           1|           1|
    |ap_predicate_pred2741_state21                 |       and|   0|  0|    2|           1|           1|
    |ap_predicate_pred2754_state21                 |       and|   0|  0|    2|           1|           1|
    |ap_predicate_pred2768_state21                 |       and|   0|  0|    2|           1|           1|
    |ap_predicate_pred2780_state21                 |       and|   0|  0|    2|           1|           1|
    |ap_predicate_pred2793_state21                 |       and|   0|  0|    2|           1|           1|
    |ap_predicate_pred2807_state21                 |       and|   0|  0|    2|           1|           1|
    |ap_predicate_pred2819_state21                 |       and|   0|  0|    2|           1|           1|
    |ap_predicate_pred2832_state21                 |       and|   0|  0|    2|           1|           1|
    |ap_predicate_pred2846_state21                 |       and|   0|  0|    2|           1|           1|
    |ap_predicate_pred2858_state21                 |       and|   0|  0|    2|           1|           1|
    |ap_predicate_pred2871_state21                 |       and|   0|  0|    2|           1|           1|
    |ap_predicate_pred2885_state21                 |       and|   0|  0|    2|           1|           1|
    |ap_predicate_pred2897_state21                 |       and|   0|  0|    2|           1|           1|
    |ap_predicate_pred2910_state21                 |       and|   0|  0|    2|           1|           1|
    |ap_predicate_pred2924_state21                 |       and|   0|  0|    2|           1|           1|
    |ap_predicate_pred2936_state21                 |       and|   0|  0|    2|           1|           1|
    |ap_predicate_pred2949_state21                 |       and|   0|  0|    2|           1|           1|
    |ap_predicate_pred2963_state21                 |       and|   0|  0|    2|           1|           1|
    |ap_predicate_pred2975_state21                 |       and|   0|  0|    2|           1|           1|
    |ap_predicate_pred2988_state21                 |       and|   0|  0|    2|           1|           1|
    |ap_predicate_pred3002_state21                 |       and|   0|  0|    2|           1|           1|
    |ap_predicate_pred3014_state21                 |       and|   0|  0|    2|           1|           1|
    |ap_predicate_pred3027_state21                 |       and|   0|  0|    2|           1|           1|
    |ap_predicate_pred3041_state21                 |       and|   0|  0|    2|           1|           1|
    |ap_predicate_pred3053_state21                 |       and|   0|  0|    2|           1|           1|
    |ap_predicate_pred3066_state21                 |       and|   0|  0|    2|           1|           1|
    |ap_predicate_pred3080_state21                 |       and|   0|  0|    2|           1|           1|
    |ap_predicate_pred3092_state21                 |       and|   0|  0|    2|           1|           1|
    |ap_predicate_pred3105_state21                 |       and|   0|  0|    2|           1|           1|
    |ap_predicate_pred3119_state21                 |       and|   0|  0|    2|           1|           1|
    |ap_predicate_pred3131_state21                 |       and|   0|  0|    2|           1|           1|
    |ap_predicate_pred3144_state21                 |       and|   0|  0|    2|           1|           1|
    |ap_predicate_pred3158_state21                 |       and|   0|  0|    2|           1|           1|
    |ap_predicate_pred3170_state21                 |       and|   0|  0|    2|           1|           1|
    |ap_predicate_pred3183_state21                 |       and|   0|  0|    2|           1|           1|
    |res_fu_5926_p2                                |      ashr|   0|  0|  157|          52|          52|
    |icmp_ln103_fu_3384_p2                         |      icmp|   0|  0|   14|           9|           9|
    |icmp_ln104_fu_3407_p2                         |      icmp|   0|  0|   14|           5|           6|
    |icmp_ln113_1_fu_3545_p2                       |      icmp|   0|  0|   14|           7|           6|
    |icmp_ln113_2_fu_3635_p2                       |      icmp|   0|  0|   14|           6|           6|
    |icmp_ln113_3_fu_3666_p2                       |      icmp|   0|  0|   14|           6|           6|
    |icmp_ln113_fu_3532_p2                         |      icmp|   0|  0|   14|           7|           6|
    |icmp_ln23_fu_5961_p2                          |      icmp|   0|  0|   14|           7|           1|
    |empty_fu_3421_p3                              |    select|   0|  0|    2|           1|           1|
    |res_3_fu_5943_p3                              |    select|   0|  0|   15|           1|           1|
    |select_ln103_fu_3413_p3                       |    select|   0|  0|    5|           1|           1|
    |select_ln23_fu_6022_p3                        |    select|   0|  0|    8|           1|           2|
    |x72_0700102510281031103610411048_fu_4404_p3   |    select|   0|  0|    8|           1|           1|
    |x72_0_161102610271032103510421047_fu_4415_p3  |    select|   0|  0|    8|           1|           1|
    |x72_0_194199810011004100910141021_fu_4704_p3  |    select|   0|  0|    8|           1|           1|
    |x72_0_1_199910001005100810151020_fu_4711_p3   |    select|   0|  0|    8|           1|           1|
    |x72_0_1_210021003101010131022_fu_4693_p3      |    select|   0|  0|    8|           1|           1|
    |x72_0_1_31006100710161019_fu_4718_p3          |    select|   0|  0|    8|           1|           1|
    |x72_0_1_4101110121023_fu_4686_p3              |    select|   0|  0|    8|           1|           1|
    |x72_0_1_510171018_fu_4729_p3                  |    select|   0|  0|    8|           1|           1|
    |x72_0_1_61024_fu_4675_p3                      |    select|   0|  0|    8|           1|           1|
    |x72_0_27410291030103710401049_fu_4397_p3      |    select|   0|  0|    8|           1|           1|
    |x72_0_3871033103410431046_fu_4422_p3          |    select|   0|  0|    8|           1|           1|
    |x72_0_3942971974977982987994_fu_5016_p3       |    select|   0|  0|    8|           1|           1|
    |x72_0_3_1972973978981988993_fu_5023_p3        |    select|   0|  0|    8|           1|           1|
    |x72_0_3_2975976983986995_fu_5009_p3           |    select|   0|  0|    8|           1|           1|
    |x72_0_3_3979980989992_fu_5034_p3              |    select|   0|  0|    8|           1|           1|
    |x72_0_3_4984985996_fu_4998_p3                 |    select|   0|  0|    8|           1|           1|
    |x72_0_3_5990991_fu_5041_p3                    |    select|   0|  0|    8|           1|           1|
    |x72_0_3_6997_fu_4991_p3                       |    select|   0|  0|    8|           1|           1|
    |x72_0_4100103810391050_fu_4390_p3             |    select|   0|  0|    8|           1|           1|
    |x72_0_4943944947950955960967_fu_5308_p3       |    select|   0|  0|    8|           1|           1|
    |x72_0_4_1945946951954961966_fu_5315_p3        |    select|   0|  0|    8|           1|           1|
    |x72_0_4_2948949956959968_fu_5301_p3           |    select|   0|  0|    8|           1|           1|
    |x72_0_4_3952953962965_fu_5326_p3              |    select|   0|  0|    8|           1|           1|
    |x72_0_4_4957958969_fu_5290_p3                 |    select|   0|  0|    8|           1|           1|
    |x72_0_4_5963964_fu_5333_p3                    |    select|   0|  0|    8|           1|           1|
    |x72_0_4_6970_fu_5283_p3                       |    select|   0|  0|    8|           1|           1|
    |x72_0_510441045_fu_4433_p3                    |    select|   0|  0|    8|           1|           1|
    |x72_0_61051_fu_4383_p3                        |    select|   0|  0|    8|           1|           1|
    |x_16_fu_4440_p3                               |    select|   0|  0|    8|           1|           1|
    |x_25_fu_4736_p3                               |    select|   0|  0|    8|           1|           1|
    |x_43_fu_5052_p3                               |    select|   0|  0|    8|           1|           1|
    |x_52_fu_5340_p3                               |    select|   0|  0|    8|           1|           1|
    |shl_ln13_fu_5908_p2                           |       shl|   0|  0|  124|           1|          38|
    |ap_enable_pp0                                 |       xor|   0|  0|    2|           1|           2|
    +----------------------------------------------+----------+----+---+-----+------------+------------+
    |Total                                         |          |   0|  0| 1319|         578|         581|
    +----------------------------------------------+----------+----+---+-----+------------+------------+

    * Multiplexer: 
    +---------------------------------------+----+-----------+-----+-----------+
    |                  Name                 | LUT| Input Size| Bits| Total Bits|
    +---------------------------------------+----+-----------+-----+-----------+
    |ap_done_int                            |   9|          2|    1|          2|
    |ap_enable_reg_pp0_iter1                |   9|          2|    1|          2|
    |ap_sig_allocacmp_indvar_flatten6_load  |   9|          2|    9|         18|
    |buffer_c1_10_address0_local            |  31|          6|    4|         24|
    |buffer_c1_11_address0_local            |  31|          6|    4|         24|
    |buffer_c1_12_address0_local            |  31|          6|    4|         24|
    |buffer_c1_13_address0_local            |  31|          6|    4|         24|
    |buffer_c1_14_address0_local            |  31|          6|    4|         24|
    |buffer_c1_15_address0_local            |  31|          6|    4|         24|
    |buffer_c1_16_address0_local            |  31|          6|    4|         24|
    |buffer_c1_17_address0_local            |  31|          6|    4|         24|
    |buffer_c1_18_address0_local            |  31|          6|    4|         24|
    |buffer_c1_19_address0_local            |  31|          6|    4|         24|
    |buffer_c1_1_address0_local             |  31|          6|    4|         24|
    |buffer_c1_20_address0_local            |  31|          6|    4|         24|
    |buffer_c1_21_address0_local            |  31|          6|    4|         24|
    |buffer_c1_22_address0_local            |  31|          6|    4|         24|
    |buffer_c1_23_address0_local            |  31|          6|    4|         24|
    |buffer_c1_24_address0_local            |  31|          6|    4|         24|
    |buffer_c1_25_address0_local            |  31|          6|    4|         24|
    |buffer_c1_26_address0_local            |  31|          6|    4|         24|
    |buffer_c1_27_address0_local            |  31|          6|    4|         24|
    |buffer_c1_28_address0_local            |  31|          6|    4|         24|
    |buffer_c1_29_address0_local            |  31|          6|    4|         24|
    |buffer_c1_2_address0_local             |  31|          6|    4|         24|
    |buffer_c1_30_address0_local            |  31|          6|    4|         24|
    |buffer_c1_31_address0_local            |  31|          6|    4|         24|
    |buffer_c1_32_address0_local            |  31|          6|    4|         24|
    |buffer_c1_33_address0_local            |  31|          6|    4|         24|
    |buffer_c1_34_address0_local            |  31|          6|    4|         24|
    |buffer_c1_35_address0_local            |  31|          6|    4|         24|
    |buffer_c1_36_address0_local            |  31|          6|    4|         24|
    |buffer_c1_37_address0_local            |  31|          6|    4|         24|
    |buffer_c1_38_address0_local            |  31|          6|    4|         24|
    |buffer_c1_39_address0_local            |  31|          6|    4|         24|
    |buffer_c1_3_address0_local             |  31|          6|    4|         24|
    |buffer_c1_4_address0_local             |  31|          6|    4|         24|
    |buffer_c1_5_address0_local             |  31|          6|    4|         24|
    |buffer_c1_6_address0_local             |  31|          6|    4|         24|
    |buffer_c1_7_address0_local             |  31|          6|    4|         24|
    |buffer_c1_8_address0_local             |  31|          6|    4|         24|
    |buffer_c1_9_address0_local             |  31|          6|    4|         24|
    |buffer_c1_address0_local               |  31|          6|    4|         24|
    |indvar_flatten6_fu_378                 |   9|          2|    9|         18|
    |oc_fu_370                              |   9|          2|    5|         10|
    |out_idx_fu_374                         |   9|          2|    5|         10|
    +---------------------------------------+----+-----------+-----+-----------+
    |Total                                  |1294|        252|  190|       1020|
    +---------------------------------------+----+-----------+-----+-----------+

    * Register: 
    +-----------------------------------------------------------+----+----+-----+-----------+
    |                            Name                           | FF | LUT| Bits| Const Bits|
    +-----------------------------------------------------------+----+----+-----+-----------+
    |acc64_4_reg_8403                                           |  52|   0|   52|          0|
    |acc64_reg_8393                                             |  52|   0|   52|          0|
    |acc_3_reg_8378                                             |  22|   0|   22|          0|
    |add_ln103_1_reg_6326                                       |   5|   0|    5|          0|
    |add_ln110_1_reg_6352                                       |   6|   0|    7|          1|
    |add_ln110_reg_6346                                         |   6|   0|    7|          1|
    |add_ln118_13_reg_8297                                      |  17|   0|   17|          0|
    |add_ln118_17_reg_8363                                      |  20|   0|   20|          0|
    |add_ln118_19_reg_8307                                      |  17|   0|   17|          0|
    |add_ln118_23_reg_8317                                      |  17|   0|   17|          0|
    |add_ln118_27_reg_8368                                      |  20|   0|   20|          0|
    |add_ln118_28_reg_8327                                      |  17|   0|   17|          0|
    |add_ln118_37_reg_8373                                      |  20|   0|   20|          0|
    |add_ln118_4_reg_8277                                       |  17|   0|   17|          0|
    |add_ln118_8_reg_8358                                       |  20|   0|   20|          0|
    |add_ln118_9_reg_8287                                       |  17|   0|   17|          0|
    |add_ln13_reg_8398                                          |   6|   0|    6|          0|
    |ap_CS_fsm                                                  |   1|   0|    1|          0|
    |ap_done_reg                                                |   1|   0|    1|          0|
    |ap_enable_reg_pp0_iter1                                    |   1|   0|    1|          0|
    |ap_enable_reg_pp0_iter10                                   |   1|   0|    1|          0|
    |ap_enable_reg_pp0_iter11                                   |   1|   0|    1|          0|
    |ap_enable_reg_pp0_iter12                                   |   1|   0|    1|          0|
    |ap_enable_reg_pp0_iter13                                   |   1|   0|    1|          0|
    |ap_enable_reg_pp0_iter14                                   |   1|   0|    1|          0|
    |ap_enable_reg_pp0_iter15                                   |   1|   0|    1|          0|
    |ap_enable_reg_pp0_iter16                                   |   1|   0|    1|          0|
    |ap_enable_reg_pp0_iter17                                   |   1|   0|    1|          0|
    |ap_enable_reg_pp0_iter18                                   |   1|   0|    1|          0|
    |ap_enable_reg_pp0_iter19                                   |   1|   0|    1|          0|
    |ap_enable_reg_pp0_iter2                                    |   1|   0|    1|          0|
    |ap_enable_reg_pp0_iter20                                   |   1|   0|    1|          0|
    |ap_enable_reg_pp0_iter3                                    |   1|   0|    1|          0|
    |ap_enable_reg_pp0_iter4                                    |   1|   0|    1|          0|
    |ap_enable_reg_pp0_iter5                                    |   1|   0|    1|          0|
    |ap_enable_reg_pp0_iter6                                    |   1|   0|    1|          0|
    |ap_enable_reg_pp0_iter7                                    |   1|   0|    1|          0|
    |ap_enable_reg_pp0_iter8                                    |   1|   0|    1|          0|
    |ap_enable_reg_pp0_iter9                                    |   1|   0|    1|          0|
    |ap_loop_exit_ready_pp0_iter10_reg                          |   1|   0|    1|          0|
    |ap_loop_exit_ready_pp0_iter11_reg                          |   1|   0|    1|          0|
    |ap_loop_exit_ready_pp0_iter12_reg                          |   1|   0|    1|          0|
    |ap_loop_exit_ready_pp0_iter13_reg                          |   1|   0|    1|          0|
    |ap_loop_exit_ready_pp0_iter14_reg                          |   1|   0|    1|          0|
    |ap_loop_exit_ready_pp0_iter15_reg                          |   1|   0|    1|          0|
    |ap_loop_exit_ready_pp0_iter16_reg                          |   1|   0|    1|          0|
    |ap_loop_exit_ready_pp0_iter17_reg                          |   1|   0|    1|          0|
    |ap_loop_exit_ready_pp0_iter18_reg                          |   1|   0|    1|          0|
    |ap_loop_exit_ready_pp0_iter19_reg                          |   1|   0|    1|          0|
    |ap_loop_exit_ready_pp0_iter1_reg                           |   1|   0|    1|          0|
    |ap_loop_exit_ready_pp0_iter2_reg                           |   1|   0|    1|          0|
    |ap_loop_exit_ready_pp0_iter3_reg                           |   1|   0|    1|          0|
    |ap_loop_exit_ready_pp0_iter4_reg                           |   1|   0|    1|          0|
    |ap_loop_exit_ready_pp0_iter5_reg                           |   1|   0|    1|          0|
    |ap_loop_exit_ready_pp0_iter6_reg                           |   1|   0|    1|          0|
    |ap_loop_exit_ready_pp0_iter7_reg                           |   1|   0|    1|          0|
    |ap_loop_exit_ready_pp0_iter8_reg                           |   1|   0|    1|          0|
    |ap_loop_exit_ready_pp0_iter9_reg                           |   1|   0|    1|          0|
    |ap_predicate_pred2568_state21                              |   1|   0|    1|          0|
    |ap_predicate_pred2583_state21                              |   1|   0|    1|          0|
    |ap_predicate_pred2598_state21                              |   1|   0|    1|          0|
    |ap_predicate_pred2612_state21                              |   1|   0|    1|          0|
    |ap_predicate_pred2624_state21                              |   1|   0|    1|          0|
    |ap_predicate_pred2637_state21                              |   1|   0|    1|          0|
    |ap_predicate_pred2651_state21                              |   1|   0|    1|          0|
    |ap_predicate_pred2663_state21                              |   1|   0|    1|          0|
    |ap_predicate_pred2676_state21                              |   1|   0|    1|          0|
    |ap_predicate_pred2690_state21                              |   1|   0|    1|          0|
    |ap_predicate_pred2702_state21                              |   1|   0|    1|          0|
    |ap_predicate_pred2715_state21                              |   1|   0|    1|          0|
    |ap_predicate_pred2729_state21                              |   1|   0|    1|          0|
    |ap_predicate_pred2741_state21                              |   1|   0|    1|          0|
    |ap_predicate_pred2754_state21                              |   1|   0|    1|          0|
    |ap_predicate_pred2768_state21                              |   1|   0|    1|          0|
    |ap_predicate_pred2780_state21                              |   1|   0|    1|          0|
    |ap_predicate_pred2793_state21                              |   1|   0|    1|          0|
    |ap_predicate_pred2807_state21                              |   1|   0|    1|          0|
    |ap_predicate_pred2819_state21                              |   1|   0|    1|          0|
    |ap_predicate_pred2832_state21                              |   1|   0|    1|          0|
    |ap_predicate_pred2846_state21                              |   1|   0|    1|          0|
    |ap_predicate_pred2858_state21                              |   1|   0|    1|          0|
    |ap_predicate_pred2871_state21                              |   1|   0|    1|          0|
    |ap_predicate_pred2885_state21                              |   1|   0|    1|          0|
    |ap_predicate_pred2897_state21                              |   1|   0|    1|          0|
    |ap_predicate_pred2910_state21                              |   1|   0|    1|          0|
    |ap_predicate_pred2924_state21                              |   1|   0|    1|          0|
    |ap_predicate_pred2936_state21                              |   1|   0|    1|          0|
    |ap_predicate_pred2949_state21                              |   1|   0|    1|          0|
    |ap_predicate_pred2963_state21                              |   1|   0|    1|          0|
    |ap_predicate_pred2975_state21                              |   1|   0|    1|          0|
    |ap_predicate_pred2988_state21                              |   1|   0|    1|          0|
    |ap_predicate_pred3002_state21                              |   1|   0|    1|          0|
    |ap_predicate_pred3014_state21                              |   1|   0|    1|          0|
    |ap_predicate_pred3027_state21                              |   1|   0|    1|          0|
    |ap_predicate_pred3041_state21                              |   1|   0|    1|          0|
    |ap_predicate_pred3053_state21                              |   1|   0|    1|          0|
    |ap_predicate_pred3066_state21                              |   1|   0|    1|          0|
    |ap_predicate_pred3080_state21                              |   1|   0|    1|          0|
    |ap_predicate_pred3092_state21                              |   1|   0|    1|          0|
    |ap_predicate_pred3105_state21                              |   1|   0|    1|          0|
    |ap_predicate_pred3119_state21                              |   1|   0|    1|          0|
    |ap_predicate_pred3131_state21                              |   1|   0|    1|          0|
    |ap_predicate_pred3144_state21                              |   1|   0|    1|          0|
    |ap_predicate_pred3158_state21                              |   1|   0|    1|          0|
    |ap_predicate_pred3170_state21                              |   1|   0|    1|          0|
    |ap_predicate_pred3183_state21                              |   1|   0|    1|          0|
    |conv2_multiplier_load_reg_8347                             |  30|   0|   30|          0|
    |conv2_shift_load_reg_8352                                  |   6|   0|    6|          0|
    |icmp_ln113_1_reg_6380                                      |   1|   0|    1|          0|
    |icmp_ln113_2_reg_6417                                      |   1|   0|    1|          0|
    |icmp_ln113_2_reg_6417_pp0_iter9_reg                        |   1|   0|    1|          0|
    |icmp_ln113_3_reg_6434                                      |   1|   0|    1|          0|
    |icmp_ln113_3_reg_6434_pp0_iter9_reg                        |   1|   0|    1|          0|
    |icmp_ln113_reg_6363                                        |   1|   0|    1|          0|
    |icmp_ln23_reg_8408                                         |   1|   0|    1|          0|
    |indvar_flatten6_fu_378                                     |   9|   0|    9|          0|
    |oc_fu_370                                                  |   5|   0|    5|          0|
    |out_idx_fu_374                                             |   5|   0|    5|          0|
    |p_ZL12conv2_weight_10_load_reg_8017                        |   8|   0|    8|          0|
    |p_ZL12conv2_weight_12_load_1_reg_8102                      |   8|   0|    8|          0|
    |p_ZL12conv2_weight_13_load_1_reg_8122                      |   8|   0|    8|          0|
    |p_ZL12conv2_weight_14_load_1_reg_8162                      |   8|   0|    8|          0|
    |p_ZL12conv2_weight_15_load_1_reg_8052                      |   8|   0|    8|          0|
    |p_ZL12conv2_weight_17_load_reg_8092                        |   8|   0|    8|          0|
    |p_ZL12conv2_weight_18_load_reg_8117                        |   8|   0|    8|          0|
    |p_ZL12conv2_weight_1_load_1_reg_8067                       |   8|   0|    8|          0|
    |p_ZL12conv2_weight_3_load_reg_8107                         |   8|   0|    8|          0|
    |p_ZL12conv2_weight_4_load_reg_8142                         |   8|   0|    8|          0|
    |p_ZL12conv2_weight_5_load_reg_8012                         |   8|   0|    8|          0|
    |p_ZL12conv2_weight_6_load_1_reg_8072                       |   8|   0|    8|          0|
    |p_ZL12conv2_weight_6_load_reg_8062                         |   8|   0|    8|          0|
    |p_ZL12conv2_weight_7_load_reg_8087                         |   8|   0|    8|          0|
    |p_ZL12conv2_weight_9_load_1_reg_8157                       |   8|   0|    8|          0|
    |select_ln103_reg_6320                                      |   5|   0|    5|          0|
    |shl_ln1_reg_6340                                           |   5|   0|    6|          1|
    |tmp_29_reg_6397                                            |   4|   0|    4|          0|
    |tmp_30_reg_6402                                            |  62|   0|   62|          0|
    |tmp_31_reg_6407                                            |  62|   0|   62|          0|
    |tmp_32_reg_6412                                            |   4|   0|    4|          0|
    |tmp_33_reg_6429                                            |   4|   0|    4|          0|
    |tmp_reg_6392                                               |   4|   0|    4|          0|
    |trunc_ln103_reg_6446                                       |   2|   0|    2|          0|
    |trunc_ln104_reg_6335                                       |   4|   0|    4|          0|
    |trunc_ln110_reg_6450                                       |   3|   0|    3|          0|
    |trunc_ln25_reg_8413                                        |   8|   0|    8|          0|
    |x72_0_161102610271032103510421047_reg_7697                 |   8|   0|    8|          0|
    |x72_0_161102610271032103510421047_reg_7697_pp0_iter11_reg  |   8|   0|    8|          0|
    |x72_0_194199810011004100910141021_reg_7772                 |   8|   0|    8|          0|
    |x72_0_1_199910001005100810151020_reg_7777                  |   8|   0|    8|          0|
    |x72_0_1_199910001005100810151020_reg_7777_pp0_iter11_reg   |   8|   0|    8|          0|
    |x72_0_1_4101110121023_reg_7762                             |   8|   0|    8|          0|
    |x72_0_1_4101110121023_reg_7762_pp0_iter11_reg              |   8|   0|    8|          0|
    |x72_0_1_510171018_reg_7787                                 |   8|   0|    8|          0|
    |x72_0_1_510171018_reg_7787_pp0_iter11_reg                  |   8|   0|    8|          0|
    |x72_0_27410291030103710401049_reg_7687                     |   8|   0|    8|          0|
    |x72_0_27410291030103710401049_reg_7687_pp0_iter11_reg      |   8|   0|    8|          0|
    |x72_0_3942971974977982987994_reg_7892                      |   8|   0|    8|          0|
    |x72_0_3942971974977982987994_reg_7892_pp0_iter11_reg       |   8|   0|    8|          0|
    |x72_0_3_2975976983986995_reg_7887                          |   8|   0|    8|          0|
    |x72_0_3_3979980989992_reg_7902                             |   8|   0|    8|          0|
    |x72_0_3_3979980989992_reg_7902_pp0_iter11_reg              |   8|   0|    8|          0|
    |x72_0_3_6997_reg_7877                                      |   8|   0|    8|          0|
    |x72_0_3_6997_reg_7877_pp0_iter11_reg                       |   8|   0|    8|          0|
    |x72_0_4100103810391050_reg_7682                            |   8|   0|    8|          0|
    |x72_0_4943944947950955960967_reg_7972                      |   8|   0|    8|          0|
    |x72_0_4943944947950955960967_reg_7972_pp0_iter11_reg       |   8|   0|    8|          0|
    |x72_0_4_2948949956959968_reg_7967                          |   8|   0|    8|          0|
    |x72_0_4_3952953962965_reg_7982                             |   8|   0|    8|          0|
    |x72_0_4_5963964_reg_7987                                   |   8|   0|    8|          0|
    |x72_0_4_5963964_reg_7987_pp0_iter11_reg                    |   8|   0|    8|          0|
    |x72_0_4_6970_reg_7957                                      |   8|   0|    8|          0|
    |x72_0_4_6970_reg_7957_pp0_iter11_reg                       |   8|   0|    8|          0|
    |x72_0_510441045_reg_7707                                   |   8|   0|    8|          0|
    |x72_0_61051_reg_7677                                       |   8|   0|    8|          0|
    |x_16_reg_7712                                              |   8|   0|    8|          0|
    |x_16_reg_7712_pp0_iter11_reg                               |   8|   0|    8|          0|
    |x_43_reg_7912                                              |   8|   0|    8|          0|
    |x_57_reg_7607                                              |   8|   0|    8|          0|
    |x_57_reg_7607_pp0_iter11_reg                               |   8|   0|    8|          0|
    |x_59_reg_7617                                              |   8|   0|    8|          0|
    |x_59_reg_7617_pp0_iter11_reg                               |   8|   0|    8|          0|
    |x_61_reg_7627                                              |   8|   0|    8|          0|
    |x_62_reg_7632                                              |   8|   0|    8|          0|
    |x_62_reg_7632_pp0_iter11_reg                               |   8|   0|    8|          0|
    |x_reg_7602                                                 |   8|   0|    8|          0|
    |zext_ln118_1_reg_7521                                      |   4|   0|   64|         60|
    |zext_ln118_reg_7494                                        |   5|   0|   64|         59|
    |add_ln103_1_reg_6326                                       |  64|  32|    5|          0|
    |conv2_multiplier_load_reg_8347                             |  64|  32|   30|          0|
    |conv2_shift_load_reg_8352                                  |  64|  32|    6|          0|
    |icmp_ln113_1_reg_6380                                      |  64|  32|    1|          0|
    |icmp_ln113_reg_6363                                        |  64|  32|    1|          0|
    |select_ln103_reg_6320                                      |  64|  32|    5|          0|
    |shl_ln1_reg_6340                                           |  64|  32|    6|          1|
    |tmp_reg_6392                                               |  64|  32|    4|          0|
    |trunc_ln103_reg_6446                                       |  64|  32|    2|          0|
    |trunc_ln104_reg_6335                                       |  64|  32|    4|          0|
    +-----------------------------------------------------------+----+----+-----+-----------+
    |Total                                                      |1738| 320| 1284|        123|
    +-----------------------------------------------------------+----+----+-----+-----------+



================================================================
== Interface
================================================================
* Summary: 
+-----------------------+-----+-----+------------+---------------------------------------------------------------+--------------+
|       RTL Ports       | Dir | Bits|  Protocol  |                         Source Object                         |    C Type    |
+-----------------------+-----+-----+------------+---------------------------------------------------------------+--------------+
|ap_clk                 |   in|    1|  ap_ctrl_hs|  tiny_ecg_inference_Pipeline_VITIS_LOOP_103_5_VITIS_LOOP_104_6|  return value|
|ap_rst                 |   in|    1|  ap_ctrl_hs|  tiny_ecg_inference_Pipeline_VITIS_LOOP_103_5_VITIS_LOOP_104_6|  return value|
|ap_start               |   in|    1|  ap_ctrl_hs|  tiny_ecg_inference_Pipeline_VITIS_LOOP_103_5_VITIS_LOOP_104_6|  return value|
|ap_done                |  out|    1|  ap_ctrl_hs|  tiny_ecg_inference_Pipeline_VITIS_LOOP_103_5_VITIS_LOOP_104_6|  return value|
|ap_idle                |  out|    1|  ap_ctrl_hs|  tiny_ecg_inference_Pipeline_VITIS_LOOP_103_5_VITIS_LOOP_104_6|  return value|
|ap_ready               |  out|    1|  ap_ctrl_hs|  tiny_ecg_inference_Pipeline_VITIS_LOOP_103_5_VITIS_LOOP_104_6|  return value|
|grp_fu_5148_p_din0     |  out|   22|  ap_ctrl_hs|  tiny_ecg_inference_Pipeline_VITIS_LOOP_103_5_VITIS_LOOP_104_6|  return value|
|grp_fu_5148_p_din1     |  out|   30|  ap_ctrl_hs|  tiny_ecg_inference_Pipeline_VITIS_LOOP_103_5_VITIS_LOOP_104_6|  return value|
|grp_fu_5148_p_dout0    |   in|   52|  ap_ctrl_hs|  tiny_ecg_inference_Pipeline_VITIS_LOOP_103_5_VITIS_LOOP_104_6|  return value|
|grp_fu_5148_p_ce       |  out|    1|  ap_ctrl_hs|  tiny_ecg_inference_Pipeline_VITIS_LOOP_103_5_VITIS_LOOP_104_6|  return value|
|grp_fu_5140_p_din0     |  out|   64|  ap_ctrl_hs|  tiny_ecg_inference_Pipeline_VITIS_LOOP_103_5_VITIS_LOOP_104_6|  return value|
|grp_fu_5140_p_din1     |  out|   66|  ap_ctrl_hs|  tiny_ecg_inference_Pipeline_VITIS_LOOP_103_5_VITIS_LOOP_104_6|  return value|
|grp_fu_5140_p_dout0    |   in|  129|  ap_ctrl_hs|  tiny_ecg_inference_Pipeline_VITIS_LOOP_103_5_VITIS_LOOP_104_6|  return value|
|grp_fu_5140_p_ce       |  out|    1|  ap_ctrl_hs|  tiny_ecg_inference_Pipeline_VITIS_LOOP_103_5_VITIS_LOOP_104_6|  return value|
|grp_fu_5144_p_din0     |  out|   64|  ap_ctrl_hs|  tiny_ecg_inference_Pipeline_VITIS_LOOP_103_5_VITIS_LOOP_104_6|  return value|
|grp_fu_5144_p_din1     |  out|   66|  ap_ctrl_hs|  tiny_ecg_inference_Pipeline_VITIS_LOOP_103_5_VITIS_LOOP_104_6|  return value|
|grp_fu_5144_p_dout0    |   in|  129|  ap_ctrl_hs|  tiny_ecg_inference_Pipeline_VITIS_LOOP_103_5_VITIS_LOOP_104_6|  return value|
|grp_fu_5144_p_ce       |  out|    1|  ap_ctrl_hs|  tiny_ecg_inference_Pipeline_VITIS_LOOP_103_5_VITIS_LOOP_104_6|  return value|
|buffer_c1_address0     |  out|    4|   ap_memory|                                                      buffer_c1|         array|
|buffer_c1_ce0          |  out|    1|   ap_memory|                                                      buffer_c1|         array|
|buffer_c1_q0           |   in|    8|   ap_memory|                                                      buffer_c1|         array|
|buffer_c1_1_address0   |  out|    4|   ap_memory|                                                    buffer_c1_1|         array|
|buffer_c1_1_ce0        |  out|    1|   ap_memory|                                                    buffer_c1_1|         array|
|buffer_c1_1_q0         |   in|    8|   ap_memory|                                                    buffer_c1_1|         array|
|buffer_c1_2_address0   |  out|    4|   ap_memory|                                                    buffer_c1_2|         array|
|buffer_c1_2_ce0        |  out|    1|   ap_memory|                                                    buffer_c1_2|         array|
|buffer_c1_2_q0         |   in|    8|   ap_memory|                                                    buffer_c1_2|         array|
|buffer_c1_3_address0   |  out|    4|   ap_memory|                                                    buffer_c1_3|         array|
|buffer_c1_3_ce0        |  out|    1|   ap_memory|                                                    buffer_c1_3|         array|
|buffer_c1_3_q0         |   in|    8|   ap_memory|                                                    buffer_c1_3|         array|
|buffer_c1_4_address0   |  out|    4|   ap_memory|                                                    buffer_c1_4|         array|
|buffer_c1_4_ce0        |  out|    1|   ap_memory|                                                    buffer_c1_4|         array|
|buffer_c1_4_q0         |   in|    8|   ap_memory|                                                    buffer_c1_4|         array|
|buffer_c1_5_address0   |  out|    4|   ap_memory|                                                    buffer_c1_5|         array|
|buffer_c1_5_ce0        |  out|    1|   ap_memory|                                                    buffer_c1_5|         array|
|buffer_c1_5_q0         |   in|    8|   ap_memory|                                                    buffer_c1_5|         array|
|buffer_c1_6_address0   |  out|    4|   ap_memory|                                                    buffer_c1_6|         array|
|buffer_c1_6_ce0        |  out|    1|   ap_memory|                                                    buffer_c1_6|         array|
|buffer_c1_6_q0         |   in|    8|   ap_memory|                                                    buffer_c1_6|         array|
|buffer_c1_7_address0   |  out|    4|   ap_memory|                                                    buffer_c1_7|         array|
|buffer_c1_7_ce0        |  out|    1|   ap_memory|                                                    buffer_c1_7|         array|
|buffer_c1_7_q0         |   in|    8|   ap_memory|                                                    buffer_c1_7|         array|
|buffer_c1_8_address0   |  out|    4|   ap_memory|                                                    buffer_c1_8|         array|
|buffer_c1_8_ce0        |  out|    1|   ap_memory|                                                    buffer_c1_8|         array|
|buffer_c1_8_q0         |   in|    8|   ap_memory|                                                    buffer_c1_8|         array|
|buffer_c1_9_address0   |  out|    4|   ap_memory|                                                    buffer_c1_9|         array|
|buffer_c1_9_ce0        |  out|    1|   ap_memory|                                                    buffer_c1_9|         array|
|buffer_c1_9_q0         |   in|    8|   ap_memory|                                                    buffer_c1_9|         array|
|buffer_c1_10_address0  |  out|    4|   ap_memory|                                                   buffer_c1_10|         array|
|buffer_c1_10_ce0       |  out|    1|   ap_memory|                                                   buffer_c1_10|         array|
|buffer_c1_10_q0        |   in|    8|   ap_memory|                                                   buffer_c1_10|         array|
|buffer_c1_11_address0  |  out|    4|   ap_memory|                                                   buffer_c1_11|         array|
|buffer_c1_11_ce0       |  out|    1|   ap_memory|                                                   buffer_c1_11|         array|
|buffer_c1_11_q0        |   in|    8|   ap_memory|                                                   buffer_c1_11|         array|
|buffer_c1_12_address0  |  out|    4|   ap_memory|                                                   buffer_c1_12|         array|
|buffer_c1_12_ce0       |  out|    1|   ap_memory|                                                   buffer_c1_12|         array|
|buffer_c1_12_q0        |   in|    8|   ap_memory|                                                   buffer_c1_12|         array|
|buffer_c1_13_address0  |  out|    4|   ap_memory|                                                   buffer_c1_13|         array|
|buffer_c1_13_ce0       |  out|    1|   ap_memory|                                                   buffer_c1_13|         array|
|buffer_c1_13_q0        |   in|    8|   ap_memory|                                                   buffer_c1_13|         array|
|buffer_c1_14_address0  |  out|    4|   ap_memory|                                                   buffer_c1_14|         array|
|buffer_c1_14_ce0       |  out|    1|   ap_memory|                                                   buffer_c1_14|         array|
|buffer_c1_14_q0        |   in|    8|   ap_memory|                                                   buffer_c1_14|         array|
|buffer_c1_15_address0  |  out|    4|   ap_memory|                                                   buffer_c1_15|         array|
|buffer_c1_15_ce0       |  out|    1|   ap_memory|                                                   buffer_c1_15|         array|
|buffer_c1_15_q0        |   in|    8|   ap_memory|                                                   buffer_c1_15|         array|
|buffer_c1_16_address0  |  out|    4|   ap_memory|                                                   buffer_c1_16|         array|
|buffer_c1_16_ce0       |  out|    1|   ap_memory|                                                   buffer_c1_16|         array|
|buffer_c1_16_q0        |   in|    8|   ap_memory|                                                   buffer_c1_16|         array|
|buffer_c1_17_address0  |  out|    4|   ap_memory|                                                   buffer_c1_17|         array|
|buffer_c1_17_ce0       |  out|    1|   ap_memory|                                                   buffer_c1_17|         array|
|buffer_c1_17_q0        |   in|    8|   ap_memory|                                                   buffer_c1_17|         array|
|buffer_c1_18_address0  |  out|    4|   ap_memory|                                                   buffer_c1_18|         array|
|buffer_c1_18_ce0       |  out|    1|   ap_memory|                                                   buffer_c1_18|         array|
|buffer_c1_18_q0        |   in|    8|   ap_memory|                                                   buffer_c1_18|         array|
|buffer_c1_19_address0  |  out|    4|   ap_memory|                                                   buffer_c1_19|         array|
|buffer_c1_19_ce0       |  out|    1|   ap_memory|                                                   buffer_c1_19|         array|
|buffer_c1_19_q0        |   in|    8|   ap_memory|                                                   buffer_c1_19|         array|
|buffer_c1_20_address0  |  out|    4|   ap_memory|                                                   buffer_c1_20|         array|
|buffer_c1_20_ce0       |  out|    1|   ap_memory|                                                   buffer_c1_20|         array|
|buffer_c1_20_q0        |   in|    8|   ap_memory|                                                   buffer_c1_20|         array|
|buffer_c1_21_address0  |  out|    4|   ap_memory|                                                   buffer_c1_21|         array|
|buffer_c1_21_ce0       |  out|    1|   ap_memory|                                                   buffer_c1_21|         array|
|buffer_c1_21_q0        |   in|    8|   ap_memory|                                                   buffer_c1_21|         array|
|buffer_c1_22_address0  |  out|    4|   ap_memory|                                                   buffer_c1_22|         array|
|buffer_c1_22_ce0       |  out|    1|   ap_memory|                                                   buffer_c1_22|         array|
|buffer_c1_22_q0        |   in|    8|   ap_memory|                                                   buffer_c1_22|         array|
|buffer_c1_23_address0  |  out|    4|   ap_memory|                                                   buffer_c1_23|         array|
|buffer_c1_23_ce0       |  out|    1|   ap_memory|                                                   buffer_c1_23|         array|
|buffer_c1_23_q0        |   in|    8|   ap_memory|                                                   buffer_c1_23|         array|
|buffer_c1_24_address0  |  out|    4|   ap_memory|                                                   buffer_c1_24|         array|
|buffer_c1_24_ce0       |  out|    1|   ap_memory|                                                   buffer_c1_24|         array|
|buffer_c1_24_q0        |   in|    8|   ap_memory|                                                   buffer_c1_24|         array|
|buffer_c1_25_address0  |  out|    4|   ap_memory|                                                   buffer_c1_25|         array|
|buffer_c1_25_ce0       |  out|    1|   ap_memory|                                                   buffer_c1_25|         array|
|buffer_c1_25_q0        |   in|    8|   ap_memory|                                                   buffer_c1_25|         array|
|buffer_c1_26_address0  |  out|    4|   ap_memory|                                                   buffer_c1_26|         array|
|buffer_c1_26_ce0       |  out|    1|   ap_memory|                                                   buffer_c1_26|         array|
|buffer_c1_26_q0        |   in|    8|   ap_memory|                                                   buffer_c1_26|         array|
|buffer_c1_27_address0  |  out|    4|   ap_memory|                                                   buffer_c1_27|         array|
|buffer_c1_27_ce0       |  out|    1|   ap_memory|                                                   buffer_c1_27|         array|
|buffer_c1_27_q0        |   in|    8|   ap_memory|                                                   buffer_c1_27|         array|
|buffer_c1_28_address0  |  out|    4|   ap_memory|                                                   buffer_c1_28|         array|
|buffer_c1_28_ce0       |  out|    1|   ap_memory|                                                   buffer_c1_28|         array|
|buffer_c1_28_q0        |   in|    8|   ap_memory|                                                   buffer_c1_28|         array|
|buffer_c1_29_address0  |  out|    4|   ap_memory|                                                   buffer_c1_29|         array|
|buffer_c1_29_ce0       |  out|    1|   ap_memory|                                                   buffer_c1_29|         array|
|buffer_c1_29_q0        |   in|    8|   ap_memory|                                                   buffer_c1_29|         array|
|buffer_c1_30_address0  |  out|    4|   ap_memory|                                                   buffer_c1_30|         array|
|buffer_c1_30_ce0       |  out|    1|   ap_memory|                                                   buffer_c1_30|         array|
|buffer_c1_30_q0        |   in|    8|   ap_memory|                                                   buffer_c1_30|         array|
|buffer_c1_31_address0  |  out|    4|   ap_memory|                                                   buffer_c1_31|         array|
|buffer_c1_31_ce0       |  out|    1|   ap_memory|                                                   buffer_c1_31|         array|
|buffer_c1_31_q0        |   in|    8|   ap_memory|                                                   buffer_c1_31|         array|
|buffer_c1_32_address0  |  out|    4|   ap_memory|                                                   buffer_c1_32|         array|
|buffer_c1_32_ce0       |  out|    1|   ap_memory|                                                   buffer_c1_32|         array|
|buffer_c1_32_q0        |   in|    8|   ap_memory|                                                   buffer_c1_32|         array|
|buffer_c1_33_address0  |  out|    4|   ap_memory|                                                   buffer_c1_33|         array|
|buffer_c1_33_ce0       |  out|    1|   ap_memory|                                                   buffer_c1_33|         array|
|buffer_c1_33_q0        |   in|    8|   ap_memory|                                                   buffer_c1_33|         array|
|buffer_c1_34_address0  |  out|    4|   ap_memory|                                                   buffer_c1_34|         array|
|buffer_c1_34_ce0       |  out|    1|   ap_memory|                                                   buffer_c1_34|         array|
|buffer_c1_34_q0        |   in|    8|   ap_memory|                                                   buffer_c1_34|         array|
|buffer_c1_35_address0  |  out|    4|   ap_memory|                                                   buffer_c1_35|         array|
|buffer_c1_35_ce0       |  out|    1|   ap_memory|                                                   buffer_c1_35|         array|
|buffer_c1_35_q0        |   in|    8|   ap_memory|                                                   buffer_c1_35|         array|
|buffer_c1_36_address0  |  out|    4|   ap_memory|                                                   buffer_c1_36|         array|
|buffer_c1_36_ce0       |  out|    1|   ap_memory|                                                   buffer_c1_36|         array|
|buffer_c1_36_q0        |   in|    8|   ap_memory|                                                   buffer_c1_36|         array|
|buffer_c1_37_address0  |  out|    4|   ap_memory|                                                   buffer_c1_37|         array|
|buffer_c1_37_ce0       |  out|    1|   ap_memory|                                                   buffer_c1_37|         array|
|buffer_c1_37_q0        |   in|    8|   ap_memory|                                                   buffer_c1_37|         array|
|buffer_c1_38_address0  |  out|    4|   ap_memory|                                                   buffer_c1_38|         array|
|buffer_c1_38_ce0       |  out|    1|   ap_memory|                                                   buffer_c1_38|         array|
|buffer_c1_38_q0        |   in|    8|   ap_memory|                                                   buffer_c1_38|         array|
|buffer_c1_39_address0  |  out|    4|   ap_memory|                                                   buffer_c1_39|         array|
|buffer_c1_39_ce0       |  out|    1|   ap_memory|                                                   buffer_c1_39|         array|
|buffer_c1_39_q0        |   in|    8|   ap_memory|                                                   buffer_c1_39|         array|
|buffer_c2_address0     |  out|    3|   ap_memory|                                                      buffer_c2|         array|
|buffer_c2_ce0          |  out|    1|   ap_memory|                                                      buffer_c2|         array|
|buffer_c2_we0          |  out|    1|   ap_memory|                                                      buffer_c2|         array|
|buffer_c2_d0           |  out|    8|   ap_memory|                                                      buffer_c2|         array|
|buffer_c2_1_address0   |  out|    3|   ap_memory|                                                    buffer_c2_1|         array|
|buffer_c2_1_ce0        |  out|    1|   ap_memory|                                                    buffer_c2_1|         array|
|buffer_c2_1_we0        |  out|    1|   ap_memory|                                                    buffer_c2_1|         array|
|buffer_c2_1_d0         |  out|    8|   ap_memory|                                                    buffer_c2_1|         array|
|buffer_c2_2_address0   |  out|    3|   ap_memory|                                                    buffer_c2_2|         array|
|buffer_c2_2_ce0        |  out|    1|   ap_memory|                                                    buffer_c2_2|         array|
|buffer_c2_2_we0        |  out|    1|   ap_memory|                                                    buffer_c2_2|         array|
|buffer_c2_2_d0         |  out|    8|   ap_memory|                                                    buffer_c2_2|         array|
|buffer_c2_3_address0   |  out|    3|   ap_memory|                                                    buffer_c2_3|         array|
|buffer_c2_3_ce0        |  out|    1|   ap_memory|                                                    buffer_c2_3|         array|
|buffer_c2_3_we0        |  out|    1|   ap_memory|                                                    buffer_c2_3|         array|
|buffer_c2_3_d0         |  out|    8|   ap_memory|                                                    buffer_c2_3|         array|
|buffer_c2_4_address0   |  out|    3|   ap_memory|                                                    buffer_c2_4|         array|
|buffer_c2_4_ce0        |  out|    1|   ap_memory|                                                    buffer_c2_4|         array|
|buffer_c2_4_we0        |  out|    1|   ap_memory|                                                    buffer_c2_4|         array|
|buffer_c2_4_d0         |  out|    8|   ap_memory|                                                    buffer_c2_4|         array|
|buffer_c2_5_address0   |  out|    3|   ap_memory|                                                    buffer_c2_5|         array|
|buffer_c2_5_ce0        |  out|    1|   ap_memory|                                                    buffer_c2_5|         array|
|buffer_c2_5_we0        |  out|    1|   ap_memory|                                                    buffer_c2_5|         array|
|buffer_c2_5_d0         |  out|    8|   ap_memory|                                                    buffer_c2_5|         array|
|buffer_c2_6_address0   |  out|    3|   ap_memory|                                                    buffer_c2_6|         array|
|buffer_c2_6_ce0        |  out|    1|   ap_memory|                                                    buffer_c2_6|         array|
|buffer_c2_6_we0        |  out|    1|   ap_memory|                                                    buffer_c2_6|         array|
|buffer_c2_6_d0         |  out|    8|   ap_memory|                                                    buffer_c2_6|         array|
|buffer_c2_7_address0   |  out|    3|   ap_memory|                                                    buffer_c2_7|         array|
|buffer_c2_7_ce0        |  out|    1|   ap_memory|                                                    buffer_c2_7|         array|
|buffer_c2_7_we0        |  out|    1|   ap_memory|                                                    buffer_c2_7|         array|
|buffer_c2_7_d0         |  out|    8|   ap_memory|                                                    buffer_c2_7|         array|
|buffer_c2_8_address0   |  out|    3|   ap_memory|                                                    buffer_c2_8|         array|
|buffer_c2_8_ce0        |  out|    1|   ap_memory|                                                    buffer_c2_8|         array|
|buffer_c2_8_we0        |  out|    1|   ap_memory|                                                    buffer_c2_8|         array|
|buffer_c2_8_d0         |  out|    8|   ap_memory|                                                    buffer_c2_8|         array|
|buffer_c2_9_address0   |  out|    3|   ap_memory|                                                    buffer_c2_9|         array|
|buffer_c2_9_ce0        |  out|    1|   ap_memory|                                                    buffer_c2_9|         array|
|buffer_c2_9_we0        |  out|    1|   ap_memory|                                                    buffer_c2_9|         array|
|buffer_c2_9_d0         |  out|    8|   ap_memory|                                                    buffer_c2_9|         array|
|buffer_c2_10_address0  |  out|    3|   ap_memory|                                                   buffer_c2_10|         array|
|buffer_c2_10_ce0       |  out|    1|   ap_memory|                                                   buffer_c2_10|         array|
|buffer_c2_10_we0       |  out|    1|   ap_memory|                                                   buffer_c2_10|         array|
|buffer_c2_10_d0        |  out|    8|   ap_memory|                                                   buffer_c2_10|         array|
|buffer_c2_11_address0  |  out|    3|   ap_memory|                                                   buffer_c2_11|         array|
|buffer_c2_11_ce0       |  out|    1|   ap_memory|                                                   buffer_c2_11|         array|
|buffer_c2_11_we0       |  out|    1|   ap_memory|                                                   buffer_c2_11|         array|
|buffer_c2_11_d0        |  out|    8|   ap_memory|                                                   buffer_c2_11|         array|
|buffer_c2_12_address0  |  out|    3|   ap_memory|                                                   buffer_c2_12|         array|
|buffer_c2_12_ce0       |  out|    1|   ap_memory|                                                   buffer_c2_12|         array|
|buffer_c2_12_we0       |  out|    1|   ap_memory|                                                   buffer_c2_12|         array|
|buffer_c2_12_d0        |  out|    8|   ap_memory|                                                   buffer_c2_12|         array|
|buffer_c2_13_address0  |  out|    3|   ap_memory|                                                   buffer_c2_13|         array|
|buffer_c2_13_ce0       |  out|    1|   ap_memory|                                                   buffer_c2_13|         array|
|buffer_c2_13_we0       |  out|    1|   ap_memory|                                                   buffer_c2_13|         array|
|buffer_c2_13_d0        |  out|    8|   ap_memory|                                                   buffer_c2_13|         array|
|buffer_c2_14_address0  |  out|    3|   ap_memory|                                                   buffer_c2_14|         array|
|buffer_c2_14_ce0       |  out|    1|   ap_memory|                                                   buffer_c2_14|         array|
|buffer_c2_14_we0       |  out|    1|   ap_memory|                                                   buffer_c2_14|         array|
|buffer_c2_14_d0        |  out|    8|   ap_memory|                                                   buffer_c2_14|         array|
|buffer_c2_15_address0  |  out|    3|   ap_memory|                                                   buffer_c2_15|         array|
|buffer_c2_15_ce0       |  out|    1|   ap_memory|                                                   buffer_c2_15|         array|
|buffer_c2_15_we0       |  out|    1|   ap_memory|                                                   buffer_c2_15|         array|
|buffer_c2_15_d0        |  out|    8|   ap_memory|                                                   buffer_c2_15|         array|
|buffer_c2_16_address0  |  out|    3|   ap_memory|                                                   buffer_c2_16|         array|
|buffer_c2_16_ce0       |  out|    1|   ap_memory|                                                   buffer_c2_16|         array|
|buffer_c2_16_we0       |  out|    1|   ap_memory|                                                   buffer_c2_16|         array|
|buffer_c2_16_d0        |  out|    8|   ap_memory|                                                   buffer_c2_16|         array|
|buffer_c2_17_address0  |  out|    3|   ap_memory|                                                   buffer_c2_17|         array|
|buffer_c2_17_ce0       |  out|    1|   ap_memory|                                                   buffer_c2_17|         array|
|buffer_c2_17_we0       |  out|    1|   ap_memory|                                                   buffer_c2_17|         array|
|buffer_c2_17_d0        |  out|    8|   ap_memory|                                                   buffer_c2_17|         array|
|buffer_c2_18_address0  |  out|    3|   ap_memory|                                                   buffer_c2_18|         array|
|buffer_c2_18_ce0       |  out|    1|   ap_memory|                                                   buffer_c2_18|         array|
|buffer_c2_18_we0       |  out|    1|   ap_memory|                                                   buffer_c2_18|         array|
|buffer_c2_18_d0        |  out|    8|   ap_memory|                                                   buffer_c2_18|         array|
|buffer_c2_19_address0  |  out|    3|   ap_memory|                                                   buffer_c2_19|         array|
|buffer_c2_19_ce0       |  out|    1|   ap_memory|                                                   buffer_c2_19|         array|
|buffer_c2_19_we0       |  out|    1|   ap_memory|                                                   buffer_c2_19|         array|
|buffer_c2_19_d0        |  out|    8|   ap_memory|                                                   buffer_c2_19|         array|
|buffer_c2_20_address0  |  out|    3|   ap_memory|                                                   buffer_c2_20|         array|
|buffer_c2_20_ce0       |  out|    1|   ap_memory|                                                   buffer_c2_20|         array|
|buffer_c2_20_we0       |  out|    1|   ap_memory|                                                   buffer_c2_20|         array|
|buffer_c2_20_d0        |  out|    8|   ap_memory|                                                   buffer_c2_20|         array|
|buffer_c2_21_address0  |  out|    3|   ap_memory|                                                   buffer_c2_21|         array|
|buffer_c2_21_ce0       |  out|    1|   ap_memory|                                                   buffer_c2_21|         array|
|buffer_c2_21_we0       |  out|    1|   ap_memory|                                                   buffer_c2_21|         array|
|buffer_c2_21_d0        |  out|    8|   ap_memory|                                                   buffer_c2_21|         array|
|buffer_c2_22_address0  |  out|    3|   ap_memory|                                                   buffer_c2_22|         array|
|buffer_c2_22_ce0       |  out|    1|   ap_memory|                                                   buffer_c2_22|         array|
|buffer_c2_22_we0       |  out|    1|   ap_memory|                                                   buffer_c2_22|         array|
|buffer_c2_22_d0        |  out|    8|   ap_memory|                                                   buffer_c2_22|         array|
|buffer_c2_23_address0  |  out|    3|   ap_memory|                                                   buffer_c2_23|         array|
|buffer_c2_23_ce0       |  out|    1|   ap_memory|                                                   buffer_c2_23|         array|
|buffer_c2_23_we0       |  out|    1|   ap_memory|                                                   buffer_c2_23|         array|
|buffer_c2_23_d0        |  out|    8|   ap_memory|                                                   buffer_c2_23|         array|
|buffer_c2_24_address0  |  out|    3|   ap_memory|                                                   buffer_c2_24|         array|
|buffer_c2_24_ce0       |  out|    1|   ap_memory|                                                   buffer_c2_24|         array|
|buffer_c2_24_we0       |  out|    1|   ap_memory|                                                   buffer_c2_24|         array|
|buffer_c2_24_d0        |  out|    8|   ap_memory|                                                   buffer_c2_24|         array|
|buffer_c2_25_address0  |  out|    3|   ap_memory|                                                   buffer_c2_25|         array|
|buffer_c2_25_ce0       |  out|    1|   ap_memory|                                                   buffer_c2_25|         array|
|buffer_c2_25_we0       |  out|    1|   ap_memory|                                                   buffer_c2_25|         array|
|buffer_c2_25_d0        |  out|    8|   ap_memory|                                                   buffer_c2_25|         array|
|buffer_c2_26_address0  |  out|    3|   ap_memory|                                                   buffer_c2_26|         array|
|buffer_c2_26_ce0       |  out|    1|   ap_memory|                                                   buffer_c2_26|         array|
|buffer_c2_26_we0       |  out|    1|   ap_memory|                                                   buffer_c2_26|         array|
|buffer_c2_26_d0        |  out|    8|   ap_memory|                                                   buffer_c2_26|         array|
|buffer_c2_27_address0  |  out|    3|   ap_memory|                                                   buffer_c2_27|         array|
|buffer_c2_27_ce0       |  out|    1|   ap_memory|                                                   buffer_c2_27|         array|
|buffer_c2_27_we0       |  out|    1|   ap_memory|                                                   buffer_c2_27|         array|
|buffer_c2_27_d0        |  out|    8|   ap_memory|                                                   buffer_c2_27|         array|
|buffer_c2_28_address0  |  out|    3|   ap_memory|                                                   buffer_c2_28|         array|
|buffer_c2_28_ce0       |  out|    1|   ap_memory|                                                   buffer_c2_28|         array|
|buffer_c2_28_we0       |  out|    1|   ap_memory|                                                   buffer_c2_28|         array|
|buffer_c2_28_d0        |  out|    8|   ap_memory|                                                   buffer_c2_28|         array|
|buffer_c2_29_address0  |  out|    3|   ap_memory|                                                   buffer_c2_29|         array|
|buffer_c2_29_ce0       |  out|    1|   ap_memory|                                                   buffer_c2_29|         array|
|buffer_c2_29_we0       |  out|    1|   ap_memory|                                                   buffer_c2_29|         array|
|buffer_c2_29_d0        |  out|    8|   ap_memory|                                                   buffer_c2_29|         array|
|buffer_c2_30_address0  |  out|    3|   ap_memory|                                                   buffer_c2_30|         array|
|buffer_c2_30_ce0       |  out|    1|   ap_memory|                                                   buffer_c2_30|         array|
|buffer_c2_30_we0       |  out|    1|   ap_memory|                                                   buffer_c2_30|         array|
|buffer_c2_30_d0        |  out|    8|   ap_memory|                                                   buffer_c2_30|         array|
|buffer_c2_31_address0  |  out|    3|   ap_memory|                                                   buffer_c2_31|         array|
|buffer_c2_31_ce0       |  out|    1|   ap_memory|                                                   buffer_c2_31|         array|
|buffer_c2_31_we0       |  out|    1|   ap_memory|                                                   buffer_c2_31|         array|
|buffer_c2_31_d0        |  out|    8|   ap_memory|                                                   buffer_c2_31|         array|
|buffer_c2_32_address0  |  out|    3|   ap_memory|                                                   buffer_c2_32|         array|
|buffer_c2_32_ce0       |  out|    1|   ap_memory|                                                   buffer_c2_32|         array|
|buffer_c2_32_we0       |  out|    1|   ap_memory|                                                   buffer_c2_32|         array|
|buffer_c2_32_d0        |  out|    8|   ap_memory|                                                   buffer_c2_32|         array|
|buffer_c2_33_address0  |  out|    3|   ap_memory|                                                   buffer_c2_33|         array|
|buffer_c2_33_ce0       |  out|    1|   ap_memory|                                                   buffer_c2_33|         array|
|buffer_c2_33_we0       |  out|    1|   ap_memory|                                                   buffer_c2_33|         array|
|buffer_c2_33_d0        |  out|    8|   ap_memory|                                                   buffer_c2_33|         array|
|buffer_c2_34_address0  |  out|    3|   ap_memory|                                                   buffer_c2_34|         array|
|buffer_c2_34_ce0       |  out|    1|   ap_memory|                                                   buffer_c2_34|         array|
|buffer_c2_34_we0       |  out|    1|   ap_memory|                                                   buffer_c2_34|         array|
|buffer_c2_34_d0        |  out|    8|   ap_memory|                                                   buffer_c2_34|         array|
|buffer_c2_35_address0  |  out|    3|   ap_memory|                                                   buffer_c2_35|         array|
|buffer_c2_35_ce0       |  out|    1|   ap_memory|                                                   buffer_c2_35|         array|
|buffer_c2_35_we0       |  out|    1|   ap_memory|                                                   buffer_c2_35|         array|
|buffer_c2_35_d0        |  out|    8|   ap_memory|                                                   buffer_c2_35|         array|
|buffer_c2_36_address0  |  out|    3|   ap_memory|                                                   buffer_c2_36|         array|
|buffer_c2_36_ce0       |  out|    1|   ap_memory|                                                   buffer_c2_36|         array|
|buffer_c2_36_we0       |  out|    1|   ap_memory|                                                   buffer_c2_36|         array|
|buffer_c2_36_d0        |  out|    8|   ap_memory|                                                   buffer_c2_36|         array|
|buffer_c2_37_address0  |  out|    3|   ap_memory|                                                   buffer_c2_37|         array|
|buffer_c2_37_ce0       |  out|    1|   ap_memory|                                                   buffer_c2_37|         array|
|buffer_c2_37_we0       |  out|    1|   ap_memory|                                                   buffer_c2_37|         array|
|buffer_c2_37_d0        |  out|    8|   ap_memory|                                                   buffer_c2_37|         array|
|buffer_c2_38_address0  |  out|    3|   ap_memory|                                                   buffer_c2_38|         array|
|buffer_c2_38_ce0       |  out|    1|   ap_memory|                                                   buffer_c2_38|         array|
|buffer_c2_38_we0       |  out|    1|   ap_memory|                                                   buffer_c2_38|         array|
|buffer_c2_38_d0        |  out|    8|   ap_memory|                                                   buffer_c2_38|         array|
|buffer_c2_39_address0  |  out|    3|   ap_memory|                                                   buffer_c2_39|         array|
|buffer_c2_39_ce0       |  out|    1|   ap_memory|                                                   buffer_c2_39|         array|
|buffer_c2_39_we0       |  out|    1|   ap_memory|                                                   buffer_c2_39|         array|
|buffer_c2_39_d0        |  out|    8|   ap_memory|                                                   buffer_c2_39|         array|
|buffer_c2_40_address0  |  out|    3|   ap_memory|                                                   buffer_c2_40|         array|
|buffer_c2_40_ce0       |  out|    1|   ap_memory|                                                   buffer_c2_40|         array|
|buffer_c2_40_we0       |  out|    1|   ap_memory|                                                   buffer_c2_40|         array|
|buffer_c2_40_d0        |  out|    8|   ap_memory|                                                   buffer_c2_40|         array|
|buffer_c2_41_address0  |  out|    3|   ap_memory|                                                   buffer_c2_41|         array|
|buffer_c2_41_ce0       |  out|    1|   ap_memory|                                                   buffer_c2_41|         array|
|buffer_c2_41_we0       |  out|    1|   ap_memory|                                                   buffer_c2_41|         array|
|buffer_c2_41_d0        |  out|    8|   ap_memory|                                                   buffer_c2_41|         array|
|buffer_c2_42_address0  |  out|    3|   ap_memory|                                                   buffer_c2_42|         array|
|buffer_c2_42_ce0       |  out|    1|   ap_memory|                                                   buffer_c2_42|         array|
|buffer_c2_42_we0       |  out|    1|   ap_memory|                                                   buffer_c2_42|         array|
|buffer_c2_42_d0        |  out|    8|   ap_memory|                                                   buffer_c2_42|         array|
|buffer_c2_43_address0  |  out|    3|   ap_memory|                                                   buffer_c2_43|         array|
|buffer_c2_43_ce0       |  out|    1|   ap_memory|                                                   buffer_c2_43|         array|
|buffer_c2_43_we0       |  out|    1|   ap_memory|                                                   buffer_c2_43|         array|
|buffer_c2_43_d0        |  out|    8|   ap_memory|                                                   buffer_c2_43|         array|
|buffer_c2_44_address0  |  out|    3|   ap_memory|                                                   buffer_c2_44|         array|
|buffer_c2_44_ce0       |  out|    1|   ap_memory|                                                   buffer_c2_44|         array|
|buffer_c2_44_we0       |  out|    1|   ap_memory|                                                   buffer_c2_44|         array|
|buffer_c2_44_d0        |  out|    8|   ap_memory|                                                   buffer_c2_44|         array|
|buffer_c2_45_address0  |  out|    3|   ap_memory|                                                   buffer_c2_45|         array|
|buffer_c2_45_ce0       |  out|    1|   ap_memory|                                                   buffer_c2_45|         array|
|buffer_c2_45_we0       |  out|    1|   ap_memory|                                                   buffer_c2_45|         array|
|buffer_c2_45_d0        |  out|    8|   ap_memory|                                                   buffer_c2_45|         array|
|buffer_c2_46_address0  |  out|    3|   ap_memory|                                                   buffer_c2_46|         array|
|buffer_c2_46_ce0       |  out|    1|   ap_memory|                                                   buffer_c2_46|         array|
|buffer_c2_46_we0       |  out|    1|   ap_memory|                                                   buffer_c2_46|         array|
|buffer_c2_46_d0        |  out|    8|   ap_memory|                                                   buffer_c2_46|         array|
|buffer_c2_47_address0  |  out|    3|   ap_memory|                                                   buffer_c2_47|         array|
|buffer_c2_47_ce0       |  out|    1|   ap_memory|                                                   buffer_c2_47|         array|
|buffer_c2_47_we0       |  out|    1|   ap_memory|                                                   buffer_c2_47|         array|
|buffer_c2_47_d0        |  out|    8|   ap_memory|                                                   buffer_c2_47|         array|
+-----------------------+-----+-----+------------+---------------------------------------------------------------+--------------+

