

================================================================
== Vitis HLS Report for 'tiny_ecg_inference_Pipeline_VITIS_LOOP_181_17'
================================================================
* Date:           Thu Sep 24 13:05:20 2026

* Version:        2026.1 (Build 6493734 on Jun 16 2026)
* Project:        solution1
* Solution:       hls
* Product family: zynq
* Target device:  xc7z020-clg484-1


================================================================
== Performance Estimates
================================================================
+ Timing: 
    * Summary: 
    +--------+----------+----------+------------+
    |  Clock |  Target  | Estimated| Uncertainty|
    +--------+----------+----------+------------+
    |ap_clk  |  10.00 ns|  7.300 ns|     2.70 ns|
    +--------+----------+----------+------------+

+ Latency: 
    * Summary: 
    +---------+---------+----------+----------+-----+-----+-------------------+
    |  Latency (cycles) |  Latency (absolute) |  Interval |      Pipeline     |
    |   min   |   max   |    min   |    max   | min | max |        Type       |
    +---------+---------+----------+----------+-----+-----+-------------------+
    |       11|       11|  0.110 us|  0.110 us|    0|    0|  loop pipeline stp|
    +---------+---------+----------+----------+-----+-----+-------------------+

    + Detail: 
        * Instance: 
        N/A

        * Loop: 
        +---------------------+---------+---------+----------+-----------+-----------+------+----------+
        |                     |  Latency (cycles) | Iteration|  Initiation Interval  | Trip |          |
        |      Loop Name      |   min   |   max   |  Latency |  achieved |   target  | Count| Pipelined|
        +---------------------+---------+---------+----------+-----------+-----------+------+----------+
        |- VITIS_LOOP_181_17  |        9|        9|         3|          1|          1|     8|       yes|
        +---------------------+---------+---------+----------+-----------+-----------+------+----------+



================================================================
== Utilization Estimates
================================================================
* Summary: 
+-----------------+---------+-----+--------+-------+-----+
|       Name      | BRAM_18K| DSP |   FF   |  LUT  | URAM|
+-----------------+---------+-----+--------+-------+-----+
|DSP              |        -|    -|       -|      -|    -|
|Expression       |        -|    -|       0|     30|    -|
|FIFO             |        -|    -|       -|      -|    -|
|Instance         |        -|    -|       -|      -|    -|
|Memory           |        -|    -|       -|      -|    -|
|Multiplexer      |        -|    -|       0|     45|    -|
|Register         |        -|    -|      17|      -|    -|
+-----------------+---------+-----+--------+-------+-----+
|Total            |        0|    0|      17|     75|    0|
+-----------------+---------+-----+--------+-------+-----+
|Available        |      280|  220|  106400|  53200|    0|
+-----------------+---------+-----+--------+-------+-----+
|Utilization (%)  |        0|    0|      ~0|     ~0|    0|
+-----------------+---------+-----+--------+-------+-----+

+ Detail: 
    * Instance: 
    N/A

    * DSP: 
    N/A

    * Memory: 
    N/A

    * FIFO: 
    N/A

    * Expression: 
    +---------------------------+----------+----+---+----+------------+------------+
    |       Variable Name       | Operation| DSP| FF| LUT| Bitwidth P0| Bitwidth P1|
    +---------------------------+----------+----+---+----+------------+------------+
    |add_ln181_fu_97_p2         |         +|   0|  0|  13|           4|           1|
    |ap_block_pp0_stage0_11001  |       and|   0|  0|   2|           1|           1|
    |icmp_ln181_fu_91_p2        |      icmp|   0|  0|  13|           4|           5|
    |ap_enable_pp0              |       xor|   0|  0|   2|           1|           2|
    +---------------------------+----------+----+---+----+------------+------------+
    |Total                      |          |   0|  0|  30|          10|           9|
    +---------------------------+----------+----+---+----+------------+------------+

    * Multiplexer: 
    +-------------------------+----+-----------+-----+-----------+
    |           Name          | LUT| Input Size| Bits| Total Bits|
    +-------------------------+----+-----------+-----+-----------+
    |DATA_OUT_blk_n_W         |   9|          2|    1|          2|
    |ap_done_int              |   9|          2|    1|          2|
    |ap_enable_reg_pp0_iter1  |   9|          2|    1|          2|
    |ap_sig_allocacmp_i_2     |   9|          2|    4|          8|
    |i_fu_52                  |   9|          2|    4|          8|
    +-------------------------+----+-----------+-----+-----------+
    |Total                    |  45|         10|   11|         22|
    +-------------------------+----+-----------+-----+-----------+

    * Register: 
    +----------------------------------+---+----+-----+-----------+
    |               Name               | FF| LUT| Bits| Const Bits|
    +----------------------------------+---+----+-----+-----------+
    |ap_CS_fsm                         |  1|   0|    1|          0|
    |ap_done_reg                       |  1|   0|    1|          0|
    |ap_enable_reg_pp0_iter1           |  1|   0|    1|          0|
    |ap_enable_reg_pp0_iter2           |  1|   0|    1|          0|
    |ap_loop_exit_ready_pp0_iter1_reg  |  1|   0|    1|          0|
    |i_fu_52                           |  4|   0|    4|          0|
    |local_out_load_reg_140            |  8|   0|    8|          0|
    +----------------------------------+---+----+-----+-----------+
    |Total                             | 17|   0|   17|          0|
    +----------------------------------+---+----+-----+-----------+



================================================================
== Interface
================================================================
* Summary: 
+---------------------------+-----+-----+------------+-----------------------------------------------+--------------+
|         RTL Ports         | Dir | Bits|  Protocol  |                 Source Object                 |    C Type    |
+---------------------------+-----+-----+------------+-----------------------------------------------+--------------+
|ap_clk                     |   in|    1|  ap_ctrl_hs|  tiny_ecg_inference_Pipeline_VITIS_LOOP_181_17|  return value|
|ap_rst                     |   in|    1|  ap_ctrl_hs|  tiny_ecg_inference_Pipeline_VITIS_LOOP_181_17|  return value|
|ap_start                   |   in|    1|  ap_ctrl_hs|  tiny_ecg_inference_Pipeline_VITIS_LOOP_181_17|  return value|
|ap_done                    |  out|    1|  ap_ctrl_hs|  tiny_ecg_inference_Pipeline_VITIS_LOOP_181_17|  return value|
|ap_idle                    |  out|    1|  ap_ctrl_hs|  tiny_ecg_inference_Pipeline_VITIS_LOOP_181_17|  return value|
|ap_ready                   |  out|    1|  ap_ctrl_hs|  tiny_ecg_inference_Pipeline_VITIS_LOOP_181_17|  return value|
|m_axi_DATA_OUT_0_AWVALID   |  out|    1|       m_axi|                                       DATA_OUT|       pointer|
|m_axi_DATA_OUT_0_AWREADY   |   in|    1|       m_axi|                                       DATA_OUT|       pointer|
|m_axi_DATA_OUT_0_AWADDR    |  out|   64|       m_axi|                                       DATA_OUT|       pointer|
|m_axi_DATA_OUT_0_AWID      |  out|    1|       m_axi|                                       DATA_OUT|       pointer|
|m_axi_DATA_OUT_0_AWLEN     |  out|   32|       m_axi|                                       DATA_OUT|       pointer|
|m_axi_DATA_OUT_0_AWSIZE    |  out|    3|       m_axi|                                       DATA_OUT|       pointer|
|m_axi_DATA_OUT_0_AWBURST   |  out|    2|       m_axi|                                       DATA_OUT|       pointer|
|m_axi_DATA_OUT_0_AWLOCK    |  out|    2|       m_axi|                                       DATA_OUT|       pointer|
|m_axi_DATA_OUT_0_AWCACHE   |  out|    4|       m_axi|                                       DATA_OUT|       pointer|
|m_axi_DATA_OUT_0_AWPROT    |  out|    3|       m_axi|                                       DATA_OUT|       pointer|
|m_axi_DATA_OUT_0_AWQOS     |  out|    4|       m_axi|                                       DATA_OUT|       pointer|
|m_axi_DATA_OUT_0_AWREGION  |  out|    4|       m_axi|                                       DATA_OUT|       pointer|
|m_axi_DATA_OUT_0_AWUSER    |  out|    1|       m_axi|                                       DATA_OUT|       pointer|
|m_axi_DATA_OUT_0_WVALID    |  out|    1|       m_axi|                                       DATA_OUT|       pointer|
|m_axi_DATA_OUT_0_WREADY    |   in|    1|       m_axi|                                       DATA_OUT|       pointer|
|m_axi_DATA_OUT_0_WDATA     |  out|    8|       m_axi|                                       DATA_OUT|       pointer|
|m_axi_DATA_OUT_0_WSTRB     |  out|    1|       m_axi|                                       DATA_OUT|       pointer|
|m_axi_DATA_OUT_0_WLAST     |  out|    1|       m_axi|                                       DATA_OUT|       pointer|
|m_axi_DATA_OUT_0_WID       |  out|    1|       m_axi|                                       DATA_OUT|       pointer|
|m_axi_DATA_OUT_0_WUSER     |  out|    1|       m_axi|                                       DATA_OUT|       pointer|
|m_axi_DATA_OUT_0_ARVALID   |  out|    1|       m_axi|                                       DATA_OUT|       pointer|
|m_axi_DATA_OUT_0_ARREADY   |   in|    1|       m_axi|                                       DATA_OUT|       pointer|
|m_axi_DATA_OUT_0_ARADDR    |  out|   64|       m_axi|                                       DATA_OUT|       pointer|
|m_axi_DATA_OUT_0_ARID      |  out|    1|       m_axi|                                       DATA_OUT|       pointer|
|m_axi_DATA_OUT_0_ARLEN     |  out|   32|       m_axi|                                       DATA_OUT|       pointer|
|m_axi_DATA_OUT_0_ARSIZE    |  out|    3|       m_axi|                                       DATA_OUT|       pointer|
|m_axi_DATA_OUT_0_ARBURST   |  out|    2|       m_axi|                                       DATA_OUT|       pointer|
|m_axi_DATA_OUT_0_ARLOCK    |  out|    2|       m_axi|                                       DATA_OUT|       pointer|
|m_axi_DATA_OUT_0_ARCACHE   |  out|    4|       m_axi|                                       DATA_OUT|       pointer|
|m_axi_DATA_OUT_0_ARPROT    |  out|    3|       m_axi|                                       DATA_OUT|       pointer|
|m_axi_DATA_OUT_0_ARQOS     |  out|    4|       m_axi|                                       DATA_OUT|       pointer|
|m_axi_DATA_OUT_0_ARREGION  |  out|    4|       m_axi|                                       DATA_OUT|       pointer|
|m_axi_DATA_OUT_0_ARUSER    |  out|    1|       m_axi|                                       DATA_OUT|       pointer|
|m_axi_DATA_OUT_0_RVALID    |   in|    1|       m_axi|                                       DATA_OUT|       pointer|
|m_axi_DATA_OUT_0_RREADY    |  out|    1|       m_axi|                                       DATA_OUT|       pointer|
|m_axi_DATA_OUT_0_RDATA     |   in|    8|       m_axi|                                       DATA_OUT|       pointer|
|m_axi_DATA_OUT_0_RLAST     |   in|    1|       m_axi|                                       DATA_OUT|       pointer|
|m_axi_DATA_OUT_0_RID       |   in|    1|       m_axi|                                       DATA_OUT|       pointer|
|m_axi_DATA_OUT_0_RFIFONUM  |   in|   11|       m_axi|                                       DATA_OUT|       pointer|
|m_axi_DATA_OUT_0_RUSER     |   in|    1|       m_axi|                                       DATA_OUT|       pointer|
|m_axi_DATA_OUT_0_RRESP     |   in|    2|       m_axi|                                       DATA_OUT|       pointer|
|m_axi_DATA_OUT_0_BVALID    |   in|    1|       m_axi|                                       DATA_OUT|       pointer|
|m_axi_DATA_OUT_0_BREADY    |  out|    1|       m_axi|                                       DATA_OUT|       pointer|
|m_axi_DATA_OUT_0_BRESP     |   in|    2|       m_axi|                                       DATA_OUT|       pointer|
|m_axi_DATA_OUT_0_BID       |   in|    1|       m_axi|                                       DATA_OUT|       pointer|
|m_axi_DATA_OUT_0_BUSER     |   in|    1|       m_axi|                                       DATA_OUT|       pointer|
|output_logits              |   in|   64|     ap_none|                                  output_logits|        scalar|
|local_out_address0         |  out|    3|   ap_memory|                                      local_out|         array|
|local_out_ce0              |  out|    1|   ap_memory|                                      local_out|         array|
|local_out_q0               |   in|    8|   ap_memory|                                      local_out|         array|
+---------------------------+-----+-----+------------+-----------------------------------------------+--------------+

