

================================================================
== Vitis HLS Report for 'tiny_ecg_inference_Pipeline_6'
================================================================
* Date:           Tue Sep 22 23:12:09 2026

* Version:        2026.1 (Build 6493734 on Jun 16 2026)
* Project:        solution1
* Solution:       hls
* Product family: zynq
* Target device:  xc7z020-clg484-1


================================================================
== Performance Estimates
================================================================
+ Timing: 
    * Summary: 
    +--------+----------+----------+------------+
    |  Clock |  Target  | Estimated| Uncertainty|
    +--------+----------+----------+------------+
    |ap_clk  |  10.00 ns|  5.645 ns|     2.70 ns|
    +--------+----------+----------+------------+

+ Latency: 
    * Summary: 
    +---------+---------+----------+----------+-----+-----+-------------------+
    |  Latency (cycles) |  Latency (absolute) |  Interval |      Pipeline     |
    |   min   |   max   |    min   |    max   | min | max |        Type       |
    +---------+---------+----------+----------+-----+-----+-------------------+
    |       10|       10|  0.100 us|  0.100 us|    0|    0|  loop pipeline stp|
    +---------+---------+----------+----------+-----+-----+-------------------+

    + Detail: 
        * Instance: 
        N/A

        * Loop: 
        +----------+---------+---------+----------+-----------+-----------+------+----------+
        |          |  Latency (cycles) | Iteration|  Initiation Interval  | Trip |          |
        | Loop Name|   min   |   max   |  Latency |  achieved |   target  | Count| Pipelined|
        +----------+---------+---------+----------+-----------+-----------+------+----------+
        |- Loop 1  |        8|        8|         1|          1|        N/A|     8|       yes|
        +----------+---------+---------+----------+-----------+-----------+------+----------+



================================================================
== Utilization Estimates
================================================================
* Summary: 
+-----------------+---------+-----+--------+-------+-----+
|       Name      | BRAM_18K| DSP |   FF   |  LUT  | URAM|
+-----------------+---------+-----+--------+-------+-----+
|DSP              |        -|    -|       -|      -|    -|
|Expression       |        -|    -|       0|     26|    -|
|FIFO             |        -|    -|       -|      -|    -|
|Instance         |        -|    -|       -|      -|    -|
|Memory           |        -|    -|       -|      -|    -|
|Multiplexer      |        -|    -|       0|     27|    -|
|Register         |        -|    -|       6|      -|    -|
+-----------------+---------+-----+--------+-------+-----+
|Total            |        0|    0|       6|     53|    0|
+-----------------+---------+-----+--------+-------+-----+
|Available        |      280|  220|  106400|  53200|    0|
+-----------------+---------+-----+--------+-------+-----+
|Utilization (%)  |        0|    0|      ~0|     ~0|    0|
+-----------------+---------+-----+--------+-------+-----+

+ Detail: 
    * Instance: 
    N/A

    * DSP: 
    N/A

    * Memory: 
    N/A

    * FIFO: 
    N/A

    * Expression: 
    +------------------------+----------+----+---+----+------------+------------+
    |      Variable Name     | Operation| DSP| FF| LUT| Bitwidth P0| Bitwidth P1|
    +------------------------+----------+----+---+----+------------+------------+
    |empty_32_fu_58_p2       |         +|   0|  0|  13|           4|           1|
    |exitcond48521_fu_52_p2  |      icmp|   0|  0|  13|           4|           5|
    +------------------------+----------+----+---+----+------------+------------+
    |Total                   |          |   0|  0|  26|           8|           6|
    +------------------------+----------+----+---+----+------------+------------+

    * Multiplexer: 
    +-------------------------+----+-----------+-----+-----------+
    |           Name          | LUT| Input Size| Bits| Total Bits|
    +-------------------------+----+-----------+-----+-----------+
    |ap_done_int              |   9|          2|    1|          2|
    |ap_sig_allocacmp_p_load  |   9|          2|    4|          8|
    |empty_fu_26              |   9|          2|    4|          8|
    +-------------------------+----+-----------+-----+-----------+
    |Total                    |  27|          6|    9|         18|
    +-------------------------+----+-----------+-----+-----------+

    * Register: 
    +-------------+---+----+-----+-----------+
    |     Name    | FF| LUT| Bits| Const Bits|
    +-------------+---+----+-----+-----------+
    |ap_CS_fsm    |  1|   0|    1|          0|
    |ap_done_reg  |  1|   0|    1|          0|
    |empty_fu_26  |  4|   0|    4|          0|
    +-------------+---+----+-----+-----------+
    |Total        |  6|   0|    6|          0|
    +-------------+---+----+-----+-----------+



================================================================
== Interface
================================================================
* Summary: 
+--------------------+-----+-----+------------+-------------------------------+--------------+
|      RTL Ports     | Dir | Bits|  Protocol  |         Source Object         |    C Type    |
+--------------------+-----+-----+------------+-------------------------------+--------------+
|ap_clk              |   in|    1|  ap_ctrl_hs|  tiny_ecg_inference_Pipeline_6|  return value|
|ap_rst              |   in|    1|  ap_ctrl_hs|  tiny_ecg_inference_Pipeline_6|  return value|
|ap_start            |   in|    1|  ap_ctrl_hs|  tiny_ecg_inference_Pipeline_6|  return value|
|ap_done             |  out|    1|  ap_ctrl_hs|  tiny_ecg_inference_Pipeline_6|  return value|
|ap_idle             |  out|    1|  ap_ctrl_hs|  tiny_ecg_inference_Pipeline_6|  return value|
|ap_ready            |  out|    1|  ap_ctrl_hs|  tiny_ecg_inference_Pipeline_6|  return value|
|local_out_address0  |  out|    3|   ap_memory|                      local_out|         array|
|local_out_ce0       |  out|    1|   ap_memory|                      local_out|         array|
|local_out_we0       |  out|    1|   ap_memory|                      local_out|         array|
|local_out_d0        |  out|    8|   ap_memory|                      local_out|         array|
+--------------------+-----+-----+------------+-------------------------------+--------------+

