

================================================================
== Vitis HLS Report for 'relu_i8'
================================================================
* Date:           Sun Aug 30 00:11:00 2026

* Version:        2026.1 (Build 6493734 on Jun 16 2026)
* Project:        Cardiac_1D_CNN_HLS
* Solution:       solution1 (Vivado IP Flow Target)
* Product family: zynq
* Target device:  xc7z020-clg400-1


================================================================
== Performance Estimates
================================================================
+ Timing: 
    * Summary: 
    +--------+----------+----------+------------+
    |  Clock |  Target  | Estimated| Uncertainty|
    +--------+----------+----------+------------+
    |ap_clk  |  10.00 ns|  2.805 ns|     2.70 ns|
    +--------+----------+----------+------------+

+ Latency: 
    * Summary: 
    +---------+---------+----------+----------+-----+-----+---------+
    |  Latency (cycles) |  Latency (absolute) |  Interval | Pipeline|
    |   min   |   max   |    min   |    max   | min | max |   Type  |
    +---------+---------+----------+----------+-----+-----+---------+
    |        0|        0|      0 ns|      0 ns|    1|    1|      yes|
    +---------+---------+----------+----------+-----+-----+---------+

    + Detail: 
        * Instance: 
        N/A

        * Loop: 
        N/A



================================================================
== Utilization Estimates
================================================================
* Summary: 
+-----------------+---------+-----+--------+-------+-----+
|       Name      | BRAM_18K| DSP |   FF   |  LUT  | URAM|
+-----------------+---------+-----+--------+-------+-----+
|DSP              |        -|    -|       -|      -|    -|
|Expression       |        -|    -|       0|     30|    -|
|FIFO             |        -|    -|       -|      -|    -|
|Instance         |        -|    -|       -|      -|    -|
|Memory           |        -|    -|       -|      -|    -|
|Multiplexer      |        -|    -|       -|      -|    -|
|Register         |        -|    -|       -|      -|    -|
+-----------------+---------+-----+--------+-------+-----+
|Total            |        0|    0|       0|     30|    0|
+-----------------+---------+-----+--------+-------+-----+
|Available        |      280|  220|  106400|  53200|    0|
+-----------------+---------+-----+--------+-------+-----+
|Utilization (%)  |        0|    0|       0|     ~0|    0|
+-----------------+---------+-----+--------+-------+-----+

+ Detail: 
    * Instance: 
    N/A

    * DSP: 
    N/A

    * Memory: 
    N/A

    * FIFO: 
    N/A

    * Expression: 
    +------------------------+----------+----+---+----+------------+------------+
    |      Variable Name     | Operation| DSP| FF| LUT| Bitwidth P0| Bitwidth P1|
    +------------------------+----------+----+---+----+------------+------------+
    |icmp_ln5_fu_44_p2       |      icmp|   0|  0|  17|          14|           1|
    |or_ln11_fu_68_p2        |        or|   0|  0|   2|           1|           1|
    |ap_return               |    select|   0|  0|   7|           1|           7|
    |select_ln11_1_fu_60_p3  |    select|   0|  0|   2|           1|           2|
    |xor_ln11_fu_54_p2       |       xor|   0|  0|   2|           1|           2|
    +------------------------+----------+----+---+----+------------+------------+
    |Total                   |          |   0|  0|  30|          18|          13|
    +------------------------+----------+----+---+----+------------+------------+

    * Multiplexer: 
    N/A

    * Register: 
    N/A



================================================================
== Interface
================================================================
* Summary: 
+-----------+-----+-----+------------+--------------+--------------+
| RTL Ports | Dir | Bits|  Protocol  | Source Object|    C Type    |
+-----------+-----+-----+------------+--------------+--------------+
|ap_ready   |  out|    1|  ap_ctrl_hs|       relu_i8|  return value|
|ap_return  |  out|    7|  ap_ctrl_hs|       relu_i8|  return value|
|ap_rst     |   in|    1|  ap_ctrl_hs|       relu_i8|  return value|
|value_r    |   in|   21|     ap_none|       value_r|        scalar|
+-----------+-----+-----+------------+--------------+--------------+

============================================================
+ Verbose Summary: Synthesis Manager
============================================================
InlineROM: 1
ExposeGlobal: 0
============================================================
+ Verbose Summary: CDFG Model
============================================================
IsTopModel: 0
ResetActiveHigh: 1
IsCombinational: 1
IsDatapathOnly: 2
HasWiredReturn: 1
HasMFsm: 2
HasVarLatency: 0
IsPipeline: 1
IsRtlPipelined: 0
IsInstanceOverlapped: 0
IsDontTouch: 0
HasImplIP: 0
IsGatedGlobalClock: 0

+ Individual pipeline summary: 
  * Pipeline-0: initiation interval (II) = 1, depth = 1


============================================================
+ Verbose Summary: Schedule
============================================================
* Number of FSM states : 1
* Pipeline : 1
  Pipeline-0 : II = 1, D = 1, States = { 1 }
* Dataflow Pipeline: 0

* FSM state transitions: 
1 --> 

* FSM state operations: 

State 1 <SV = 0> <Delay = 2.80>
ST_1 : Operation 2 [1/1] (0.00ns)   --->   "%value_read = read i21 @_ssdm_op_Read.ap_auto.i21, i21 %value_r" [cnn_hls.cpp:10]   --->   Operation 2 'read' 'value_read' <Predicate = true> <Delay = 0.00>
ST_1 : Operation 3 [1/1] (0.00ns)   --->   "%tmp = bitselect i1 @_ssdm_op_BitSelect.i1.i21.i32, i21 %value_read, i32 20" [cnn_hls.cpp:11]   --->   Operation 3 'bitselect' 'tmp' <Predicate = true> <Delay = 0.00>
ST_1 : Operation 4 [1/1] (0.00ns)   --->   "%tmp_11 = partselect i14 @_ssdm_op_PartSelect.i14.i21.i32.i32, i21 %value_read, i32 7, i32 20" [cnn_hls.cpp:5->cnn_hls.cpp:12]   --->   Operation 4 'partselect' 'tmp_11' <Predicate = true> <Delay = 0.00>
ST_1 : Operation 5 [1/1] (1.81ns)   --->   "%icmp_ln5 = icmp_sgt  i14 %tmp_11, i14 0" [cnn_hls.cpp:5->cnn_hls.cpp:12]   --->   Operation 5 'icmp' 'icmp_ln5' <Predicate = true> <Delay = 1.81> <CoreInst = "Cmp">   --->   Core 9 'Cmp' <Latency = 0> <II = 1> <Delay = 1.81> <FuncUnit> <Opcode : 'seteq' 'setne' 'setle' 'setge' 'setlt' 'setgt'> <InPorts = 2> <OutPorts = 1>
ST_1 : Operation 6 [1/1] (0.00ns) (grouped into LUT with out node select_ln11)   --->   "%trunc_ln7 = trunc i21 %value_read" [cnn_hls.cpp:7->cnn_hls.cpp:12]   --->   Operation 6 'trunc' 'trunc_ln7' <Predicate = (!or_ln11)> <Delay = 0.00>
ST_1 : Operation 7 [1/1] (0.00ns) (grouped into LUT with out node select_ln11)   --->   "%xor_ln11 = xor i1 %tmp, i1 1" [cnn_hls.cpp:11]   --->   Operation 7 'xor' 'xor_ln11' <Predicate = (or_ln11)> <Delay = 0.00> <CoreInst = "LogicGate">   --->   Core 74 'LogicGate' <Latency = 0> <II = 1> <Delay = 0.97> <FuncUnit> <Opcode : 'and' 'or' 'xor'> <InPorts = 2> <OutPorts = 1>
ST_1 : Operation 8 [1/1] (0.00ns) (grouped into LUT with out node select_ln11)   --->   "%select_ln11_1 = select i1 %xor_ln11, i7 127, i7 0" [cnn_hls.cpp:11]   --->   Operation 8 'select' 'select_ln11_1' <Predicate = (or_ln11)> <Delay = 0.00> <CoreInst = "Sel">   --->   Core 73 'Sel' <Latency = 0> <II = 1> <Delay = 0.99> <FuncUnit> <Opcode : 'select'> <InPorts = 3> <OutPorts = 1>
ST_1 : Operation 9 [1/1] (0.00ns) (grouped into LUT with out node select_ln11)   --->   "%or_ln11 = or i1 %tmp, i1 %icmp_ln5" [cnn_hls.cpp:11]   --->   Operation 9 'or' 'or_ln11' <Predicate = true> <Delay = 0.00> <CoreInst = "LogicGate">   --->   Core 74 'LogicGate' <Latency = 0> <II = 1> <Delay = 0.97> <FuncUnit> <Opcode : 'and' 'or' 'xor'> <InPorts = 2> <OutPorts = 1>
ST_1 : Operation 10 [1/1] (0.99ns) (out node of the LUT)   --->   "%select_ln11 = select i1 %or_ln11, i7 %select_ln11_1, i7 %trunc_ln7" [cnn_hls.cpp:11]   --->   Operation 10 'select' 'select_ln11' <Predicate = true> <Delay = 0.99> <CoreInst = "Sel">   --->   Core 73 'Sel' <Latency = 0> <II = 1> <Delay = 0.99> <FuncUnit> <Opcode : 'select'> <InPorts = 3> <OutPorts = 1>
ST_1 : Operation 11 [1/1] (0.00ns)   --->   "%ret_ln13 = ret i7 %select_ln11" [cnn_hls.cpp:13]   --->   Operation 11 'ret' 'ret_ln13' <Predicate = true> <Delay = 0.00>


============================================================
+ Verbose Summary: Binding
============================================================
STG Binding: 
---------------- STG Properties BEGIN ----------------
- Is combinational: 1
- Is one-state seq: 0
- Is datapath-only: 0
- Is pipelined: 1
- Is top level: 0
Port [ Return ] is wired: 1; IO mode=ap_ctrl_hs:ce=0
Port [ value_r]:  wired=1; compound=0; hidden=0; nouse=0; global=0; static=0; extern=0; dir=0; type=0; pingpong=0; private_global=0; IO mode=ap_none:ce=0
---------------- STG Properties END ------------------

---------------- Datapath Model BEGIN ----------------

<LifeTime>
<method=bitvector/>
value_read    (read      ) [ 00]
tmp           (bitselect ) [ 00]
tmp_11        (partselect) [ 00]
icmp_ln5      (icmp      ) [ 00]
trunc_ln7     (trunc     ) [ 00]
xor_ln11      (xor       ) [ 00]
select_ln11_1 (select    ) [ 00]
or_ln11       (or        ) [ 01]
select_ln11   (select    ) [ 00]
ret_ln13      (ret       ) [ 00]
</LifeTime>

<model>

<comp_list>
<comp id="0" class="1000" name="value_r">
<pin_list>
<pin id="1" dir="1" index="0" bw="1" slack="0"/>
</pin_list>
<bind>
<StgValue><ssdm name="value_r"/></StgValue>
</bind>
</comp>

<comp id="2" class="1001" name="const_2">
<pin_list>
<pin id="3" dir="1" index="0" bw="1" slack="0"/>
</pin_list>
<bind>
<StgValue><ssdm name="_ssdm_op_Read.ap_auto.i21"/></StgValue>
</bind>
</comp>

<comp id="4" class="1001" name="const_4">
<pin_list>
<pin id="5" dir="1" index="0" bw="1" slack="0"/>
</pin_list>
<bind>
<StgValue><ssdm name="_ssdm_op_BitSelect.i1.i21.i32"/></StgValue>
</bind>
</comp>

<comp id="6" class="1001" name="const_6">
<pin_list>
<pin id="7" dir="1" index="0" bw="1" slack="0"/>
</pin_list>
<bind>
<StgValue><ssdm name=""/></StgValue>
</bind>
</comp>

<comp id="8" class="1001" name="const_8">
<pin_list>
<pin id="9" dir="1" index="0" bw="1" slack="0"/>
</pin_list>
<bind>
<StgValue><ssdm name="_ssdm_op_PartSelect.i14.i21.i32.i32"/></StgValue>
</bind>
</comp>

<comp id="10" class="1001" name="const_10">
<pin_list>
<pin id="11" dir="1" index="0" bw="1" slack="0"/>
</pin_list>
<bind>
<StgValue><ssdm name=""/></StgValue>
</bind>
</comp>

<comp id="12" class="1001" name="const_12">
<pin_list>
<pin id="13" dir="1" index="0" bw="1" slack="0"/>
</pin_list>
<bind>
<StgValue><ssdm name=""/></StgValue>
</bind>
</comp>

<comp id="14" class="1001" name="const_14">
<pin_list>
<pin id="15" dir="1" index="0" bw="1" slack="0"/>
</pin_list>
<bind>
<StgValue><ssdm name=""/></StgValue>
</bind>
</comp>

<comp id="16" class="1001" name="const_16">
<pin_list>
<pin id="17" dir="1" index="0" bw="1" slack="0"/>
</pin_list>
<bind>
<StgValue><ssdm name=""/></StgValue>
</bind>
</comp>

<comp id="18" class="1001" name="const_18">
<pin_list>
<pin id="19" dir="1" index="0" bw="1" slack="0"/>
</pin_list>
<bind>
<StgValue><ssdm name=""/></StgValue>
</bind>
</comp>

<comp id="20" class="1004" name="value_read_read_fu_20">
<pin_list>
<pin id="21" dir="0" index="0" bw="21" slack="0"/>
<pin id="22" dir="0" index="1" bw="21" slack="0"/>
<pin id="23" dir="1" index="2" bw="21" slack="0"/>
</pin_list>
<bind>
<opcode="read(1150) " fcode="read"/>
<opset="value_read/1 "/>
</bind>
</comp>

<comp id="26" class="1004" name="tmp_fu_26">
<pin_list>
<pin id="27" dir="0" index="0" bw="1" slack="0"/>
<pin id="28" dir="0" index="1" bw="21" slack="0"/>
<pin id="29" dir="0" index="2" bw="6" slack="0"/>
<pin id="30" dir="1" index="3" bw="1" slack="0"/>
</pin_list>
<bind>
<opcode="bitselect(1000) " fcode="bitselect"/>
<opset="tmp/1 "/>
</bind>
</comp>

<comp id="34" class="1004" name="tmp_11_fu_34">
<pin_list>
<pin id="35" dir="0" index="0" bw="14" slack="0"/>
<pin id="36" dir="0" index="1" bw="21" slack="0"/>
<pin id="37" dir="0" index="2" bw="4" slack="0"/>
<pin id="38" dir="0" index="3" bw="6" slack="0"/>
<pin id="39" dir="1" index="4" bw="14" slack="0"/>
</pin_list>
<bind>
<opcode="partselect(1002) " fcode="partselect"/>
<opset="tmp_11/1 "/>
</bind>
</comp>

<comp id="44" class="1004" name="icmp_ln5_fu_44">
<pin_list>
<pin id="45" dir="0" index="0" bw="14" slack="0"/>
<pin id="46" dir="0" index="1" bw="14" slack="0"/>
<pin id="47" dir="1" index="2" bw="1" slack="0"/>
</pin_list>
<bind>
<opcode="icmp(45) " fcode="icmp"/>
<opset="icmp_ln5/1 "/>
</bind>
</comp>

<comp id="50" class="1004" name="trunc_ln7_fu_50">
<pin_list>
<pin id="51" dir="0" index="0" bw="21" slack="0"/>
<pin id="52" dir="1" index="1" bw="7" slack="0"/>
</pin_list>
<bind>
<opcode="trunc(33) " fcode="trunc"/>
<opset="trunc_ln7/1 "/>
</bind>
</comp>

<comp id="54" class="1004" name="xor_ln11_fu_54">
<pin_list>
<pin id="55" dir="0" index="0" bw="1" slack="0"/>
<pin id="56" dir="0" index="1" bw="1" slack="0"/>
<pin id="57" dir="1" index="2" bw="1" slack="0"/>
</pin_list>
<bind>
<opcode="xor(25) " fcode="xor"/>
<opset="xor_ln11/1 "/>
</bind>
</comp>

<comp id="60" class="1004" name="select_ln11_1_fu_60">
<pin_list>
<pin id="61" dir="0" index="0" bw="1" slack="0"/>
<pin id="62" dir="0" index="1" bw="7" slack="0"/>
<pin id="63" dir="0" index="2" bw="7" slack="0"/>
<pin id="64" dir="1" index="3" bw="7" slack="0"/>
</pin_list>
<bind>
<opcode="select(49) " fcode="select"/>
<opset="select_ln11_1/1 "/>
</bind>
</comp>

<comp id="68" class="1004" name="or_ln11_fu_68">
<pin_list>
<pin id="69" dir="0" index="0" bw="1" slack="0"/>
<pin id="70" dir="0" index="1" bw="1" slack="0"/>
<pin id="71" dir="1" index="2" bw="1" slack="0"/>
</pin_list>
<bind>
<opcode="or(24) " fcode="or"/>
<opset="or_ln11/1 "/>
</bind>
</comp>

<comp id="74" class="1004" name="select_ln11_fu_74">
<pin_list>
<pin id="75" dir="0" index="0" bw="1" slack="0"/>
<pin id="76" dir="0" index="1" bw="7" slack="0"/>
<pin id="77" dir="0" index="2" bw="7" slack="0"/>
<pin id="78" dir="1" index="3" bw="7" slack="2147483647"/>
</pin_list>
<bind>
<opcode="select(49) " fcode="select"/>
<opset="select_ln11/1 "/>
</bind>
</comp>

</comp_list>

<net_list>
<net id="24"><net_src comp="2" pin="0"/><net_sink comp="20" pin=0"/></net>

<net id="25"><net_src comp="0" pin="0"/><net_sink comp="20" pin=1"/></net>

<net id="31"><net_src comp="4" pin="0"/><net_sink comp="26" pin=0"/></net>

<net id="32"><net_src comp="20" pin="2"/><net_sink comp="26" pin=1"/></net>

<net id="33"><net_src comp="6" pin="0"/><net_sink comp="26" pin=2"/></net>

<net id="40"><net_src comp="8" pin="0"/><net_sink comp="34" pin=0"/></net>

<net id="41"><net_src comp="20" pin="2"/><net_sink comp="34" pin=1"/></net>

<net id="42"><net_src comp="10" pin="0"/><net_sink comp="34" pin=2"/></net>

<net id="43"><net_src comp="6" pin="0"/><net_sink comp="34" pin=3"/></net>

<net id="48"><net_src comp="34" pin="4"/><net_sink comp="44" pin=0"/></net>

<net id="49"><net_src comp="12" pin="0"/><net_sink comp="44" pin=1"/></net>

<net id="53"><net_src comp="20" pin="2"/><net_sink comp="50" pin=0"/></net>

<net id="58"><net_src comp="26" pin="3"/><net_sink comp="54" pin=0"/></net>

<net id="59"><net_src comp="14" pin="0"/><net_sink comp="54" pin=1"/></net>

<net id="65"><net_src comp="54" pin="2"/><net_sink comp="60" pin=0"/></net>

<net id="66"><net_src comp="16" pin="0"/><net_sink comp="60" pin=1"/></net>

<net id="67"><net_src comp="18" pin="0"/><net_sink comp="60" pin=2"/></net>

<net id="72"><net_src comp="26" pin="3"/><net_sink comp="68" pin=0"/></net>

<net id="73"><net_src comp="44" pin="2"/><net_sink comp="68" pin=1"/></net>

<net id="79"><net_src comp="68" pin="2"/><net_sink comp="74" pin=0"/></net>

<net id="80"><net_src comp="60" pin="3"/><net_sink comp="74" pin=1"/></net>

<net id="81"><net_src comp="50" pin="1"/><net_sink comp="74" pin=2"/></net>

</net_list>

</model> 
---------------- Datapath Model END ------------------

* FSMD analyzer results:
  - Output states:
 - Input state : 
	Port: relu_i8 : value_r | {1 }
  - Chain level:
	State 1
		icmp_ln5 : 1
		xor_ln11 : 1
		select_ln11_1 : 1
		or_ln11 : 2
		select_ln11 : 2
		ret_ln13 : 3


============================================================
+ Verbose Summary: Datapath Resource usage 
============================================================

* Functional unit list:
|----------|-----------------------|---------|---------|
| Operation|    Functional Unit    |    FF   |   LUT   |
|----------|-----------------------|---------|---------|
|   icmp   |     icmp_ln5_fu_44    |    0    |    17   |
|----------|-----------------------|---------|---------|
|  select  |  select_ln11_1_fu_60  |    0    |    7    |
|          |   select_ln11_fu_74   |    0    |    7    |
|----------|-----------------------|---------|---------|
|    xor   |     xor_ln11_fu_54    |    0    |    2    |
|----------|-----------------------|---------|---------|
|    or    |     or_ln11_fu_68     |    0    |    2    |
|----------|-----------------------|---------|---------|
|   read   | value_read_read_fu_20 |    0    |    0    |
|----------|-----------------------|---------|---------|
| bitselect|       tmp_fu_26       |    0    |    0    |
|----------|-----------------------|---------|---------|
|partselect|      tmp_11_fu_34     |    0    |    0    |
|----------|-----------------------|---------|---------|
|   trunc  |    trunc_ln7_fu_50    |    0    |    0    |
|----------|-----------------------|---------|---------|
|   Total  |                       |    0    |    35   |
|----------|-----------------------|---------|---------|

Memories:
N/A

* Register list:
N/A

* Multiplexer (MUX) list: 
|--------|------|------|------|--------|
|  Comp  |  Pin | Size |  BW  | S x BW |
|--------|------|------|------|--------|
|  Total |      |      |      |    0   |
|--------|------|------|------|--------|



* Summary:
+-----------+--------+--------+
|           |   FF   |   LUT  |
+-----------+--------+--------+
|  Function |    0   |   35   |
|   Memory  |    -   |    -   |
|Multiplexer|    -   |    -   |
|  Register |    -   |    -   |
+-----------+--------+--------+
|   Total   |    0   |   35   |
+-----------+--------+--------+
