

================================================================
== Vitis HLS Report for 'tiny_ecg_inference_Pipeline_VITIS_LOOP_116_12_VITIS_LOOP_117_13'
================================================================
* Date:           Sun Aug 30 00:11:08 2026

* Version:        2026.1 (Build 6493734 on Jun 16 2026)
* Project:        Cardiac_1D_CNN_HLS
* Solution:       solution1 (Vivado IP Flow Target)
* Product family: zynq
* Target device:  xc7z020-clg400-1


================================================================
== Performance Estimates
================================================================
+ Timing: 
    * Summary: 
    +--------+----------+----------+------------+
    |  Clock |  Target  | Estimated| Uncertainty|
    +--------+----------+----------+------------+
    |ap_clk  |  10.00 ns|  7.184 ns|     2.70 ns|
    +--------+----------+----------+------------+

+ Latency: 
    * Summary: 
    +---------+---------+----------+----------+-----+-----+-------------------+
    |  Latency (cycles) |  Latency (absolute) |  Interval |      Pipeline     |
    |   min   |   max   |    min   |    max   | min | max |        Type       |
    +---------+---------+----------+----------+-----+-----+-------------------+
    |      196|      196|  1.960 us|  1.960 us|    0|    0|  loop pipeline stp|
    +---------+---------+----------+----------+-----+-----+-------------------+

    + Detail: 
        * Instance: 
        N/A

        * Loop: 
        +---------------------------------------+---------+---------+----------+-----------+-----------+------+----------+
        |                                       |  Latency (cycles) | Iteration|  Initiation Interval  | Trip |          |
        |               Loop Name               |   min   |   max   |  Latency |  achieved |   target  | Count| Pipelined|
        +---------------------------------------+---------+---------+----------+-----------+-----------+------+----------+
        |- VITIS_LOOP_116_12_VITIS_LOOP_117_13  |      194|      194|         4|          1|          1|   192|       yes|
        +---------------------------------------+---------+---------+----------+-----------+-----------+------+----------+



================================================================
== Utilization Estimates
================================================================
* Summary: 
+-----------------+---------+-----+--------+-------+-----+
|       Name      | BRAM_18K| DSP |   FF   |  LUT  | URAM|
+-----------------+---------+-----+--------+-------+-----+
|DSP              |        -|    -|       -|      -|    -|
|Expression       |        -|    -|       0|     93|    -|
|FIFO             |        -|    -|       -|      -|    -|
|Instance         |        -|    -|       0|     65|    -|
|Memory           |        -|    -|       -|      -|    -|
|Multiplexer      |        -|    -|       0|     54|    -|
|Register         |        -|    -|      51|      -|    -|
+-----------------+---------+-----+--------+-------+-----+
|Total            |        0|    0|      51|    212|    0|
+-----------------+---------+-----+--------+-------+-----+
|Available        |      280|  220|  106400|  53200|    0|
+-----------------+---------+-----+--------+-------+-----+
|Utilization (%)  |        0|    0|      ~0|     ~0|    0|
+-----------------+---------+-----+--------+-------+-----+

+ Detail: 
    * Instance: 
    +----------------------------+----------------------+---------+----+---+----+-----+
    |          Instance          |        Module        | BRAM_18K| DSP| FF| LUT| URAM|
    +----------------------------+----------------------+---------+----+---+----+-----+
    |sparsemux_25_4_7_1_1_U3272  |sparsemux_25_4_7_1_1  |        0|   0|  0|  65|    0|
    +----------------------------+----------------------+---------+----+---+----+-----+
    |Total                       |                      |        0|   0|  0|  65|    0|
    +----------------------------+----------------------+---------+----+---+----+-----+

    * DSP: 
    N/A

    * Memory: 
    N/A

    * FIFO: 
    N/A

    * Expression: 
    +------------------------+----------+----+---+----+------------+------------+
    |      Variable Name     | Operation| DSP| FF| LUT| Bitwidth P0| Bitwidth P1|
    +------------------------+----------+----+---+----+------------+------------+
    |add_ln116_1_fu_336_p2   |         +|   0|  0|  13|           5|           5|
    |add_ln116_fu_297_p2     |         +|   0|  0|  15|           8|           1|
    |add_ln117_fu_398_p2     |         +|   0|  0|  13|           4|           1|
    |add_ln119_fu_392_p2     |         +|   0|  0|   8|           8|           8|
    |sub_ln119_fu_382_p2     |         -|   0|  0|   8|           8|           8|
    |icmp_ln116_fu_291_p2    |      icmp|   0|  0|  15|           8|           8|
    |icmp_ln117_fu_314_p2    |      icmp|   0|  0|  13|           4|           4|
    |empty_fu_328_p3         |    select|   0|  0|   2|           1|           1|
    |select_ln116_fu_320_p3  |    select|   0|  0|   4|           1|           1|
    |ap_enable_pp0           |       xor|   0|  0|   2|           1|           2|
    +------------------------+----------+----+---+----+------------+------------+
    |Total                   |          |   0|  0|  93|          48|          39|
    +------------------------+----------+----+---+----+------------+------------+

    * Multiplexer: 
    +--------------------------------------+----+-----------+-----+-----------+
    |                 Name                 | LUT| Input Size| Bits| Total Bits|
    +--------------------------------------+----+-----------+-----+-----------+
    |ap_done_int                           |   9|          2|    1|          2|
    |ap_enable_reg_pp0_iter1               |   9|          2|    1|          2|
    |ap_sig_allocacmp_indvar_flatten_load  |   9|          2|    8|         16|
    |i_fu_96                               |   9|          2|    5|         10|
    |indvar_flatten_fu_100                 |   9|          2|    8|         16|
    |j_fu_92                               |   9|          2|    4|          8|
    +--------------------------------------+----+-----------+-----+-----------+
    |Total                                 |  54|         12|   27|         54|
    +--------------------------------------+----+-----------+-----+-----------+

    * Register: 
    +----------------------------------+---+----+-----+-----------+
    |               Name               | FF| LUT| Bits| Const Bits|
    +----------------------------------+---+----+-----+-----------+
    |add_ln119_reg_563                 |  8|   0|    8|          0|
    |add_ln119_reg_563_pp0_iter2_reg   |  8|   0|    8|          0|
    |ap_CS_fsm                         |  1|   0|    1|          0|
    |ap_done_reg                       |  1|   0|    1|          0|
    |ap_enable_reg_pp0_iter1           |  1|   0|    1|          0|
    |ap_enable_reg_pp0_iter2           |  1|   0|    1|          0|
    |ap_enable_reg_pp0_iter3           |  1|   0|    1|          0|
    |ap_loop_exit_ready_pp0_iter1_reg  |  1|   0|    1|          0|
    |ap_loop_exit_ready_pp0_iter2_reg  |  1|   0|    1|          0|
    |i_fu_96                           |  5|   0|    5|          0|
    |indvar_flatten_fu_100             |  8|   0|    8|          0|
    |j_fu_92                           |  4|   0|    4|          0|
    |select_ln116_reg_498              |  4|   0|    4|          0|
    |tmp_s_reg_568                     |  7|   0|    7|          0|
    +----------------------------------+---+----+-----+-----------+
    |Total                             | 51|   0|   51|          0|
    +----------------------------------+---+----+-----+-----------+



================================================================
== Interface
================================================================
* Summary: 
+-----------------------+-----+-----+------------+-----------------------------------------------------------------+--------------+
|       RTL Ports       | Dir | Bits|  Protocol  |                          Source Object                          |    C Type    |
+-----------------------+-----+-----+------------+-----------------------------------------------------------------+--------------+
|ap_clk                 |   in|    1|  ap_ctrl_hs|  tiny_ecg_inference_Pipeline_VITIS_LOOP_116_12_VITIS_LOOP_117_13|  return value|
|ap_rst                 |   in|    1|  ap_ctrl_hs|  tiny_ecg_inference_Pipeline_VITIS_LOOP_116_12_VITIS_LOOP_117_13|  return value|
|ap_start               |   in|    1|  ap_ctrl_hs|  tiny_ecg_inference_Pipeline_VITIS_LOOP_116_12_VITIS_LOOP_117_13|  return value|
|ap_done                |  out|    1|  ap_ctrl_hs|  tiny_ecg_inference_Pipeline_VITIS_LOOP_116_12_VITIS_LOOP_117_13|  return value|
|ap_idle                |  out|    1|  ap_ctrl_hs|  tiny_ecg_inference_Pipeline_VITIS_LOOP_116_12_VITIS_LOOP_117_13|  return value|
|ap_ready               |  out|    1|  ap_ctrl_hs|  tiny_ecg_inference_Pipeline_VITIS_LOOP_116_12_VITIS_LOOP_117_13|  return value|
|buffer_c3_address0     |  out|    4|   ap_memory|                                                        buffer_c3|         array|
|buffer_c3_ce0          |  out|    1|   ap_memory|                                                        buffer_c3|         array|
|buffer_c3_q0           |   in|    7|   ap_memory|                                                        buffer_c3|         array|
|buffer_c3_1_address0   |  out|    4|   ap_memory|                                                      buffer_c3_1|         array|
|buffer_c3_1_ce0        |  out|    1|   ap_memory|                                                      buffer_c3_1|         array|
|buffer_c3_1_q0         |   in|    7|   ap_memory|                                                      buffer_c3_1|         array|
|buffer_c3_2_address0   |  out|    4|   ap_memory|                                                      buffer_c3_2|         array|
|buffer_c3_2_ce0        |  out|    1|   ap_memory|                                                      buffer_c3_2|         array|
|buffer_c3_2_q0         |   in|    7|   ap_memory|                                                      buffer_c3_2|         array|
|buffer_c3_3_address0   |  out|    4|   ap_memory|                                                      buffer_c3_3|         array|
|buffer_c3_3_ce0        |  out|    1|   ap_memory|                                                      buffer_c3_3|         array|
|buffer_c3_3_q0         |   in|    7|   ap_memory|                                                      buffer_c3_3|         array|
|buffer_c3_4_address0   |  out|    4|   ap_memory|                                                      buffer_c3_4|         array|
|buffer_c3_4_ce0        |  out|    1|   ap_memory|                                                      buffer_c3_4|         array|
|buffer_c3_4_q0         |   in|    7|   ap_memory|                                                      buffer_c3_4|         array|
|buffer_c3_5_address0   |  out|    4|   ap_memory|                                                      buffer_c3_5|         array|
|buffer_c3_5_ce0        |  out|    1|   ap_memory|                                                      buffer_c3_5|         array|
|buffer_c3_5_q0         |   in|    7|   ap_memory|                                                      buffer_c3_5|         array|
|buffer_c3_6_address0   |  out|    4|   ap_memory|                                                      buffer_c3_6|         array|
|buffer_c3_6_ce0        |  out|    1|   ap_memory|                                                      buffer_c3_6|         array|
|buffer_c3_6_q0         |   in|    7|   ap_memory|                                                      buffer_c3_6|         array|
|buffer_c3_7_address0   |  out|    4|   ap_memory|                                                      buffer_c3_7|         array|
|buffer_c3_7_ce0        |  out|    1|   ap_memory|                                                      buffer_c3_7|         array|
|buffer_c3_7_q0         |   in|    7|   ap_memory|                                                      buffer_c3_7|         array|
|buffer_c3_8_address0   |  out|    4|   ap_memory|                                                      buffer_c3_8|         array|
|buffer_c3_8_ce0        |  out|    1|   ap_memory|                                                      buffer_c3_8|         array|
|buffer_c3_8_q0         |   in|    7|   ap_memory|                                                      buffer_c3_8|         array|
|buffer_c3_9_address0   |  out|    4|   ap_memory|                                                      buffer_c3_9|         array|
|buffer_c3_9_ce0        |  out|    1|   ap_memory|                                                      buffer_c3_9|         array|
|buffer_c3_9_q0         |   in|    7|   ap_memory|                                                      buffer_c3_9|         array|
|buffer_c3_10_address0  |  out|    4|   ap_memory|                                                     buffer_c3_10|         array|
|buffer_c3_10_ce0       |  out|    1|   ap_memory|                                                     buffer_c3_10|         array|
|buffer_c3_10_q0        |   in|    7|   ap_memory|                                                     buffer_c3_10|         array|
|buffer_c3_11_address0  |  out|    4|   ap_memory|                                                     buffer_c3_11|         array|
|buffer_c3_11_ce0       |  out|    1|   ap_memory|                                                     buffer_c3_11|         array|
|buffer_c3_11_q0        |   in|    7|   ap_memory|                                                     buffer_c3_11|         array|
|flatten_address0       |  out|    8|   ap_memory|                                                          flatten|         array|
|flatten_ce0            |  out|    1|   ap_memory|                                                          flatten|         array|
|flatten_we0            |  out|    1|   ap_memory|                                                          flatten|         array|
|flatten_d0             |  out|    7|   ap_memory|                                                          flatten|         array|
+-----------------------+-----+-----+------------+-----------------------------------------------------------------+--------------+

============================================================
+ Verbose Summary: Synthesis Manager
============================================================
InlineROM: 1
ExposeGlobal: 0
============================================================
+ Verbose Summary: CDFG Model
============================================================
IsTopModel: 0
ResetActiveHigh: 1
IsCombinational: 2
IsDatapathOnly: 2
HasWiredReturn: 1
HasMFsm: 2
HasVarLatency: 1
IsPipeline: 0
IsRtlPipelined: 0
IsInstanceOverlapped: 0
IsDontTouch: 0
HasImplIP: 0
IsGatedGlobalClock: 0

+ Individual pipeline summary: 
  * Pipeline-0: initiation interval (II) = 1, depth = 4


============================================================
+ Verbose Summary: Schedule
============================================================
* Number of FSM states : 4
* Pipeline : 1
  Pipeline-0 : II = 1, D = 4, States = { 1 2 3 4 }
* Dataflow Pipeline: 0

* FSM state transitions: 
1 --> 2 
2 --> 3 
3 --> 4 
4 --> 

* FSM state operations: 

State 1 <SV = 0> <Delay = 5.09>
ST_1 : Operation 7 [1/1] (0.00ns)   --->   "%j = alloca i32 1" [cnn_hls.cpp:117]   --->   Operation 7 'alloca' 'j' <Predicate = true> <Delay = 0.00>
ST_1 : Operation 8 [1/1] (0.00ns)   --->   "%i = alloca i32 1" [cnn_hls.cpp:116]   --->   Operation 8 'alloca' 'i' <Predicate = true> <Delay = 0.00>
ST_1 : Operation 9 [1/1] (0.00ns)   --->   "%indvar_flatten = alloca i32 1"   --->   Operation 9 'alloca' 'indvar_flatten' <Predicate = true> <Delay = 0.00>
ST_1 : Operation 10 [1/1] (1.58ns)   --->   "%store_ln0 = store i8 0, i8 %indvar_flatten"   --->   Operation 10 'store' 'store_ln0' <Predicate = true> <Delay = 1.58>
ST_1 : Operation 11 [1/1] (1.58ns)   --->   "%store_ln116 = store i5 0, i5 %i" [cnn_hls.cpp:116]   --->   Operation 11 'store' 'store_ln116' <Predicate = true> <Delay = 1.58>
ST_1 : Operation 12 [1/1] (1.58ns)   --->   "%store_ln117 = store i4 0, i4 %j" [cnn_hls.cpp:117]   --->   Operation 12 'store' 'store_ln117' <Predicate = true> <Delay = 1.58>
ST_1 : Operation 13 [1/1] (0.00ns)   --->   "%br_ln0 = br void %for.inc173"   --->   Operation 13 'br' 'br_ln0' <Predicate = true> <Delay = 0.00>
ST_1 : Operation 14 [1/1] (0.00ns)   --->   "%indvar_flatten_load = load i8 %indvar_flatten" [cnn_hls.cpp:116]   --->   Operation 14 'load' 'indvar_flatten_load' <Predicate = true> <Delay = 0.00>
ST_1 : Operation 15 [1/1] (1.91ns)   --->   "%icmp_ln116 = icmp_eq  i8 %indvar_flatten_load, i8 192" [cnn_hls.cpp:116]   --->   Operation 15 'icmp' 'icmp_ln116' <Predicate = true> <Delay = 1.91> <CoreInst = "Cmp">   --->   Core 9 'Cmp' <Latency = 0> <II = 1> <Delay = 1.91> <FuncUnit> <Opcode : 'seteq' 'setne' 'setle' 'setge' 'setlt' 'setgt'> <InPorts = 2> <OutPorts = 1>
ST_1 : Operation 16 [1/1] (1.91ns)   --->   "%add_ln116 = add i8 %indvar_flatten_load, i8 1" [cnn_hls.cpp:116]   --->   Operation 16 'add' 'add_ln116' <Predicate = true> <Delay = 1.91> <CoreInst = "Adder">   --->   Core 1 'Adder' <Latency = 0> <II = 1> <Delay = 1.91> <FuncUnit> <Opcode : 'add' 'sub'> <InPorts = 2> <OutPorts = 1>
ST_1 : Operation 17 [1/1] (0.00ns)   --->   "%br_ln116 = br i1 %icmp_ln116, void %for.inc176, void %VITIS_LOOP_126_14.exitStub" [cnn_hls.cpp:116]   --->   Operation 17 'br' 'br_ln116' <Predicate = true> <Delay = 0.00>
ST_1 : Operation 18 [1/1] (1.58ns)   --->   "%store_ln116 = store i8 %add_ln116, i8 %indvar_flatten" [cnn_hls.cpp:116]   --->   Operation 18 'store' 'store_ln116' <Predicate = (!icmp_ln116)> <Delay = 1.58>

State 2 <SV = 1> <Delay = 7.18>
ST_2 : Operation 19 [1/1] (0.00ns)   --->   "%j_load = load i4 %j" [cnn_hls.cpp:117]   --->   Operation 19 'load' 'j_load' <Predicate = true> <Delay = 0.00>
ST_2 : Operation 20 [1/1] (0.00ns)   --->   "%i_load = load i5 %i" [cnn_hls.cpp:116]   --->   Operation 20 'load' 'i_load' <Predicate = true> <Delay = 0.00>
ST_2 : Operation 21 [1/1] (1.73ns)   --->   "%icmp_ln117 = icmp_eq  i4 %j_load, i4 12" [cnn_hls.cpp:117]   --->   Operation 21 'icmp' 'icmp_ln117' <Predicate = true> <Delay = 1.73> <CoreInst = "Cmp">   --->   Core 9 'Cmp' <Latency = 0> <II = 1> <Delay = 1.73> <FuncUnit> <Opcode : 'seteq' 'setne' 'setle' 'setge' 'setlt' 'setgt'> <InPorts = 2> <OutPorts = 1>
ST_2 : Operation 22 [1/1] (1.02ns)   --->   "%select_ln116 = select i1 %icmp_ln117, i4 0, i4 %j_load" [cnn_hls.cpp:116]   --->   Operation 22 'select' 'select_ln116' <Predicate = true> <Delay = 1.02> <CoreInst = "Sel">   --->   Core 73 'Sel' <Latency = 0> <II = 1> <Delay = 1.02> <FuncUnit> <Opcode : 'select'> <InPorts = 3> <OutPorts = 1>
ST_2 : Operation 23 [1/1] (0.00ns) (grouped into LUT with out node add_ln116_1)   --->   "%empty = select i1 %icmp_ln117, i5 1, i5 0" [cnn_hls.cpp:117]   --->   Operation 23 'select' 'empty' <Predicate = true> <Delay = 0.00> <CoreInst = "Sel">   --->   Core 73 'Sel' <Latency = 0> <II = 1> <Delay = 0.99> <FuncUnit> <Opcode : 'select'> <InPorts = 3> <OutPorts = 1>
ST_2 : Operation 24 [1/1] (1.78ns) (out node of the LUT)   --->   "%add_ln116_1 = add i5 %i_load, i5 %empty" [cnn_hls.cpp:116]   --->   Operation 24 'add' 'add_ln116_1' <Predicate = true> <Delay = 1.78> <CoreInst = "Adder">   --->   Core 1 'Adder' <Latency = 0> <II = 1> <Delay = 1.78> <FuncUnit> <Opcode : 'add' 'sub'> <InPorts = 2> <OutPorts = 1>
ST_2 : Operation 25 [1/1] (0.00ns)   --->   "%zext_ln116 = zext i5 %add_ln116_1" [cnn_hls.cpp:116]   --->   Operation 25 'zext' 'zext_ln116' <Predicate = true> <Delay = 0.00>
ST_2 : Operation 26 [1/1] (0.00ns)   --->   "%trunc_ln119 = trunc i5 %add_ln116_1" [cnn_hls.cpp:119]   --->   Operation 26 'trunc' 'trunc_ln119' <Predicate = true> <Delay = 0.00>
ST_2 : Operation 27 [1/1] (0.00ns)   --->   "%p_shl = bitconcatenate i8 @_ssdm_op_BitConcatenate.i8.i4.i4, i4 %trunc_ln119, i4 0" [cnn_hls.cpp:119]   --->   Operation 27 'bitconcatenate' 'p_shl' <Predicate = true> <Delay = 0.00>
ST_2 : Operation 28 [1/1] (0.00ns)   --->   "%tmp = bitconcatenate i7 @_ssdm_op_BitConcatenate.i7.i5.i2, i5 %add_ln116_1, i2 0" [cnn_hls.cpp:119]   --->   Operation 28 'bitconcatenate' 'tmp' <Predicate = true> <Delay = 0.00>
ST_2 : Operation 29 [1/1] (0.00ns)   --->   "%zext_ln119 = zext i7 %tmp" [cnn_hls.cpp:119]   --->   Operation 29 'zext' 'zext_ln119' <Predicate = true> <Delay = 0.00>
ST_2 : Operation 30 [1/1] (0.00ns) (grouped into TernaryAdder)   --->   "%sub_ln119 = sub i8 %p_shl, i8 %zext_ln119" [cnn_hls.cpp:119]   --->   Operation 30 'sub' 'sub_ln119' <Predicate = true> <Delay = 0.00> <CoreInst = "TAddSub">   --->   Core 10 'TAddSub' <Latency = 0> <II = 1> <Delay = 1.83> <IPBlock> <Opcode : 'add' 'sub'> <InPorts = 3> <OutPorts = 1> <Sync> <CReg>
ST_2 : Operation 31 [1/1] (0.00ns)   --->   "%buffer_c3_addr = getelementptr i7 %buffer_c3, i64 0, i64 %zext_ln116" [cnn_hls.cpp:119]   --->   Operation 31 'getelementptr' 'buffer_c3_addr' <Predicate = true> <Delay = 0.00>
ST_2 : Operation 32 [1/1] (0.00ns)   --->   "%buffer_c3_1_addr = getelementptr i7 %buffer_c3_1, i64 0, i64 %zext_ln116" [cnn_hls.cpp:119]   --->   Operation 32 'getelementptr' 'buffer_c3_1_addr' <Predicate = true> <Delay = 0.00>
ST_2 : Operation 33 [1/1] (0.00ns)   --->   "%buffer_c3_2_addr = getelementptr i7 %buffer_c3_2, i64 0, i64 %zext_ln116" [cnn_hls.cpp:119]   --->   Operation 33 'getelementptr' 'buffer_c3_2_addr' <Predicate = true> <Delay = 0.00>
ST_2 : Operation 34 [1/1] (0.00ns)   --->   "%buffer_c3_3_addr = getelementptr i7 %buffer_c3_3, i64 0, i64 %zext_ln116" [cnn_hls.cpp:119]   --->   Operation 34 'getelementptr' 'buffer_c3_3_addr' <Predicate = true> <Delay = 0.00>
ST_2 : Operation 35 [1/1] (0.00ns)   --->   "%buffer_c3_4_addr = getelementptr i7 %buffer_c3_4, i64 0, i64 %zext_ln116" [cnn_hls.cpp:119]   --->   Operation 35 'getelementptr' 'buffer_c3_4_addr' <Predicate = true> <Delay = 0.00>
ST_2 : Operation 36 [1/1] (0.00ns)   --->   "%buffer_c3_5_addr = getelementptr i7 %buffer_c3_5, i64 0, i64 %zext_ln116" [cnn_hls.cpp:119]   --->   Operation 36 'getelementptr' 'buffer_c3_5_addr' <Predicate = true> <Delay = 0.00>
ST_2 : Operation 37 [1/1] (0.00ns)   --->   "%buffer_c3_6_addr = getelementptr i7 %buffer_c3_6, i64 0, i64 %zext_ln116" [cnn_hls.cpp:119]   --->   Operation 37 'getelementptr' 'buffer_c3_6_addr' <Predicate = true> <Delay = 0.00>
ST_2 : Operation 38 [1/1] (0.00ns)   --->   "%buffer_c3_7_addr = getelementptr i7 %buffer_c3_7, i64 0, i64 %zext_ln116" [cnn_hls.cpp:119]   --->   Operation 38 'getelementptr' 'buffer_c3_7_addr' <Predicate = true> <Delay = 0.00>
ST_2 : Operation 39 [1/1] (0.00ns)   --->   "%buffer_c3_8_addr = getelementptr i7 %buffer_c3_8, i64 0, i64 %zext_ln116" [cnn_hls.cpp:119]   --->   Operation 39 'getelementptr' 'buffer_c3_8_addr' <Predicate = true> <Delay = 0.00>
ST_2 : Operation 40 [1/1] (0.00ns)   --->   "%buffer_c3_9_addr = getelementptr i7 %buffer_c3_9, i64 0, i64 %zext_ln116" [cnn_hls.cpp:119]   --->   Operation 40 'getelementptr' 'buffer_c3_9_addr' <Predicate = true> <Delay = 0.00>
ST_2 : Operation 41 [1/1] (0.00ns)   --->   "%buffer_c3_10_addr = getelementptr i7 %buffer_c3_10, i64 0, i64 %zext_ln116" [cnn_hls.cpp:119]   --->   Operation 41 'getelementptr' 'buffer_c3_10_addr' <Predicate = true> <Delay = 0.00>
ST_2 : Operation 42 [1/1] (0.00ns)   --->   "%buffer_c3_11_addr = getelementptr i7 %buffer_c3_11, i64 0, i64 %zext_ln116" [cnn_hls.cpp:119]   --->   Operation 42 'getelementptr' 'buffer_c3_11_addr' <Predicate = true> <Delay = 0.00>
ST_2 : Operation 43 [2/2] (2.32ns)   --->   "%buffer_c3_load = load i4 %buffer_c3_addr" [cnn_hls.cpp:119]   --->   Operation 43 'load' 'buffer_c3_load' <Predicate = true> <Delay = 2.32> <CoreInst = "RAM">   --->   Core 81 'RAM' <Latency = 1> <II = 1> <Delay = 2.32> <Storage> <Opcode : 'load' 'store'> <Ports = 2> <Width = 7> <Depth = 16> <RAM>
ST_2 : Operation 44 [2/2] (2.32ns)   --->   "%buffer_c3_1_load = load i4 %buffer_c3_1_addr" [cnn_hls.cpp:119]   --->   Operation 44 'load' 'buffer_c3_1_load' <Predicate = true> <Delay = 2.32> <CoreInst = "RAM">   --->   Core 81 'RAM' <Latency = 1> <II = 1> <Delay = 2.32> <Storage> <Opcode : 'load' 'store'> <Ports = 2> <Width = 7> <Depth = 16> <RAM>
ST_2 : Operation 45 [2/2] (2.32ns)   --->   "%buffer_c3_2_load = load i4 %buffer_c3_2_addr" [cnn_hls.cpp:119]   --->   Operation 45 'load' 'buffer_c3_2_load' <Predicate = true> <Delay = 2.32> <CoreInst = "RAM">   --->   Core 81 'RAM' <Latency = 1> <II = 1> <Delay = 2.32> <Storage> <Opcode : 'load' 'store'> <Ports = 2> <Width = 7> <Depth = 16> <RAM>
ST_2 : Operation 46 [2/2] (2.32ns)   --->   "%buffer_c3_3_load = load i4 %buffer_c3_3_addr" [cnn_hls.cpp:119]   --->   Operation 46 'load' 'buffer_c3_3_load' <Predicate = true> <Delay = 2.32> <CoreInst = "RAM">   --->   Core 81 'RAM' <Latency = 1> <II = 1> <Delay = 2.32> <Storage> <Opcode : 'load' 'store'> <Ports = 2> <Width = 7> <Depth = 16> <RAM>
ST_2 : Operation 47 [2/2] (2.32ns)   --->   "%buffer_c3_4_load = load i4 %buffer_c3_4_addr" [cnn_hls.cpp:119]   --->   Operation 47 'load' 'buffer_c3_4_load' <Predicate = true> <Delay = 2.32> <CoreInst = "RAM">   --->   Core 81 'RAM' <Latency = 1> <II = 1> <Delay = 2.32> <Storage> <Opcode : 'load' 'store'> <Ports = 2> <Width = 7> <Depth = 16> <RAM>
ST_2 : Operation 48 [2/2] (2.32ns)   --->   "%buffer_c3_5_load = load i4 %buffer_c3_5_addr" [cnn_hls.cpp:119]   --->   Operation 48 'load' 'buffer_c3_5_load' <Predicate = true> <Delay = 2.32> <CoreInst = "RAM">   --->   Core 81 'RAM' <Latency = 1> <II = 1> <Delay = 2.32> <Storage> <Opcode : 'load' 'store'> <Ports = 2> <Width = 7> <Depth = 16> <RAM>
ST_2 : Operation 49 [2/2] (2.32ns)   --->   "%buffer_c3_6_load = load i4 %buffer_c3_6_addr" [cnn_hls.cpp:119]   --->   Operation 49 'load' 'buffer_c3_6_load' <Predicate = true> <Delay = 2.32> <CoreInst = "RAM">   --->   Core 81 'RAM' <Latency = 1> <II = 1> <Delay = 2.32> <Storage> <Opcode : 'load' 'store'> <Ports = 2> <Width = 7> <Depth = 16> <RAM>
ST_2 : Operation 50 [2/2] (2.32ns)   --->   "%buffer_c3_7_load = load i4 %buffer_c3_7_addr" [cnn_hls.cpp:119]   --->   Operation 50 'load' 'buffer_c3_7_load' <Predicate = true> <Delay = 2.32> <CoreInst = "RAM">   --->   Core 81 'RAM' <Latency = 1> <II = 1> <Delay = 2.32> <Storage> <Opcode : 'load' 'store'> <Ports = 2> <Width = 7> <Depth = 16> <RAM>
ST_2 : Operation 51 [2/2] (2.32ns)   --->   "%buffer_c3_8_load = load i4 %buffer_c3_8_addr" [cnn_hls.cpp:119]   --->   Operation 51 'load' 'buffer_c3_8_load' <Predicate = true> <Delay = 2.32> <CoreInst = "RAM">   --->   Core 81 'RAM' <Latency = 1> <II = 1> <Delay = 2.32> <Storage> <Opcode : 'load' 'store'> <Ports = 2> <Width = 7> <Depth = 16> <RAM>
ST_2 : Operation 52 [2/2] (2.32ns)   --->   "%buffer_c3_9_load = load i4 %buffer_c3_9_addr" [cnn_hls.cpp:119]   --->   Operation 52 'load' 'buffer_c3_9_load' <Predicate = true> <Delay = 2.32> <CoreInst = "RAM">   --->   Core 81 'RAM' <Latency = 1> <II = 1> <Delay = 2.32> <Storage> <Opcode : 'load' 'store'> <Ports = 2> <Width = 7> <Depth = 16> <RAM>
ST_2 : Operation 53 [2/2] (2.32ns)   --->   "%buffer_c3_10_load = load i4 %buffer_c3_10_addr" [cnn_hls.cpp:119]   --->   Operation 53 'load' 'buffer_c3_10_load' <Predicate = true> <Delay = 2.32> <CoreInst = "RAM">   --->   Core 81 'RAM' <Latency = 1> <II = 1> <Delay = 2.32> <Storage> <Opcode : 'load' 'store'> <Ports = 2> <Width = 7> <Depth = 16> <RAM>
ST_2 : Operation 54 [2/2] (2.32ns)   --->   "%buffer_c3_11_load = load i4 %buffer_c3_11_addr" [cnn_hls.cpp:119]   --->   Operation 54 'load' 'buffer_c3_11_load' <Predicate = true> <Delay = 2.32> <CoreInst = "RAM">   --->   Core 81 'RAM' <Latency = 1> <II = 1> <Delay = 2.32> <Storage> <Opcode : 'load' 'store'> <Ports = 2> <Width = 7> <Depth = 16> <RAM>
ST_2 : Operation 55 [1/1] (0.00ns)   --->   "%zext_ln117 = zext i4 %select_ln116" [cnn_hls.cpp:117]   --->   Operation 55 'zext' 'zext_ln117' <Predicate = true> <Delay = 0.00>
ST_2 : Operation 56 [1/1] (3.66ns) (root node of TernaryAdder)   --->   "%add_ln119 = add i8 %zext_ln117, i8 %sub_ln119" [cnn_hls.cpp:119]   --->   Operation 56 'add' 'add_ln119' <Predicate = true> <Delay = 3.66> <CoreInst = "TAddSub">   --->   Core 10 'TAddSub' <Latency = 0> <II = 1> <Delay = 1.83> <IPBlock> <Opcode : 'add' 'sub'> <InPorts = 3> <OutPorts = 1> <Sync> <CReg>
ST_2 : Operation 57 [1/1] (1.73ns)   --->   "%add_ln117 = add i4 %select_ln116, i4 1" [cnn_hls.cpp:117]   --->   Operation 57 'add' 'add_ln117' <Predicate = true> <Delay = 1.73> <CoreInst = "Adder">   --->   Core 1 'Adder' <Latency = 0> <II = 1> <Delay = 1.73> <FuncUnit> <Opcode : 'add' 'sub'> <InPorts = 2> <OutPorts = 1>
ST_2 : Operation 58 [1/1] (1.58ns)   --->   "%store_ln116 = store i5 %add_ln116_1, i5 %i" [cnn_hls.cpp:116]   --->   Operation 58 'store' 'store_ln116' <Predicate = true> <Delay = 1.58>
ST_2 : Operation 59 [1/1] (1.58ns)   --->   "%store_ln117 = store i4 %add_ln117, i4 %j" [cnn_hls.cpp:117]   --->   Operation 59 'store' 'store_ln117' <Predicate = true> <Delay = 1.58>

State 3 <SV = 2> <Delay = 5.10>
ST_3 : Operation 60 [1/2] ( I:2.32ns O:2.32ns )   --->   "%buffer_c3_load = load i4 %buffer_c3_addr" [cnn_hls.cpp:119]   --->   Operation 60 'load' 'buffer_c3_load' <Predicate = true> <Delay = 2.32> <CoreInst = "RAM">   --->   Core 81 'RAM' <Latency = 1> <II = 1> <Delay = 2.32> <Storage> <Opcode : 'load' 'store'> <Ports = 2> <Width = 7> <Depth = 16> <RAM>
ST_3 : Operation 61 [1/2] ( I:2.32ns O:2.32ns )   --->   "%buffer_c3_1_load = load i4 %buffer_c3_1_addr" [cnn_hls.cpp:119]   --->   Operation 61 'load' 'buffer_c3_1_load' <Predicate = true> <Delay = 2.32> <CoreInst = "RAM">   --->   Core 81 'RAM' <Latency = 1> <II = 1> <Delay = 2.32> <Storage> <Opcode : 'load' 'store'> <Ports = 2> <Width = 7> <Depth = 16> <RAM>
ST_3 : Operation 62 [1/2] ( I:2.32ns O:2.32ns )   --->   "%buffer_c3_2_load = load i4 %buffer_c3_2_addr" [cnn_hls.cpp:119]   --->   Operation 62 'load' 'buffer_c3_2_load' <Predicate = true> <Delay = 2.32> <CoreInst = "RAM">   --->   Core 81 'RAM' <Latency = 1> <II = 1> <Delay = 2.32> <Storage> <Opcode : 'load' 'store'> <Ports = 2> <Width = 7> <Depth = 16> <RAM>
ST_3 : Operation 63 [1/2] ( I:2.32ns O:2.32ns )   --->   "%buffer_c3_3_load = load i4 %buffer_c3_3_addr" [cnn_hls.cpp:119]   --->   Operation 63 'load' 'buffer_c3_3_load' <Predicate = true> <Delay = 2.32> <CoreInst = "RAM">   --->   Core 81 'RAM' <Latency = 1> <II = 1> <Delay = 2.32> <Storage> <Opcode : 'load' 'store'> <Ports = 2> <Width = 7> <Depth = 16> <RAM>
ST_3 : Operation 64 [1/2] ( I:2.32ns O:2.32ns )   --->   "%buffer_c3_4_load = load i4 %buffer_c3_4_addr" [cnn_hls.cpp:119]   --->   Operation 64 'load' 'buffer_c3_4_load' <Predicate = true> <Delay = 2.32> <CoreInst = "RAM">   --->   Core 81 'RAM' <Latency = 1> <II = 1> <Delay = 2.32> <Storage> <Opcode : 'load' 'store'> <Ports = 2> <Width = 7> <Depth = 16> <RAM>
ST_3 : Operation 65 [1/2] ( I:2.32ns O:2.32ns )   --->   "%buffer_c3_5_load = load i4 %buffer_c3_5_addr" [cnn_hls.cpp:119]   --->   Operation 65 'load' 'buffer_c3_5_load' <Predicate = true> <Delay = 2.32> <CoreInst = "RAM">   --->   Core 81 'RAM' <Latency = 1> <II = 1> <Delay = 2.32> <Storage> <Opcode : 'load' 'store'> <Ports = 2> <Width = 7> <Depth = 16> <RAM>
ST_3 : Operation 66 [1/2] ( I:2.32ns O:2.32ns )   --->   "%buffer_c3_6_load = load i4 %buffer_c3_6_addr" [cnn_hls.cpp:119]   --->   Operation 66 'load' 'buffer_c3_6_load' <Predicate = true> <Delay = 2.32> <CoreInst = "RAM">   --->   Core 81 'RAM' <Latency = 1> <II = 1> <Delay = 2.32> <Storage> <Opcode : 'load' 'store'> <Ports = 2> <Width = 7> <Depth = 16> <RAM>
ST_3 : Operation 67 [1/2] ( I:2.32ns O:2.32ns )   --->   "%buffer_c3_7_load = load i4 %buffer_c3_7_addr" [cnn_hls.cpp:119]   --->   Operation 67 'load' 'buffer_c3_7_load' <Predicate = true> <Delay = 2.32> <CoreInst = "RAM">   --->   Core 81 'RAM' <Latency = 1> <II = 1> <Delay = 2.32> <Storage> <Opcode : 'load' 'store'> <Ports = 2> <Width = 7> <Depth = 16> <RAM>
ST_3 : Operation 68 [1/2] ( I:2.32ns O:2.32ns )   --->   "%buffer_c3_8_load = load i4 %buffer_c3_8_addr" [cnn_hls.cpp:119]   --->   Operation 68 'load' 'buffer_c3_8_load' <Predicate = true> <Delay = 2.32> <CoreInst = "RAM">   --->   Core 81 'RAM' <Latency = 1> <II = 1> <Delay = 2.32> <Storage> <Opcode : 'load' 'store'> <Ports = 2> <Width = 7> <Depth = 16> <RAM>
ST_3 : Operation 69 [1/2] ( I:2.32ns O:2.32ns )   --->   "%buffer_c3_9_load = load i4 %buffer_c3_9_addr" [cnn_hls.cpp:119]   --->   Operation 69 'load' 'buffer_c3_9_load' <Predicate = true> <Delay = 2.32> <CoreInst = "RAM">   --->   Core 81 'RAM' <Latency = 1> <II = 1> <Delay = 2.32> <Storage> <Opcode : 'load' 'store'> <Ports = 2> <Width = 7> <Depth = 16> <RAM>
ST_3 : Operation 70 [1/2] ( I:2.32ns O:2.32ns )   --->   "%buffer_c3_10_load = load i4 %buffer_c3_10_addr" [cnn_hls.cpp:119]   --->   Operation 70 'load' 'buffer_c3_10_load' <Predicate = true> <Delay = 2.32> <CoreInst = "RAM">   --->   Core 81 'RAM' <Latency = 1> <II = 1> <Delay = 2.32> <Storage> <Opcode : 'load' 'store'> <Ports = 2> <Width = 7> <Depth = 16> <RAM>
ST_3 : Operation 71 [1/2] ( I:2.32ns O:2.32ns )   --->   "%buffer_c3_11_load = load i4 %buffer_c3_11_addr" [cnn_hls.cpp:119]   --->   Operation 71 'load' 'buffer_c3_11_load' <Predicate = true> <Delay = 2.32> <CoreInst = "RAM">   --->   Core 81 'RAM' <Latency = 1> <II = 1> <Delay = 2.32> <Storage> <Opcode : 'load' 'store'> <Ports = 2> <Width = 7> <Depth = 16> <RAM>
ST_3 : Operation 72 [1/1] (2.78ns)   --->   "%tmp_s = sparsemux i7 @_ssdm_op_SparseMux.ap_auto.12i7.i7.i4, i4 0, i7 %buffer_c3_load, i4 1, i7 %buffer_c3_1_load, i4 2, i7 %buffer_c3_2_load, i4 3, i7 %buffer_c3_3_load, i4 4, i7 %buffer_c3_4_load, i4 5, i7 %buffer_c3_5_load, i4 6, i7 %buffer_c3_6_load, i4 7, i7 %buffer_c3_7_load, i4 8, i7 %buffer_c3_8_load, i4 9, i7 %buffer_c3_9_load, i4 10, i7 %buffer_c3_10_load, i4 11, i7 %buffer_c3_11_load, i7 0, i4 %select_ln116" [cnn_hls.cpp:119]   --->   Operation 72 'sparsemux' 'tmp_s' <Predicate = true> <Delay = 2.78> <CoreInst = "BinarySparseMux_DontCare">   --->   Core 137 'BinarySparseMux_DontCare' <Latency = 0> <II = 1> <Delay = 2.78> <FuncUnit> <Opcode : 'sparsemux'> <InPorts = 2> <OutPorts = 1>
ST_3 : Operation 80 [1/1] (1.58ns)   --->   "%ret_ln0 = ret"   --->   Operation 80 'ret' 'ret_ln0' <Predicate = (icmp_ln116)> <Delay = 1.58>

State 4 <SV = 3> <Delay = 3.25>
ST_4 : Operation 73 [1/1] (0.00ns)   --->   "%specloopname_ln0 = specloopname void @_ssdm_op_SpecLoopName, void @VITIS_LOOP_116_12_VITIS_LOOP_117_13_str"   --->   Operation 73 'specloopname' 'specloopname_ln0' <Predicate = true> <Delay = 0.00>
ST_4 : Operation 74 [1/1] (0.00ns)   --->   "%speclooptripcount_ln0 = speclooptripcount void @_ssdm_op_SpecLoopTripCount, i64 192, i64 192, i64 192"   --->   Operation 74 'speclooptripcount' 'speclooptripcount_ln0' <Predicate = true> <Delay = 0.00>
ST_4 : Operation 75 [1/1] (0.00ns)   --->   "%specpipeline_ln118 = specpipeline void @_ssdm_op_SpecPipeline, i32 1, i32 0, i32 0, i32 0, i32 4294967295, void @empty_6" [cnn_hls.cpp:118]   --->   Operation 75 'specpipeline' 'specpipeline_ln118' <Predicate = true> <Delay = 0.00>
ST_4 : Operation 76 [1/1] (0.00ns)   --->   "%zext_ln119_1 = zext i8 %add_ln119" [cnn_hls.cpp:119]   --->   Operation 76 'zext' 'zext_ln119_1' <Predicate = true> <Delay = 0.00>
ST_4 : Operation 77 [1/1] (0.00ns)   --->   "%flatten_addr = getelementptr i7 %flatten, i64 0, i64 %zext_ln119_1" [cnn_hls.cpp:119]   --->   Operation 77 'getelementptr' 'flatten_addr' <Predicate = true> <Delay = 0.00>
ST_4 : Operation 78 [1/1] ( I:3.25ns O:3.25ns )   --->   "%store_ln119 = store i7 %tmp_s, i8 %flatten_addr" [cnn_hls.cpp:119]   --->   Operation 78 'store' 'store_ln119' <Predicate = true> <Delay = 3.25> <CoreInst = "RAM">   --->   Core 81 'RAM' <Latency = 1> <II = 1> <Delay = 3.25> <Storage> <Opcode : 'load' 'store'> <Ports = 2> <Width = 7> <Depth = 192> <RAM>
ST_4 : Operation 79 [1/1] (0.00ns)   --->   "%br_ln117 = br void %for.inc173" [cnn_hls.cpp:117]   --->   Operation 79 'br' 'br_ln117' <Predicate = true> <Delay = 0.00>


============================================================
+ Verbose Summary: Binding
============================================================
STG Binding: 
---------------- STG Properties BEGIN ----------------
- Is combinational: 0
- Is one-state seq: 0
- Is datapath-only: 0
- Is pipelined: 0
- Is top level: 0
Port [ Return ] is wired: 1; IO mode=ap_ctrl_hs:ce=0
Port [ buffer_c3]:  wired=1; compound=1; hidden=0; nouse=0; global=0; static=0; extern=0; dir=0; type=1; pingpong=0; private_global=0; MemPort=[13]; IO mode=ap_memory:ce=0
Port [ buffer_c3_1]:  wired=1; compound=1; hidden=0; nouse=0; global=0; static=0; extern=0; dir=0; type=1; pingpong=0; private_global=0; MemPort=[13]; IO mode=ap_memory:ce=0
Port [ buffer_c3_2]:  wired=1; compound=1; hidden=0; nouse=0; global=0; static=0; extern=0; dir=0; type=1; pingpong=0; private_global=0; MemPort=[13]; IO mode=ap_memory:ce=0
Port [ buffer_c3_3]:  wired=1; compound=1; hidden=0; nouse=0; global=0; static=0; extern=0; dir=0; type=1; pingpong=0; private_global=0; MemPort=[13]; IO mode=ap_memory:ce=0
Port [ buffer_c3_4]:  wired=1; compound=1; hidden=0; nouse=0; global=0; static=0; extern=0; dir=0; type=1; pingpong=0; private_global=0; MemPort=[13]; IO mode=ap_memory:ce=0
Port [ buffer_c3_5]:  wired=1; compound=1; hidden=0; nouse=0; global=0; static=0; extern=0; dir=0; type=1; pingpong=0; private_global=0; MemPort=[13]; IO mode=ap_memory:ce=0
Port [ buffer_c3_6]:  wired=1; compound=1; hidden=0; nouse=0; global=0; static=0; extern=0; dir=0; type=1; pingpong=0; private_global=0; MemPort=[13]; IO mode=ap_memory:ce=0
Port [ buffer_c3_7]:  wired=1; compound=1; hidden=0; nouse=0; global=0; static=0; extern=0; dir=0; type=1; pingpong=0; private_global=0; MemPort=[13]; IO mode=ap_memory:ce=0
Port [ buffer_c3_8]:  wired=1; compound=1; hidden=0; nouse=0; global=0; static=0; extern=0; dir=0; type=1; pingpong=0; private_global=0; MemPort=[13]; IO mode=ap_memory:ce=0
Port [ buffer_c3_9]:  wired=1; compound=1; hidden=0; nouse=0; global=0; static=0; extern=0; dir=0; type=1; pingpong=0; private_global=0; MemPort=[13]; IO mode=ap_memory:ce=0
Port [ buffer_c3_10]:  wired=1; compound=1; hidden=0; nouse=0; global=0; static=0; extern=0; dir=0; type=1; pingpong=0; private_global=0; MemPort=[13]; IO mode=ap_memory:ce=0
Port [ buffer_c3_11]:  wired=1; compound=1; hidden=0; nouse=0; global=0; static=0; extern=0; dir=0; type=1; pingpong=0; private_global=0; MemPort=[13]; IO mode=ap_memory:ce=0
Port [ flatten]:  wired=1; compound=1; hidden=0; nouse=0; global=0; static=0; extern=0; dir=1; type=1; pingpong=0; private_global=0; MemPort=[03]; IO mode=ap_memory:ce=0
---------------- STG Properties END ------------------

---------------- Datapath Model BEGIN ----------------

<LifeTime>
<method=bitvector/>
j                     (alloca           ) [ 01100]
i                     (alloca           ) [ 01100]
indvar_flatten        (alloca           ) [ 01000]
store_ln0             (store            ) [ 00000]
store_ln116           (store            ) [ 00000]
store_ln117           (store            ) [ 00000]
br_ln0                (br               ) [ 00000]
indvar_flatten_load   (load             ) [ 00000]
icmp_ln116            (icmp             ) [ 01110]
add_ln116             (add              ) [ 00000]
br_ln116              (br               ) [ 00000]
store_ln116           (store            ) [ 00000]
j_load                (load             ) [ 00000]
i_load                (load             ) [ 00000]
icmp_ln117            (icmp             ) [ 00000]
select_ln116          (select           ) [ 01010]
empty                 (select           ) [ 00000]
add_ln116_1           (add              ) [ 00000]
zext_ln116            (zext             ) [ 00000]
trunc_ln119           (trunc            ) [ 00000]
p_shl                 (bitconcatenate   ) [ 00000]
tmp                   (bitconcatenate   ) [ 00000]
zext_ln119            (zext             ) [ 00000]
sub_ln119             (sub              ) [ 00000]
buffer_c3_addr        (getelementptr    ) [ 01010]
buffer_c3_1_addr      (getelementptr    ) [ 01010]
buffer_c3_2_addr      (getelementptr    ) [ 01010]
buffer_c3_3_addr      (getelementptr    ) [ 01010]
buffer_c3_4_addr      (getelementptr    ) [ 01010]
buffer_c3_5_addr      (getelementptr    ) [ 01010]
buffer_c3_6_addr      (getelementptr    ) [ 01010]
buffer_c3_7_addr      (getelementptr    ) [ 01010]
buffer_c3_8_addr      (getelementptr    ) [ 01010]
buffer_c3_9_addr      (getelementptr    ) [ 01010]
buffer_c3_10_addr     (getelementptr    ) [ 01010]
buffer_c3_11_addr     (getelementptr    ) [ 01010]
zext_ln117            (zext             ) [ 00000]
add_ln119             (add              ) [ 01011]
add_ln117             (add              ) [ 00000]
store_ln116           (store            ) [ 00000]
store_ln117           (store            ) [ 00000]
buffer_c3_load        (load             ) [ 00000]
buffer_c3_1_load      (load             ) [ 00000]
buffer_c3_2_load      (load             ) [ 00000]
buffer_c3_3_load      (load             ) [ 00000]
buffer_c3_4_load      (load             ) [ 00000]
buffer_c3_5_load      (load             ) [ 00000]
buffer_c3_6_load      (load             ) [ 00000]
buffer_c3_7_load      (load             ) [ 00000]
buffer_c3_8_load      (load             ) [ 00000]
buffer_c3_9_load      (load             ) [ 00000]
buffer_c3_10_load     (load             ) [ 00000]
buffer_c3_11_load     (load             ) [ 00000]
tmp_s                 (sparsemux        ) [ 01001]
specloopname_ln0      (specloopname     ) [ 00000]
speclooptripcount_ln0 (speclooptripcount) [ 00000]
specpipeline_ln118    (specpipeline     ) [ 00000]
zext_ln119_1          (zext             ) [ 00000]
flatten_addr          (getelementptr    ) [ 00000]
store_ln119           (store            ) [ 00000]
br_ln117              (br               ) [ 00000]
ret_ln0               (ret              ) [ 00000]
</LifeTime>

<model>

<comp_list>
<comp id="0" class="1000" name="buffer_c3">
<pin_list>
<pin id="1" dir="1" index="0" bw="1" slack="0"/>
</pin_list>
<bind>
<StgValue><ssdm name="buffer_c3"/><MemPortTyVec>1 3 </MemPortTyVec>
</StgValue>
</bind>
</comp>

<comp id="2" class="1000" name="buffer_c3_1">
<pin_list>
<pin id="3" dir="1" index="0" bw="1" slack="0"/>
</pin_list>
<bind>
<StgValue><ssdm name="buffer_c3_1"/><MemPortTyVec>1 3 </MemPortTyVec>
</StgValue>
</bind>
</comp>

<comp id="4" class="1000" name="buffer_c3_2">
<pin_list>
<pin id="5" dir="1" index="0" bw="1" slack="0"/>
</pin_list>
<bind>
<StgValue><ssdm name="buffer_c3_2"/><MemPortTyVec>1 3 </MemPortTyVec>
</StgValue>
</bind>
</comp>

<comp id="6" class="1000" name="buffer_c3_3">
<pin_list>
<pin id="7" dir="1" index="0" bw="1" slack="0"/>
</pin_list>
<bind>
<StgValue><ssdm name="buffer_c3_3"/><MemPortTyVec>1 3 </MemPortTyVec>
</StgValue>
</bind>
</comp>

<comp id="8" class="1000" name="buffer_c3_4">
<pin_list>
<pin id="9" dir="1" index="0" bw="1" slack="0"/>
</pin_list>
<bind>
<StgValue><ssdm name="buffer_c3_4"/><MemPortTyVec>1 3 </MemPortTyVec>
</StgValue>
</bind>
</comp>

<comp id="10" class="1000" name="buffer_c3_5">
<pin_list>
<pin id="11" dir="1" index="0" bw="1" slack="0"/>
</pin_list>
<bind>
<StgValue><ssdm name="buffer_c3_5"/><MemPortTyVec>1 3 </MemPortTyVec>
</StgValue>
</bind>
</comp>

<comp id="12" class="1000" name="buffer_c3_6">
<pin_list>
<pin id="13" dir="1" index="0" bw="1" slack="0"/>
</pin_list>
<bind>
<StgValue><ssdm name="buffer_c3_6"/><MemPortTyVec>1 3 </MemPortTyVec>
</StgValue>
</bind>
</comp>

<comp id="14" class="1000" name="buffer_c3_7">
<pin_list>
<pin id="15" dir="1" index="0" bw="1" slack="0"/>
</pin_list>
<bind>
<StgValue><ssdm name="buffer_c3_7"/><MemPortTyVec>1 3 </MemPortTyVec>
</StgValue>
</bind>
</comp>

<comp id="16" class="1000" name="buffer_c3_8">
<pin_list>
<pin id="17" dir="1" index="0" bw="1" slack="0"/>
</pin_list>
<bind>
<StgValue><ssdm name="buffer_c3_8"/><MemPortTyVec>1 3 </MemPortTyVec>
</StgValue>
</bind>
</comp>

<comp id="18" class="1000" name="buffer_c3_9">
<pin_list>
<pin id="19" dir="1" index="0" bw="1" slack="0"/>
</pin_list>
<bind>
<StgValue><ssdm name="buffer_c3_9"/><MemPortTyVec>1 3 </MemPortTyVec>
</StgValue>
</bind>
</comp>

<comp id="20" class="1000" name="buffer_c3_10">
<pin_list>
<pin id="21" dir="1" index="0" bw="1" slack="0"/>
</pin_list>
<bind>
<StgValue><ssdm name="buffer_c3_10"/><MemPortTyVec>1 3 </MemPortTyVec>
</StgValue>
</bind>
</comp>

<comp id="22" class="1000" name="buffer_c3_11">
<pin_list>
<pin id="23" dir="1" index="0" bw="1" slack="0"/>
</pin_list>
<bind>
<StgValue><ssdm name="buffer_c3_11"/><MemPortTyVec>1 3 </MemPortTyVec>
</StgValue>
</bind>
</comp>

<comp id="24" class="1000" name="flatten">
<pin_list>
<pin id="25" dir="1" index="0" bw="1" slack="0"/>
</pin_list>
<bind>
<StgValue><ssdm name="flatten"/><MemPortTyVec>0 3 </MemPortTyVec>
</StgValue>
</bind>
</comp>

<comp id="26" class="1001" name="const_26">
<pin_list>
<pin id="27" dir="1" index="0" bw="1" slack="0"/>
</pin_list>
<bind>
<StgValue><ssdm name=""/></StgValue>
</bind>
</comp>

<comp id="28" class="1001" name="const_28">
<pin_list>
<pin id="29" dir="1" index="0" bw="1" slack="0"/>
</pin_list>
<bind>
<StgValue><ssdm name=""/></StgValue>
</bind>
</comp>

<comp id="30" class="1001" name="const_30">
<pin_list>
<pin id="31" dir="1" index="0" bw="1" slack="0"/>
</pin_list>
<bind>
<StgValue><ssdm name=""/></StgValue>
</bind>
</comp>

<comp id="32" class="1001" name="const_32">
<pin_list>
<pin id="33" dir="1" index="0" bw="1" slack="0"/>
</pin_list>
<bind>
<StgValue><ssdm name=""/></StgValue>
</bind>
</comp>

<comp id="34" class="1001" name="const_34">
<pin_list>
<pin id="35" dir="1" index="0" bw="1" slack="0"/>
</pin_list>
<bind>
<StgValue><ssdm name=""/></StgValue>
</bind>
</comp>

<comp id="36" class="1001" name="const_36">
<pin_list>
<pin id="37" dir="1" index="0" bw="1" slack="0"/>
</pin_list>
<bind>
<StgValue><ssdm name=""/></StgValue>
</bind>
</comp>

<comp id="38" class="1001" name="const_38">
<pin_list>
<pin id="39" dir="1" index="0" bw="1" slack="0"/>
</pin_list>
<bind>
<StgValue><ssdm name=""/></StgValue>
</bind>
</comp>

<comp id="40" class="1001" name="const_40">
<pin_list>
<pin id="41" dir="1" index="0" bw="1" slack="0"/>
</pin_list>
<bind>
<StgValue><ssdm name=""/></StgValue>
</bind>
</comp>

<comp id="42" class="1001" name="const_42">
<pin_list>
<pin id="43" dir="1" index="0" bw="1" slack="0"/>
</pin_list>
<bind>
<StgValue><ssdm name="_ssdm_op_BitConcatenate.i8.i4.i4"/></StgValue>
</bind>
</comp>

<comp id="44" class="1001" name="const_44">
<pin_list>
<pin id="45" dir="1" index="0" bw="1" slack="0"/>
</pin_list>
<bind>
<StgValue><ssdm name="_ssdm_op_BitConcatenate.i7.i5.i2"/></StgValue>
</bind>
</comp>

<comp id="46" class="1001" name="const_46">
<pin_list>
<pin id="47" dir="1" index="0" bw="1" slack="0"/>
</pin_list>
<bind>
<StgValue><ssdm name=""/></StgValue>
</bind>
</comp>

<comp id="48" class="1001" name="const_48">
<pin_list>
<pin id="49" dir="1" index="0" bw="1" slack="0"/>
</pin_list>
<bind>
<StgValue><ssdm name=""/></StgValue>
</bind>
</comp>

<comp id="50" class="1001" name="const_50">
<pin_list>
<pin id="51" dir="1" index="0" bw="1" slack="0"/>
</pin_list>
<bind>
<StgValue><ssdm name=""/></StgValue>
</bind>
</comp>

<comp id="52" class="1001" name="const_52">
<pin_list>
<pin id="53" dir="1" index="0" bw="1" slack="0"/>
</pin_list>
<bind>
<StgValue><ssdm name="_ssdm_op_SparseMux.ap_auto.12i7.i7.i4"/></StgValue>
</bind>
</comp>

<comp id="54" class="1001" name="const_54">
<pin_list>
<pin id="55" dir="1" index="0" bw="1" slack="0"/>
</pin_list>
<bind>
<StgValue><ssdm name=""/></StgValue>
</bind>
</comp>

<comp id="56" class="1001" name="const_56">
<pin_list>
<pin id="57" dir="1" index="0" bw="1" slack="0"/>
</pin_list>
<bind>
<StgValue><ssdm name=""/></StgValue>
</bind>
</comp>

<comp id="58" class="1001" name="const_58">
<pin_list>
<pin id="59" dir="1" index="0" bw="1" slack="0"/>
</pin_list>
<bind>
<StgValue><ssdm name=""/></StgValue>
</bind>
</comp>

<comp id="60" class="1001" name="const_60">
<pin_list>
<pin id="61" dir="1" index="0" bw="1" slack="0"/>
</pin_list>
<bind>
<StgValue><ssdm name=""/></StgValue>
</bind>
</comp>

<comp id="62" class="1001" name="const_62">
<pin_list>
<pin id="63" dir="1" index="0" bw="1" slack="0"/>
</pin_list>
<bind>
<StgValue><ssdm name=""/></StgValue>
</bind>
</comp>

<comp id="64" class="1001" name="const_64">
<pin_list>
<pin id="65" dir="1" index="0" bw="1" slack="0"/>
</pin_list>
<bind>
<StgValue><ssdm name=""/></StgValue>
</bind>
</comp>

<comp id="66" class="1001" name="const_66">
<pin_list>
<pin id="67" dir="1" index="0" bw="1" slack="0"/>
</pin_list>
<bind>
<StgValue><ssdm name=""/></StgValue>
</bind>
</comp>

<comp id="68" class="1001" name="const_68">
<pin_list>
<pin id="69" dir="1" index="0" bw="1" slack="0"/>
</pin_list>
<bind>
<StgValue><ssdm name=""/></StgValue>
</bind>
</comp>

<comp id="70" class="1001" name="const_70">
<pin_list>
<pin id="71" dir="1" index="0" bw="1" slack="0"/>
</pin_list>
<bind>
<StgValue><ssdm name=""/></StgValue>
</bind>
</comp>

<comp id="72" class="1001" name="const_72">
<pin_list>
<pin id="73" dir="1" index="0" bw="1" slack="0"/>
</pin_list>
<bind>
<StgValue><ssdm name=""/></StgValue>
</bind>
</comp>

<comp id="74" class="1001" name="const_74">
<pin_list>
<pin id="75" dir="1" index="0" bw="1" slack="0"/>
</pin_list>
<bind>
<StgValue><ssdm name=""/></StgValue>
</bind>
</comp>

<comp id="76" class="1001" name="const_76">
<pin_list>
<pin id="77" dir="1" index="0" bw="1" slack="2147483647"/>
</pin_list>
<bind>
<StgValue><ssdm name="_ssdm_op_SpecLoopName"/></StgValue>
</bind>
</comp>

<comp id="78" class="1001" name="const_78">
<pin_list>
<pin id="79" dir="1" index="0" bw="1" slack="2147483647"/>
</pin_list>
<bind>
<StgValue><ssdm name="VITIS_LOOP_116_12_VITIS_LOOP_117_13_str"/></StgValue>
</bind>
</comp>

<comp id="80" class="1001" name="const_80">
<pin_list>
<pin id="81" dir="1" index="0" bw="1" slack="2147483647"/>
</pin_list>
<bind>
<StgValue><ssdm name="_ssdm_op_SpecLoopTripCount"/></StgValue>
</bind>
</comp>

<comp id="82" class="1001" name="const_82">
<pin_list>
<pin id="83" dir="1" index="0" bw="1" slack="2147483647"/>
</pin_list>
<bind>
<StgValue><ssdm name=""/></StgValue>
</bind>
</comp>

<comp id="84" class="1001" name="const_84">
<pin_list>
<pin id="85" dir="1" index="0" bw="1" slack="2147483647"/>
</pin_list>
<bind>
<StgValue><ssdm name="_ssdm_op_SpecPipeline"/></StgValue>
</bind>
</comp>

<comp id="86" class="1001" name="const_86">
<pin_list>
<pin id="87" dir="1" index="0" bw="1" slack="2147483647"/>
</pin_list>
<bind>
<StgValue><ssdm name=""/></StgValue>
</bind>
</comp>

<comp id="88" class="1001" name="const_88">
<pin_list>
<pin id="89" dir="1" index="0" bw="1" slack="2147483647"/>
</pin_list>
<bind>
<StgValue><ssdm name=""/></StgValue>
</bind>
</comp>

<comp id="90" class="1001" name="const_90">
<pin_list>
<pin id="91" dir="1" index="0" bw="1" slack="2147483647"/>
</pin_list>
<bind>
<StgValue><ssdm name="empty_6"/></StgValue>
</bind>
</comp>

<comp id="92" class="1004" name="j_fu_92">
<pin_list>
<pin id="93" dir="0" index="0" bw="1" slack="0"/>
<pin id="94" dir="1" index="1" bw="4" slack="0"/>
</pin_list>
<bind>
<opcode="alloca(26) " fcode="alloca"/>
<opset="j/1 "/>
</bind>
</comp>

<comp id="96" class="1004" name="i_fu_96">
<pin_list>
<pin id="97" dir="0" index="0" bw="1" slack="0"/>
<pin id="98" dir="1" index="1" bw="5" slack="0"/>
</pin_list>
<bind>
<opcode="alloca(26) " fcode="alloca"/>
<opset="i/1 "/>
</bind>
</comp>

<comp id="100" class="1004" name="indvar_flatten_fu_100">
<pin_list>
<pin id="101" dir="0" index="0" bw="1" slack="0"/>
<pin id="102" dir="1" index="1" bw="8" slack="0"/>
</pin_list>
<bind>
<opcode="alloca(26) " fcode="alloca"/>
<opset="indvar_flatten/1 "/>
</bind>
</comp>

<comp id="104" class="1004" name="buffer_c3_addr_gep_fu_104">
<pin_list>
<pin id="105" dir="0" index="0" bw="7" slack="0"/>
<pin id="106" dir="0" index="1" bw="1" slack="0"/>
<pin id="107" dir="0" index="2" bw="5" slack="0"/>
<pin id="108" dir="1" index="3" bw="4" slack="0"/>
</pin_list>
<bind>
<opcode="getelementptr(29) " fcode="getelementptr"/>
<opset="buffer_c3_addr/2 "/>
</bind>
</comp>

<comp id="111" class="1004" name="buffer_c3_1_addr_gep_fu_111">
<pin_list>
<pin id="112" dir="0" index="0" bw="7" slack="0"/>
<pin id="113" dir="0" index="1" bw="1" slack="0"/>
<pin id="114" dir="0" index="2" bw="5" slack="0"/>
<pin id="115" dir="1" index="3" bw="4" slack="0"/>
</pin_list>
<bind>
<opcode="getelementptr(29) " fcode="getelementptr"/>
<opset="buffer_c3_1_addr/2 "/>
</bind>
</comp>

<comp id="118" class="1004" name="buffer_c3_2_addr_gep_fu_118">
<pin_list>
<pin id="119" dir="0" index="0" bw="7" slack="0"/>
<pin id="120" dir="0" index="1" bw="1" slack="0"/>
<pin id="121" dir="0" index="2" bw="5" slack="0"/>
<pin id="122" dir="1" index="3" bw="4" slack="0"/>
</pin_list>
<bind>
<opcode="getelementptr(29) " fcode="getelementptr"/>
<opset="buffer_c3_2_addr/2 "/>
</bind>
</comp>

<comp id="125" class="1004" name="buffer_c3_3_addr_gep_fu_125">
<pin_list>
<pin id="126" dir="0" index="0" bw="7" slack="0"/>
<pin id="127" dir="0" index="1" bw="1" slack="0"/>
<pin id="128" dir="0" index="2" bw="5" slack="0"/>
<pin id="129" dir="1" index="3" bw="4" slack="0"/>
</pin_list>
<bind>
<opcode="getelementptr(29) " fcode="getelementptr"/>
<opset="buffer_c3_3_addr/2 "/>
</bind>
</comp>

<comp id="132" class="1004" name="buffer_c3_4_addr_gep_fu_132">
<pin_list>
<pin id="133" dir="0" index="0" bw="7" slack="0"/>
<pin id="134" dir="0" index="1" bw="1" slack="0"/>
<pin id="135" dir="0" index="2" bw="5" slack="0"/>
<pin id="136" dir="1" index="3" bw="4" slack="0"/>
</pin_list>
<bind>
<opcode="getelementptr(29) " fcode="getelementptr"/>
<opset="buffer_c3_4_addr/2 "/>
</bind>
</comp>

<comp id="139" class="1004" name="buffer_c3_5_addr_gep_fu_139">
<pin_list>
<pin id="140" dir="0" index="0" bw="7" slack="0"/>
<pin id="141" dir="0" index="1" bw="1" slack="0"/>
<pin id="142" dir="0" index="2" bw="5" slack="0"/>
<pin id="143" dir="1" index="3" bw="4" slack="0"/>
</pin_list>
<bind>
<opcode="getelementptr(29) " fcode="getelementptr"/>
<opset="buffer_c3_5_addr/2 "/>
</bind>
</comp>

<comp id="146" class="1004" name="buffer_c3_6_addr_gep_fu_146">
<pin_list>
<pin id="147" dir="0" index="0" bw="7" slack="0"/>
<pin id="148" dir="0" index="1" bw="1" slack="0"/>
<pin id="149" dir="0" index="2" bw="5" slack="0"/>
<pin id="150" dir="1" index="3" bw="4" slack="0"/>
</pin_list>
<bind>
<opcode="getelementptr(29) " fcode="getelementptr"/>
<opset="buffer_c3_6_addr/2 "/>
</bind>
</comp>

<comp id="153" class="1004" name="buffer_c3_7_addr_gep_fu_153">
<pin_list>
<pin id="154" dir="0" index="0" bw="7" slack="0"/>
<pin id="155" dir="0" index="1" bw="1" slack="0"/>
<pin id="156" dir="0" index="2" bw="5" slack="0"/>
<pin id="157" dir="1" index="3" bw="4" slack="0"/>
</pin_list>
<bind>
<opcode="getelementptr(29) " fcode="getelementptr"/>
<opset="buffer_c3_7_addr/2 "/>
</bind>
</comp>

<comp id="160" class="1004" name="buffer_c3_8_addr_gep_fu_160">
<pin_list>
<pin id="161" dir="0" index="0" bw="7" slack="0"/>
<pin id="162" dir="0" index="1" bw="1" slack="0"/>
<pin id="163" dir="0" index="2" bw="5" slack="0"/>
<pin id="164" dir="1" index="3" bw="4" slack="0"/>
</pin_list>
<bind>
<opcode="getelementptr(29) " fcode="getelementptr"/>
<opset="buffer_c3_8_addr/2 "/>
</bind>
</comp>

<comp id="167" class="1004" name="buffer_c3_9_addr_gep_fu_167">
<pin_list>
<pin id="168" dir="0" index="0" bw="7" slack="0"/>
<pin id="169" dir="0" index="1" bw="1" slack="0"/>
<pin id="170" dir="0" index="2" bw="5" slack="0"/>
<pin id="171" dir="1" index="3" bw="4" slack="0"/>
</pin_list>
<bind>
<opcode="getelementptr(29) " fcode="getelementptr"/>
<opset="buffer_c3_9_addr/2 "/>
</bind>
</comp>

<comp id="174" class="1004" name="buffer_c3_10_addr_gep_fu_174">
<pin_list>
<pin id="175" dir="0" index="0" bw="7" slack="0"/>
<pin id="176" dir="0" index="1" bw="1" slack="0"/>
<pin id="177" dir="0" index="2" bw="5" slack="0"/>
<pin id="178" dir="1" index="3" bw="4" slack="0"/>
</pin_list>
<bind>
<opcode="getelementptr(29) " fcode="getelementptr"/>
<opset="buffer_c3_10_addr/2 "/>
</bind>
</comp>

<comp id="181" class="1004" name="buffer_c3_11_addr_gep_fu_181">
<pin_list>
<pin id="182" dir="0" index="0" bw="7" slack="0"/>
<pin id="183" dir="0" index="1" bw="1" slack="0"/>
<pin id="184" dir="0" index="2" bw="5" slack="0"/>
<pin id="185" dir="1" index="3" bw="4" slack="0"/>
</pin_list>
<bind>
<opcode="getelementptr(29) " fcode="getelementptr"/>
<opset="buffer_c3_11_addr/2 "/>
</bind>
</comp>

<comp id="188" class="1004" name="grp_access_fu_188">
<pin_list>
<pin id="189" dir="0" index="0" bw="4" slack="0"/>
<pin id="190" dir="0" index="1" bw="7" slack="2147483647"/>
<pin id="191" dir="0" index="2" bw="0" slack="2147483647"/>
<pin id="192" dir="1" index="3" bw="7" slack="0"/>
</pin_list>
<bind>
<opcode="load(27) " fcode="load"/>
<opset="buffer_c3_load/2 "/>
</bind>
</comp>

<comp id="194" class="1004" name="grp_access_fu_194">
<pin_list>
<pin id="195" dir="0" index="0" bw="4" slack="0"/>
<pin id="196" dir="0" index="1" bw="7" slack="2147483647"/>
<pin id="197" dir="0" index="2" bw="0" slack="2147483647"/>
<pin id="198" dir="1" index="3" bw="7" slack="0"/>
</pin_list>
<bind>
<opcode="load(27) " fcode="load"/>
<opset="buffer_c3_1_load/2 "/>
</bind>
</comp>

<comp id="200" class="1004" name="grp_access_fu_200">
<pin_list>
<pin id="201" dir="0" index="0" bw="4" slack="0"/>
<pin id="202" dir="0" index="1" bw="7" slack="2147483647"/>
<pin id="203" dir="0" index="2" bw="0" slack="2147483647"/>
<pin id="204" dir="1" index="3" bw="7" slack="0"/>
</pin_list>
<bind>
<opcode="load(27) " fcode="load"/>
<opset="buffer_c3_2_load/2 "/>
</bind>
</comp>

<comp id="206" class="1004" name="grp_access_fu_206">
<pin_list>
<pin id="207" dir="0" index="0" bw="4" slack="0"/>
<pin id="208" dir="0" index="1" bw="7" slack="2147483647"/>
<pin id="209" dir="0" index="2" bw="0" slack="2147483647"/>
<pin id="210" dir="1" index="3" bw="7" slack="0"/>
</pin_list>
<bind>
<opcode="load(27) " fcode="load"/>
<opset="buffer_c3_3_load/2 "/>
</bind>
</comp>

<comp id="212" class="1004" name="grp_access_fu_212">
<pin_list>
<pin id="213" dir="0" index="0" bw="4" slack="0"/>
<pin id="214" dir="0" index="1" bw="7" slack="2147483647"/>
<pin id="215" dir="0" index="2" bw="0" slack="2147483647"/>
<pin id="216" dir="1" index="3" bw="7" slack="0"/>
</pin_list>
<bind>
<opcode="load(27) " fcode="load"/>
<opset="buffer_c3_4_load/2 "/>
</bind>
</comp>

<comp id="218" class="1004" name="grp_access_fu_218">
<pin_list>
<pin id="219" dir="0" index="0" bw="4" slack="0"/>
<pin id="220" dir="0" index="1" bw="7" slack="2147483647"/>
<pin id="221" dir="0" index="2" bw="0" slack="2147483647"/>
<pin id="222" dir="1" index="3" bw="7" slack="0"/>
</pin_list>
<bind>
<opcode="load(27) " fcode="load"/>
<opset="buffer_c3_5_load/2 "/>
</bind>
</comp>

<comp id="224" class="1004" name="grp_access_fu_224">
<pin_list>
<pin id="225" dir="0" index="0" bw="4" slack="0"/>
<pin id="226" dir="0" index="1" bw="7" slack="2147483647"/>
<pin id="227" dir="0" index="2" bw="0" slack="2147483647"/>
<pin id="228" dir="1" index="3" bw="7" slack="0"/>
</pin_list>
<bind>
<opcode="load(27) " fcode="load"/>
<opset="buffer_c3_6_load/2 "/>
</bind>
</comp>

<comp id="230" class="1004" name="grp_access_fu_230">
<pin_list>
<pin id="231" dir="0" index="0" bw="4" slack="0"/>
<pin id="232" dir="0" index="1" bw="7" slack="2147483647"/>
<pin id="233" dir="0" index="2" bw="0" slack="2147483647"/>
<pin id="234" dir="1" index="3" bw="7" slack="0"/>
</pin_list>
<bind>
<opcode="load(27) " fcode="load"/>
<opset="buffer_c3_7_load/2 "/>
</bind>
</comp>

<comp id="236" class="1004" name="grp_access_fu_236">
<pin_list>
<pin id="237" dir="0" index="0" bw="4" slack="0"/>
<pin id="238" dir="0" index="1" bw="7" slack="2147483647"/>
<pin id="239" dir="0" index="2" bw="0" slack="2147483647"/>
<pin id="240" dir="1" index="3" bw="7" slack="0"/>
</pin_list>
<bind>
<opcode="load(27) " fcode="load"/>
<opset="buffer_c3_8_load/2 "/>
</bind>
</comp>

<comp id="242" class="1004" name="grp_access_fu_242">
<pin_list>
<pin id="243" dir="0" index="0" bw="4" slack="0"/>
<pin id="244" dir="0" index="1" bw="7" slack="2147483647"/>
<pin id="245" dir="0" index="2" bw="0" slack="2147483647"/>
<pin id="246" dir="1" index="3" bw="7" slack="0"/>
</pin_list>
<bind>
<opcode="load(27) " fcode="load"/>
<opset="buffer_c3_9_load/2 "/>
</bind>
</comp>

<comp id="248" class="1004" name="grp_access_fu_248">
<pin_list>
<pin id="249" dir="0" index="0" bw="4" slack="0"/>
<pin id="250" dir="0" index="1" bw="7" slack="2147483647"/>
<pin id="251" dir="0" index="2" bw="0" slack="2147483647"/>
<pin id="252" dir="1" index="3" bw="7" slack="0"/>
</pin_list>
<bind>
<opcode="load(27) " fcode="load"/>
<opset="buffer_c3_10_load/2 "/>
</bind>
</comp>

<comp id="254" class="1004" name="grp_access_fu_254">
<pin_list>
<pin id="255" dir="0" index="0" bw="4" slack="0"/>
<pin id="256" dir="0" index="1" bw="7" slack="2147483647"/>
<pin id="257" dir="0" index="2" bw="0" slack="2147483647"/>
<pin id="258" dir="1" index="3" bw="7" slack="0"/>
</pin_list>
<bind>
<opcode="load(27) " fcode="load"/>
<opset="buffer_c3_11_load/2 "/>
</bind>
</comp>

<comp id="260" class="1004" name="flatten_addr_gep_fu_260">
<pin_list>
<pin id="261" dir="0" index="0" bw="7" slack="0"/>
<pin id="262" dir="0" index="1" bw="1" slack="0"/>
<pin id="263" dir="0" index="2" bw="8" slack="0"/>
<pin id="264" dir="1" index="3" bw="8" slack="0"/>
</pin_list>
<bind>
<opcode="getelementptr(29) " fcode="getelementptr"/>
<opset="flatten_addr/4 "/>
</bind>
</comp>

<comp id="267" class="1004" name="store_ln119_access_fu_267">
<pin_list>
<pin id="268" dir="0" index="0" bw="8" slack="0"/>
<pin id="269" dir="0" index="1" bw="7" slack="1"/>
<pin id="270" dir="0" index="2" bw="0" slack="2147483647"/>
<pin id="271" dir="1" index="3" bw="7" slack="2147483647"/>
</pin_list>
<bind>
<opcode="store(28) " fcode="store"/>
<opset="store_ln119/4 "/>
</bind>
</comp>

<comp id="273" class="1004" name="store_ln0_store_fu_273">
<pin_list>
<pin id="274" dir="0" index="0" bw="1" slack="0"/>
<pin id="275" dir="0" index="1" bw="8" slack="0"/>
<pin id="276" dir="1" index="2" bw="0" slack="2147483647"/>
</pin_list>
<bind>
<opcode="store(28) " fcode="store"/>
<opset="store_ln0/1 "/>
</bind>
</comp>

<comp id="278" class="1004" name="store_ln116_store_fu_278">
<pin_list>
<pin id="279" dir="0" index="0" bw="1" slack="0"/>
<pin id="280" dir="0" index="1" bw="5" slack="0"/>
<pin id="281" dir="1" index="2" bw="0" slack="2147483647"/>
</pin_list>
<bind>
<opcode="store(28) " fcode="store"/>
<opset="store_ln116/1 "/>
</bind>
</comp>

<comp id="283" class="1004" name="store_ln117_store_fu_283">
<pin_list>
<pin id="284" dir="0" index="0" bw="1" slack="0"/>
<pin id="285" dir="0" index="1" bw="4" slack="0"/>
<pin id="286" dir="1" index="2" bw="0" slack="2147483647"/>
</pin_list>
<bind>
<opcode="store(28) " fcode="store"/>
<opset="store_ln117/1 "/>
</bind>
</comp>

<comp id="288" class="1004" name="indvar_flatten_load_load_fu_288">
<pin_list>
<pin id="289" dir="0" index="0" bw="8" slack="0"/>
<pin id="290" dir="1" index="1" bw="8" slack="0"/>
</pin_list>
<bind>
<opcode="load(27) " fcode="load"/>
<opset="indvar_flatten_load/1 "/>
</bind>
</comp>

<comp id="291" class="1004" name="icmp_ln116_fu_291">
<pin_list>
<pin id="292" dir="0" index="0" bw="8" slack="0"/>
<pin id="293" dir="0" index="1" bw="8" slack="0"/>
<pin id="294" dir="1" index="2" bw="1" slack="2"/>
</pin_list>
<bind>
<opcode="icmp(45) " fcode="icmp"/>
<opset="icmp_ln116/1 "/>
</bind>
</comp>

<comp id="297" class="1004" name="add_ln116_fu_297">
<pin_list>
<pin id="298" dir="0" index="0" bw="8" slack="0"/>
<pin id="299" dir="0" index="1" bw="1" slack="0"/>
<pin id="300" dir="1" index="2" bw="8" slack="0"/>
</pin_list>
<bind>
<opcode="add(8) " fcode="add"/>
<opset="add_ln116/1 "/>
</bind>
</comp>

<comp id="303" class="1004" name="store_ln116_store_fu_303">
<pin_list>
<pin id="304" dir="0" index="0" bw="8" slack="0"/>
<pin id="305" dir="0" index="1" bw="8" slack="0"/>
<pin id="306" dir="1" index="2" bw="0" slack="2147483647"/>
</pin_list>
<bind>
<opcode="store(28) " fcode="store"/>
<opset="store_ln116/1 "/>
</bind>
</comp>

<comp id="308" class="1004" name="j_load_load_fu_308">
<pin_list>
<pin id="309" dir="0" index="0" bw="4" slack="1"/>
<pin id="310" dir="1" index="1" bw="4" slack="0"/>
</pin_list>
<bind>
<opcode="load(27) " fcode="load"/>
<opset="j_load/2 "/>
</bind>
</comp>

<comp id="311" class="1004" name="i_load_load_fu_311">
<pin_list>
<pin id="312" dir="0" index="0" bw="5" slack="1"/>
<pin id="313" dir="1" index="1" bw="5" slack="0"/>
</pin_list>
<bind>
<opcode="load(27) " fcode="load"/>
<opset="i_load/2 "/>
</bind>
</comp>

<comp id="314" class="1004" name="icmp_ln117_fu_314">
<pin_list>
<pin id="315" dir="0" index="0" bw="4" slack="0"/>
<pin id="316" dir="0" index="1" bw="4" slack="0"/>
<pin id="317" dir="1" index="2" bw="1" slack="0"/>
</pin_list>
<bind>
<opcode="icmp(45) " fcode="icmp"/>
<opset="icmp_ln117/2 "/>
</bind>
</comp>

<comp id="320" class="1004" name="select_ln116_fu_320">
<pin_list>
<pin id="321" dir="0" index="0" bw="1" slack="0"/>
<pin id="322" dir="0" index="1" bw="4" slack="0"/>
<pin id="323" dir="0" index="2" bw="4" slack="0"/>
<pin id="324" dir="1" index="3" bw="4" slack="0"/>
</pin_list>
<bind>
<opcode="select(49) " fcode="select"/>
<opset="select_ln116/2 "/>
</bind>
</comp>

<comp id="328" class="1004" name="empty_fu_328">
<pin_list>
<pin id="329" dir="0" index="0" bw="1" slack="0"/>
<pin id="330" dir="0" index="1" bw="5" slack="0"/>
<pin id="331" dir="0" index="2" bw="5" slack="0"/>
<pin id="332" dir="1" index="3" bw="5" slack="0"/>
</pin_list>
<bind>
<opcode="select(49) " fcode="select"/>
<opset="empty/2 "/>
</bind>
</comp>

<comp id="336" class="1004" name="add_ln116_1_fu_336">
<pin_list>
<pin id="337" dir="0" index="0" bw="5" slack="0"/>
<pin id="338" dir="0" index="1" bw="1" slack="0"/>
<pin id="339" dir="1" index="2" bw="5" slack="0"/>
</pin_list>
<bind>
<opcode="add(8) " fcode="add"/>
<opset="add_ln116_1/2 "/>
</bind>
</comp>

<comp id="342" class="1004" name="zext_ln116_fu_342">
<pin_list>
<pin id="343" dir="0" index="0" bw="5" slack="0"/>
<pin id="344" dir="1" index="1" bw="64" slack="0"/>
</pin_list>
<bind>
<opcode="zext(34) " fcode="zext"/>
<opset="zext_ln116/2 "/>
</bind>
</comp>

<comp id="358" class="1004" name="trunc_ln119_fu_358">
<pin_list>
<pin id="359" dir="0" index="0" bw="5" slack="0"/>
<pin id="360" dir="1" index="1" bw="4" slack="0"/>
</pin_list>
<bind>
<opcode="trunc(33) " fcode="trunc"/>
<opset="trunc_ln119/2 "/>
</bind>
</comp>

<comp id="362" class="1004" name="p_shl_fu_362">
<pin_list>
<pin id="363" dir="0" index="0" bw="8" slack="0"/>
<pin id="364" dir="0" index="1" bw="4" slack="0"/>
<pin id="365" dir="0" index="2" bw="1" slack="0"/>
<pin id="366" dir="1" index="3" bw="8" slack="0"/>
</pin_list>
<bind>
<opcode="bitconcatenate(1004) " fcode="bitconcatenate"/>
<opset="p_shl/2 "/>
</bind>
</comp>

<comp id="370" class="1004" name="tmp_fu_370">
<pin_list>
<pin id="371" dir="0" index="0" bw="7" slack="0"/>
<pin id="372" dir="0" index="1" bw="5" slack="0"/>
<pin id="373" dir="0" index="2" bw="1" slack="0"/>
<pin id="374" dir="1" index="3" bw="7" slack="0"/>
</pin_list>
<bind>
<opcode="bitconcatenate(1004) " fcode="bitconcatenate"/>
<opset="tmp/2 "/>
</bind>
</comp>

<comp id="378" class="1004" name="zext_ln119_fu_378">
<pin_list>
<pin id="379" dir="0" index="0" bw="7" slack="0"/>
<pin id="380" dir="1" index="1" bw="8" slack="0"/>
</pin_list>
<bind>
<opcode="zext(34) " fcode="zext"/>
<opset="zext_ln119/2 "/>
</bind>
</comp>

<comp id="382" class="1004" name="sub_ln119_fu_382">
<pin_list>
<pin id="383" dir="0" index="0" bw="8" slack="0"/>
<pin id="384" dir="0" index="1" bw="7" slack="0"/>
<pin id="385" dir="1" index="2" bw="8" slack="0"/>
</pin_list>
<bind>
<opcode="sub(10) " fcode="sub"/>
<opset="sub_ln119/2 "/>
</bind>
</comp>

<comp id="388" class="1004" name="zext_ln117_fu_388">
<pin_list>
<pin id="389" dir="0" index="0" bw="4" slack="0"/>
<pin id="390" dir="1" index="1" bw="8" slack="0"/>
</pin_list>
<bind>
<opcode="zext(34) " fcode="zext"/>
<opset="zext_ln117/2 "/>
</bind>
</comp>

<comp id="392" class="1004" name="add_ln119_fu_392">
<pin_list>
<pin id="393" dir="0" index="0" bw="4" slack="0"/>
<pin id="394" dir="0" index="1" bw="8" slack="0"/>
<pin id="395" dir="1" index="2" bw="8" slack="2"/>
</pin_list>
<bind>
<opcode="add(8) " fcode="add"/>
<opset="add_ln119/2 "/>
</bind>
</comp>

<comp id="398" class="1004" name="add_ln117_fu_398">
<pin_list>
<pin id="399" dir="0" index="0" bw="4" slack="0"/>
<pin id="400" dir="0" index="1" bw="1" slack="0"/>
<pin id="401" dir="1" index="2" bw="4" slack="0"/>
</pin_list>
<bind>
<opcode="add(8) " fcode="add"/>
<opset="add_ln117/2 "/>
</bind>
</comp>

<comp id="404" class="1004" name="store_ln116_store_fu_404">
<pin_list>
<pin id="405" dir="0" index="0" bw="5" slack="0"/>
<pin id="406" dir="0" index="1" bw="5" slack="1"/>
<pin id="407" dir="1" index="2" bw="0" slack="2147483647"/>
</pin_list>
<bind>
<opcode="store(28) " fcode="store"/>
<opset="store_ln116/2 "/>
</bind>
</comp>

<comp id="409" class="1004" name="store_ln117_store_fu_409">
<pin_list>
<pin id="410" dir="0" index="0" bw="4" slack="0"/>
<pin id="411" dir="0" index="1" bw="4" slack="1"/>
<pin id="412" dir="1" index="2" bw="0" slack="2147483647"/>
</pin_list>
<bind>
<opcode="store(28) " fcode="store"/>
<opset="store_ln117/2 "/>
</bind>
</comp>

<comp id="414" class="1004" name="tmp_s_fu_414">
<pin_list>
<pin id="415" dir="0" index="0" bw="7" slack="0"/>
<pin id="416" dir="0" index="1" bw="4" slack="0"/>
<pin id="417" dir="0" index="2" bw="7" slack="0"/>
<pin id="418" dir="0" index="3" bw="4" slack="0"/>
<pin id="419" dir="0" index="4" bw="7" slack="0"/>
<pin id="420" dir="0" index="5" bw="4" slack="0"/>
<pin id="421" dir="0" index="6" bw="7" slack="0"/>
<pin id="422" dir="0" index="7" bw="4" slack="0"/>
<pin id="423" dir="0" index="8" bw="7" slack="0"/>
<pin id="424" dir="0" index="9" bw="4" slack="0"/>
<pin id="425" dir="0" index="10" bw="7" slack="0"/>
<pin id="426" dir="0" index="11" bw="4" slack="0"/>
<pin id="427" dir="0" index="12" bw="7" slack="0"/>
<pin id="428" dir="0" index="13" bw="4" slack="0"/>
<pin id="429" dir="0" index="14" bw="7" slack="0"/>
<pin id="430" dir="0" index="15" bw="4" slack="0"/>
<pin id="431" dir="0" index="16" bw="7" slack="0"/>
<pin id="432" dir="0" index="17" bw="4" slack="0"/>
<pin id="433" dir="0" index="18" bw="7" slack="0"/>
<pin id="434" dir="0" index="19" bw="4" slack="0"/>
<pin id="435" dir="0" index="20" bw="7" slack="0"/>
<pin id="436" dir="0" index="21" bw="4" slack="0"/>
<pin id="437" dir="0" index="22" bw="7" slack="0"/>
<pin id="438" dir="0" index="23" bw="4" slack="0"/>
<pin id="439" dir="0" index="24" bw="7" slack="0"/>
<pin id="440" dir="0" index="25" bw="7" slack="0"/>
<pin id="441" dir="0" index="26" bw="4" slack="1"/>
<pin id="442" dir="1" index="27" bw="7" slack="1"/>
</pin_list>
<bind>
<opcode="sparsemux(1197) " fcode="sparsemux"/>
<opset="tmp_s/3 "/>
</bind>
</comp>

<comp id="469" class="1004" name="zext_ln119_1_fu_469">
<pin_list>
<pin id="470" dir="0" index="0" bw="8" slack="2"/>
<pin id="471" dir="1" index="1" bw="64" slack="0"/>
</pin_list>
<bind>
<opcode="zext(34) " fcode="zext"/>
<opset="zext_ln119_1/4 "/>
</bind>
</comp>

<comp id="473" class="1005" name="j_reg_473">
<pin_list>
<pin id="474" dir="0" index="0" bw="4" slack="0"/>
<pin id="475" dir="1" index="1" bw="4" slack="0"/>
</pin_list>
<bind>
<opset="j "/>
</bind>
</comp>

<comp id="480" class="1005" name="i_reg_480">
<pin_list>
<pin id="481" dir="0" index="0" bw="5" slack="0"/>
<pin id="482" dir="1" index="1" bw="5" slack="0"/>
</pin_list>
<bind>
<opset="i "/>
</bind>
</comp>

<comp id="487" class="1005" name="indvar_flatten_reg_487">
<pin_list>
<pin id="488" dir="0" index="0" bw="8" slack="0"/>
<pin id="489" dir="1" index="1" bw="8" slack="0"/>
</pin_list>
<bind>
<opset="indvar_flatten "/>
</bind>
</comp>

<comp id="494" class="1005" name="icmp_ln116_reg_494">
<pin_list>
<pin id="495" dir="0" index="0" bw="1" slack="2"/>
<pin id="496" dir="1" index="1" bw="1" slack="2147483647"/>
</pin_list>
<bind>
<opset="icmp_ln116 "/>
</bind>
</comp>

<comp id="498" class="1005" name="select_ln116_reg_498">
<pin_list>
<pin id="499" dir="0" index="0" bw="4" slack="1"/>
<pin id="500" dir="1" index="1" bw="4" slack="1"/>
</pin_list>
<bind>
<opset="select_ln116 "/>
</bind>
</comp>

<comp id="503" class="1005" name="buffer_c3_addr_reg_503">
<pin_list>
<pin id="504" dir="0" index="0" bw="4" slack="1"/>
<pin id="505" dir="1" index="1" bw="4" slack="1"/>
</pin_list>
<bind>
<opset="buffer_c3_addr "/>
</bind>
</comp>

<comp id="508" class="1005" name="buffer_c3_1_addr_reg_508">
<pin_list>
<pin id="509" dir="0" index="0" bw="4" slack="1"/>
<pin id="510" dir="1" index="1" bw="4" slack="1"/>
</pin_list>
<bind>
<opset="buffer_c3_1_addr "/>
</bind>
</comp>

<comp id="513" class="1005" name="buffer_c3_2_addr_reg_513">
<pin_list>
<pin id="514" dir="0" index="0" bw="4" slack="1"/>
<pin id="515" dir="1" index="1" bw="4" slack="1"/>
</pin_list>
<bind>
<opset="buffer_c3_2_addr "/>
</bind>
</comp>

<comp id="518" class="1005" name="buffer_c3_3_addr_reg_518">
<pin_list>
<pin id="519" dir="0" index="0" bw="4" slack="1"/>
<pin id="520" dir="1" index="1" bw="4" slack="1"/>
</pin_list>
<bind>
<opset="buffer_c3_3_addr "/>
</bind>
</comp>

<comp id="523" class="1005" name="buffer_c3_4_addr_reg_523">
<pin_list>
<pin id="524" dir="0" index="0" bw="4" slack="1"/>
<pin id="525" dir="1" index="1" bw="4" slack="1"/>
</pin_list>
<bind>
<opset="buffer_c3_4_addr "/>
</bind>
</comp>

<comp id="528" class="1005" name="buffer_c3_5_addr_reg_528">
<pin_list>
<pin id="529" dir="0" index="0" bw="4" slack="1"/>
<pin id="530" dir="1" index="1" bw="4" slack="1"/>
</pin_list>
<bind>
<opset="buffer_c3_5_addr "/>
</bind>
</comp>

<comp id="533" class="1005" name="buffer_c3_6_addr_reg_533">
<pin_list>
<pin id="534" dir="0" index="0" bw="4" slack="1"/>
<pin id="535" dir="1" index="1" bw="4" slack="1"/>
</pin_list>
<bind>
<opset="buffer_c3_6_addr "/>
</bind>
</comp>

<comp id="538" class="1005" name="buffer_c3_7_addr_reg_538">
<pin_list>
<pin id="539" dir="0" index="0" bw="4" slack="1"/>
<pin id="540" dir="1" index="1" bw="4" slack="1"/>
</pin_list>
<bind>
<opset="buffer_c3_7_addr "/>
</bind>
</comp>

<comp id="543" class="1005" name="buffer_c3_8_addr_reg_543">
<pin_list>
<pin id="544" dir="0" index="0" bw="4" slack="1"/>
<pin id="545" dir="1" index="1" bw="4" slack="1"/>
</pin_list>
<bind>
<opset="buffer_c3_8_addr "/>
</bind>
</comp>

<comp id="548" class="1005" name="buffer_c3_9_addr_reg_548">
<pin_list>
<pin id="549" dir="0" index="0" bw="4" slack="1"/>
<pin id="550" dir="1" index="1" bw="4" slack="1"/>
</pin_list>
<bind>
<opset="buffer_c3_9_addr "/>
</bind>
</comp>

<comp id="553" class="1005" name="buffer_c3_10_addr_reg_553">
<pin_list>
<pin id="554" dir="0" index="0" bw="4" slack="1"/>
<pin id="555" dir="1" index="1" bw="4" slack="1"/>
</pin_list>
<bind>
<opset="buffer_c3_10_addr "/>
</bind>
</comp>

<comp id="558" class="1005" name="buffer_c3_11_addr_reg_558">
<pin_list>
<pin id="559" dir="0" index="0" bw="4" slack="1"/>
<pin id="560" dir="1" index="1" bw="4" slack="1"/>
</pin_list>
<bind>
<opset="buffer_c3_11_addr "/>
</bind>
</comp>

<comp id="563" class="1005" name="add_ln119_reg_563">
<pin_list>
<pin id="564" dir="0" index="0" bw="8" slack="2"/>
<pin id="565" dir="1" index="1" bw="8" slack="2"/>
</pin_list>
<bind>
<opset="add_ln119 "/>
</bind>
</comp>

<comp id="568" class="1005" name="tmp_s_reg_568">
<pin_list>
<pin id="569" dir="0" index="0" bw="7" slack="1"/>
<pin id="570" dir="1" index="1" bw="7" slack="1"/>
</pin_list>
<bind>
<opset="tmp_s "/>
</bind>
</comp>

</comp_list>

<net_list>
<net id="95"><net_src comp="26" pin="0"/><net_sink comp="92" pin=0"/></net>

<net id="99"><net_src comp="26" pin="0"/><net_sink comp="96" pin=0"/></net>

<net id="103"><net_src comp="26" pin="0"/><net_sink comp="100" pin=0"/></net>

<net id="109"><net_src comp="0" pin="0"/><net_sink comp="104" pin=0"/></net>

<net id="110"><net_src comp="48" pin="0"/><net_sink comp="104" pin=1"/></net>

<net id="116"><net_src comp="2" pin="0"/><net_sink comp="111" pin=0"/></net>

<net id="117"><net_src comp="48" pin="0"/><net_sink comp="111" pin=1"/></net>

<net id="123"><net_src comp="4" pin="0"/><net_sink comp="118" pin=0"/></net>

<net id="124"><net_src comp="48" pin="0"/><net_sink comp="118" pin=1"/></net>

<net id="130"><net_src comp="6" pin="0"/><net_sink comp="125" pin=0"/></net>

<net id="131"><net_src comp="48" pin="0"/><net_sink comp="125" pin=1"/></net>

<net id="137"><net_src comp="8" pin="0"/><net_sink comp="132" pin=0"/></net>

<net id="138"><net_src comp="48" pin="0"/><net_sink comp="132" pin=1"/></net>

<net id="144"><net_src comp="10" pin="0"/><net_sink comp="139" pin=0"/></net>

<net id="145"><net_src comp="48" pin="0"/><net_sink comp="139" pin=1"/></net>

<net id="151"><net_src comp="12" pin="0"/><net_sink comp="146" pin=0"/></net>

<net id="152"><net_src comp="48" pin="0"/><net_sink comp="146" pin=1"/></net>

<net id="158"><net_src comp="14" pin="0"/><net_sink comp="153" pin=0"/></net>

<net id="159"><net_src comp="48" pin="0"/><net_sink comp="153" pin=1"/></net>

<net id="165"><net_src comp="16" pin="0"/><net_sink comp="160" pin=0"/></net>

<net id="166"><net_src comp="48" pin="0"/><net_sink comp="160" pin=1"/></net>

<net id="172"><net_src comp="18" pin="0"/><net_sink comp="167" pin=0"/></net>

<net id="173"><net_src comp="48" pin="0"/><net_sink comp="167" pin=1"/></net>

<net id="179"><net_src comp="20" pin="0"/><net_sink comp="174" pin=0"/></net>

<net id="180"><net_src comp="48" pin="0"/><net_sink comp="174" pin=1"/></net>

<net id="186"><net_src comp="22" pin="0"/><net_sink comp="181" pin=0"/></net>

<net id="187"><net_src comp="48" pin="0"/><net_sink comp="181" pin=1"/></net>

<net id="193"><net_src comp="104" pin="3"/><net_sink comp="188" pin=0"/></net>

<net id="199"><net_src comp="111" pin="3"/><net_sink comp="194" pin=0"/></net>

<net id="205"><net_src comp="118" pin="3"/><net_sink comp="200" pin=0"/></net>

<net id="211"><net_src comp="125" pin="3"/><net_sink comp="206" pin=0"/></net>

<net id="217"><net_src comp="132" pin="3"/><net_sink comp="212" pin=0"/></net>

<net id="223"><net_src comp="139" pin="3"/><net_sink comp="218" pin=0"/></net>

<net id="229"><net_src comp="146" pin="3"/><net_sink comp="224" pin=0"/></net>

<net id="235"><net_src comp="153" pin="3"/><net_sink comp="230" pin=0"/></net>

<net id="241"><net_src comp="160" pin="3"/><net_sink comp="236" pin=0"/></net>

<net id="247"><net_src comp="167" pin="3"/><net_sink comp="242" pin=0"/></net>

<net id="253"><net_src comp="174" pin="3"/><net_sink comp="248" pin=0"/></net>

<net id="259"><net_src comp="181" pin="3"/><net_sink comp="254" pin=0"/></net>

<net id="265"><net_src comp="24" pin="0"/><net_sink comp="260" pin=0"/></net>

<net id="266"><net_src comp="48" pin="0"/><net_sink comp="260" pin=1"/></net>

<net id="272"><net_src comp="260" pin="3"/><net_sink comp="267" pin=0"/></net>

<net id="277"><net_src comp="28" pin="0"/><net_sink comp="273" pin=0"/></net>

<net id="282"><net_src comp="30" pin="0"/><net_sink comp="278" pin=0"/></net>

<net id="287"><net_src comp="32" pin="0"/><net_sink comp="283" pin=0"/></net>

<net id="295"><net_src comp="288" pin="1"/><net_sink comp="291" pin=0"/></net>

<net id="296"><net_src comp="34" pin="0"/><net_sink comp="291" pin=1"/></net>

<net id="301"><net_src comp="288" pin="1"/><net_sink comp="297" pin=0"/></net>

<net id="302"><net_src comp="36" pin="0"/><net_sink comp="297" pin=1"/></net>

<net id="307"><net_src comp="297" pin="2"/><net_sink comp="303" pin=0"/></net>

<net id="318"><net_src comp="308" pin="1"/><net_sink comp="314" pin=0"/></net>

<net id="319"><net_src comp="38" pin="0"/><net_sink comp="314" pin=1"/></net>

<net id="325"><net_src comp="314" pin="2"/><net_sink comp="320" pin=0"/></net>

<net id="326"><net_src comp="32" pin="0"/><net_sink comp="320" pin=1"/></net>

<net id="327"><net_src comp="308" pin="1"/><net_sink comp="320" pin=2"/></net>

<net id="333"><net_src comp="314" pin="2"/><net_sink comp="328" pin=0"/></net>

<net id="334"><net_src comp="40" pin="0"/><net_sink comp="328" pin=1"/></net>

<net id="335"><net_src comp="30" pin="0"/><net_sink comp="328" pin=2"/></net>

<net id="340"><net_src comp="311" pin="1"/><net_sink comp="336" pin=0"/></net>

<net id="341"><net_src comp="328" pin="3"/><net_sink comp="336" pin=1"/></net>

<net id="345"><net_src comp="336" pin="2"/><net_sink comp="342" pin=0"/></net>

<net id="346"><net_src comp="342" pin="1"/><net_sink comp="104" pin=2"/></net>

<net id="347"><net_src comp="342" pin="1"/><net_sink comp="111" pin=2"/></net>

<net id="348"><net_src comp="342" pin="1"/><net_sink comp="118" pin=2"/></net>

<net id="349"><net_src comp="342" pin="1"/><net_sink comp="125" pin=2"/></net>

<net id="350"><net_src comp="342" pin="1"/><net_sink comp="132" pin=2"/></net>

<net id="351"><net_src comp="342" pin="1"/><net_sink comp="139" pin=2"/></net>

<net id="352"><net_src comp="342" pin="1"/><net_sink comp="146" pin=2"/></net>

<net id="353"><net_src comp="342" pin="1"/><net_sink comp="153" pin=2"/></net>

<net id="354"><net_src comp="342" pin="1"/><net_sink comp="160" pin=2"/></net>

<net id="355"><net_src comp="342" pin="1"/><net_sink comp="167" pin=2"/></net>

<net id="356"><net_src comp="342" pin="1"/><net_sink comp="174" pin=2"/></net>

<net id="357"><net_src comp="342" pin="1"/><net_sink comp="181" pin=2"/></net>

<net id="361"><net_src comp="336" pin="2"/><net_sink comp="358" pin=0"/></net>

<net id="367"><net_src comp="42" pin="0"/><net_sink comp="362" pin=0"/></net>

<net id="368"><net_src comp="358" pin="1"/><net_sink comp="362" pin=1"/></net>

<net id="369"><net_src comp="32" pin="0"/><net_sink comp="362" pin=2"/></net>

<net id="375"><net_src comp="44" pin="0"/><net_sink comp="370" pin=0"/></net>

<net id="376"><net_src comp="336" pin="2"/><net_sink comp="370" pin=1"/></net>

<net id="377"><net_src comp="46" pin="0"/><net_sink comp="370" pin=2"/></net>

<net id="381"><net_src comp="370" pin="3"/><net_sink comp="378" pin=0"/></net>

<net id="386"><net_src comp="362" pin="3"/><net_sink comp="382" pin=0"/></net>

<net id="387"><net_src comp="378" pin="1"/><net_sink comp="382" pin=1"/></net>

<net id="391"><net_src comp="320" pin="3"/><net_sink comp="388" pin=0"/></net>

<net id="396"><net_src comp="388" pin="1"/><net_sink comp="392" pin=0"/></net>

<net id="397"><net_src comp="382" pin="2"/><net_sink comp="392" pin=1"/></net>

<net id="402"><net_src comp="320" pin="3"/><net_sink comp="398" pin=0"/></net>

<net id="403"><net_src comp="50" pin="0"/><net_sink comp="398" pin=1"/></net>

<net id="408"><net_src comp="336" pin="2"/><net_sink comp="404" pin=0"/></net>

<net id="413"><net_src comp="398" pin="2"/><net_sink comp="409" pin=0"/></net>

<net id="443"><net_src comp="52" pin="0"/><net_sink comp="414" pin=0"/></net>

<net id="444"><net_src comp="32" pin="0"/><net_sink comp="414" pin=1"/></net>

<net id="445"><net_src comp="188" pin="3"/><net_sink comp="414" pin=2"/></net>

<net id="446"><net_src comp="50" pin="0"/><net_sink comp="414" pin=3"/></net>

<net id="447"><net_src comp="194" pin="3"/><net_sink comp="414" pin=4"/></net>

<net id="448"><net_src comp="54" pin="0"/><net_sink comp="414" pin=5"/></net>

<net id="449"><net_src comp="200" pin="3"/><net_sink comp="414" pin=6"/></net>

<net id="450"><net_src comp="56" pin="0"/><net_sink comp="414" pin=7"/></net>

<net id="451"><net_src comp="206" pin="3"/><net_sink comp="414" pin=8"/></net>

<net id="452"><net_src comp="58" pin="0"/><net_sink comp="414" pin=9"/></net>

<net id="453"><net_src comp="212" pin="3"/><net_sink comp="414" pin=10"/></net>

<net id="454"><net_src comp="60" pin="0"/><net_sink comp="414" pin=11"/></net>

<net id="455"><net_src comp="218" pin="3"/><net_sink comp="414" pin=12"/></net>

<net id="456"><net_src comp="62" pin="0"/><net_sink comp="414" pin=13"/></net>

<net id="457"><net_src comp="224" pin="3"/><net_sink comp="414" pin=14"/></net>

<net id="458"><net_src comp="64" pin="0"/><net_sink comp="414" pin=15"/></net>

<net id="459"><net_src comp="230" pin="3"/><net_sink comp="414" pin=16"/></net>

<net id="460"><net_src comp="66" pin="0"/><net_sink comp="414" pin=17"/></net>

<net id="461"><net_src comp="236" pin="3"/><net_sink comp="414" pin=18"/></net>

<net id="462"><net_src comp="68" pin="0"/><net_sink comp="414" pin=19"/></net>

<net id="463"><net_src comp="242" pin="3"/><net_sink comp="414" pin=20"/></net>

<net id="464"><net_src comp="70" pin="0"/><net_sink comp="414" pin=21"/></net>

<net id="465"><net_src comp="248" pin="3"/><net_sink comp="414" pin=22"/></net>

<net id="466"><net_src comp="72" pin="0"/><net_sink comp="414" pin=23"/></net>

<net id="467"><net_src comp="254" pin="3"/><net_sink comp="414" pin=24"/></net>

<net id="468"><net_src comp="74" pin="0"/><net_sink comp="414" pin=25"/></net>

<net id="472"><net_src comp="469" pin="1"/><net_sink comp="260" pin=2"/></net>

<net id="476"><net_src comp="92" pin="1"/><net_sink comp="473" pin=0"/></net>

<net id="477"><net_src comp="473" pin="1"/><net_sink comp="283" pin=1"/></net>

<net id="478"><net_src comp="473" pin="1"/><net_sink comp="308" pin=0"/></net>

<net id="479"><net_src comp="473" pin="1"/><net_sink comp="409" pin=1"/></net>

<net id="483"><net_src comp="96" pin="1"/><net_sink comp="480" pin=0"/></net>

<net id="484"><net_src comp="480" pin="1"/><net_sink comp="278" pin=1"/></net>

<net id="485"><net_src comp="480" pin="1"/><net_sink comp="311" pin=0"/></net>

<net id="486"><net_src comp="480" pin="1"/><net_sink comp="404" pin=1"/></net>

<net id="490"><net_src comp="100" pin="1"/><net_sink comp="487" pin=0"/></net>

<net id="491"><net_src comp="487" pin="1"/><net_sink comp="273" pin=1"/></net>

<net id="492"><net_src comp="487" pin="1"/><net_sink comp="288" pin=0"/></net>

<net id="493"><net_src comp="487" pin="1"/><net_sink comp="303" pin=1"/></net>

<net id="497"><net_src comp="291" pin="2"/><net_sink comp="494" pin=0"/></net>

<net id="501"><net_src comp="320" pin="3"/><net_sink comp="498" pin=0"/></net>

<net id="502"><net_src comp="498" pin="1"/><net_sink comp="414" pin=26"/></net>

<net id="506"><net_src comp="104" pin="3"/><net_sink comp="503" pin=0"/></net>

<net id="507"><net_src comp="503" pin="1"/><net_sink comp="188" pin=0"/></net>

<net id="511"><net_src comp="111" pin="3"/><net_sink comp="508" pin=0"/></net>

<net id="512"><net_src comp="508" pin="1"/><net_sink comp="194" pin=0"/></net>

<net id="516"><net_src comp="118" pin="3"/><net_sink comp="513" pin=0"/></net>

<net id="517"><net_src comp="513" pin="1"/><net_sink comp="200" pin=0"/></net>

<net id="521"><net_src comp="125" pin="3"/><net_sink comp="518" pin=0"/></net>

<net id="522"><net_src comp="518" pin="1"/><net_sink comp="206" pin=0"/></net>

<net id="526"><net_src comp="132" pin="3"/><net_sink comp="523" pin=0"/></net>

<net id="527"><net_src comp="523" pin="1"/><net_sink comp="212" pin=0"/></net>

<net id="531"><net_src comp="139" pin="3"/><net_sink comp="528" pin=0"/></net>

<net id="532"><net_src comp="528" pin="1"/><net_sink comp="218" pin=0"/></net>

<net id="536"><net_src comp="146" pin="3"/><net_sink comp="533" pin=0"/></net>

<net id="537"><net_src comp="533" pin="1"/><net_sink comp="224" pin=0"/></net>

<net id="541"><net_src comp="153" pin="3"/><net_sink comp="538" pin=0"/></net>

<net id="542"><net_src comp="538" pin="1"/><net_sink comp="230" pin=0"/></net>

<net id="546"><net_src comp="160" pin="3"/><net_sink comp="543" pin=0"/></net>

<net id="547"><net_src comp="543" pin="1"/><net_sink comp="236" pin=0"/></net>

<net id="551"><net_src comp="167" pin="3"/><net_sink comp="548" pin=0"/></net>

<net id="552"><net_src comp="548" pin="1"/><net_sink comp="242" pin=0"/></net>

<net id="556"><net_src comp="174" pin="3"/><net_sink comp="553" pin=0"/></net>

<net id="557"><net_src comp="553" pin="1"/><net_sink comp="248" pin=0"/></net>

<net id="561"><net_src comp="181" pin="3"/><net_sink comp="558" pin=0"/></net>

<net id="562"><net_src comp="558" pin="1"/><net_sink comp="254" pin=0"/></net>

<net id="566"><net_src comp="392" pin="2"/><net_sink comp="563" pin=0"/></net>

<net id="567"><net_src comp="563" pin="1"/><net_sink comp="469" pin=0"/></net>

<net id="571"><net_src comp="414" pin="27"/><net_sink comp="568" pin=0"/></net>

<net id="572"><net_src comp="568" pin="1"/><net_sink comp="267" pin=1"/></net>

</net_list>

</model> 
---------------- Datapath Model END ------------------

* FSMD analyzer results:
  - Output states:
	Port: flatten | {4 }
 - Input state : 
	Port: tiny_ecg_inference_Pipeline_VITIS_LOOP_116_12_VITIS_LOOP_117_13 : buffer_c3 | {2 3 }
	Port: tiny_ecg_inference_Pipeline_VITIS_LOOP_116_12_VITIS_LOOP_117_13 : buffer_c3_1 | {2 3 }
	Port: tiny_ecg_inference_Pipeline_VITIS_LOOP_116_12_VITIS_LOOP_117_13 : buffer_c3_2 | {2 3 }
	Port: tiny_ecg_inference_Pipeline_VITIS_LOOP_116_12_VITIS_LOOP_117_13 : buffer_c3_3 | {2 3 }
	Port: tiny_ecg_inference_Pipeline_VITIS_LOOP_116_12_VITIS_LOOP_117_13 : buffer_c3_4 | {2 3 }
	Port: tiny_ecg_inference_Pipeline_VITIS_LOOP_116_12_VITIS_LOOP_117_13 : buffer_c3_5 | {2 3 }
	Port: tiny_ecg_inference_Pipeline_VITIS_LOOP_116_12_VITIS_LOOP_117_13 : buffer_c3_6 | {2 3 }
	Port: tiny_ecg_inference_Pipeline_VITIS_LOOP_116_12_VITIS_LOOP_117_13 : buffer_c3_7 | {2 3 }
	Port: tiny_ecg_inference_Pipeline_VITIS_LOOP_116_12_VITIS_LOOP_117_13 : buffer_c3_8 | {2 3 }
	Port: tiny_ecg_inference_Pipeline_VITIS_LOOP_116_12_VITIS_LOOP_117_13 : buffer_c3_9 | {2 3 }
	Port: tiny_ecg_inference_Pipeline_VITIS_LOOP_116_12_VITIS_LOOP_117_13 : buffer_c3_10 | {2 3 }
	Port: tiny_ecg_inference_Pipeline_VITIS_LOOP_116_12_VITIS_LOOP_117_13 : buffer_c3_11 | {2 3 }
  - Chain level:
	State 1
		store_ln0 : 1
		store_ln116 : 1
		store_ln117 : 1
		indvar_flatten_load : 1
		icmp_ln116 : 2
		add_ln116 : 2
		br_ln116 : 3
		store_ln116 : 3
	State 2
		icmp_ln117 : 1
		select_ln116 : 2
		empty : 2
		add_ln116_1 : 3
		zext_ln116 : 4
		trunc_ln119 : 4
		p_shl : 5
		tmp : 4
		zext_ln119 : 5
		sub_ln119 : 6
		buffer_c3_addr : 5
		buffer_c3_1_addr : 5
		buffer_c3_2_addr : 5
		buffer_c3_3_addr : 5
		buffer_c3_4_addr : 5
		buffer_c3_5_addr : 5
		buffer_c3_6_addr : 5
		buffer_c3_7_addr : 5
		buffer_c3_8_addr : 5
		buffer_c3_9_addr : 5
		buffer_c3_10_addr : 5
		buffer_c3_11_addr : 5
		buffer_c3_load : 6
		buffer_c3_1_load : 6
		buffer_c3_2_load : 6
		buffer_c3_3_load : 6
		buffer_c3_4_load : 6
		buffer_c3_5_load : 6
		buffer_c3_6_load : 6
		buffer_c3_7_load : 6
		buffer_c3_8_load : 6
		buffer_c3_9_load : 6
		buffer_c3_10_load : 6
		buffer_c3_11_load : 6
		zext_ln117 : 3
		add_ln119 : 7
		add_ln117 : 3
		store_ln116 : 4
		store_ln117 : 4
	State 3
		tmp_s : 1
	State 4
		flatten_addr : 1
		store_ln119 : 2


============================================================
+ Verbose Summary: Datapath Resource usage 
============================================================

* Functional unit list:
|----------|---------------------|---------|---------|
| Operation|   Functional Unit   |    FF   |   LUT   |
|----------|---------------------|---------|---------|
| sparsemux|     tmp_s_fu_414    |    0    |    65   |
|----------|---------------------|---------|---------|
|          |   add_ln116_fu_297  |    0    |    15   |
|    add   |  add_ln116_1_fu_336 |    0    |    13   |
|          |   add_ln119_fu_392  |    0    |    8    |
|          |   add_ln117_fu_398  |    0    |    13   |
|----------|---------------------|---------|---------|
|   icmp   |  icmp_ln116_fu_291  |    0    |    15   |
|          |  icmp_ln117_fu_314  |    0    |    13   |
|----------|---------------------|---------|---------|
|  select  | select_ln116_fu_320 |    0    |    4    |
|          |     empty_fu_328    |    0    |    5    |
|----------|---------------------|---------|---------|
|    sub   |   sub_ln119_fu_382  |    0    |    8    |
|----------|---------------------|---------|---------|
|          |  zext_ln116_fu_342  |    0    |    0    |
|   zext   |  zext_ln119_fu_378  |    0    |    0    |
|          |  zext_ln117_fu_388  |    0    |    0    |
|          | zext_ln119_1_fu_469 |    0    |    0    |
|----------|---------------------|---------|---------|
|   trunc  |  trunc_ln119_fu_358 |    0    |    0    |
|----------|---------------------|---------|---------|
|bitconcatenate|     p_shl_fu_362    |    0    |    0    |
|          |      tmp_fu_370     |    0    |    0    |
|----------|---------------------|---------|---------|
|   Total  |                     |    0    |   159   |
|----------|---------------------|---------|---------|

Memories:
N/A

* Register list:
+-------------------------+--------+
|                         |   FF   |
+-------------------------+--------+
|    add_ln119_reg_563    |    8   |
|buffer_c3_10_addr_reg_553|    4   |
|buffer_c3_11_addr_reg_558|    4   |
| buffer_c3_1_addr_reg_508|    4   |
| buffer_c3_2_addr_reg_513|    4   |
| buffer_c3_3_addr_reg_518|    4   |
| buffer_c3_4_addr_reg_523|    4   |
| buffer_c3_5_addr_reg_528|    4   |
| buffer_c3_6_addr_reg_533|    4   |
| buffer_c3_7_addr_reg_538|    4   |
| buffer_c3_8_addr_reg_543|    4   |
| buffer_c3_9_addr_reg_548|    4   |
|  buffer_c3_addr_reg_503 |    4   |
|        i_reg_480        |    5   |
|    icmp_ln116_reg_494   |    1   |
|  indvar_flatten_reg_487 |    8   |
|        j_reg_473        |    4   |
|   select_ln116_reg_498  |    4   |
|      tmp_s_reg_568      |    7   |
+-------------------------+--------+
|          Total          |   85   |
+-------------------------+--------+

* Multiplexer (MUX) list: 
|-------------------|------|------|------|--------||---------||---------||---------|
|        Comp       |  Pin | Size |  BW  | S x BW ||  Delay  ||    FF   ||   LUT   |
|-------------------|------|------|------|--------||---------||---------||---------|
| grp_access_fu_188 |  p0  |   2  |   4  |    8   ||    0    ||    9    |
| grp_access_fu_194 |  p0  |   2  |   4  |    8   ||    0    ||    9    |
| grp_access_fu_200 |  p0  |   2  |   4  |    8   ||    0    ||    9    |
| grp_access_fu_206 |  p0  |   2  |   4  |    8   ||    0    ||    9    |
| grp_access_fu_212 |  p0  |   2  |   4  |    8   ||    0    ||    9    |
| grp_access_fu_218 |  p0  |   2  |   4  |    8   ||    0    ||    9    |
| grp_access_fu_224 |  p0  |   2  |   4  |    8   ||    0    ||    9    |
| grp_access_fu_230 |  p0  |   2  |   4  |    8   ||    0    ||    9    |
| grp_access_fu_236 |  p0  |   2  |   4  |    8   ||    0    ||    9    |
| grp_access_fu_242 |  p0  |   2  |   4  |    8   ||    0    ||    9    |
| grp_access_fu_248 |  p0  |   2  |   4  |    8   ||    0    ||    9    |
| grp_access_fu_254 |  p0  |   2  |   4  |    8   ||    0    ||    9    |
|-------------------|------|------|------|--------||---------||---------||---------|
|       Total       |      |      |      |   96   ||  19.056 ||    0    ||   108   |
|-------------------|------|------|------|--------||---------||---------||---------|



* Summary:
+-----------+--------+--------+--------+
|           |  Delay |   FF   |   LUT  |
+-----------+--------+--------+--------+
|  Function |    -   |    0   |   159  |
|   Memory  |    -   |    -   |    -   |
|Multiplexer|   19   |    0   |   108  |
|  Register |    -   |   85   |    -   |
+-----------+--------+--------+--------+
|   Total   |   19   |   85   |   267  |
+-----------+--------+--------+--------+
