

================================================================
== Vitis HLS Report for 'tiny_ecg_inference_Pipeline_VITIS_LOOP_116_12_VITIS_LOOP_117_13'
================================================================
* Date:           Sun Aug 30 00:10:57 2026

* Version:        2026.1 (Build 6493734 on Jun 16 2026)
* Project:        Cardiac_1D_CNN_HLS
* Solution:       solution1 (Vivado IP Flow Target)
* Product family: zynq
* Target device:  xc7z020-clg400-1


================================================================
== Performance Estimates
================================================================
+ Timing: 
    * Summary: 
    +--------+----------+----------+------------+
    |  Clock |  Target  | Estimated| Uncertainty|
    +--------+----------+----------+------------+
    |ap_clk  |  10.00 ns|  7.184 ns|     2.70 ns|
    +--------+----------+----------+------------+

+ Latency: 
    * Summary: 
    +---------+---------+----------+----------+-----+-----+-------------------+
    |  Latency (cycles) |  Latency (absolute) |  Interval |      Pipeline     |
    |   min   |   max   |    min   |    max   | min | max |        Type       |
    +---------+---------+----------+----------+-----+-----+-------------------+
    |      196|      196|  1.960 us|  1.960 us|    0|    0|  loop pipeline stp|
    +---------+---------+----------+----------+-----+-----+-------------------+

    + Detail: 
        * Instance: 
        N/A

        * Loop: 
        +---------------------------------------+---------+---------+----------+-----------+-----------+------+----------+
        |                                       |  Latency (cycles) | Iteration|  Initiation Interval  | Trip |          |
        |               Loop Name               |   min   |   max   |  Latency |  achieved |   target  | Count| Pipelined|
        +---------------------------------------+---------+---------+----------+-----------+-----------+------+----------+
        |- VITIS_LOOP_116_12_VITIS_LOOP_117_13  |      194|      194|         4|          1|          1|   192|       yes|
        +---------------------------------------+---------+---------+----------+-----------+-----------+------+----------+

============================================================
+ Verbose Summary: Synthesis Manager
============================================================
InlineROM: 1
ExposeGlobal: 0
============================================================
+ Verbose Summary: CDFG Model
============================================================
IsTopModel: 0
ResetActiveHigh: 1
IsCombinational: 0
IsDatapathOnly: 0
HasWiredReturn: 1
HasMFsm: 2
HasVarLatency: 1
IsPipeline: 0
IsRtlPipelined: 0
IsInstanceOverlapped: 0
IsDontTouch: 0
HasImplIP: 0
IsGatedGlobalClock: 0

+ Individual pipeline summary: 
  * Pipeline-0: initiation interval (II) = 1, depth = 4


============================================================
+ Verbose Summary: Schedule
============================================================
* Number of FSM states : 4
* Pipeline : 1
  Pipeline-0 : II = 1, D = 4, States = { 1 2 3 4 }
* Dataflow Pipeline: 0

* FSM state transitions: 
1 --> 2 
2 --> 3 
3 --> 4 
4 --> 

* FSM state operations: 

State 1 <SV = 0> <Delay = 5.09>
ST_1 : Operation 7 [1/1] (0.00ns)   --->   "%j = alloca i32 1" [cnn_hls.cpp:117]   --->   Operation 7 'alloca' 'j' <Predicate = true> <Delay = 0.00>
ST_1 : Operation 8 [1/1] (0.00ns)   --->   "%i = alloca i32 1" [cnn_hls.cpp:116]   --->   Operation 8 'alloca' 'i' <Predicate = true> <Delay = 0.00>
ST_1 : Operation 9 [1/1] (0.00ns)   --->   "%indvar_flatten = alloca i32 1"   --->   Operation 9 'alloca' 'indvar_flatten' <Predicate = true> <Delay = 0.00>
ST_1 : Operation 10 [1/1] (1.58ns)   --->   "%store_ln0 = store i8 0, i8 %indvar_flatten"   --->   Operation 10 'store' 'store_ln0' <Predicate = true> <Delay = 1.58>
ST_1 : Operation 11 [1/1] (1.58ns)   --->   "%store_ln116 = store i5 0, i5 %i" [cnn_hls.cpp:116]   --->   Operation 11 'store' 'store_ln116' <Predicate = true> <Delay = 1.58>
ST_1 : Operation 12 [1/1] (1.58ns)   --->   "%store_ln117 = store i4 0, i4 %j" [cnn_hls.cpp:117]   --->   Operation 12 'store' 'store_ln117' <Predicate = true> <Delay = 1.58>
ST_1 : Operation 13 [1/1] (0.00ns)   --->   "%br_ln0 = br void %for.inc173"   --->   Operation 13 'br' 'br_ln0' <Predicate = true> <Delay = 0.00>
ST_1 : Operation 14 [1/1] (0.00ns)   --->   "%indvar_flatten_load = load i8 %indvar_flatten" [cnn_hls.cpp:116]   --->   Operation 14 'load' 'indvar_flatten_load' <Predicate = true> <Delay = 0.00>
ST_1 : Operation 15 [1/1] (1.91ns)   --->   "%icmp_ln116 = icmp_eq  i8 %indvar_flatten_load, i8 192" [cnn_hls.cpp:116]   --->   Operation 15 'icmp' 'icmp_ln116' <Predicate = true> <Delay = 1.91> <CoreInst = "Cmp">   --->   Core 9 'Cmp' <Latency = 0> <II = 1> <Delay = 1.91> <FuncUnit> <Opcode : 'seteq' 'setne' 'setle' 'setge' 'setlt' 'setgt'> <InPorts = 2> <OutPorts = 1>
ST_1 : Operation 16 [1/1] (1.91ns)   --->   "%add_ln116 = add i8 %indvar_flatten_load, i8 1" [cnn_hls.cpp:116]   --->   Operation 16 'add' 'add_ln116' <Predicate = true> <Delay = 1.91> <CoreInst = "Adder">   --->   Core 1 'Adder' <Latency = 0> <II = 1> <Delay = 1.91> <FuncUnit> <Opcode : 'add' 'sub'> <InPorts = 2> <OutPorts = 1>
ST_1 : Operation 17 [1/1] (0.00ns)   --->   "%br_ln116 = br i1 %icmp_ln116, void %for.inc176, void %VITIS_LOOP_126_14.exitStub" [cnn_hls.cpp:116]   --->   Operation 17 'br' 'br_ln116' <Predicate = true> <Delay = 0.00>
ST_1 : Operation 18 [1/1] (1.58ns)   --->   "%store_ln116 = store i8 %add_ln116, i8 %indvar_flatten" [cnn_hls.cpp:116]   --->   Operation 18 'store' 'store_ln116' <Predicate = (!icmp_ln116)> <Delay = 1.58>

State 2 <SV = 1> <Delay = 7.18>
ST_2 : Operation 19 [1/1] (0.00ns)   --->   "%j_load = load i4 %j" [cnn_hls.cpp:117]   --->   Operation 19 'load' 'j_load' <Predicate = true> <Delay = 0.00>
ST_2 : Operation 20 [1/1] (0.00ns)   --->   "%i_load = load i5 %i" [cnn_hls.cpp:116]   --->   Operation 20 'load' 'i_load' <Predicate = true> <Delay = 0.00>
ST_2 : Operation 21 [1/1] (1.73ns)   --->   "%icmp_ln117 = icmp_eq  i4 %j_load, i4 12" [cnn_hls.cpp:117]   --->   Operation 21 'icmp' 'icmp_ln117' <Predicate = true> <Delay = 1.73> <CoreInst = "Cmp">   --->   Core 9 'Cmp' <Latency = 0> <II = 1> <Delay = 1.73> <FuncUnit> <Opcode : 'seteq' 'setne' 'setle' 'setge' 'setlt' 'setgt'> <InPorts = 2> <OutPorts = 1>
ST_2 : Operation 22 [1/1] (1.02ns)   --->   "%select_ln116 = select i1 %icmp_ln117, i4 0, i4 %j_load" [cnn_hls.cpp:116]   --->   Operation 22 'select' 'select_ln116' <Predicate = true> <Delay = 1.02> <CoreInst = "Sel">   --->   Core 73 'Sel' <Latency = 0> <II = 1> <Delay = 1.02> <FuncUnit> <Opcode : 'select'> <InPorts = 3> <OutPorts = 1>
ST_2 : Operation 23 [1/1] (0.00ns) (grouped into LUT with out node add_ln116_1)   --->   "%empty = select i1 %icmp_ln117, i5 1, i5 0" [cnn_hls.cpp:117]   --->   Operation 23 'select' 'empty' <Predicate = true> <Delay = 0.00> <CoreInst = "Sel">   --->   Core 73 'Sel' <Latency = 0> <II = 1> <Delay = 0.99> <FuncUnit> <Opcode : 'select'> <InPorts = 3> <OutPorts = 1>
ST_2 : Operation 24 [1/1] (1.78ns) (out node of the LUT)   --->   "%add_ln116_1 = add i5 %i_load, i5 %empty" [cnn_hls.cpp:116]   --->   Operation 24 'add' 'add_ln116_1' <Predicate = true> <Delay = 1.78> <CoreInst = "Adder">   --->   Core 1 'Adder' <Latency = 0> <II = 1> <Delay = 1.78> <FuncUnit> <Opcode : 'add' 'sub'> <InPorts = 2> <OutPorts = 1>
ST_2 : Operation 25 [1/1] (0.00ns)   --->   "%zext_ln116 = zext i5 %add_ln116_1" [cnn_hls.cpp:116]   --->   Operation 25 'zext' 'zext_ln116' <Predicate = true> <Delay = 0.00>
ST_2 : Operation 26 [1/1] (0.00ns)   --->   "%trunc_ln119 = trunc i5 %add_ln116_1" [cnn_hls.cpp:119]   --->   Operation 26 'trunc' 'trunc_ln119' <Predicate = true> <Delay = 0.00>
ST_2 : Operation 27 [1/1] (0.00ns)   --->   "%p_shl = bitconcatenate i8 @_ssdm_op_BitConcatenate.i8.i4.i4, i4 %trunc_ln119, i4 0" [cnn_hls.cpp:119]   --->   Operation 27 'bitconcatenate' 'p_shl' <Predicate = true> <Delay = 0.00>
ST_2 : Operation 28 [1/1] (0.00ns)   --->   "%tmp = bitconcatenate i7 @_ssdm_op_BitConcatenate.i7.i5.i2, i5 %add_ln116_1, i2 0" [cnn_hls.cpp:119]   --->   Operation 28 'bitconcatenate' 'tmp' <Predicate = true> <Delay = 0.00>
ST_2 : Operation 29 [1/1] (0.00ns)   --->   "%zext_ln119 = zext i7 %tmp" [cnn_hls.cpp:119]   --->   Operation 29 'zext' 'zext_ln119' <Predicate = true> <Delay = 0.00>
ST_2 : Operation 30 [1/1] (0.00ns) (grouped into TernaryAdder)   --->   "%sub_ln119 = sub i8 %p_shl, i8 %zext_ln119" [cnn_hls.cpp:119]   --->   Operation 30 'sub' 'sub_ln119' <Predicate = true> <Delay = 0.00> <CoreInst = "TAddSub">   --->   Core 10 'TAddSub' <Latency = 0> <II = 1> <Delay = 1.83> <IPBlock> <Opcode : 'add' 'sub'> <InPorts = 3> <OutPorts = 1> <Sync> <CReg>
ST_2 : Operation 31 [1/1] (0.00ns)   --->   "%buffer_c3_addr = getelementptr i7 %buffer_c3, i64 0, i64 %zext_ln116" [cnn_hls.cpp:119]   --->   Operation 31 'getelementptr' 'buffer_c3_addr' <Predicate = true> <Delay = 0.00>
ST_2 : Operation 32 [1/1] (0.00ns)   --->   "%buffer_c3_1_addr = getelementptr i7 %buffer_c3_1, i64 0, i64 %zext_ln116" [cnn_hls.cpp:119]   --->   Operation 32 'getelementptr' 'buffer_c3_1_addr' <Predicate = true> <Delay = 0.00>
ST_2 : Operation 33 [1/1] (0.00ns)   --->   "%buffer_c3_2_addr = getelementptr i7 %buffer_c3_2, i64 0, i64 %zext_ln116" [cnn_hls.cpp:119]   --->   Operation 33 'getelementptr' 'buffer_c3_2_addr' <Predicate = true> <Delay = 0.00>
ST_2 : Operation 34 [1/1] (0.00ns)   --->   "%buffer_c3_3_addr = getelementptr i7 %buffer_c3_3, i64 0, i64 %zext_ln116" [cnn_hls.cpp:119]   --->   Operation 34 'getelementptr' 'buffer_c3_3_addr' <Predicate = true> <Delay = 0.00>
ST_2 : Operation 35 [1/1] (0.00ns)   --->   "%buffer_c3_4_addr = getelementptr i7 %buffer_c3_4, i64 0, i64 %zext_ln116" [cnn_hls.cpp:119]   --->   Operation 35 'getelementptr' 'buffer_c3_4_addr' <Predicate = true> <Delay = 0.00>
ST_2 : Operation 36 [1/1] (0.00ns)   --->   "%buffer_c3_5_addr = getelementptr i7 %buffer_c3_5, i64 0, i64 %zext_ln116" [cnn_hls.cpp:119]   --->   Operation 36 'getelementptr' 'buffer_c3_5_addr' <Predicate = true> <Delay = 0.00>
ST_2 : Operation 37 [1/1] (0.00ns)   --->   "%buffer_c3_6_addr = getelementptr i7 %buffer_c3_6, i64 0, i64 %zext_ln116" [cnn_hls.cpp:119]   --->   Operation 37 'getelementptr' 'buffer_c3_6_addr' <Predicate = true> <Delay = 0.00>
ST_2 : Operation 38 [1/1] (0.00ns)   --->   "%buffer_c3_7_addr = getelementptr i7 %buffer_c3_7, i64 0, i64 %zext_ln116" [cnn_hls.cpp:119]   --->   Operation 38 'getelementptr' 'buffer_c3_7_addr' <Predicate = true> <Delay = 0.00>
ST_2 : Operation 39 [1/1] (0.00ns)   --->   "%buffer_c3_8_addr = getelementptr i7 %buffer_c3_8, i64 0, i64 %zext_ln116" [cnn_hls.cpp:119]   --->   Operation 39 'getelementptr' 'buffer_c3_8_addr' <Predicate = true> <Delay = 0.00>
ST_2 : Operation 40 [1/1] (0.00ns)   --->   "%buffer_c3_9_addr = getelementptr i7 %buffer_c3_9, i64 0, i64 %zext_ln116" [cnn_hls.cpp:119]   --->   Operation 40 'getelementptr' 'buffer_c3_9_addr' <Predicate = true> <Delay = 0.00>
ST_2 : Operation 41 [1/1] (0.00ns)   --->   "%buffer_c3_10_addr = getelementptr i7 %buffer_c3_10, i64 0, i64 %zext_ln116" [cnn_hls.cpp:119]   --->   Operation 41 'getelementptr' 'buffer_c3_10_addr' <Predicate = true> <Delay = 0.00>
ST_2 : Operation 42 [1/1] (0.00ns)   --->   "%buffer_c3_11_addr = getelementptr i7 %buffer_c3_11, i64 0, i64 %zext_ln116" [cnn_hls.cpp:119]   --->   Operation 42 'getelementptr' 'buffer_c3_11_addr' <Predicate = true> <Delay = 0.00>
ST_2 : Operation 43 [2/2] (2.32ns)   --->   "%buffer_c3_load = load i4 %buffer_c3_addr" [cnn_hls.cpp:119]   --->   Operation 43 'load' 'buffer_c3_load' <Predicate = true> <Delay = 2.32> <CoreInst = "RAM">   --->   Core 81 'RAM' <Latency = 1> <II = 1> <Delay = 2.32> <Storage> <Opcode : 'load' 'store'> <Ports = 2> <Width = 7> <Depth = 16> <RAM>
ST_2 : Operation 44 [2/2] (2.32ns)   --->   "%buffer_c3_1_load = load i4 %buffer_c3_1_addr" [cnn_hls.cpp:119]   --->   Operation 44 'load' 'buffer_c3_1_load' <Predicate = true> <Delay = 2.32> <CoreInst = "RAM">   --->   Core 81 'RAM' <Latency = 1> <II = 1> <Delay = 2.32> <Storage> <Opcode : 'load' 'store'> <Ports = 2> <Width = 7> <Depth = 16> <RAM>
ST_2 : Operation 45 [2/2] (2.32ns)   --->   "%buffer_c3_2_load = load i4 %buffer_c3_2_addr" [cnn_hls.cpp:119]   --->   Operation 45 'load' 'buffer_c3_2_load' <Predicate = true> <Delay = 2.32> <CoreInst = "RAM">   --->   Core 81 'RAM' <Latency = 1> <II = 1> <Delay = 2.32> <Storage> <Opcode : 'load' 'store'> <Ports = 2> <Width = 7> <Depth = 16> <RAM>
ST_2 : Operation 46 [2/2] (2.32ns)   --->   "%buffer_c3_3_load = load i4 %buffer_c3_3_addr" [cnn_hls.cpp:119]   --->   Operation 46 'load' 'buffer_c3_3_load' <Predicate = true> <Delay = 2.32> <CoreInst = "RAM">   --->   Core 81 'RAM' <Latency = 1> <II = 1> <Delay = 2.32> <Storage> <Opcode : 'load' 'store'> <Ports = 2> <Width = 7> <Depth = 16> <RAM>
ST_2 : Operation 47 [2/2] (2.32ns)   --->   "%buffer_c3_4_load = load i4 %buffer_c3_4_addr" [cnn_hls.cpp:119]   --->   Operation 47 'load' 'buffer_c3_4_load' <Predicate = true> <Delay = 2.32> <CoreInst = "RAM">   --->   Core 81 'RAM' <Latency = 1> <II = 1> <Delay = 2.32> <Storage> <Opcode : 'load' 'store'> <Ports = 2> <Width = 7> <Depth = 16> <RAM>
ST_2 : Operation 48 [2/2] (2.32ns)   --->   "%buffer_c3_5_load = load i4 %buffer_c3_5_addr" [cnn_hls.cpp:119]   --->   Operation 48 'load' 'buffer_c3_5_load' <Predicate = true> <Delay = 2.32> <CoreInst = "RAM">   --->   Core 81 'RAM' <Latency = 1> <II = 1> <Delay = 2.32> <Storage> <Opcode : 'load' 'store'> <Ports = 2> <Width = 7> <Depth = 16> <RAM>
ST_2 : Operation 49 [2/2] (2.32ns)   --->   "%buffer_c3_6_load = load i4 %buffer_c3_6_addr" [cnn_hls.cpp:119]   --->   Operation 49 'load' 'buffer_c3_6_load' <Predicate = true> <Delay = 2.32> <CoreInst = "RAM">   --->   Core 81 'RAM' <Latency = 1> <II = 1> <Delay = 2.32> <Storage> <Opcode : 'load' 'store'> <Ports = 2> <Width = 7> <Depth = 16> <RAM>
ST_2 : Operation 50 [2/2] (2.32ns)   --->   "%buffer_c3_7_load = load i4 %buffer_c3_7_addr" [cnn_hls.cpp:119]   --->   Operation 50 'load' 'buffer_c3_7_load' <Predicate = true> <Delay = 2.32> <CoreInst = "RAM">   --->   Core 81 'RAM' <Latency = 1> <II = 1> <Delay = 2.32> <Storage> <Opcode : 'load' 'store'> <Ports = 2> <Width = 7> <Depth = 16> <RAM>
ST_2 : Operation 51 [2/2] (2.32ns)   --->   "%buffer_c3_8_load = load i4 %buffer_c3_8_addr" [cnn_hls.cpp:119]   --->   Operation 51 'load' 'buffer_c3_8_load' <Predicate = true> <Delay = 2.32> <CoreInst = "RAM">   --->   Core 81 'RAM' <Latency = 1> <II = 1> <Delay = 2.32> <Storage> <Opcode : 'load' 'store'> <Ports = 2> <Width = 7> <Depth = 16> <RAM>
ST_2 : Operation 52 [2/2] (2.32ns)   --->   "%buffer_c3_9_load = load i4 %buffer_c3_9_addr" [cnn_hls.cpp:119]   --->   Operation 52 'load' 'buffer_c3_9_load' <Predicate = true> <Delay = 2.32> <CoreInst = "RAM">   --->   Core 81 'RAM' <Latency = 1> <II = 1> <Delay = 2.32> <Storage> <Opcode : 'load' 'store'> <Ports = 2> <Width = 7> <Depth = 16> <RAM>
ST_2 : Operation 53 [2/2] (2.32ns)   --->   "%buffer_c3_10_load = load i4 %buffer_c3_10_addr" [cnn_hls.cpp:119]   --->   Operation 53 'load' 'buffer_c3_10_load' <Predicate = true> <Delay = 2.32> <CoreInst = "RAM">   --->   Core 81 'RAM' <Latency = 1> <II = 1> <Delay = 2.32> <Storage> <Opcode : 'load' 'store'> <Ports = 2> <Width = 7> <Depth = 16> <RAM>
ST_2 : Operation 54 [2/2] (2.32ns)   --->   "%buffer_c3_11_load = load i4 %buffer_c3_11_addr" [cnn_hls.cpp:119]   --->   Operation 54 'load' 'buffer_c3_11_load' <Predicate = true> <Delay = 2.32> <CoreInst = "RAM">   --->   Core 81 'RAM' <Latency = 1> <II = 1> <Delay = 2.32> <Storage> <Opcode : 'load' 'store'> <Ports = 2> <Width = 7> <Depth = 16> <RAM>
ST_2 : Operation 55 [1/1] (0.00ns)   --->   "%zext_ln117 = zext i4 %select_ln116" [cnn_hls.cpp:117]   --->   Operation 55 'zext' 'zext_ln117' <Predicate = true> <Delay = 0.00>
ST_2 : Operation 56 [1/1] (3.66ns) (root node of TernaryAdder)   --->   "%add_ln119 = add i8 %zext_ln117, i8 %sub_ln119" [cnn_hls.cpp:119]   --->   Operation 56 'add' 'add_ln119' <Predicate = true> <Delay = 3.66> <CoreInst = "TAddSub">   --->   Core 10 'TAddSub' <Latency = 0> <II = 1> <Delay = 1.83> <IPBlock> <Opcode : 'add' 'sub'> <InPorts = 3> <OutPorts = 1> <Sync> <CReg>
ST_2 : Operation 57 [1/1] (1.73ns)   --->   "%add_ln117 = add i4 %select_ln116, i4 1" [cnn_hls.cpp:117]   --->   Operation 57 'add' 'add_ln117' <Predicate = true> <Delay = 1.73> <CoreInst = "Adder">   --->   Core 1 'Adder' <Latency = 0> <II = 1> <Delay = 1.73> <FuncUnit> <Opcode : 'add' 'sub'> <InPorts = 2> <OutPorts = 1>
ST_2 : Operation 58 [1/1] (1.58ns)   --->   "%store_ln116 = store i5 %add_ln116_1, i5 %i" [cnn_hls.cpp:116]   --->   Operation 58 'store' 'store_ln116' <Predicate = true> <Delay = 1.58>
ST_2 : Operation 59 [1/1] (1.58ns)   --->   "%store_ln117 = store i4 %add_ln117, i4 %j" [cnn_hls.cpp:117]   --->   Operation 59 'store' 'store_ln117' <Predicate = true> <Delay = 1.58>

State 3 <SV = 2> <Delay = 5.10>
ST_3 : Operation 60 [1/2] ( I:2.32ns O:2.32ns )   --->   "%buffer_c3_load = load i4 %buffer_c3_addr" [cnn_hls.cpp:119]   --->   Operation 60 'load' 'buffer_c3_load' <Predicate = true> <Delay = 2.32> <CoreInst = "RAM">   --->   Core 81 'RAM' <Latency = 1> <II = 1> <Delay = 2.32> <Storage> <Opcode : 'load' 'store'> <Ports = 2> <Width = 7> <Depth = 16> <RAM>
ST_3 : Operation 61 [1/2] ( I:2.32ns O:2.32ns )   --->   "%buffer_c3_1_load = load i4 %buffer_c3_1_addr" [cnn_hls.cpp:119]   --->   Operation 61 'load' 'buffer_c3_1_load' <Predicate = true> <Delay = 2.32> <CoreInst = "RAM">   --->   Core 81 'RAM' <Latency = 1> <II = 1> <Delay = 2.32> <Storage> <Opcode : 'load' 'store'> <Ports = 2> <Width = 7> <Depth = 16> <RAM>
ST_3 : Operation 62 [1/2] ( I:2.32ns O:2.32ns )   --->   "%buffer_c3_2_load = load i4 %buffer_c3_2_addr" [cnn_hls.cpp:119]   --->   Operation 62 'load' 'buffer_c3_2_load' <Predicate = true> <Delay = 2.32> <CoreInst = "RAM">   --->   Core 81 'RAM' <Latency = 1> <II = 1> <Delay = 2.32> <Storage> <Opcode : 'load' 'store'> <Ports = 2> <Width = 7> <Depth = 16> <RAM>
ST_3 : Operation 63 [1/2] ( I:2.32ns O:2.32ns )   --->   "%buffer_c3_3_load = load i4 %buffer_c3_3_addr" [cnn_hls.cpp:119]   --->   Operation 63 'load' 'buffer_c3_3_load' <Predicate = true> <Delay = 2.32> <CoreInst = "RAM">   --->   Core 81 'RAM' <Latency = 1> <II = 1> <Delay = 2.32> <Storage> <Opcode : 'load' 'store'> <Ports = 2> <Width = 7> <Depth = 16> <RAM>
ST_3 : Operation 64 [1/2] ( I:2.32ns O:2.32ns )   --->   "%buffer_c3_4_load = load i4 %buffer_c3_4_addr" [cnn_hls.cpp:119]   --->   Operation 64 'load' 'buffer_c3_4_load' <Predicate = true> <Delay = 2.32> <CoreInst = "RAM">   --->   Core 81 'RAM' <Latency = 1> <II = 1> <Delay = 2.32> <Storage> <Opcode : 'load' 'store'> <Ports = 2> <Width = 7> <Depth = 16> <RAM>
ST_3 : Operation 65 [1/2] ( I:2.32ns O:2.32ns )   --->   "%buffer_c3_5_load = load i4 %buffer_c3_5_addr" [cnn_hls.cpp:119]   --->   Operation 65 'load' 'buffer_c3_5_load' <Predicate = true> <Delay = 2.32> <CoreInst = "RAM">   --->   Core 81 'RAM' <Latency = 1> <II = 1> <Delay = 2.32> <Storage> <Opcode : 'load' 'store'> <Ports = 2> <Width = 7> <Depth = 16> <RAM>
ST_3 : Operation 66 [1/2] ( I:2.32ns O:2.32ns )   --->   "%buffer_c3_6_load = load i4 %buffer_c3_6_addr" [cnn_hls.cpp:119]   --->   Operation 66 'load' 'buffer_c3_6_load' <Predicate = true> <Delay = 2.32> <CoreInst = "RAM">   --->   Core 81 'RAM' <Latency = 1> <II = 1> <Delay = 2.32> <Storage> <Opcode : 'load' 'store'> <Ports = 2> <Width = 7> <Depth = 16> <RAM>
ST_3 : Operation 67 [1/2] ( I:2.32ns O:2.32ns )   --->   "%buffer_c3_7_load = load i4 %buffer_c3_7_addr" [cnn_hls.cpp:119]   --->   Operation 67 'load' 'buffer_c3_7_load' <Predicate = true> <Delay = 2.32> <CoreInst = "RAM">   --->   Core 81 'RAM' <Latency = 1> <II = 1> <Delay = 2.32> <Storage> <Opcode : 'load' 'store'> <Ports = 2> <Width = 7> <Depth = 16> <RAM>
ST_3 : Operation 68 [1/2] ( I:2.32ns O:2.32ns )   --->   "%buffer_c3_8_load = load i4 %buffer_c3_8_addr" [cnn_hls.cpp:119]   --->   Operation 68 'load' 'buffer_c3_8_load' <Predicate = true> <Delay = 2.32> <CoreInst = "RAM">   --->   Core 81 'RAM' <Latency = 1> <II = 1> <Delay = 2.32> <Storage> <Opcode : 'load' 'store'> <Ports = 2> <Width = 7> <Depth = 16> <RAM>
ST_3 : Operation 69 [1/2] ( I:2.32ns O:2.32ns )   --->   "%buffer_c3_9_load = load i4 %buffer_c3_9_addr" [cnn_hls.cpp:119]   --->   Operation 69 'load' 'buffer_c3_9_load' <Predicate = true> <Delay = 2.32> <CoreInst = "RAM">   --->   Core 81 'RAM' <Latency = 1> <II = 1> <Delay = 2.32> <Storage> <Opcode : 'load' 'store'> <Ports = 2> <Width = 7> <Depth = 16> <RAM>
ST_3 : Operation 70 [1/2] ( I:2.32ns O:2.32ns )   --->   "%buffer_c3_10_load = load i4 %buffer_c3_10_addr" [cnn_hls.cpp:119]   --->   Operation 70 'load' 'buffer_c3_10_load' <Predicate = true> <Delay = 2.32> <CoreInst = "RAM">   --->   Core 81 'RAM' <Latency = 1> <II = 1> <Delay = 2.32> <Storage> <Opcode : 'load' 'store'> <Ports = 2> <Width = 7> <Depth = 16> <RAM>
ST_3 : Operation 71 [1/2] ( I:2.32ns O:2.32ns )   --->   "%buffer_c3_11_load = load i4 %buffer_c3_11_addr" [cnn_hls.cpp:119]   --->   Operation 71 'load' 'buffer_c3_11_load' <Predicate = true> <Delay = 2.32> <CoreInst = "RAM">   --->   Core 81 'RAM' <Latency = 1> <II = 1> <Delay = 2.32> <Storage> <Opcode : 'load' 'store'> <Ports = 2> <Width = 7> <Depth = 16> <RAM>
ST_3 : Operation 72 [1/1] (2.78ns)   --->   "%tmp_s = sparsemux i7 @_ssdm_op_SparseMux.ap_auto.12i7.i7.i4, i4 0, i7 %buffer_c3_load, i4 1, i7 %buffer_c3_1_load, i4 2, i7 %buffer_c3_2_load, i4 3, i7 %buffer_c3_3_load, i4 4, i7 %buffer_c3_4_load, i4 5, i7 %buffer_c3_5_load, i4 6, i7 %buffer_c3_6_load, i4 7, i7 %buffer_c3_7_load, i4 8, i7 %buffer_c3_8_load, i4 9, i7 %buffer_c3_9_load, i4 10, i7 %buffer_c3_10_load, i4 11, i7 %buffer_c3_11_load, i7 0, i4 %select_ln116" [cnn_hls.cpp:119]   --->   Operation 72 'sparsemux' 'tmp_s' <Predicate = true> <Delay = 2.78> <CoreInst = "BinarySparseMux_DontCare">   --->   Core 137 'BinarySparseMux_DontCare' <Latency = 0> <II = 1> <Delay = 2.78> <FuncUnit> <Opcode : 'sparsemux'> <InPorts = 2> <OutPorts = 1>
ST_3 : Operation 80 [1/1] (1.58ns)   --->   "%ret_ln0 = ret"   --->   Operation 80 'ret' 'ret_ln0' <Predicate = (icmp_ln116)> <Delay = 1.58>

State 4 <SV = 3> <Delay = 3.25>
ST_4 : Operation 73 [1/1] (0.00ns)   --->   "%specloopname_ln0 = specloopname void @_ssdm_op_SpecLoopName, void @VITIS_LOOP_116_12_VITIS_LOOP_117_13_str"   --->   Operation 73 'specloopname' 'specloopname_ln0' <Predicate = true> <Delay = 0.00>
ST_4 : Operation 74 [1/1] (0.00ns)   --->   "%speclooptripcount_ln0 = speclooptripcount void @_ssdm_op_SpecLoopTripCount, i64 192, i64 192, i64 192"   --->   Operation 74 'speclooptripcount' 'speclooptripcount_ln0' <Predicate = true> <Delay = 0.00>
ST_4 : Operation 75 [1/1] (0.00ns)   --->   "%specpipeline_ln118 = specpipeline void @_ssdm_op_SpecPipeline, i32 1, i32 0, i32 0, i32 0, i32 4294967295, void @empty_6" [cnn_hls.cpp:118]   --->   Operation 75 'specpipeline' 'specpipeline_ln118' <Predicate = true> <Delay = 0.00>
ST_4 : Operation 76 [1/1] (0.00ns)   --->   "%zext_ln119_1 = zext i8 %add_ln119" [cnn_hls.cpp:119]   --->   Operation 76 'zext' 'zext_ln119_1' <Predicate = true> <Delay = 0.00>
ST_4 : Operation 77 [1/1] (0.00ns)   --->   "%flatten_addr = getelementptr i7 %flatten, i64 0, i64 %zext_ln119_1" [cnn_hls.cpp:119]   --->   Operation 77 'getelementptr' 'flatten_addr' <Predicate = true> <Delay = 0.00>
ST_4 : Operation 78 [1/1] ( I:3.25ns O:3.25ns )   --->   "%store_ln119 = store i7 %tmp_s, i8 %flatten_addr" [cnn_hls.cpp:119]   --->   Operation 78 'store' 'store_ln119' <Predicate = true> <Delay = 3.25> <CoreInst = "RAM">   --->   Core 81 'RAM' <Latency = 1> <II = 1> <Delay = 3.25> <Storage> <Opcode : 'load' 'store'> <Ports = 2> <Width = 7> <Depth = 192> <RAM>
ST_4 : Operation 79 [1/1] (0.00ns)   --->   "%br_ln117 = br void %for.inc173" [cnn_hls.cpp:117]   --->   Operation 79 'br' 'br_ln117' <Predicate = true> <Delay = 0.00>


============================================================
+ Verbose Summary: Timing violations
============================================================
Target clock period: 10.000ns, clock uncertainty: 2.700ns.

 <State 1>: 5.091ns
The critical path consists of the following:
	'store' operation ('store_ln0') of constant 0 8 bit on local variable 'indvar_flatten' [17]  (1.588 ns)
	'load' operation 8 bit ('indvar_flatten_load', cnn_hls.cpp:116) on local variable 'indvar_flatten' [22]  (0.000 ns)
	'icmp' operation 1 bit ('icmp_ln116', cnn_hls.cpp:116) [23]  (1.915 ns)
	'store' operation ('store_ln116', cnn_hls.cpp:116) of variable 'add_ln116', cnn_hls.cpp:116 8 bit on local variable 'indvar_flatten' [73]  (1.588 ns)

 <State 2>: 7.184ns
The critical path consists of the following:
	'load' operation 4 bit ('j_load', cnn_hls.cpp:117) on local variable 'j', cnn_hls.cpp:117 [27]  (0.000 ns)
	'icmp' operation 1 bit ('icmp_ln117', cnn_hls.cpp:117) [31]  (1.735 ns)
	'select' operation 5 bit ('empty', cnn_hls.cpp:117) [33]  (0.000 ns)
	'add' operation 5 bit ('add_ln116_1', cnn_hls.cpp:116) [34]  (1.780 ns)
	'sub' operation 8 bit ('sub_ln119', cnn_hls.cpp:119) [40]  (0.000 ns)
	'add' operation 8 bit ('add_ln119', cnn_hls.cpp:119) [68]  (3.669 ns)

 <State 3>: 5.103ns
The critical path consists of the following:
	'load' operation 7 bit ('buffer_c3_load', cnn_hls.cpp:119) on array 'buffer_c3' [53]  (2.322 ns)
	'sparsemux' operation 7 bit ('tmp_s', cnn_hls.cpp:119) [67]  (2.781 ns)

 <State 4>: 3.254ns
The critical path consists of the following:
	'getelementptr' operation 8 bit ('flatten_addr', cnn_hls.cpp:119) [70]  (0.000 ns)
	'store' operation ('store_ln119', cnn_hls.cpp:119) of variable 'tmp_s', cnn_hls.cpp:119 7 bit on array 'flatten' [71]  (3.254 ns)


============================================================
+ Verbose Summary: Binding
============================================================
N/A
* FSMD analyzer results:
  - Output states:
 - Input state : 
  - Chain level:
	State 1
	State 2
	State 3
	State 4


============================================================
+ Verbose Summary: Datapath Resource usage 
============================================================
N/A
